<html>
<body>
<pre>
<h1>µVision Build Log</h1>
<h2>Tool Versions:</h2>
IDE-Version: ¦ÌVision V5.38.0.0
Copyright (C) 2022 ARM Ltd and ARM Germany GmbH. All rights reserved.
License Information: 6 °¢Â³, 6, LIC=EXJT4-FKZ93-WFUI7-EAFGV-N20W4-XZLSI
 
Tool Versions:
Toolchain:       MDK-ARM Plus  Version: 5.38.0.0
Toolchain Path:  D:\keilstudy\keil5mdk\ARM\ARMCLANG\Bin
C Compiler:      ArmClang.exe V6.19
Assembler:       Armasm.exe V6.19
Linker/Locator:  ArmLink.exe V6.19
Library Manager: ArmAr.exe V6.19
Hex Converter:   FromElf.exe V6.19
CPU DLL:         SARMCM3.DLL V5.38.0.0
Dialog DLL:      DARMCM1.DLL V1.19.6.0
Target DLL:      CMSIS_AGDI.dll V1.33.15.0
Dialog DLL:      TARMCM1.DLL V1.14.6.0
 
<h2>Project:</h2>
D:\×ÀÃæ\ti_for_imu\msp3507_imu96ra\project\keil\SeekFree_MSPM0G3507_Device_Library.uvprojx
Project File Date:  04/12/2026

<h2>Output:</h2>
*** Using Compiler 'V6.19', folder: 'D:\keilstudy\keil5mdk\ARM\ARMCLANG\Bin'
Build target 'SeekFree_MSPM0G3507_Device_Library'
compiling imu963ra_attitude.c...
compiling main.c...
compiling imu963ra_attitude_demo.c...
linking...
Program Size: Code=40124 RO-data=4592 RW-data=240 ZI-data=5808  
".\Objects\SeekFree_MSPM0G3507_Device_Library.axf" - 0 Error(s), 0 Warning(s).

<h2>Software Packages used:</h2>

Package Vendor: TexasInstruments
                https://software-dl.ti.com/msp430/esd/MSPM0-CMSIS/MSPM0G1X0X_G3X0X/latest/exports/TexasInstruments.MSPM0G1X0X_G3X0X_DFP.1.3.1.pack
                TexasInstruments.MSPM0G1X0X_G3X0X_DFP.1.3.1
                Device Family Pack for Texas Instruments MSPM0G1X0X_G3X0X Series

<h2>Collection of Component include folders:</h2>

<h2>Collection of Component Files used:</h2>
Build Time Elapsed:  00:00:01
</pre>
</body>
</html>
