/*
 *  CMSIS Pack Debug Access Sequence Log
 *  File        : D:\×ÀÃæ\ti_for_imu\msp3507_imu96ra\project\keil\SeekFree_MSPM0G3507_Device_Library_Sequences_0002.log
 *  Created     : 00:42:02 (13/04/2026)
 *  Device      : MSPM0G3507
 *  PDSC File   : D:/keilstudy/keil5mdk/ARM/PACK/TexasInstruments/MSPM0G1X0X_G3X0X_DFP/1.3.1/TexasInstruments.MSPM0G1X0X_G3X0X_DFP.pdsc
 *
 */

[00:42:02.415]  **********  Sequence "DebugPortSetup"  (Context="Connect", Pname="", info="")
[00:42:02.415]  
[00:42:02.416]  <debugvars>
[00:42:02.417]    // Pre-defined
[00:42:02.418]    __protocol=0x00010002      (Protocol="SWD", SWJ-DP="True")
[00:42:02.418]    __connection=0x00000202    (Connection Type="Flash", Reset Type="System Reset")
[00:42:02.419]    __dp=0x00000000
[00:42:02.419]    __ap=0x00000000
[00:42:02.419]    __traceout=0x00000000      (Trace Disabled)
[00:42:02.419]    __errorcontrol=0x00000000  (Skip Errors="False")
[00:42:02.419]    __FlashAddr=0x00000000
[00:42:02.419]    __FlashLen=0x00000000
[00:42:02.419]    __FlashArg=0x00000000
[00:42:02.419]    __FlashOp=0x00000000
[00:42:02.419]    __Result=0x00000000
[00:42:02.419]  </debugvars>
[00:42:02.419]  
[00:42:02.419]  <sequence name="DebugPortSetup" Pname="" disable="false" info="">
[00:42:02.419]    <block atomic="false" info="">
[00:42:02.419]      __var isSWJ      = ((__protocol & 0x00010000) != 0);
[00:42:02.419]        // -> [isSWJ <= 0x00000001]
[00:42:02.419]      __var hasDormant = __protocol & 0x00020000;
[00:42:02.419]        // -> [hasDormant <= 0x00000000]
[00:42:02.419]      __var protType   = __protocol & 0x0000FFFF;
[00:42:02.419]        // -> [protType <= 0x00000002]
[00:42:02.419]    </block>
[00:42:02.419]    <control if="protType == 1" while="" timeout="0" info="">
[00:42:02.419]      // if-block "protType == 1"
[00:42:02.421]        // =>  FALSE
[00:42:02.421]      // skip if-block "protType == 1"
[00:42:02.421]    </control>
[00:42:02.421]    <control if="protType == 2" while="" timeout="0" info="">
[00:42:02.421]      // if-block "protType == 2"
[00:42:02.421]        // =>  TRUE
[00:42:02.421]      <control if="isSWJ" while="" timeout="0" info="">
[00:42:02.421]        // if-block "isSWJ"
[00:42:02.421]          // =>  TRUE
[00:42:02.421]        <control if="hasDormant" while="" timeout="0" info="">
[00:42:02.421]          // if-block "hasDormant"
[00:42:02.421]            // =>  FALSE
[00:42:02.421]          // skip if-block "hasDormant"
[00:42:02.421]        </control>
[00:42:02.421]        <control if="!hasDormant" while="" timeout="0" info="">
[00:42:02.421]          // if-block "!hasDormant"
[00:42:02.421]            // =>  TRUE
[00:42:02.421]          <block atomic="false" info="">
[00:42:02.421]            DAP_SWJ_Sequence(51, 0x0007FFFFFFFFFFFF); //lets put the JTAG line in a reset state
[00:42:02.422]              // -> [DAP_SWJ_Sequence(51, 0x0007FFFFFFFFFFFF)]
[00:42:02.423]            DAP_SWJ_Sequence(16,0xE73C); //SWD to JTAG, this is to ensure the state machine is initialized
[00:42:02.423]              // -> [DAP_SWJ_Sequence(16, 0x000000000000E73C)]
[00:42:02.423]            DAP_SWJ_Sequence(51, 0x0007FFFFFFFFFFFF); //Put it back in reset
[00:42:02.423]              // -> [DAP_SWJ_Sequence(51, 0x0007FFFFFFFFFFFF)]
[00:42:02.423]            DAP_SWJ_Sequence(16, 0xE79E); //JTAG to SWD switch
[00:42:02.423]              // -> [DAP_SWJ_Sequence(16, 0x000000000000E79E)]
[00:42:02.423]            DAP_SWJ_Sequence(51, 0x0007FFFFFFFFFFFF);  //Ensure the switch is successful 
[00:42:02.424]              // -> [DAP_SWJ_Sequence(51, 0x0007FFFFFFFFFFFF)]
[00:42:02.424]            DAP_SWJ_Sequence(7,  0x00); //Give the line some time to initialize
[00:42:02.424]              // -> [DAP_SWJ_Sequence(7, 0x0000000000000000)]
[00:42:02.424]          </block>
[00:42:02.424]          // end if-block "!hasDormant"
[00:42:02.424]        </control>
[00:42:02.424]        // end if-block "isSWJ"
[00:42:02.424]      </control>
[00:42:02.424]      <control if="!isSWJ" while="" timeout="0" info="">
[00:42:02.424]        // if-block "!isSWJ"
[00:42:02.424]          // =>  FALSE
[00:42:02.425]        // skip if-block "!isSWJ"
[00:42:02.425]      </control>
[00:42:02.425]      <block atomic="false" info="">
[00:42:02.425]        ReadDP(0x0);
[00:42:02.426]          // -> [ReadDP(0x00000000) => 0x6BA02477]   (__dp=0x00000000)
[00:42:02.426]      </block>
[00:42:02.426]      // end if-block "protType == 2"
[00:42:02.426]    </control>
[00:42:02.426]  </sequence>
[00:42:02.426]  
[00:42:02.426]  **********  Sequence "DebugPortStart"  (Context="Connect", Pname="", info="")
[00:42:02.426]  
[00:42:02.426]  <debugvars>
[00:42:02.426]    // Pre-defined
[00:42:02.426]    __protocol=0x00010002      (Protocol="SWD", SWJ-DP="True")
[00:42:02.426]    __connection=0x00000202    (Connection Type="Flash", Reset Type="System Reset")
[00:42:02.427]    __dp=0x00000000
[00:42:02.427]    __ap=0x00000000
[00:42:02.427]    __traceout=0x00000000      (Trace Disabled)
[00:42:02.427]    __errorcontrol=0x00000000  (Skip Errors="False")
[00:42:02.427]    __FlashAddr=0x00000000
[00:42:02.427]    __FlashLen=0x00000000
[00:42:02.427]    __FlashArg=0x00000000
[00:42:02.427]    __FlashOp=0x00000000
[00:42:02.427]    __Result=0x00000000
[00:42:02.427]  </debugvars>
[00:42:02.427]  
[00:42:02.428]  <sequence name="DebugPortStart" Pname="" disable="false" info="">
[00:42:02.428]    <block atomic="false" info="">
[00:42:02.428]      __var SW_DP_ABORT       = 0x0;
[00:42:02.428]        // -> [SW_DP_ABORT <= 0x00000000]
[00:42:02.428]      __var DP_CTRL_STAT      = 0x4;
[00:42:02.428]        // -> [DP_CTRL_STAT <= 0x00000004]
[00:42:02.428]      __var DP_SELECT         = 0x8;
[00:42:02.428]        // -> [DP_SELECT <= 0x00000008]
[00:42:02.428]      __var powered_down      = 0;
[00:42:02.428]        // -> [powered_down <= 0x00000000]
[00:42:02.428]      WriteDP(DP_SELECT, 0x00000000);
[00:42:02.428]        // -> [WriteDP(0x00000008, 0x00000000)]   (__dp=0x00000000)
[00:42:02.428]      powered_down = ((ReadDP(DP_CTRL_STAT) & 0xA0000000) != 0xA0000000);
[00:42:02.429]        // -> [ReadDP(0x00000004) => 0x00000040]   (__dp=0x00000000)
[00:42:02.429]        // -> [powered_down <= 0x00000001]
[00:42:02.429]    </block>
[00:42:02.429]    <control if="powered_down" while="" timeout="0" info="">
[00:42:02.429]      // if-block "powered_down"
[00:42:02.429]        // =>  TRUE
[00:42:02.429]      <block atomic="false" info="">
[00:42:02.429]        Message(0, "Debug/System power-up request sent");
[00:42:02.429]        WriteDP(DP_CTRL_STAT, 0x50000000);
[00:42:02.430]          // -> [WriteDP(0x00000004, 0x50000000)]   (__dp=0x00000000)
[00:42:02.430]      </block>
[00:42:02.430]      <control if="" while="(ReadDP(DP_CTRL_STAT) & 0xA0000000) != 0xA0000000" timeout="1000000" info="">
[00:42:02.430]        // while "(ReadDP(DP_CTRL_STAT) & 0xA0000000) != 0xA0000000"  (timeout="1000000")
[00:42:02.430]          // -> [ReadDP(0x00000004) => 0xF0000040]   (__dp=0x00000000)
[00:42:02.430]        // while-condition  =>  FALSE
[00:42:02.430]        // end while "(ReadDP(DP_CTRL_STAT) & 0xA0000000) != 0xA0000000"
[00:42:02.430]      </control>
[00:42:02.430]      <control if="(__protocol & 0xFFFF) == 1" while="" timeout="0" info="">
[00:42:02.430]        // if-block "(__protocol & 0xFFFF) == 1"
[00:42:02.430]          // =>  FALSE
[00:42:02.430]        // skip if-block "(__protocol & 0xFFFF) == 1"
[00:42:02.431]      </control>
[00:42:02.431]      <control if="(__protocol & 0xFFFF) == 2" while="" timeout="0" info="">
[00:42:02.431]        // if-block "(__protocol & 0xFFFF) == 2"
[00:42:02.431]          // =>  TRUE
[00:42:02.431]        <block atomic="false" info="">
[00:42:02.431]          Message(0, "executing SWD power up");
[00:42:02.431]          WriteDP(DP_CTRL_STAT, 0x50000F00);
[00:42:02.432]            // -> [WriteDP(0x00000004, 0x50000F00)]   (__dp=0x00000000)
[00:42:02.432]          WriteDP(SW_DP_ABORT, 0x0000001E);
[00:42:02.432]            // -> [WriteDP(0x00000000, 0x0000001E)]   (__dp=0x00000000)
[00:42:02.432]        </block>
[00:42:02.432]        // end if-block "(__protocol & 0xFFFF) == 2"
[00:42:02.432]      </control>
[00:42:02.432]      // end if-block "powered_down"
[00:42:02.432]    </control>
[00:42:02.432]    <block atomic="false" info="">
[00:42:02.433]      __var DEBUG_PORT_VAL    = 0;
[00:42:02.433]        // -> [DEBUG_PORT_VAL <= 0x00000000]
[00:42:02.433]      __var ACCESS_POINT_VAL  = 0;
[00:42:02.433]        // -> [ACCESS_POINT_VAL <= 0x00000000]
[00:42:02.433]      __ap = 1; 
[00:42:02.433]        // -> [__ap <= 0x00000001]
[00:42:02.433]      WriteAP(0x0C, 0x04); //lets use the mini pwr-ap as backup
[00:42:02.433]        // -> [WriteAP(0x0000000C, 0x00000004)]   (__dp=0x00000000, __ap=0x00000001)
[00:42:02.433]      __ap = 4;
[00:42:02.433]        // -> [__ap <= 0x00000004]
[00:42:02.434]      ACCESS_POINT_VAL = ReadAP(0x00);//Reading current state of access point
[00:42:02.434]        // -> [ReadAP(0x00000000) => 0x00080027]   (__dp=0x00000000, __ap=0x00000004)
[00:42:02.434]        // -> [ACCESS_POINT_VAL <= 0x00080027]
[00:42:02.434]      Message(0, "Current state of access point is: %x",ACCESS_POINT_VAL);
[00:42:02.434]    </block>
[00:42:02.434]    <block atomic="false" info="">
[00:42:02.434]      __var nReset = 0x80;
[00:42:02.434]        // -> [nReset <= 0x00000080]
[00:42:02.434]      __var canReadPins = 0;
[00:42:02.434]        // -> [canReadPins <= 0x00000000]
[00:42:02.434]      canReadPins = (DAP_SWJ_Pins(0x00, nReset, 0) != 0xFFFFFFFF);
[00:42:02.434]        // -> [DAP_SWJ_Pins(0x00, 0x80, 0) => 0x01]   (Out: nRESET=0  =>  In: SWCLK/TCK=1, SWDIO/TMS=0, TDI=0, TDO=0, nTRST=0, nRESET=0)
[00:42:02.434]        // -> [canReadPins <= 0x00000001]
[00:42:02.434]    </block>
[00:42:02.434]    <control if="" while="1" timeout="200" info="">
[00:42:02.434]      // while "1"  (timeout="200")
[00:42:02.434]      // while-condition  =>  TRUE
[00:42:02.434]      // while "1"  (timeout="200")
[00:42:02.435]      // while-condition  =>  TRUE
[00:42:02.435]      // while "1"  (timeout="200")
[00:42:02.435]      // while-condition  =>  TRUE
[00:42:02.435]      // while "1"  (timeout="200")
[00:42:02.435]      // while-condition  =>  TRUE
[00:42:02.435]      // while "1"  (timeout="200")
[00:42:02.435]      // while-condition  =>  TRUE
[00:42:02.435]      // while "1"  (timeout="200")
[00:42:02.435]      // while-condition  =>  TRUE
[00:42:02.435]      // while "1"  (timeout="200")
[00:42:02.435]      // while-condition  =>  TRUE
[00:42:02.435]      // while "1"  (timeout="200")
[00:42:02.435]      // while-condition  =>  TRUE
[00:42:02.435]      // while "1"  (timeout="200")
[00:42:02.435]      // while-condition  =>  TRUE
[00:42:02.436]      // while "1"  (timeout="200")
[00:42:02.436]      // while-condition  =>  TRUE
[00:42:02.436]      // while "1"  (timeout="200")
[00:42:02.436]      // while-condition  =>  TRUE
[00:42:02.436]      // while "1"  (timeout="200")
[00:42:02.436]      // while-condition  =>  TRUE
[00:42:02.436]      // while "1"  (timeout="200")
[00:42:02.436]      // while-condition  =>  TRUE
[00:42:02.436]      // while "1"  (timeout="200")
[00:42:02.436]      // while-condition  =>  TRUE
[00:42:02.436]      // while "1"  (timeout="200")
[00:42:02.436]      // while-condition  =>  TRUE
[00:42:02.436]      // while "1"  (timeout="200")
[00:42:02.436]      // while-condition  =>  TRUE
[00:42:02.436]      // while "1"  (timeout="200")
[00:42:02.436]      // while-condition  =>  TRUE
[00:42:02.437]      // while "1"  (timeout="200")
[00:42:02.437]      // while-condition  =>  TRUE
[00:42:02.437]      // while "1"  (timeout="200")
[00:42:02.437]      // while-condition  =>  TRUE
[00:42:02.437]      // while "1"  (timeout="200")
[00:42:02.437]      // while-condition  =>  TRUE
[00:42:02.437]      // while "1"  (timeout="200")
[00:42:02.437]      // while-condition  =>  TRUE
[00:42:02.437]      // while "1"  (timeout="200")
[00:42:02.437]      // while-condition  =>  TRUE
[00:42:02.437]      // while "1"  (timeout="200")
[00:42:02.437]      // while-condition  =>  TRUE
[00:42:02.437]      // while "1"  (timeout="200")
[00:42:02.437]      // while-condition  =>  TRUE
[00:42:02.437]      // while "1"  (timeout="200")
[00:42:02.438]      // while-condition  =>  TRUE
[00:42:02.438]      // while "1"  (timeout="200")
[00:42:02.438]      // while-condition  =>  TRUE
[00:42:02.438]      // while "1"  (timeout="200")
[00:42:02.438]      // while-condition  =>  TRUE
[00:42:02.438]      // while "1"  (timeout="200")
[00:42:02.438]      // while-condition  =>  TRUE
[00:42:02.438]      // while "1"  (timeout="200")
[00:42:02.438]      // while-condition  =>  TRUE
[00:42:02.438]      // while "1"  (timeout="200")
[00:42:02.438]      // while-condition  =>  TRUE
[00:42:02.438]      // while "1"  (timeout="200")
[00:42:02.438]      // while-condition  =>  TRUE
[00:42:02.438]      // while "1"  (timeout="200")
[00:42:02.438]      // while-condition  =>  TRUE
[00:42:02.439]      // while "1"  (timeout="200")
[00:42:02.439]      // while  =>  TIMEOUT
[00:42:02.439]      // end while "1"
[00:42:02.439]    </control>
[00:42:02.439]    <control if="canReadPins" while="" timeout="0" info="">
[00:42:02.439]      // if-block "canReadPins"
[00:42:02.439]        // =>  TRUE
[00:42:02.439]      <control if="" while="(DAP_SWJ_Pins(nReset, nReset, 0) & nReset) == 0" timeout="1000000" info="">
[00:42:02.439]        // while "(DAP_SWJ_Pins(nReset, nReset, 0) & nReset) == 0"  (timeout="1000000")
[00:42:02.439]          // -> [DAP_SWJ_Pins(0x80, 0x80, 0) => 0x01]   (Out: nRESET=1  =>  In: SWCLK/TCK=1, SWDIO/TMS=0, TDI=0, TDO=0, nTRST=0, nRESET=0)
[00:42:02.439]        // while-condition  =>  TRUE
[00:42:02.439]        // while "(DAP_SWJ_Pins(nReset, nReset, 0) & nReset) == 0"  (timeout="1000000")
[00:42:02.439]          // -> [DAP_SWJ_Pins(0x80, 0x80, 0) => 0x81]   (Out: nRESET=1  =>  In: SWCLK/TCK=1, SWDIO/TMS=0, TDI=0, TDO=0, nTRST=0, nRESET=1)
[00:42:02.439]        // while-condition  =>  FALSE
[00:42:02.439]        // end while "(DAP_SWJ_Pins(nReset, nReset, 0) & nReset) == 0"
[00:42:02.441]      </control>
[00:42:02.441]      // end if-block "canReadPins"
[00:42:02.441]    </control>
[00:42:02.441]    <control if="!canReadPins" while="" timeout="0" info="">
[00:42:02.441]      // if-block "!canReadPins"
[00:42:02.441]        // =>  FALSE
[00:42:02.441]      // skip if-block "!canReadPins"
[00:42:02.441]    </control>
[00:42:02.441]    <control if="(ACCESS_POINT_VAL & 0x00E00000) == 0" while="" timeout="0" info="">
[00:42:02.441]      // if-block "(ACCESS_POINT_VAL & 0x00E00000) == 0"
[00:42:02.441]        // =>  TRUE
[00:42:02.441]      <block atomic="false" info="">
[00:42:02.441]        WriteAP(0x00, 0x190008);
[00:42:02.442]          // -> [WriteAP(0x00000000, 0x00190008)]   (__dp=0x00000000, __ap=0x00000004)
[00:42:02.442]        WriteAP(0xF0, 0x01);
[00:42:02.442]          // -> [WriteAP(0x000000F0, 0x00000001)]   (__dp=0x00000000, __ap=0x00000004)
[00:42:02.442]      </block>
[00:42:02.442]      // end if-block "(ACCESS_POINT_VAL & 0x00E00000) == 0"
[00:42:02.443]    </control>
[00:42:02.443]    <control if="(ACCESS_POINT_VAL & 0x00E00000) != 0" while="" timeout="0" info="">
[00:42:02.443]      // if-block "(ACCESS_POINT_VAL & 0x00E00000) != 0"
[00:42:02.443]        // =>  FALSE
[00:42:02.443]      // skip if-block "(ACCESS_POINT_VAL & 0x00E00000) != 0"
[00:42:02.443]    </control>
[00:42:02.443]    <block atomic="false" info="">
[00:42:02.443]      ACCESS_POINT_VAL = ReadAP(0x00);//Reading current state of access point
[00:42:02.443]        // -> [ReadAP(0x00000000) => 0x0079002F]   (__dp=0x00000000, __ap=0x00000004)
[00:42:02.443]        // -> [ACCESS_POINT_VAL <= 0x0079002F]
[00:42:02.443]      Message(0, "Current state of access point is: %x",ACCESS_POINT_VAL);
[00:42:02.445]      __ap = 0; //lets make sure we reset the access point selection
[00:42:02.445]        // -> [__ap <= 0x00000000]
[00:42:02.446]    </block>
[00:42:02.446]  </sequence>
[00:42:02.446]  
[00:42:02.447]  **********  Sequence "DebugDeviceUnlock"  (Context="Connect", Pname="", info="")
[00:42:02.447]  
[00:42:02.447]  <debugvars>
[00:42:02.447]    // Pre-defined
[00:42:02.447]    __protocol=0x00010002      (Protocol="SWD", SWJ-DP="True")
[00:42:02.447]    __connection=0x00000202    (Connection Type="Flash", Reset Type="System Reset")
[00:42:02.447]    __dp=0x00000000
[00:42:02.447]    __ap=0x00000000
[00:42:02.448]    __traceout=0x00000000      (Trace Disabled)
[00:42:02.448]    __errorcontrol=0x00000000  (Skip Errors="False")
[00:42:02.448]    __FlashAddr=0x00000000
[00:42:02.448]    __FlashLen=0x00000000
[00:42:02.448]    __FlashArg=0x00000000
[00:42:02.448]    __FlashOp=0x00000000
[00:42:02.448]    __Result=0x00000000
[00:42:02.448]  </debugvars>
[00:42:02.448]  
[00:42:02.448]  <sequence name="DebugDeviceUnlock" Pname="" disable="false" info="">
[00:42:02.448]    <block atomic="false" info="">
[00:42:02.448]      __var deviceID = 0;
[00:42:02.448]        // -> [deviceID <= 0x00000000]
[00:42:02.448]      __var version = 0;
[00:42:02.448]        // -> [version <= 0x00000000]
[00:42:02.449]      __var partNum = 0;
[00:42:02.449]        // -> [partNum <= 0x00000000]
[00:42:02.449]      __var manuf = 0;
[00:42:02.449]        // -> [manuf <= 0x00000000]
[00:42:02.449]      __var isMSPM0G1X0X_G3X0X = 0;
[00:42:02.449]        // -> [isMSPM0G1X0X_G3X0X <= 0x00000000]
[00:42:02.449]      __var isProduction = 0;
[00:42:02.449]        // -> [isProduction <= 0x00000000]
[00:42:02.449]      __var continueId = 0;
[00:42:02.449]        // -> [continueId <= 0x00000000]
[00:42:02.449]      deviceID =   Read32(0x41C40004);
[00:42:02.450]        // -> [Read32(0x41C40004) => 0x2BB8802F]   (__dp=0x00000000, __ap=0x00000000)
[00:42:02.450]        // -> [deviceID <= 0x2BB8802F]
[00:42:02.450]      version = deviceID >> 28;
[00:42:02.450]        // -> [version <= 0x00000002]
[00:42:02.450]      partNum = (deviceID & 0x0FFFF000) >> 12;
[00:42:02.450]        // -> [partNum <= 0x0000BB88]
[00:42:02.450]      manuf = (deviceID & 0x00000FFE) >> 1;
[00:42:02.450]        // -> [manuf <= 0x00000017]
[00:42:02.450]      isMSPM0G1X0X_G3X0X = (partNum == 0xBB88) && (manuf == 0x17);
[00:42:02.451]        // -> [isMSPM0G1X0X_G3X0X <= 0x00000001]
[00:42:02.451]      isProduction = (version > 0);
[00:42:02.451]        // -> [isProduction <= 0x00000001]
[00:42:02.451]    </block>
[00:42:02.451]    <control if="!isMSPM0G1X0X_G3X0X" while="" timeout="0" info="">
[00:42:02.451]      // if-block "!isMSPM0G1X0X_G3X0X"
[00:42:02.452]        // =>  FALSE
[00:42:02.452]      // skip if-block "!isMSPM0G1X0X_G3X0X"
[00:42:02.452]    </control>
[00:42:02.452]    <control if="continueId == 4" while="" timeout="0" info="">
[00:42:02.452]      // if-block "continueId == 4"
[00:42:02.452]        // =>  FALSE
[00:42:02.452]      // skip if-block "continueId == 4"
[00:42:02.452]    </control>
[00:42:02.452]    <control if="!isProduction" while="" timeout="0" info="">
[00:42:02.452]      // if-block "!isProduction"
[00:42:02.452]        // =>  FALSE
[00:42:02.452]      // skip if-block "!isProduction"
[00:42:02.452]    </control>
[00:42:02.452]  </sequence>
[00:42:02.452]  
