******************************************************************************
            TI ARM Clang Linker PC v4.0.4                      
******************************************************************************
>> Linked Thu Jul 30 22:46:05 2026

OUTPUT FILE NAME:   <project.out>
ENTRY POINT SYMBOL: "_c_int00_noargs"  address: 00003801


MEMORY CONFIGURATION

         name            origin    length      used     unused   attr    fill
----------------------  --------  ---------  --------  --------  ----  --------
  FLASH                 00000000   00020000  00004760  0001b8a0  R  X
  SRAM                  20200000   00008000  0000045d  00007ba3  RW X
  BCR_CONFIG            41c00000   000000ff  00000000  000000ff  R   
  BSL_CONFIG            41c00100   00000080  00000000  00000080  R   


SEGMENT ALLOCATION MAP

run origin  load origin   length   init length attrs members
----------  ----------- ---------- ----------- ----- -------
00000000    00000000    00004760   00004760    r-x
  00000000    00000000    000000c0   000000c0    r-- .intvecs
  000000c0    000000c0    00003fb8   00003fb8    r-x .text
  00004078    00004078    00000698   00000698    r-- .rodata
  00004710    00004710    00000050   00000050    r-- .cinit
20200000    20200000    0000025d   00000000    rw-
  20200000    20200000    000001b8   00000000    rw- .bss
  202001b8    202001b8    000000a5   00000000    rw- .data
20207e00    20207e00    00000200   00000000    rw-
  20207e00    20207e00    00000200   00000000    rw- .stack


SECTION ALLOCATION MAP

 output                                  attributes/
section   page    origin      length       input sections
--------  ----  ----------  ----------   ----------------
.intvecs   0    00000000    000000c0     
                  00000000    000000c0     startup_mspm0g350x_ticlang.o (.intvecs)

.text      0    000000c0    00003fb8     
                  000000c0    00000300     zf_device_imu963ra.o (.text.imu963ra_init)
                  000003c0    000002ac     empty.o (.text.main)
                  0000066c    00000284     myxunji.o (.text.Xunji_Q2_Task)
                  000008f0    00000250     ti_msp_dl_config.o (.text.SYSCFG_DL_GPIO_init)
                  00000b40    000001fc     at8236.o (.text.at8236_pid_calculate)
                  00000d3c    00000114     encoder.o (.text.Encoder_IRQHandler)
                  00000e50    00000104     driverlib.a : dl_timer.o (.text.DL_Timer_initFourCCPWMMode)
                  00000f54    000000fc                 : dl_timer.o (.text.DL_Timer_initTimerMode)
                  00001050    000000f4     myxunji.o (.text.Xunji_Read_Hardware)
                  00001144    000000e8     ti_msp_dl_config.o (.text.SYSCFG_DL_SYSCTL_SYSPLL_init)
                  0000122c    000000dc     driverlib.a : dl_sysctl_mspm0g1x0x_g3x0x.o (.text.DL_SYSCTL_configSYSPLL)
                  00001308    000000d6     zf_driver_soft_iic.o (.text.soft_iic_init)
                  000013de    000000d2     zf_driver_soft_iic.o (.text.soft_iic_read_data)
                  000014b0    000000d0     interrupt.o (.text.TIMG0_IRQHandler)
                  00001580    000000b4     DL_OLED.o (.text.OLED_I2C_SendByte)
                  00001634    000000b4     DL_OLED.o (.text.OLED_ShowChar)
                  000016e8    000000b0     ti_msp_dl_config.o (.text.SYSCFG_DL_initPower)
                  00001798    000000ae     zf_driver_soft_iic.o (.text.soft_iic_send_data)
                  00001846    00000002     libclang_rt.builtins.a : aeabi_div0.c.obj (.text.__aeabi_idiv0)
                  00001848    000000ac     interrupt.o (.text.GROUP1_IRQHandler)
                  000018f4    000000a2     libclang_rt.builtins.a : udivmoddi4.S.obj (.text)
                  00001996    00000002                            : aeabi_div0.c.obj (.text.__aeabi_ldiv0)
                  00001998    000000a0     DL_OLED.o (.text.OLED_Init)
                  00001a38    000000a0     zf_device_imu963ra.o (.text.imu963ra_write_mag_register)
                  00001ad8    00000098     encoder.o (.text.Encoder_Init)
                  00001b70    0000008c     ti_msp_dl_config.o (.text.SYSCFG_DL_PWM1_AT8236_init)
                  00001bfc    0000008c     ti_msp_dl_config.o (.text.SYSCFG_DL_PWM2_AT8236_init)
                  00001c88    0000008c     ti_msp_dl_config.o (.text.SYSCFG_DL_PWM_TB6612_init)
                  00001d14    0000008c     libclang_rt.builtins.a : mulsf3.S.obj (.text.__mulsf3)
                  00001da0    0000008c     zf_driver_soft_iic.o (.text.soft_iic_wait_ack)
                  00001e2c    00000088     zf_device_imu963ra.o (.text.imu963ra_read_mag_register)
                  00001eb4    00000086     at8236.o (.text.at8236_pid_set_target)
                  00001f3a    00000002     --HOLE-- [fill = 0]
                  00001f3c    00000084     ti_msp_dl_config.o (.text.__NVIC_SetPriority)
                  00001fc0    00000082     libclang_rt.builtins.a : divsf3.S.obj (.text.__divsf3)
                  00002042    00000002     --HOLE-- [fill = 0]
                  00002044    0000007c     ti_msp_dl_config.o (.text.SYSCFG_DL_SYSCTL_init)
                  000020c0    0000007c     libc.a : copy_decompress_lzss.c.obj (.text:decompress:lzss)
                  0000213c    0000007a     DL_OLED.o (.text.OLED_ShowNum)
                  000021b6    0000007a     zf_driver_soft_iic.o (.text.soft_iic_send_ack)
                  00002230    00000074     key.o (.text.AJ1_IsPressed)
                  000022a4    00000074     key.o (.text.AJ2_IsPressed)
                  00002318    00000074     key.o (.text.AJ3_IsPressed)
                  0000238c    00000074     key.o (.text.AJ4_IsPressed)
                  00002400    00000074     at8236.o (.text.AT8236_PID_Update)
                  00002474    00000074     libclang_rt.builtins.a : comparedf2.c.obj (.text.__gedf2)
                  000024e8    00000070     at8236.o (.text.at8236_apply_motor)
                  00002558    0000006e     zf_driver_soft_iic.o (.text.soft_iic_read_8bit_registers)
                  000025c6    0000006c     zf_driver_soft_iic.o (.text.soft_iic_start)
                  00002632    0000006c     zf_driver_soft_iic.o (.text.soft_iic_stop)
                  0000269e    00000002     --HOLE-- [fill = 0]
                  000026a0    00000068     f103_uart.o (.text.F103_Trans_AccRawToMg)
                  00002708    00000068     libclang_rt.builtins.a : comparedf2.c.obj (.text.__ledf2)
                  00002770    00000064     driverlib.a : dl_sysctl_mspm0g1x0x_g3x0x.o (.text.DL_SYSCTL_setHFCLKSourceHFXTParams)
                  000027d4    00000064     zf_driver_soft_iic.o (.text.soft_iic_sccb_read_register)
                  00002838    00000062     libclang_rt.builtins.a : aeabi_dcmp.S.obj (.text.__aeabi_dcmp)
                  0000289a    00000002     --HOLE-- [fill = 0]
                  0000289c    00000062                            : aeabi_fcmp.S.obj (.text.__aeabi_fcmp)
                  000028fe    00000002     --HOLE-- [fill = 0]
                  00002900    00000060     at8236.o (.text.at8236_set_inputs)
                  00002960    00000058     DL_OLED.o (.text.OLED_I2C_Start)
                  000029b8    00000056     DL_OLED.o (.text.OLED_Clear)
                  00002a0e    00000002     --HOLE-- [fill = 0]
                  00002a10    00000056     libclang_rt.builtins.a : aeabi_idivmod.S.obj (.text.__aeabi_idivmod)
                  00002a66    00000002     --HOLE-- [fill = 0]
                  00002a68    00000054     myxunji.o (.text.Xunji_Q2_StopLineDetected)
                  00002abc    00000054     zf_device_imu963ra.o (.text.imu963ra_acc_gyro_self_check)
                  00002b10    00000050     zf_device_imu963ra.o (.text.imu963ra_connect_mag)
                  00002b60    00000050     zf_device_imu963ra.o (.text.imu963ra_mag_self_check)
                  00002bb0    0000004e     myxunji.o (.text.Xunji_Read_Bits)
                  00002bfe    0000004e     zf_driver_gpio.o (.text.gpio_init)
                  00002c4c    0000004c     ti_msp_dl_config.o (.text.DL_GPIO_initDigitalInputFeatures)
                  00002c98    0000004c     zf_driver_gpio.o (.text.DL_GPIO_initDigitalInputFeatures)
                  00002ce4    0000004c     ti_msp_dl_config.o (.text.DL_UART_setBaudRateDivisor)
                  00002d30    0000004c     ti_msp_dl_config.o (.text.SYSCFG_DL_UART_BT_init)
                  00002d7c    0000004c     ti_msp_dl_config.o (.text.SYSCFG_DL_init)
                  00002dc8    0000004c     zf_device_imu963ra.o (.text.imu963ra_get_acc)
                  00002e14    0000004a     f103_uart.o (.text.F103_Trans_SendAccelerationMg)
                  00002e5e    0000004a     DL_OLED.o (.text.OLED_ShowString)
                  00002ea8    00000048     driverlib.a : dl_uart.o (.text.DL_UART_init)
                  00002ef0    00000048     myxunji.o (.text.Xunji_Q2_Reset)
                  00002f38    00000046     at8236.o (.text.at8236_clamp_speed)
                  00002f7e    00000002     --HOLE-- [fill = 0]
                  00002f80    00000044     key.o (.text.AJ_Init)
                  00002fc4    00000044     driverlib.a : dl_sysctl_mspm0g1x0x_g3x0x.o (.text.DL_SYSCTL_switchMCLKfromSYSOSCtoHSCLK)
                  00003008    00000044     DL_OLED.o (.text.OLED_I2C_Stop)
                  0000304c    00000044     at8236.o (.text.at8236_get_max_speed)
                  00003090    00000044     at8236.o (.text.at8236_pid_clamp_i32)
                  000030d4    00000044     zf_driver_gpio.o (.text.gpio_low)
                  00003118    00000042     zf_driver_soft_iic.o (.text.soft_iic_write_8bit_register)
                  0000315a    00000002     --HOLE-- [fill = 0]
                  0000315c    00000040     bluetooth.o (.text.Bluetooth_Init)
                  0000319c    00000040     ti_msp_dl_config.o (.text.SYSCFG_DL_UART_DEBUG_init)
                  000031dc    00000040     ti_msp_dl_config.o (.text.SYSCFG_DL_UART_JY901_init)
                  0000321c    00000040     libclang_rt.builtins.a : aeabi_uidivmod.S.obj (.text.__aeabi_uidivmod)
                  0000325c    0000003e                            : divmoddi4.c.obj (.text.__divmoddi4)
                  0000329a    00000002     --HOLE-- [fill = 0]
                  0000329c    0000003c     ti_msp_dl_config.o (.text.DL_Timer_setCounterControl)
                  000032d8    0000003c     ti_msp_dl_config.o (.text.SYSCFG_DL_TIMER_TICK_init)
                  00003314    0000003c     libclang_rt.builtins.a : floatsisf.S.obj (.text.__floatsisf)
                  00003350    0000003c                            : comparesf2.S.obj (.text.__gtsf2)
                  0000338c    0000003c     libc.a : autoinit.c.obj (.text:__TI_auto_init_nobinit_nopinit)
                  000033c8    0000003a     libclang_rt.builtins.a : comparesf2.S.obj (.text.__eqsf2)
                  00003402    00000002     --HOLE-- [fill = 0]
                  00003404    0000003a                            : muldsi3.S.obj (.text.__muldsi3)
                  0000343e    00000002     --HOLE-- [fill = 0]
                  00003440    00000038     at8236.o (.text.AT8236_Init)
                  00003478    00000038     libclang_rt.builtins.a : fixsfsi.S.obj (.text.__fixsfsi)
                  000034b0    00000036     DL_OLED.o (.text.OLED_SetCursor)
                  000034e6    00000002     --HOLE-- [fill = 0]
                  000034e8    00000034     at8236.o (.text.AT8236_SetMotors)
                  0000351c    00000034     at8236.o (.text.at8236_get_output_speed)
                  00003550    00000030     driverlib.a : dl_uart.o (.text.DL_UART_transmitDataBlocking)
                  00003580    00000030     bluetooth.o (.text.UART2_IRQHandler)
                  000035b0    0000002e     zf_driver_gpio.o (.text.gpio_get_level)
                  000035de    00000002     --HOLE-- [fill = 0]
                  000035e0    0000002c     f103_uart.o (.text.F103_Trans_SendImu963Acceleration)
                  0000360c    0000002c     bluetooth.o (.text.__NVIC_EnableIRQ)
                  00003638    0000002c     empty.o (.text.__NVIC_EnableIRQ)
                  00003664    0000002c     encoder.o (.text.__NVIC_EnableIRQ)
                  00003690    0000002c     key.o (.text.__NVIC_EnableIRQ)
                  000036bc    0000002a     DL_OLED.o (.text.OLED_WriteCommand)
                  000036e6    0000002a     DL_OLED.o (.text.OLED_WriteData)
                  00003710    00000028     bluetooth.o (.text.DL_Common_updateReg)
                  00003738    00000028     ti_msp_dl_config.o (.text.DL_Common_updateReg)
                  00003760    00000028     bluetooth.o (.text.DL_UART_setRXFIFOThreshold)
                  00003788    00000028     encoder.o (.text.Encoder_GetSpeeds)
                  000037b0    00000028     DL_OLED.o (.text.OLED_Pow)
                  000037d8    00000028     zf_driver_gpio.o (.text.gpio_high)
                  00003800    00000028     libc.a : boot_cortex_m.c.obj (.text:_c_int00_noargs)
                  00003828    00000026     at8236.o (.text.AT8236_SetMotor)
                  0000384e    00000026     at8236.o (.text.at8236_pid_reset_controller)
                  00003874    00000024     at8236.o (.text.AT8236_PID_SetTargets)
                  00003898    00000024     DL_OLED.o (.text.OLED_I2C_Init)
                  000038bc    00000024     empty.o (.text.TimerTick_Init)
                  000038e0    00000024     libclang_rt.builtins.a : floatunsidf.S.obj (.text.__floatunsidf)
                  00003904    00000024                            : muldi3.S.obj (.text.__muldi3)
                  00003928    00000022     zf_driver_gpio.o (.text.gpio_mask)
                  0000394a    00000002     --HOLE-- [fill = 0]
                  0000394c    00000020     ti_msp_dl_config.o (.text.DL_GPIO_initPeripheralInputFunction)
                  0000396c    00000020     ti_msp_dl_config.o (.text.DL_SYSCTL_setFlashWaitState)
                  0000398c    00000020     zf_driver_gpio.o (.text.gpio_iomux)
                  000039ac    0000001e     ti_msp_dl_config.o (.text.DL_UART_setOversampling)
                  000039ca    00000002     --HOLE-- [fill = 0]
                  000039cc    0000001e     libclang_rt.builtins.a : ashldi3.S.obj (.text.__ashldi3)
                  000039ea    00000002     --HOLE-- [fill = 0]
                  000039ec    0000001c     encoder.o (.text.DL_GPIO_clearInterruptStatus)
                  00003a08    0000001c     interrupt.o (.text.DL_GPIO_clearInterruptStatus)
                  00003a24    0000001c     key.o (.text.DL_GPIO_clearInterruptStatus)
                  00003a40    0000001c     ti_msp_dl_config.o (.text.DL_GPIO_clearInterruptStatus)
                  00003a5c    0000001c     encoder.o (.text.DL_GPIO_enableInterrupt)
                  00003a78    0000001c     ti_msp_dl_config.o (.text.DL_GPIO_enableInterrupt)
                  00003a94    0000001c     ti_msp_dl_config.o (.text.DL_GPIO_initPeripheralOutputFunction)
                  00003ab0    0000001c     ti_msp_dl_config.o (.text.DL_GPIO_setLowerPinsPolarity)
                  00003acc    0000001c     driverlib.a : dl_sysctl_mspm0g1x0x_g3x0x.o (.text.DL_SYSCTL_configFCC)
                  00003ae8    0000001c     ti_msp_dl_config.o (.text.DL_SYSCTL_setFCCPeriods)
                  00003b04    0000001c     ti_msp_dl_config.o (.text.DL_SYSCTL_setSYSOSCFreq)
                  00003b20    0000001c     ti_msp_dl_config.o (.text.DL_SYSCTL_setULPCLKDivider)
                  00003b3c    0000001c     ti_msp_dl_config.o (.text.DL_Timer_enableInterrupt)
                  00003b58    0000001c     driverlib.a : dl_timer.o (.text.DL_Timer_setCaptCompUpdateMethod)
                  00003b74    0000001c                 : dl_timer.o (.text.DL_Timer_setClockConfig)
                  00003b90    0000001c     bluetooth.o (.text.DL_UART_enableInterrupt)
                  00003bac    0000001c     ti_msp_dl_config.o (.text.DL_UART_enableInterrupt)
                  00003bc8    0000001c     f103_uart.o (.text.F103_Trans_SendByte)
                  00003be4    0000001c     delay.o (.text.delay_ms)
                  00003c00    00000018     at8236.o (.text.AT8236_PID_Init)
                  00003c18    00000018     ti_msp_dl_config.o (.text.DL_GPIO_enableOutput)
                  00003c30    00000018     zf_driver_gpio.o (.text.DL_GPIO_enableOutput)
                  00003c48    00000018     ti_msp_dl_config.o (.text.DL_GPIO_enablePower)
                  00003c60    00000018     encoder.o (.text.DL_GPIO_getEnabledInterruptStatus)
                  00003c78    00000018     interrupt.o (.text.DL_GPIO_getEnabledInterruptStatus)
                  00003c90    00000018     ti_msp_dl_config.o (.text.DL_GPIO_initDigitalOutput)
                  00003ca8    00000018     ti_msp_dl_config.o (.text.DL_GPIO_initPeripheralAnalogFunction)
                  00003cc0    00000018     ti_msp_dl_config.o (.text.DL_GPIO_reset)
                  00003cd8    00000018     DL_OLED.o (.text.DL_GPIO_setPins)
                  00003cf0    00000018     ti_msp_dl_config.o (.text.DL_GPIO_setUpperPinsPolarity)
                  00003d08    00000018     ti_msp_dl_config.o (.text.DL_SYSCTL_setBORThreshold)
                  00003d20    00000018     empty.o (.text.DL_Timer_clearInterruptStatus)
                  00003d38    00000018     interrupt.o (.text.DL_Timer_clearInterruptStatus)
                  00003d50    00000018     ti_msp_dl_config.o (.text.DL_Timer_enablePower)
                  00003d68    00000018     ti_msp_dl_config.o (.text.DL_Timer_reset)
                  00003d80    00000018     driverlib.a : dl_timer.o (.text.DL_Timer_setCaptureCompareOutCtl)
                  00003d98    00000018     at8236.o (.text.DL_Timer_startCounter)
                  00003db0    00000018     empty.o (.text.DL_Timer_startCounter)
                  00003dc8    00000018     bluetooth.o (.text.DL_UART_enableFIFOs)
                  00003de0    00000018     ti_msp_dl_config.o (.text.DL_UART_enablePower)
                  00003df8    00000018     ti_msp_dl_config.o (.text.DL_UART_reset)
                  00003e10    00000016     encoder.o (.text.DL_GPIO_readPins)
                  00003e26    00000016     key.o (.text.DL_GPIO_readPins)
                  00003e3c    00000016     myxunji.o (.text.DL_GPIO_readPins)
                  00003e52    00000016     zf_driver_gpio.o (.text.DL_GPIO_readPins)
                  00003e68    00000016     ti_msp_dl_config.o (.text.DL_UART_enable)
                  00003e7e    00000016     libc.a : copy_zero_init.c.obj (.text:decompress:ZI:__TI_zero_init_nomemset)
                  00003e94    00000014     DL_OLED.o (.text.DL_GPIO_clearPins)
                  00003ea8    00000014     ti_msp_dl_config.o (.text.DL_GPIO_clearPins)
                  00003ebc    00000014     zf_driver_gpio.o (.text.DL_GPIO_clearPins)
                  00003ed0    00000014     zf_driver_gpio.o (.text.DL_GPIO_disableOutput)
                  00003ee4    00000014     ti_msp_dl_config.o (.text.DL_SYSCTL_disableSYSPLL)
                  00003ef8    00000014     ti_msp_dl_config.o (.text.DL_SYSCTL_enableSYSPLL)
                  00003f0c    00000014     ti_msp_dl_config.o (.text.DL_Timer_enableClock)
                  00003f20    00000014     ti_msp_dl_config.o (.text.DL_Timer_setCCPDirection)
                  00003f34    00000014     bluetooth.o (.text.DL_UART_receiveData)
                  00003f48    00000014     libclang_rt.builtins.a : aeabi_ldivmod.S.obj (.text.__aeabi_ldivmod)
                  00003f5c    00000012     interrupt.o (.text.DL_Timer_getPendingInterrupt)
                  00003f6e    00000012     bluetooth.o (.text.DL_UART_getPendingInterrupt)
                  00003f80    00000012     driverlib.a : dl_uart.o (.text.DL_UART_setClockConfig)
                  00003f92    00000012     libc.a : memcpy16.S.obj (.text:TI_memcpy_small)
                  00003fa4    00000012            : copy_decompress_none.c.obj (.text:decompress:none)
                  00003fb6    00000002     --HOLE-- [fill = 0]
                  00003fb8    00000010     ti_msp_dl_config.o (.text.DL_SYSCTL_disableHFXT)
                  00003fc8    00000010     ti_msp_dl_config.o (.text.DL_SYSCTL_isFCCDone)
                  00003fd8    00000010     ti_msp_dl_config.o (.text.DL_SYSCTL_startFCC)
                  00003fe8    00000010     driverlib.a : dl_timer.o (.text.DL_Timer_setCaptureCompareValue)
                  00003ff8    00000010     zf_driver_gpio.o (.text.gpio_port)
                  00004008    0000000c     at8236.o (.text.AT8236_PID_Stop)
                  00004014    0000000c     at8236.o (.text.AT8236_Stop)
                  00004020    0000000c     ti_msp_dl_config.o (.text.DL_SYSCTL_getClockStatus)
                  0000402c    0000000c     ti_msp_dl_config.o (.text.DL_SYSCTL_readFCC)
                  00004038    0000000a     driverlib.a : dl_common.o (.text.DL_Common_delayCycles)
                  00004042    00000002     --HOLE-- [fill = 0]
                  00004044    00000008     libclang_rt.builtins.a : aeabi_memcpy.S.obj (.text.__aeabi_memcpy)
                  0000404c    00000006     libc.a : exit.c.obj (.text:abort)
                  00004052    00000004     startup_mspm0g350x_ticlang.o (.text.Default_Handler)
                  00004056    00000004     libsysbm.a : hostexit.c.obj (.text.HOSTexit)
                  0000405a    00000004     startup_mspm0g350x_ticlang.o (.text.Reset_Handler)
                  0000405e    00000002     --HOLE-- [fill = 0]
                  00004060    00000010     libc.a : boot_cortex_m.c.obj (.tramp._c_int00_noargs.1)
                  00004070    00000004            : pre_init.c.obj (.text._system_pre_init)
                  00004074    00000004     --HOLE-- [fill = 0]

.cinit     0    00004710    00000050     
                  00004710    0000002b     (.cinit..data.load) [load image, compression = lzss]
                  0000473b    00000001     --HOLE-- [fill = 0]
                  0000473c    0000000c     (__TI_handler_table)
                  00004748    00000008     (.cinit..bss.load) [load image, compression = zero_init]
                  00004750    00000010     (__TI_cinit_table)

.rodata    0    00004078    00000698     
                  00004078    000005f0     DL_OLED.o (.rodata.OLED_F8x16)
                  00004668    00000028     ti_msp_dl_config.o (.rodata.gSYSPLLConfig)
                  00004690    00000014     ti_msp_dl_config.o (.rodata.gTIMER_TICKTimerConfig)
                  000046a4    00000010     encoder.o (.rodata.quad_table)
                  000046b4    0000000a     ti_msp_dl_config.o (.rodata.gUART_BTConfig)
                  000046be    0000000a     ti_msp_dl_config.o (.rodata.gUART_DEBUGConfig)
                  000046c8    0000000a     ti_msp_dl_config.o (.rodata.gUART_JY901Config)
                  000046d2    00000002     ti_msp_dl_config.o (.rodata.gUART_BTClockConfig)
                  000046d4    00000008     ti_msp_dl_config.o (.rodata.gPWM1_AT8236Config)
                  000046dc    00000008     ti_msp_dl_config.o (.rodata.gPWM2_AT8236Config)
                  000046e4    00000008     ti_msp_dl_config.o (.rodata.gPWM_TB6612Config)
                  000046ec    00000007     empty.o (.rodata.str1.254342170260855183.1)
                  000046f3    00000007     empty.o (.rodata.str1.9517790425240694019.1)
                  000046fa    00000003     ti_msp_dl_config.o (.rodata.gPWM1_AT8236ClockConfig)
                  000046fd    00000003     ti_msp_dl_config.o (.rodata.gPWM2_AT8236ClockConfig)
                  00004700    00000003     ti_msp_dl_config.o (.rodata.gPWM_TB6612ClockConfig)
                  00004703    00000003     ti_msp_dl_config.o (.rodata.gTIMER_TICKClockConfig)
                  00004706    00000002     ti_msp_dl_config.o (.rodata.gUART_DEBUGClockConfig)
                  00004708    00000002     ti_msp_dl_config.o (.rodata.gUART_JY901ClockConfig)
                  0000470a    00000006     --HOLE-- [fill = 0]

.init_array 
*          0    00000000    00000000     UNINITIALIZED

.binit     0    00000000    00000000     

.bss       0    20200000    000001b8     UNINITIALIZED
                  20200000    000000bc     (.common:gPWM2_AT8236Backup)
                  202000bc    000000a0     (.common:gPWM1_AT8236Backup)
                  2020015c    00000030     (.common:gUART_DEBUGBackup)
                  2020018c    00000010     zf_device_imu963ra.o (.bss.imu963ra_iic_struct)
                  2020019c    00000008     (.common:EncoderA)
                  202001a4    00000008     (.common:EncoderB)
                  202001ac    00000004     (.common:l_speed_now)
                  202001b0    00000004     (.common:r_speed_now)
                  202001b4    00000001     bluetooth.o (.bss.bt_cmd)
                  202001b5    00000001     bluetooth.o (.bss.bt_cmd_ready)
                  202001b6    00000001     encoder.o (.bss.encoderA_last)
                  202001b7    00000001     encoder.o (.bss.encoderB_last)

.data      0    202001b8    000000a5     UNINITIALIZED
                  202001b8    00000018     at8236.o (.data.AT8236_PIDA)
                  202001d0    00000018     at8236.o (.data.AT8236_PIDB)
                  202001e8    00000018     myxunji.o (.data.Xunji_Q2_Debug)
                  20200200    0000000c     zf_device_imu963ra.o (.data.imu963ra_transition_factor)
                  2020020c    00000008     at8236.o (.data.AT8236_MotorA)
                  20200214    00000008     at8236.o (.data.AT8236_MotorB)
                  2020021c    00000004     myxunji.o (.data.q2_pid_integral)
                  20200220    00000004     empty.o (.data.run_elapsed_ms)
                  20200224    00000004     empty.o (.data.run_last_oled_ms)
                  20200228    00000004     empty.o (.data.run_start_ms)
                  2020022c    00000004     interrupt.o (.data.system_tick_ms)
                  20200230    00000002     zf_device_imu963ra.o (.data.imu963ra_acc_x)
                  20200232    00000002     zf_device_imu963ra.o (.data.imu963ra_acc_y)
                  20200234    00000002     zf_device_imu963ra.o (.data.imu963ra_acc_z)
                  20200236    00000002     empty.o (.data.main.left_speed_load)
                  20200238    00000002     empty.o (.data.main.right_speed_load)
                  2020023a    00000002     myxunji.o (.data.q2_base_speed)
                  2020023c    00000002     myxunji.o (.data.q2_last_nonzero_error)
                  2020023e    00000002     myxunji.o (.data.q2_pid_last_error)
                  20200240    00000001     key.o (.data.AJ1_IsPressed.debounce_cnt)
                  20200241    00000001     key.o (.data.AJ1_pressed)
                  20200242    00000001     key.o (.data.AJ2_IsPressed.debounce_cnt)
                  20200243    00000001     key.o (.data.AJ2_pressed)
                  20200244    00000001     key.o (.data.AJ3_IsPressed.debounce_cnt)
                  20200245    00000001     key.o (.data.AJ3_pressed)
                  20200246    00000001     key.o (.data.AJ4_IsPressed.debounce_cnt)
                  20200247    00000001     key.o (.data.AJ4_pressed)
                  20200248    00000001     interrupt.o (.data.TIMG0_IRQHandler.tick_10ms)
                  20200249    00000001     interrupt.o (.data.TIMG0_IRQHandler.tick_15ms)
                  2020024a    00000001     empty.o (.data.imu963ra_acc_ready)
                  2020024b    00000001     zf_device_imu963ra.o (.data.imu963ra_device_addr)
                  2020024c    00000001     zf_device_imu963ra.o (.data.imu963ra_diag_ack_6a)
                  2020024d    00000001     zf_device_imu963ra.o (.data.imu963ra_diag_ack_6b)
                  2020024e    00000001     zf_device_imu963ra.o (.data.imu963ra_diag_scl_low)
                  2020024f    00000001     zf_device_imu963ra.o (.data.imu963ra_diag_scl_release)
                  20200250    00000001     zf_device_imu963ra.o (.data.imu963ra_diag_sda_low)
                  20200251    00000001     zf_device_imu963ra.o (.data.imu963ra_diag_sda_release)
                  20200252    00000001     zf_device_imu963ra.o (.data.imu963ra_diag_who_6a)
                  20200253    00000001     zf_device_imu963ra.o (.data.imu963ra_diag_who_6b)
                  20200254    00000001     interrupt.o (.data.imu963ra_update_flag)
                  20200255    00000001     zf_device_imu963ra.o (.data.imu963ra_who_am_i)
                  20200256    00000001     interrupt.o (.data.q2_stop_line_flag)
                  20200257    00000001     empty.o (.data.question2_running_flag)
                  20200258    00000001     empty.o (.data.question4_running_flag)
                  20200259    00000001     empty.o (.data.question5_running_flag)
                  2020025a    00000001     empty.o (.data.question_number)
                  2020025b    00000001     empty.o (.data.question_running_flag)
                  2020025c    00000001     interrupt.o (.data.xunji_update_flag)

.stack     0    20207e00    00000200     UNINITIALIZED
                  20207e00    00000004     libc.a : boot_cortex_m.c.obj (.stack)
                  20207e04    000001fc     --HOLE--

__llvm_prf_cnts 
*          0    20200000    00000000     UNINITIALIZED

__llvm_prf_bits 
*          0    20200000    00000000     UNINITIALIZED

MODULE SUMMARY

       Module                         code    ro data   rw data
       ------                         ----    -------   -------
    .\
       ti_msp_dl_config.o             3072    132       396    
       DL_OLED.o                      1216    1520      0      
       at8236.o                       1516    0         64     
       myxunji.o                      1144    0         34     
       empty.o                        812     14        30     
       encoder.o                      614     16        18     
       key.o                          626     0         8      
       interrupt.o                    474     0         9      
       bluetooth.o                    326     0         2      
       f103_uart.o                    250     0         0      
       startup_mspm0g350x_ticlang.o   8       192       0      
       delay.o                        28      0         0      
    +--+------------------------------+-------+---------+---------+
       Total:                         10086   1874      561    
                                                               
    .\imu963\
       zf_device_imu963ra.o           1384    0         44     
       zf_driver_soft_iic.o           1352    0         0      
       zf_driver_gpio.o               476     0         0      
    +--+------------------------------+-------+---------+---------+
       Total:                         3212    0         44     
                                                               
    E:/2026diansai/mspm0_sdk_2_10_00_04/source/ti/driverlib/lib/ticlang/m0p/mspm0g1x0x_g3x0x/driverlib.a
       dl_timer.o                     608     0         0      
       dl_sysctl_mspm0g1x0x_g3x0x.o   416     0         0      
       dl_uart.o                      138     0         0      
       dl_common.o                    10      0         0      
    +--+------------------------------+-------+---------+---------+
       Total:                         1172    0         0      
                                                               
    E:\2026diansai\ccs\tools\compiler\ti-cgt-armllvm_4.0.4.LTS\lib\armv6m-ti-none-eabi/c/libc.a
       copy_decompress_lzss.c.obj     124     0         0      
       autoinit.c.obj                 60      0         0      
       boot_cortex_m.c.obj            56      0         0      
       copy_zero_init.c.obj           22      0         0      
       copy_decompress_none.c.obj     18      0         0      
       memcpy16.S.obj                 18      0         0      
       exit.c.obj                     6       0         0      
       pre_init.c.obj                 4       0         0      
    +--+------------------------------+-------+---------+---------+
       Total:                         308     0         0      
                                                               
    E:\2026diansai\ccs\tools\compiler\ti-cgt-armllvm_4.0.4.LTS\lib\armv6m-ti-none-eabi/c/libsysbm.a
       hostexit.c.obj                 4       0         0      
    +--+------------------------------+-------+---------+---------+
       Total:                         4       0         0      
                                                               
    E:\2026diansai\ccs\tools\compiler\ti-cgt-armllvm_4.0.4.LTS\lib\armv6m-ti-none-eabi/libclang_rt.builtins.a
       comparedf2.c.obj               220     0         0      
       udivmoddi4.S.obj               162     0         0      
       mulsf3.S.obj                   140     0         0      
       divsf3.S.obj                   130     0         0      
       comparesf2.S.obj               118     0         0      
       aeabi_dcmp.S.obj               98      0         0      
       aeabi_fcmp.S.obj               98      0         0      
       aeabi_idivmod.S.obj            86      0         0      
       aeabi_uidivmod.S.obj           64      0         0      
       divmoddi4.c.obj                62      0         0      
       floatsisf.S.obj                60      0         0      
       muldsi3.S.obj                  58      0         0      
       fixsfsi.S.obj                  56      0         0      
       floatunsidf.S.obj              36      0         0      
       muldi3.S.obj                   36      0         0      
       ashldi3.S.obj                  30      0         0      
       aeabi_ldivmod.S.obj            20      0         0      
       aeabi_memcpy.S.obj             8       0         0      
       aeabi_div0.c.obj               4       0         0      
    +--+------------------------------+-------+---------+---------+
       Total:                         1486    0         0      
                                                               
       Stack:                         0       0         512    
       Linker Generated:              0       79        0      
    +--+------------------------------+-------+---------+---------+
       Grand Total:                   16268   1953      1117   


LINKER GENERATED COPY TABLES

__TI_cinit_table @ 00004750 records: 2, size/record: 8, table size: 16
	.data: load addr=00004710, load size=0000002b bytes, run addr=202001b8, run size=000000a5 bytes, compression=lzss
	.bss: load addr=00004748, load size=00000008 bytes, run addr=20200000, run size=000001b8 bytes, compression=zero_init


LINKER GENERATED HANDLER TABLE

__TI_handler_table @ 0000473c records: 3, size/record: 4, table size: 12
	index: 0, handler: __TI_decompress_lzss
	index: 1, handler: __TI_decompress_none
	index: 2, handler: __TI_zero_init


FAR CALL TRAMPOLINES

callee name               trampoline name
   callee addr  tramp addr   call addr  call info
--------------  -----------  ---------  ----------------
_c_int00_noargs           $Tramp$TT$L$PI$$_c_int00_noargs
   00003801     00004060     0000405a   startup_mspm0g350x_ticlang.o (.text.Reset_Handler)

[1 trampolines]
[1 trampoline calls]


GLOBAL SYMBOLS: SORTED ALPHABETICALLY BY Name 

address   name                                 
-------   ----                                 
00004053  ADC0_IRQHandler                      
00004053  ADC1_IRQHandler                      
00004053  AES_IRQHandler                       
00002231  AJ1_IsPressed                        
20200241  AJ1_pressed                          
000022a5  AJ2_IsPressed                        
20200243  AJ2_pressed                          
00002319  AJ3_IsPressed                        
20200245  AJ3_pressed                          
0000238d  AJ4_IsPressed                        
20200247  AJ4_pressed                          
00002f81  AJ_Init                              
00003441  AT8236_Init                          
2020020c  AT8236_MotorA                        
20200214  AT8236_MotorB                        
202001b8  AT8236_PIDA                          
202001d0  AT8236_PIDB                          
00003c01  AT8236_PID_Init                      
00003875  AT8236_PID_SetTargets                
00004009  AT8236_PID_Stop                      
00002401  AT8236_PID_Update                    
00003829  AT8236_SetMotor                      
000034e9  AT8236_SetMotors                     
00004015  AT8236_Stop                          
0000315d  Bluetooth_Init                       
00004056  C$$EXIT                              
00004053  CANFD0_IRQHandler                    
00004053  DAC0_IRQHandler                      
00004039  DL_Common_delayCycles                
00003acd  DL_SYSCTL_configFCC                  
0000122d  DL_SYSCTL_configSYSPLL               
00002771  DL_SYSCTL_setHFCLKSourceHFXTParams   
00002fc5  DL_SYSCTL_switchMCLKfromSYSOSCtoHSCLK
00000e51  DL_Timer_initFourCCPWMMode           
00000f55  DL_Timer_initTimerMode               
00003b59  DL_Timer_setCaptCompUpdateMethod     
00003d81  DL_Timer_setCaptureCompareOutCtl     
00003fe9  DL_Timer_setCaptureCompareValue      
00003b75  DL_Timer_setClockConfig              
00002ea9  DL_UART_init                         
00003f81  DL_UART_setClockConfig               
00003551  DL_UART_transmitDataBlocking         
00004053  DMA_IRQHandler                       
00004053  Default_Handler                      
2020019c  EncoderA                             
202001a4  EncoderB                             
00003789  Encoder_GetSpeeds                    
00000d3d  Encoder_IRQHandler                   
00001ad9  Encoder_Init                         
00002e15  F103_Trans_SendAccelerationMg        
000035e1  F103_Trans_SendImu963Acceleration    
00004053  GROUP0_IRQHandler                    
00001849  GROUP1_IRQHandler                    
00004057  HOSTexit                             
00004053  HardFault_Handler                    
00004053  I2C0_IRQHandler                      
00004053  I2C1_IRQHandler                      
00004053  NMI_Handler                          
000029b9  OLED_Clear                           
00004078  OLED_F8x16                           
00003899  OLED_I2C_Init                        
00001581  OLED_I2C_SendByte                    
00002961  OLED_I2C_Start                       
00003009  OLED_I2C_Stop                        
00001999  OLED_Init                            
000037b1  OLED_Pow                             
000034b1  OLED_SetCursor                       
00001635  OLED_ShowChar                        
0000213d  OLED_ShowNum                         
00002e5f  OLED_ShowString                      
000036bd  OLED_WriteCommand                    
000036e7  OLED_WriteData                       
00004053  PendSV_Handler                       
00004053  RTC_IRQHandler                       
0000405b  Reset_Handler                        
00004053  SPI0_IRQHandler                      
00004053  SPI1_IRQHandler                      
00004053  SVC_Handler                          
000008f1  SYSCFG_DL_GPIO_init                  
00001b71  SYSCFG_DL_PWM1_AT8236_init           
00001bfd  SYSCFG_DL_PWM2_AT8236_init           
00001c89  SYSCFG_DL_PWM_TB6612_init            
00001145  SYSCFG_DL_SYSCTL_SYSPLL_init         
00002045  SYSCFG_DL_SYSCTL_init                
000032d9  SYSCFG_DL_TIMER_TICK_init            
00002d31  SYSCFG_DL_UART_BT_init               
0000319d  SYSCFG_DL_UART_DEBUG_init            
000031dd  SYSCFG_DL_UART_JY901_init            
00002d7d  SYSCFG_DL_init                       
000016e9  SYSCFG_DL_initPower                  
00004053  SysTick_Handler                      
00004053  TIMA0_IRQHandler                     
00004053  TIMA1_IRQHandler                     
000014b1  TIMG0_IRQHandler                     
00004053  TIMG12_IRQHandler                    
00004053  TIMG6_IRQHandler                     
00004053  TIMG7_IRQHandler                     
00004053  TIMG8_IRQHandler                     
00003f93  TI_memcpy_small                      
000038bd  TimerTick_Init                       
00004053  UART0_IRQHandler                     
00004053  UART1_IRQHandler                     
00003581  UART2_IRQHandler                     
00004053  UART3_IRQHandler                     
202001e8  Xunji_Q2_Debug                       
00002ef1  Xunji_Q2_Reset                       
00002a69  Xunji_Q2_StopLineDetected            
0000066d  Xunji_Q2_Task                        
00001051  Xunji_Read_Hardware                  
20208000  __STACK_END                          
00000200  __STACK_SIZE                         
00000000  __TI_ATRegion0_region_sz             
00000000  __TI_ATRegion0_src_addr              
00000000  __TI_ATRegion0_trg_addr              
00000000  __TI_ATRegion1_region_sz             
00000000  __TI_ATRegion1_src_addr              
00000000  __TI_ATRegion1_trg_addr              
00000000  __TI_ATRegion2_region_sz             
00000000  __TI_ATRegion2_src_addr              
00000000  __TI_ATRegion2_trg_addr              
00004750  __TI_CINIT_Base                      
00004760  __TI_CINIT_Limit                     
00004760  __TI_CINIT_Warm                      
0000473c  __TI_Handler_Table_Base              
00004748  __TI_Handler_Table_Limit             
0000338d  __TI_auto_init_nobinit_nopinit       
000020c1  __TI_decompress_lzss                 
00003fa5  __TI_decompress_none                 
ffffffff  __TI_pprof_out_hndl                  
ffffffff  __TI_prof_data_size                  
ffffffff  __TI_prof_data_start                 
00000000  __TI_static_base__                   
00003e7f  __TI_zero_init_nomemset              
00002839  __aeabi_dcmpeq                       
00002875  __aeabi_dcmpge                       
00002889  __aeabi_dcmpgt                       
00002861  __aeabi_dcmple                       
0000284d  __aeabi_dcmplt                       
00003479  __aeabi_f2iz                         
0000289d  __aeabi_fcmpeq                       
000028d9  __aeabi_fcmpge                       
000028ed  __aeabi_fcmpgt                       
000028c5  __aeabi_fcmple                       
000028b1  __aeabi_fcmplt                       
00001fc1  __aeabi_fdiv                         
00001d15  __aeabi_fmul                         
00003315  __aeabi_i2f                          
00002a11  __aeabi_idiv                         
00001847  __aeabi_idiv0                        
00002a11  __aeabi_idivmod                      
00001997  __aeabi_ldiv0                        
00003f49  __aeabi_ldivmod                      
000039cd  __aeabi_llsl                         
00003905  __aeabi_lmul                         
00004045  __aeabi_memcpy                       
00004045  __aeabi_memcpy4                      
00004045  __aeabi_memcpy8                      
000038e1  __aeabi_ui2d                         
0000321d  __aeabi_uidiv                        
0000321d  __aeabi_uidivmod                     
000039cd  __ashldi3                            
ffffffff  __binit__                            
00002709  __cmpdf2                             
000033c9  __cmpsf2                             
0000325d  __divmoddi4                          
00001fc1  __divsf3                             
00002709  __eqdf2                              
000033c9  __eqsf2                              
00003479  __fixsfsi                            
00003315  __floatsisf                          
000038e1  __floatunsidf                        
00002475  __gedf2                              
00003351  __gesf2                              
00002475  __gtdf2                              
00003351  __gtsf2                              
00002709  __ledf2                              
000033c9  __lesf2                              
00002709  __ltdf2                              
000033c9  __ltsf2                              
UNDEFED   __mpu_init                           
00003905  __muldi3                             
00003405  __muldsi3                            
00001d15  __mulsf3                             
00002709  __nedf2                              
000033c9  __nesf2                              
20207e00  __stack                              
20200000  __start___llvm_prf_bits              
20200000  __start___llvm_prf_cnts              
20200000  __stop___llvm_prf_bits               
20200000  __stop___llvm_prf_cnts               
000018f5  __udivmoddi4                         
00003801  _c_int00_noargs                      
UNDEFED   _system_post_cinit                   
00004071  _system_pre_init                     
0000404d  abort                                
ffffffff  binit                                
00003be5  delay_ms                             
202000bc  gPWM1_AT8236Backup                   
20200000  gPWM2_AT8236Backup                   
2020015c  gUART_DEBUGBackup                    
000035b1  gpio_get_level                       
000037d9  gpio_high                            
00002bff  gpio_init                            
000030d5  gpio_low                             
2020024a  imu963ra_acc_ready                   
20200230  imu963ra_acc_x                       
20200232  imu963ra_acc_y                       
20200234  imu963ra_acc_z                       
2020024b  imu963ra_device_addr                 
2020024c  imu963ra_diag_ack_6a                 
2020024d  imu963ra_diag_ack_6b                 
2020024e  imu963ra_diag_scl_low                
2020024f  imu963ra_diag_scl_release            
20200250  imu963ra_diag_sda_low                
20200251  imu963ra_diag_sda_release            
20200252  imu963ra_diag_who_6a                 
20200253  imu963ra_diag_who_6b                 
00002dc9  imu963ra_get_acc                     
000000c1  imu963ra_init                        
20200200  imu963ra_transition_factor           
20200254  imu963ra_update_flag                 
20200255  imu963ra_who_am_i                    
00000000  interruptVectors                     
202001ac  l_speed_now                          
000003c1  main                                 
20200256  q2_stop_line_flag                    
20200257  question2_running_flag               
20200258  question4_running_flag               
20200259  question5_running_flag               
2020025a  question_number                      
2020025b  question_running_flag                
202001b0  r_speed_now                          
20200220  run_elapsed_ms                       
20200224  run_last_oled_ms                     
20200228  run_start_ms                         
00001309  soft_iic_init                        
00002559  soft_iic_read_8bit_registers         
000013df  soft_iic_read_data                   
000027d5  soft_iic_sccb_read_register          
000021b7  soft_iic_send_ack                    
00001799  soft_iic_send_data                   
000025c7  soft_iic_start                       
00002633  soft_iic_stop                        
00001da1  soft_iic_wait_ack                    
00003119  soft_iic_write_8bit_register         
2020022c  system_tick_ms                       
2020025c  xunji_update_flag                    


GLOBAL SYMBOLS: SORTED BY Symbol Address 

address   name                                 
-------   ----                                 
00000000  __TI_ATRegion0_region_sz             
00000000  __TI_ATRegion0_src_addr              
00000000  __TI_ATRegion0_trg_addr              
00000000  __TI_ATRegion1_region_sz             
00000000  __TI_ATRegion1_src_addr              
00000000  __TI_ATRegion1_trg_addr              
00000000  __TI_ATRegion2_region_sz             
00000000  __TI_ATRegion2_src_addr              
00000000  __TI_ATRegion2_trg_addr              
00000000  __TI_static_base__                   
00000000  interruptVectors                     
000000c1  imu963ra_init                        
00000200  __STACK_SIZE                         
000003c1  main                                 
0000066d  Xunji_Q2_Task                        
000008f1  SYSCFG_DL_GPIO_init                  
00000d3d  Encoder_IRQHandler                   
00000e51  DL_Timer_initFourCCPWMMode           
00000f55  DL_Timer_initTimerMode               
00001051  Xunji_Read_Hardware                  
00001145  SYSCFG_DL_SYSCTL_SYSPLL_init         
0000122d  DL_SYSCTL_configSYSPLL               
00001309  soft_iic_init                        
000013df  soft_iic_read_data                   
000014b1  TIMG0_IRQHandler                     
00001581  OLED_I2C_SendByte                    
00001635  OLED_ShowChar                        
000016e9  SYSCFG_DL_initPower                  
00001799  soft_iic_send_data                   
00001847  __aeabi_idiv0                        
00001849  GROUP1_IRQHandler                    
000018f5  __udivmoddi4                         
00001997  __aeabi_ldiv0                        
00001999  OLED_Init                            
00001ad9  Encoder_Init                         
00001b71  SYSCFG_DL_PWM1_AT8236_init           
00001bfd  SYSCFG_DL_PWM2_AT8236_init           
00001c89  SYSCFG_DL_PWM_TB6612_init            
00001d15  __aeabi_fmul                         
00001d15  __mulsf3                             
00001da1  soft_iic_wait_ack                    
00001fc1  __aeabi_fdiv                         
00001fc1  __divsf3                             
00002045  SYSCFG_DL_SYSCTL_init                
000020c1  __TI_decompress_lzss                 
0000213d  OLED_ShowNum                         
000021b7  soft_iic_send_ack                    
00002231  AJ1_IsPressed                        
000022a5  AJ2_IsPressed                        
00002319  AJ3_IsPressed                        
0000238d  AJ4_IsPressed                        
00002401  AT8236_PID_Update                    
00002475  __gedf2                              
00002475  __gtdf2                              
00002559  soft_iic_read_8bit_registers         
000025c7  soft_iic_start                       
00002633  soft_iic_stop                        
00002709  __cmpdf2                             
00002709  __eqdf2                              
00002709  __ledf2                              
00002709  __ltdf2                              
00002709  __nedf2                              
00002771  DL_SYSCTL_setHFCLKSourceHFXTParams   
000027d5  soft_iic_sccb_read_register          
00002839  __aeabi_dcmpeq                       
0000284d  __aeabi_dcmplt                       
00002861  __aeabi_dcmple                       
00002875  __aeabi_dcmpge                       
00002889  __aeabi_dcmpgt                       
0000289d  __aeabi_fcmpeq                       
000028b1  __aeabi_fcmplt                       
000028c5  __aeabi_fcmple                       
000028d9  __aeabi_fcmpge                       
000028ed  __aeabi_fcmpgt                       
00002961  OLED_I2C_Start                       
000029b9  OLED_Clear                           
00002a11  __aeabi_idiv                         
00002a11  __aeabi_idivmod                      
00002a69  Xunji_Q2_StopLineDetected            
00002bff  gpio_init                            
00002d31  SYSCFG_DL_UART_BT_init               
00002d7d  SYSCFG_DL_init                       
00002dc9  imu963ra_get_acc                     
00002e15  F103_Trans_SendAccelerationMg        
00002e5f  OLED_ShowString                      
00002ea9  DL_UART_init                         
00002ef1  Xunji_Q2_Reset                       
00002f81  AJ_Init                              
00002fc5  DL_SYSCTL_switchMCLKfromSYSOSCtoHSCLK
00003009  OLED_I2C_Stop                        
000030d5  gpio_low                             
00003119  soft_iic_write_8bit_register         
0000315d  Bluetooth_Init                       
0000319d  SYSCFG_DL_UART_DEBUG_init            
000031dd  SYSCFG_DL_UART_JY901_init            
0000321d  __aeabi_uidiv                        
0000321d  __aeabi_uidivmod                     
0000325d  __divmoddi4                          
000032d9  SYSCFG_DL_TIMER_TICK_init            
00003315  __aeabi_i2f                          
00003315  __floatsisf                          
00003351  __gesf2                              
00003351  __gtsf2                              
0000338d  __TI_auto_init_nobinit_nopinit       
000033c9  __cmpsf2                             
000033c9  __eqsf2                              
000033c9  __lesf2                              
000033c9  __ltsf2                              
000033c9  __nesf2                              
00003405  __muldsi3                            
00003441  AT8236_Init                          
00003479  __aeabi_f2iz                         
00003479  __fixsfsi                            
000034b1  OLED_SetCursor                       
000034e9  AT8236_SetMotors                     
00003551  DL_UART_transmitDataBlocking         
00003581  UART2_IRQHandler                     
000035b1  gpio_get_level                       
000035e1  F103_Trans_SendImu963Acceleration    
000036bd  OLED_WriteCommand                    
000036e7  OLED_WriteData                       
00003789  Encoder_GetSpeeds                    
000037b1  OLED_Pow                             
000037d9  gpio_high                            
00003801  _c_int00_noargs                      
00003829  AT8236_SetMotor                      
00003875  AT8236_PID_SetTargets                
00003899  OLED_I2C_Init                        
000038bd  TimerTick_Init                       
000038e1  __aeabi_ui2d                         
000038e1  __floatunsidf                        
00003905  __aeabi_lmul                         
00003905  __muldi3                             
000039cd  __aeabi_llsl                         
000039cd  __ashldi3                            
00003acd  DL_SYSCTL_configFCC                  
00003b59  DL_Timer_setCaptCompUpdateMethod     
00003b75  DL_Timer_setClockConfig              
00003be5  delay_ms                             
00003c01  AT8236_PID_Init                      
00003d81  DL_Timer_setCaptureCompareOutCtl     
00003e7f  __TI_zero_init_nomemset              
00003f49  __aeabi_ldivmod                      
00003f81  DL_UART_setClockConfig               
00003f93  TI_memcpy_small                      
00003fa5  __TI_decompress_none                 
00003fe9  DL_Timer_setCaptureCompareValue      
00004009  AT8236_PID_Stop                      
00004015  AT8236_Stop                          
00004039  DL_Common_delayCycles                
00004045  __aeabi_memcpy                       
00004045  __aeabi_memcpy4                      
00004045  __aeabi_memcpy8                      
0000404d  abort                                
00004053  ADC0_IRQHandler                      
00004053  ADC1_IRQHandler                      
00004053  AES_IRQHandler                       
00004053  CANFD0_IRQHandler                    
00004053  DAC0_IRQHandler                      
00004053  DMA_IRQHandler                       
00004053  Default_Handler                      
00004053  GROUP0_IRQHandler                    
00004053  HardFault_Handler                    
00004053  I2C0_IRQHandler                      
00004053  I2C1_IRQHandler                      
00004053  NMI_Handler                          
00004053  PendSV_Handler                       
00004053  RTC_IRQHandler                       
00004053  SPI0_IRQHandler                      
00004053  SPI1_IRQHandler                      
00004053  SVC_Handler                          
00004053  SysTick_Handler                      
00004053  TIMA0_IRQHandler                     
00004053  TIMA1_IRQHandler                     
00004053  TIMG12_IRQHandler                    
00004053  TIMG6_IRQHandler                     
00004053  TIMG7_IRQHandler                     
00004053  TIMG8_IRQHandler                     
00004053  UART0_IRQHandler                     
00004053  UART1_IRQHandler                     
00004053  UART3_IRQHandler                     
00004056  C$$EXIT                              
00004057  HOSTexit                             
0000405b  Reset_Handler                        
00004071  _system_pre_init                     
00004078  OLED_F8x16                           
0000473c  __TI_Handler_Table_Base              
00004748  __TI_Handler_Table_Limit             
00004750  __TI_CINIT_Base                      
00004760  __TI_CINIT_Limit                     
00004760  __TI_CINIT_Warm                      
20200000  __start___llvm_prf_bits              
20200000  __start___llvm_prf_cnts              
20200000  __stop___llvm_prf_bits               
20200000  __stop___llvm_prf_cnts               
20200000  gPWM2_AT8236Backup                   
202000bc  gPWM1_AT8236Backup                   
2020015c  gUART_DEBUGBackup                    
2020019c  EncoderA                             
202001a4  EncoderB                             
202001ac  l_speed_now                          
202001b0  r_speed_now                          
202001b8  AT8236_PIDA                          
202001d0  AT8236_PIDB                          
202001e8  Xunji_Q2_Debug                       
20200200  imu963ra_transition_factor           
2020020c  AT8236_MotorA                        
20200214  AT8236_MotorB                        
20200220  run_elapsed_ms                       
20200224  run_last_oled_ms                     
20200228  run_start_ms                         
2020022c  system_tick_ms                       
20200230  imu963ra_acc_x                       
20200232  imu963ra_acc_y                       
20200234  imu963ra_acc_z                       
20200241  AJ1_pressed                          
20200243  AJ2_pressed                          
20200245  AJ3_pressed                          
20200247  AJ4_pressed                          
2020024a  imu963ra_acc_ready                   
2020024b  imu963ra_device_addr                 
2020024c  imu963ra_diag_ack_6a                 
2020024d  imu963ra_diag_ack_6b                 
2020024e  imu963ra_diag_scl_low                
2020024f  imu963ra_diag_scl_release            
20200250  imu963ra_diag_sda_low                
20200251  imu963ra_diag_sda_release            
20200252  imu963ra_diag_who_6a                 
20200253  imu963ra_diag_who_6b                 
20200254  imu963ra_update_flag                 
20200255  imu963ra_who_am_i                    
20200256  q2_stop_line_flag                    
20200257  question2_running_flag               
20200258  question4_running_flag               
20200259  question5_running_flag               
2020025a  question_number                      
2020025b  question_running_flag                
2020025c  xunji_update_flag                    
20207e00  __stack                              
20208000  __STACK_END                          
ffffffff  __TI_pprof_out_hndl                  
ffffffff  __TI_prof_data_size                  
ffffffff  __TI_prof_data_start                 
ffffffff  __binit__                            
ffffffff  binit                                
UNDEFED   __mpu_init                           
UNDEFED   _system_post_cinit                   

[247 symbols]
