******************************************************************************
            TI ARM Clang Linker PC v4.0.4                      
******************************************************************************
>> Linked Tue Jul  7 20:21:23 2026

OUTPUT FILE NAME:   <project.out>
ENTRY POINT SYMBOL: "_c_int00_noargs"  address: 00001a1d


MEMORY CONFIGURATION

         name            origin    length      used     unused   attr    fill
----------------------  --------  ---------  --------  --------  ----  --------
  FLASH                 00000000   00020000  00002788  0001d878  R  X
  SRAM                  20200000   00008000  00000416  00007bea  RW X
  BCR_CONFIG            41c00000   000000ff  00000000  000000ff  R   
  BSL_CONFIG            41c00100   00000080  00000000  00000080  R   


SEGMENT ALLOCATION MAP

run origin  load origin   length   init length attrs members
----------  ----------- ---------- ----------- ----- -------
00000000    00000000    00002788   00002788    r-x
  00000000    00000000    000000c0   000000c0    r-- .intvecs
  000000c0    000000c0    00002048   00002048    r-x .text
  00002108    00002108    00000640   00000640    r-- .rodata
  00002748    00002748    00000040   00000040    r-- .cinit
20200000    20200000    00000216   00000000    rw-
  20200000    20200000    000001fc   00000000    rw- .bss
  202001fc    202001fc    0000001a   00000000    rw- .data
20207e00    20207e00    00000200   00000000    rw-
  20207e00    20207e00    00000200   00000000    rw- .stack


SECTION ALLOCATION MAP

 output                                  attributes/
section   page    origin      length       input sections
--------  ----  ----------  ----------   ----------------
.intvecs   0    00000000    000000c0     
                  00000000    000000c0     startup_mspm0g350x_ticlang.o (.intvecs)

.text      0    000000c0    00002048     
                  000000c0    00000140     bluetooth.o (.text.Bluetooth_Task)
                  00000200    00000114     mid_jy901.o (.text.JY901_Feed)
                  00000314    00000110     ti_msp_dl_config.o (.text.SYSCFG_DL_GPIO_init)
                  00000424    00000104     driverlib.a : dl_timer.o (.text.DL_Timer_initFourCCPWMMode)
                  00000528    000000e8     mid_jy901.o (.text.JY901_Data_Convert)
                  00000610    000000e8     ti_msp_dl_config.o (.text.SYSCFG_DL_SYSCTL_SYSPLL_init)
                  000006f8    000000dc     driverlib.a : dl_sysctl_mspm0g1x0x_g3x0x.o (.text.DL_SYSCTL_configSYSPLL)
                  000007d4    000000c8     mid_jy901.o (.text.JY901_Process)
                  0000089c    000000b4     DL_OLED.o (.text.OLED_I2C_SendByte)
                  00000950    000000b4     DL_OLED.o (.text.OLED_ShowChar)
                  00000a04    000000ae     DL_OLED.o (.text.OLED_ShowSignedNum)
                  00000ab2    00000002     libclang_rt.builtins.a : aeabi_div0.c.obj (.text.__aeabi_idiv0)
                  00000ab4    000000a0     DL_OLED.o (.text.OLED_Init)
                  00000b54    0000009c     encoder.o (.text.GROUP1_IRQHandler)
                  00000bf0    00000090     ti_msp_dl_config.o (.text.SYSCFG_DL_PWM_TB6612_init)
                  00000c80    0000008c     libclang_rt.builtins.a : mulsf3.S.obj (.text.__mulsf3)
                  00000d0c    00000084     tb6612.o (.text.tb6612_apply_motor)
                  00000d90    00000082     libclang_rt.builtins.a : divsf3.S.obj (.text.__divsf3)
                  00000e12    00000002     --HOLE-- [fill = 0]
                  00000e14    0000007c     libc.a : copy_decompress_lzss.c.obj (.text:decompress:lzss)
                  00000e90    00000074     ti_msp_dl_config.o (.text.SYSCFG_DL_SYSCTL_init)
                  00000f04    00000074     libclang_rt.builtins.a : comparedf2.c.obj (.text.__gedf2)
                  00000f78    00000068     ti_msp_dl_config.o (.text.SYSCFG_DL_initPower)
                  00000fe0    00000068     libclang_rt.builtins.a : comparedf2.c.obj (.text.__ledf2)
                  00001048    00000064     driverlib.a : dl_sysctl_mspm0g1x0x_g3x0x.o (.text.DL_SYSCTL_setHFCLKSourceHFXTParams)
                  000010ac    00000062     libclang_rt.builtins.a : aeabi_dcmp.S.obj (.text.__aeabi_dcmp)
                  0000110e    00000002     --HOLE-- [fill = 0]
                  00001110    0000005c     bsp_jy901.o (.text.BSP_JY901_Init)
                  0000116c    00000058     DL_OLED.o (.text.OLED_I2C_Start)
                  000011c4    00000056     DL_OLED.o (.text.OLED_Clear)
                  0000121a    00000050     empty.o (.text.main)
                  0000126a    00000002     --HOLE-- [fill = 0]
                  0000126c    0000004c     ti_msp_dl_config.o (.text.DL_GPIO_initDigitalInputFeatures)
                  000012b8    0000004c     ti_msp_dl_config.o (.text.DL_UART_setBaudRateDivisor)
                  00001304    0000004c     ti_msp_dl_config.o (.text.SYSCFG_DL_UART_BT_init)
                  00001350    00000048     driverlib.a : dl_uart.o (.text.DL_UART_init)
                  00001398    00000046     tb6612.o (.text.tb6612_clamp_speed)
                  000013de    00000002     --HOLE-- [fill = 0]
                  000013e0    00000044     bsp_jy901.o (.text.BSP_JY901_PushByte)
                  00001424    00000044     driverlib.a : dl_sysctl_mspm0g1x0x_g3x0x.o (.text.DL_SYSCTL_switchMCLKfromSYSOSCtoHSCLK)
                  00001468    00000044     DL_OLED.o (.text.OLED_I2C_Stop)
                  000014ac    00000044     tb6612.o (.text.tb6612_get_channel_config)
                  000014f0    00000044     tb6612.o (.text.tb6612_get_max_speed)
                  00001534    00000040     bsp_jy901.o (.text.BSP_JY901_ReadByte)
                  00001574    00000040     bluetooth.o (.text.Bluetooth_Init)
                  000015b4    00000040     ti_msp_dl_config.o (.text.SYSCFG_DL_UART_JY901_init)
                  000015f4    00000040     libclang_rt.builtins.a : aeabi_uidivmod.S.obj (.text.__aeabi_uidivmod)
                  00001634    0000003c     ti_msp_dl_config.o (.text.DL_Timer_setCounterControl)
                  00001670    0000003c     libclang_rt.builtins.a : floatsisf.S.obj (.text.__floatsisf)
                  000016ac    0000003c     libc.a : autoinit.c.obj (.text:__TI_auto_init_nobinit_nopinit)
                  000016e8    0000003a     libclang_rt.builtins.a : muldsi3.S.obj (.text.__muldsi3)
                  00001722    00000002     --HOLE-- [fill = 0]
                  00001724    00000038     tb6612.o (.text.TB6612_Init)
                  0000175c    00000036     DL_OLED.o (.text.OLED_SetCursor)
                  00001792    00000002     --HOLE-- [fill = 0]
                  00001794    00000034     tb6612.o (.text.TB6612_SetMotors)
                  000017c8    00000034     tb6612.o (.text.tb6612_get_output_speed)
                  000017fc    00000030     bluetooth.o (.text.UART2_IRQHandler)
                  0000182c    0000002c     bluetooth.o (.text.__NVIC_EnableIRQ)
                  00001858    0000002c     bsp_jy901.o (.text.__NVIC_EnableIRQ)
                  00001884    0000002c     encoder.o (.text.__NVIC_EnableIRQ)
                  000018b0    0000002a     DL_OLED.o (.text.OLED_WriteCommand)
                  000018da    0000002a     DL_OLED.o (.text.OLED_WriteData)
                  00001904    00000028     bluetooth.o (.text.DL_Common_updateReg)
                  0000192c    00000028     bsp_jy901.o (.text.DL_Common_updateReg)
                  00001954    00000028     ti_msp_dl_config.o (.text.DL_Common_updateReg)
                  0000197c    00000028     bluetooth.o (.text.DL_UART_setRXFIFOThreshold)
                  000019a4    00000028     bsp_jy901.o (.text.DL_UART_setRXFIFOThreshold)
                  000019cc    00000028     DL_OLED.o (.text.OLED_Pow)
                  000019f4    00000028     ti_msp_dl_config.o (.text.SYSCFG_DL_init)
                  00001a1c    00000028     libc.a : boot_cortex_m.c.obj (.text:_c_int00_noargs)
                  00001a44    00000026     tb6612.o (.text.TB6612_SetMotor)
                  00001a6a    00000002     --HOLE-- [fill = 0]
                  00001a6c    00000024     DL_OLED.o (.text.OLED_I2C_Init)
                  00001a90    00000024     bsp_jy901.o (.text.UART1_IRQHandler)
                  00001ab4    00000024     libclang_rt.builtins.a : floatunsidf.S.obj (.text.__floatunsidf)
                  00001ad8    00000020     ti_msp_dl_config.o (.text.DL_GPIO_initPeripheralInputFunction)
                  00001af8    00000020     ti_msp_dl_config.o (.text.DL_SYSCTL_setFlashWaitState)
                  00001b18    00000020     encoder.o (.text.Encoder_Init)
                  00001b38    00000020     app_jy901.o (.text.JY901_Task)
                  00001b58    0000001e     ti_msp_dl_config.o (.text.DL_UART_setOversampling)
                  00001b76    00000002     --HOLE-- [fill = 0]
                  00001b78    0000001c     encoder.o (.text.DL_GPIO_clearInterruptStatus)
                  00001b94    0000001c     ti_msp_dl_config.o (.text.DL_GPIO_clearInterruptStatus)
                  00001bb0    0000001c     ti_msp_dl_config.o (.text.DL_GPIO_enableInterrupt)
                  00001bcc    0000001c     ti_msp_dl_config.o (.text.DL_GPIO_initPeripheralOutputFunction)
                  00001be8    0000001c     ti_msp_dl_config.o (.text.DL_GPIO_setLowerPinsPolarity)
                  00001c04    0000001c     driverlib.a : dl_sysctl_mspm0g1x0x_g3x0x.o (.text.DL_SYSCTL_configFCC)
                  00001c20    0000001c     ti_msp_dl_config.o (.text.DL_SYSCTL_setFCCPeriods)
                  00001c3c    0000001c     ti_msp_dl_config.o (.text.DL_SYSCTL_setSYSOSCFreq)
                  00001c58    0000001c     ti_msp_dl_config.o (.text.DL_SYSCTL_setULPCLKDivider)
                  00001c74    0000001c     driverlib.a : dl_timer.o (.text.DL_Timer_setCaptCompUpdateMethod)
                  00001c90    0000001c                 : dl_timer.o (.text.DL_Timer_setClockConfig)
                  00001cac    0000001c     bsp_jy901.o (.text.DL_UART_disableDMAReceiveEvent)
                  00001cc8    0000001c     bsp_jy901.o (.text.DL_UART_disableInterrupt)
                  00001ce4    0000001c     bluetooth.o (.text.DL_UART_enableInterrupt)
                  00001d00    0000001c     bsp_jy901.o (.text.DL_UART_enableInterrupt)
                  00001d1c    0000001c     ti_msp_dl_config.o (.text.DL_UART_enableInterrupt)
                  00001d38    00000018     ti_msp_dl_config.o (.text.DL_GPIO_enableOutput)
                  00001d50    00000018     ti_msp_dl_config.o (.text.DL_GPIO_enablePower)
                  00001d68    00000018     encoder.o (.text.DL_GPIO_getEnabledInterruptStatus)
                  00001d80    00000018     ti_msp_dl_config.o (.text.DL_GPIO_initDigitalOutput)
                  00001d98    00000018     ti_msp_dl_config.o (.text.DL_GPIO_initPeripheralAnalogFunction)
                  00001db0    00000018     ti_msp_dl_config.o (.text.DL_GPIO_reset)
                  00001dc8    00000018     DL_OLED.o (.text.DL_GPIO_setPins)
                  00001de0    00000018     tb6612.o (.text.DL_GPIO_setPins)
                  00001df8    00000018     ti_msp_dl_config.o (.text.DL_SYSCTL_setBORThreshold)
                  00001e10    00000018     ti_msp_dl_config.o (.text.DL_Timer_enablePower)
                  00001e28    00000018     ti_msp_dl_config.o (.text.DL_Timer_reset)
                  00001e40    00000018     driverlib.a : dl_timer.o (.text.DL_Timer_setCaptureCompareOutCtl)
                  00001e58    00000018     tb6612.o (.text.DL_Timer_startCounter)
                  00001e70    00000018     bsp_jy901.o (.text.DL_UART_clearInterruptStatus)
                  00001e88    00000018     bluetooth.o (.text.DL_UART_enableFIFOs)
                  00001ea0    00000018     bsp_jy901.o (.text.DL_UART_enableFIFOs)
                  00001eb8    00000018     ti_msp_dl_config.o (.text.DL_UART_enablePower)
                  00001ed0    00000018     ti_msp_dl_config.o (.text.DL_UART_reset)
                  00001ee8    00000016     encoder.o (.text.DL_GPIO_readPins)
                  00001efe    00000016     ti_msp_dl_config.o (.text.DL_UART_enable)
                  00001f14    00000016     libc.a : copy_zero_init.c.obj (.text:decompress:ZI:__TI_zero_init_nomemset)
                  00001f2a    00000014     DL_OLED.o (.text.DL_GPIO_clearPins)
                  00001f3e    00000014     tb6612.o (.text.DL_GPIO_clearPins)
                  00001f52    00000014     ti_msp_dl_config.o (.text.DL_GPIO_clearPins)
                  00001f66    00000002     --HOLE-- [fill = 0]
                  00001f68    00000014     ti_msp_dl_config.o (.text.DL_SYSCTL_disableSYSPLL)
                  00001f7c    00000014     ti_msp_dl_config.o (.text.DL_SYSCTL_enableSYSPLL)
                  00001f90    00000014     ti_msp_dl_config.o (.text.DL_Timer_enableClock)
                  00001fa4    00000014     ti_msp_dl_config.o (.text.DL_Timer_setCCPDirection)
                  00001fb8    00000014     bluetooth.o (.text.DL_UART_receiveData)
                  00001fcc    00000014     bsp_jy901.o (.text.DL_UART_receiveData)
                  00001fe0    00000012     bluetooth.o (.text.DL_UART_getPendingInterrupt)
                  00001ff2    00000012     bsp_jy901.o (.text.DL_UART_getPendingInterrupt)
                  00002004    00000012     driverlib.a : dl_uart.o (.text.DL_UART_setClockConfig)
                  00002016    00000012     libc.a : memcpy16.S.obj (.text:TI_memcpy_small)
                  00002028    00000012            : copy_decompress_none.c.obj (.text:decompress:none)
                  0000203a    00000002     --HOLE-- [fill = 0]
                  0000203c    00000010     ti_msp_dl_config.o (.text.DL_SYSCTL_disableHFXT)
                  0000204c    00000010     ti_msp_dl_config.o (.text.DL_SYSCTL_isFCCDone)
                  0000205c    00000010     ti_msp_dl_config.o (.text.DL_SYSCTL_startFCC)
                  0000206c    00000010     driverlib.a : dl_timer.o (.text.DL_Timer_setCaptureCompareValue)
                  0000207c    0000000e     libc.a : memset16.S.obj (.text:TI_memset_small)
                  0000208a    00000002     --HOLE-- [fill = 0]
                  0000208c    0000000c     ti_msp_dl_config.o (.text.DL_SYSCTL_getClockStatus)
                  00002098    0000000c     ti_msp_dl_config.o (.text.DL_SYSCTL_readFCC)
                  000020a4    0000000c     encoder.o (.text.Encoder_GetCountA)
                  000020b0    0000000c     encoder.o (.text.Encoder_GetCountB)
                  000020bc    0000000c     tb6612.o (.text.TB6612_Stop)
                  000020c8    0000000c     libclang_rt.builtins.a : aeabi_memset.S.obj (.text.__aeabi_memclr)
                  000020d4    0000000a     driverlib.a : dl_common.o (.text.DL_Common_delayCycles)
                  000020de    00000008     app_jy901.o (.text.APP_JY901_Init)
                  000020e6    00000002     --HOLE-- [fill = 0]
                  000020e8    00000008     libclang_rt.builtins.a : aeabi_memcpy.S.obj (.text.__aeabi_memcpy)
                  000020f0    00000006     libc.a : exit.c.obj (.text:abort)
                  000020f6    00000004     startup_mspm0g350x_ticlang.o (.text.Default_Handler)
                  000020fa    00000004     libsysbm.a : hostexit.c.obj (.text.HOSTexit)
                  000020fe    00000004     startup_mspm0g350x_ticlang.o (.text.Reset_Handler)
                  00002102    00000004     libc.a : pre_init.c.obj (.text._system_pre_init)
                  00002106    00000002     --HOLE-- [fill = 0]

.cinit     0    00002748    00000040     
                  00002748    00000019     (.cinit..data.load) [load image, compression = lzss]
                  00002761    00000003     --HOLE-- [fill = 0]
                  00002764    0000000c     (__TI_handler_table)
                  00002770    00000008     (.cinit..bss.load) [load image, compression = zero_init]
                  00002778    00000010     (__TI_cinit_table)

.rodata    0    00002108    00000640     
                  00002108    000005f0     DL_OLED.o (.rodata.OLED_F8x16)
                  000026f8    00000028     ti_msp_dl_config.o (.rodata.gSYSPLLConfig)
                  00002720    0000000a     ti_msp_dl_config.o (.rodata.gUART_BTConfig)
                  0000272a    0000000a     ti_msp_dl_config.o (.rodata.gUART_JY901Config)
                  00002734    00000008     ti_msp_dl_config.o (.rodata.gPWM_TB6612Config)
                  0000273c    00000003     ti_msp_dl_config.o (.rodata.gPWM_TB6612ClockConfig)
                  0000273f    00000002     ti_msp_dl_config.o (.rodata.gUART_BTClockConfig)
                  00002741    00000002     ti_msp_dl_config.o (.rodata.gUART_JY901ClockConfig)
                  00002743    00000005     --HOLE-- [fill = 0]

.init_array 
*          0    00000000    00000000     UNINITIALIZED

.binit     0    00000000    00000000     

.bss       0    20200000    000001fc     UNINITIALIZED
                  20200000    00000106     (.common:jy901_uart)
                  20200106    00000001     bluetooth.o (.bss.bt_cmd)
                  20200107    00000001     bluetooth.o (.bss.bt_cmd_ready)
                  20200108    000000a0     (.common:gPWM_TB6612Backup)
                  202001a8    00000024     (.common:jy901_data)
                  202001cc    00000012     (.common:jy901_raw)
                  202001de    0000000b     mid_jy901.o (.bss.JY901_Feed.frame)
                  202001e9    00000003     --HOLE--
                  202001ec    00000008     (.common:EncoderA)
                  202001f4    00000008     (.common:EncoderB)

.data      0    202001fc    0000001a     UNINITIALIZED
                  202001fc    00000008     tb6612.o (.data.TB6612_MotorA)
                  20200204    00000008     tb6612.o (.data.TB6612_MotorB)
                  2020020c    00000004     mid_jy901.o (.data.data)
                  20200210    00000004     mid_jy901.o (.data.raw)
                  20200214    00000001     mid_jy901.o (.data.JY901_Feed.index)
                  20200215    00000001     mid_jy901.o (.data.JY901_Feed.state)

.stack     0    20207e00    00000200     UNINITIALIZED
                  20207e00    00000004     libc.a : boot_cortex_m.c.obj (.stack)
                  20207e04    000001fc     --HOLE--

__llvm_prf_cnts 
*          0    20200000    00000000     UNINITIALIZED

__llvm_prf_bits 
*          0    20200000    00000000     UNINITIALIZED

MODULE SUMMARY

       Module                         code   ro data   rw data
       ------                         ----   -------   -------
    .\
       DL_OLED.o                      1194   1520      0      
       ti_msp_dl_config.o             2052   75        160    
       bsp_jy901.o                    554    0         262    
       mid_jy901.o                    708    0         75     
       bluetooth.o                    646    0         2      
       tb6612.o                       616    0         16     
       encoder.o                      330    0         16     
       startup_mspm0g350x_ticlang.o   8      192       0      
       empty.o                        80     0         0      
       app_jy901.o                    40     0         0      
    +--+------------------------------+------+---------+---------+
       Total:                         6228   1787      531    
                                                              
    E:/2026diansai/mspm0_sdk_2_10_00_04/source/ti/driverlib/lib/ticlang/m0p/mspm0g1x0x_g3x0x/driverlib.a
       dl_sysctl_mspm0g1x0x_g3x0x.o   416    0         0      
       dl_timer.o                     356    0         0      
       dl_uart.o                      90     0         0      
       dl_common.o                    10     0         0      
    +--+------------------------------+------+---------+---------+
       Total:                         872    0         0      
                                                              
    E:\2026diansai\ccs\tools\compiler\ti-cgt-armllvm_4.0.4.LTS\lib\armv6m-ti-none-eabi/c/libc.a
       copy_decompress_lzss.c.obj     124    0         0      
       autoinit.c.obj                 60     0         0      
       boot_cortex_m.c.obj            40     0         0      
       copy_zero_init.c.obj           22     0         0      
       copy_decompress_none.c.obj     18     0         0      
       memcpy16.S.obj                 18     0         0      
       memset16.S.obj                 14     0         0      
       exit.c.obj                     6      0         0      
       pre_init.c.obj                 4      0         0      
    +--+------------------------------+------+---------+---------+
       Total:                         306    0         0      
                                                              
    E:\2026diansai\ccs\tools\compiler\ti-cgt-armllvm_4.0.4.LTS\lib\armv6m-ti-none-eabi/c/libsysbm.a
       hostexit.c.obj                 4      0         0      
    +--+------------------------------+------+---------+---------+
       Total:                         4      0         0      
                                                              
    E:\2026diansai\ccs\tools\compiler\ti-cgt-armllvm_4.0.4.LTS\lib\armv6m-ti-none-eabi/libclang_rt.builtins.a
       comparedf2.c.obj               220    0         0      
       mulsf3.S.obj                   140    0         0      
       divsf3.S.obj                   130    0         0      
       aeabi_dcmp.S.obj               98     0         0      
       aeabi_uidivmod.S.obj           64     0         0      
       floatsisf.S.obj                60     0         0      
       muldsi3.S.obj                  58     0         0      
       floatunsidf.S.obj              36     0         0      
       aeabi_memset.S.obj             12     0         0      
       aeabi_memcpy.S.obj             8      0         0      
       aeabi_div0.c.obj               2      0         0      
    +--+------------------------------+------+---------+---------+
       Total:                         828    0         0      
                                                              
       Stack:                         0      0         512    
       Linker Generated:              0      61        0      
    +--+------------------------------+------+---------+---------+
       Grand Total:                   8238   1848      1043   


LINKER GENERATED COPY TABLES

__TI_cinit_table @ 00002778 records: 2, size/record: 8, table size: 16
	.data: load addr=00002748, load size=00000019 bytes, run addr=202001fc, run size=0000001a bytes, compression=lzss
	.bss: load addr=00002770, load size=00000008 bytes, run addr=20200000, run size=000001fc bytes, compression=zero_init


LINKER GENERATED HANDLER TABLE

__TI_handler_table @ 00002764 records: 3, size/record: 4, table size: 12
	index: 0, handler: __TI_decompress_lzss
	index: 1, handler: __TI_decompress_none
	index: 2, handler: __TI_zero_init


GLOBAL SYMBOLS: SORTED ALPHABETICALLY BY Name 

address   name                                 
-------   ----                                 
000020f7  ADC0_IRQHandler                      
000020f7  ADC1_IRQHandler                      
000020f7  AES_IRQHandler                       
000020df  APP_JY901_Init                       
00001111  BSP_JY901_Init                       
000013e1  BSP_JY901_PushByte                   
00001535  BSP_JY901_ReadByte                   
00001575  Bluetooth_Init                       
000000c1  Bluetooth_Task                       
000020fa  C$$EXIT                              
000020f7  CANFD0_IRQHandler                    
000020f7  DAC0_IRQHandler                      
000020d5  DL_Common_delayCycles                
00001c05  DL_SYSCTL_configFCC                  
000006f9  DL_SYSCTL_configSYSPLL               
00001049  DL_SYSCTL_setHFCLKSourceHFXTParams   
00001425  DL_SYSCTL_switchMCLKfromSYSOSCtoHSCLK
00000425  DL_Timer_initFourCCPWMMode           
00001c75  DL_Timer_setCaptCompUpdateMethod     
00001e41  DL_Timer_setCaptureCompareOutCtl     
0000206d  DL_Timer_setCaptureCompareValue      
00001c91  DL_Timer_setClockConfig              
00001351  DL_UART_init                         
00002005  DL_UART_setClockConfig               
000020f7  DMA_IRQHandler                       
000020f7  Default_Handler                      
202001ec  EncoderA                             
202001f4  EncoderB                             
000020a5  Encoder_GetCountA                    
000020b1  Encoder_GetCountB                    
00001b19  Encoder_Init                         
000020f7  GROUP0_IRQHandler                    
00000b55  GROUP1_IRQHandler                    
000020fb  HOSTexit                             
000020f7  HardFault_Handler                    
000020f7  I2C0_IRQHandler                      
000020f7  I2C1_IRQHandler                      
00000201  JY901_Feed                           
00001b39  JY901_Task                           
000020f7  NMI_Handler                          
000011c5  OLED_Clear                           
00002108  OLED_F8x16                           
00001a6d  OLED_I2C_Init                        
0000089d  OLED_I2C_SendByte                    
0000116d  OLED_I2C_Start                       
00001469  OLED_I2C_Stop                        
00000ab5  OLED_Init                            
000019cd  OLED_Pow                             
0000175d  OLED_SetCursor                       
00000951  OLED_ShowChar                        
00000a05  OLED_ShowSignedNum                   
000018b1  OLED_WriteCommand                    
000018db  OLED_WriteData                       
000020f7  PendSV_Handler                       
000020f7  RTC_IRQHandler                       
000020ff  Reset_Handler                        
000020f7  SPI0_IRQHandler                      
000020f7  SPI1_IRQHandler                      
000020f7  SVC_Handler                          
00000315  SYSCFG_DL_GPIO_init                  
00000bf1  SYSCFG_DL_PWM_TB6612_init            
00000611  SYSCFG_DL_SYSCTL_SYSPLL_init         
00000e91  SYSCFG_DL_SYSCTL_init                
00001305  SYSCFG_DL_UART_BT_init               
000015b5  SYSCFG_DL_UART_JY901_init            
000019f5  SYSCFG_DL_init                       
00000f79  SYSCFG_DL_initPower                  
000020f7  SysTick_Handler                      
00001725  TB6612_Init                          
202001fc  TB6612_MotorA                        
20200204  TB6612_MotorB                        
00001a45  TB6612_SetMotor                      
00001795  TB6612_SetMotors                     
000020bd  TB6612_Stop                          
000020f7  TIMA0_IRQHandler                     
000020f7  TIMA1_IRQHandler                     
000020f7  TIMG0_IRQHandler                     
000020f7  TIMG12_IRQHandler                    
000020f7  TIMG6_IRQHandler                     
000020f7  TIMG7_IRQHandler                     
000020f7  TIMG8_IRQHandler                     
00002017  TI_memcpy_small                      
0000207d  TI_memset_small                      
000020f7  UART0_IRQHandler                     
00001a91  UART1_IRQHandler                     
000017fd  UART2_IRQHandler                     
000020f7  UART3_IRQHandler                     
20208000  __STACK_END                          
00000200  __STACK_SIZE                         
00000000  __TI_ATRegion0_region_sz             
00000000  __TI_ATRegion0_src_addr              
00000000  __TI_ATRegion0_trg_addr              
00000000  __TI_ATRegion1_region_sz             
00000000  __TI_ATRegion1_src_addr              
00000000  __TI_ATRegion1_trg_addr              
00000000  __TI_ATRegion2_region_sz             
00000000  __TI_ATRegion2_src_addr              
00000000  __TI_ATRegion2_trg_addr              
00002778  __TI_CINIT_Base                      
00002788  __TI_CINIT_Limit                     
00002788  __TI_CINIT_Warm                      
00002764  __TI_Handler_Table_Base              
00002770  __TI_Handler_Table_Limit             
000016ad  __TI_auto_init_nobinit_nopinit       
00000e15  __TI_decompress_lzss                 
00002029  __TI_decompress_none                 
ffffffff  __TI_pprof_out_hndl                  
ffffffff  __TI_prof_data_size                  
ffffffff  __TI_prof_data_start                 
00000000  __TI_static_base__                   
00001f15  __TI_zero_init_nomemset              
000010ad  __aeabi_dcmpeq                       
000010e9  __aeabi_dcmpge                       
000010fd  __aeabi_dcmpgt                       
000010d5  __aeabi_dcmple                       
000010c1  __aeabi_dcmplt                       
00000d91  __aeabi_fdiv                         
00000c81  __aeabi_fmul                         
00001671  __aeabi_i2f                          
00000ab3  __aeabi_idiv0                        
000020c9  __aeabi_memclr                       
000020c9  __aeabi_memclr4                      
000020c9  __aeabi_memclr8                      
000020e9  __aeabi_memcpy                       
000020e9  __aeabi_memcpy4                      
000020e9  __aeabi_memcpy8                      
00001ab5  __aeabi_ui2d                         
000015f5  __aeabi_uidiv                        
000015f5  __aeabi_uidivmod                     
ffffffff  __binit__                            
00000fe1  __cmpdf2                             
00000d91  __divsf3                             
00000fe1  __eqdf2                              
00001671  __floatsisf                          
00001ab5  __floatunsidf                        
00000f05  __gedf2                              
00000f05  __gtdf2                              
00000fe1  __ledf2                              
00000fe1  __ltdf2                              
UNDEFED   __mpu_init                           
000016e9  __muldsi3                            
00000c81  __mulsf3                             
00000fe1  __nedf2                              
20207e00  __stack                              
20200000  __start___llvm_prf_bits              
20200000  __start___llvm_prf_cnts              
20200000  __stop___llvm_prf_bits               
20200000  __stop___llvm_prf_cnts               
00001a1d  _c_int00_noargs                      
UNDEFED   _system_post_cinit                   
00002103  _system_pre_init                     
000020f1  abort                                
ffffffff  binit                                
2020020c  data                                 
20200108  gPWM_TB6612Backup                    
00000000  interruptVectors                     
202001a8  jy901_data                           
202001cc  jy901_raw                            
20200000  jy901_uart                           
0000121b  main                                 
20200210  raw                                  


GLOBAL SYMBOLS: SORTED BY Symbol Address 

address   name                                 
-------   ----                                 
00000000  __TI_ATRegion0_region_sz             
00000000  __TI_ATRegion0_src_addr              
00000000  __TI_ATRegion0_trg_addr              
00000000  __TI_ATRegion1_region_sz             
00000000  __TI_ATRegion1_src_addr              
00000000  __TI_ATRegion1_trg_addr              
00000000  __TI_ATRegion2_region_sz             
00000000  __TI_ATRegion2_src_addr              
00000000  __TI_ATRegion2_trg_addr              
00000000  __TI_static_base__                   
00000000  interruptVectors                     
000000c1  Bluetooth_Task                       
00000200  __STACK_SIZE                         
00000201  JY901_Feed                           
00000315  SYSCFG_DL_GPIO_init                  
00000425  DL_Timer_initFourCCPWMMode           
00000611  SYSCFG_DL_SYSCTL_SYSPLL_init         
000006f9  DL_SYSCTL_configSYSPLL               
0000089d  OLED_I2C_SendByte                    
00000951  OLED_ShowChar                        
00000a05  OLED_ShowSignedNum                   
00000ab3  __aeabi_idiv0                        
00000ab5  OLED_Init                            
00000b55  GROUP1_IRQHandler                    
00000bf1  SYSCFG_DL_PWM_TB6612_init            
00000c81  __aeabi_fmul                         
00000c81  __mulsf3                             
00000d91  __aeabi_fdiv                         
00000d91  __divsf3                             
00000e15  __TI_decompress_lzss                 
00000e91  SYSCFG_DL_SYSCTL_init                
00000f05  __gedf2                              
00000f05  __gtdf2                              
00000f79  SYSCFG_DL_initPower                  
00000fe1  __cmpdf2                             
00000fe1  __eqdf2                              
00000fe1  __ledf2                              
00000fe1  __ltdf2                              
00000fe1  __nedf2                              
00001049  DL_SYSCTL_setHFCLKSourceHFXTParams   
000010ad  __aeabi_dcmpeq                       
000010c1  __aeabi_dcmplt                       
000010d5  __aeabi_dcmple                       
000010e9  __aeabi_dcmpge                       
000010fd  __aeabi_dcmpgt                       
00001111  BSP_JY901_Init                       
0000116d  OLED_I2C_Start                       
000011c5  OLED_Clear                           
0000121b  main                                 
00001305  SYSCFG_DL_UART_BT_init               
00001351  DL_UART_init                         
000013e1  BSP_JY901_PushByte                   
00001425  DL_SYSCTL_switchMCLKfromSYSOSCtoHSCLK
00001469  OLED_I2C_Stop                        
00001535  BSP_JY901_ReadByte                   
00001575  Bluetooth_Init                       
000015b5  SYSCFG_DL_UART_JY901_init            
000015f5  __aeabi_uidiv                        
000015f5  __aeabi_uidivmod                     
00001671  __aeabi_i2f                          
00001671  __floatsisf                          
000016ad  __TI_auto_init_nobinit_nopinit       
000016e9  __muldsi3                            
00001725  TB6612_Init                          
0000175d  OLED_SetCursor                       
00001795  TB6612_SetMotors                     
000017fd  UART2_IRQHandler                     
000018b1  OLED_WriteCommand                    
000018db  OLED_WriteData                       
000019cd  OLED_Pow                             
000019f5  SYSCFG_DL_init                       
00001a1d  _c_int00_noargs                      
00001a45  TB6612_SetMotor                      
00001a6d  OLED_I2C_Init                        
00001a91  UART1_IRQHandler                     
00001ab5  __aeabi_ui2d                         
00001ab5  __floatunsidf                        
00001b19  Encoder_Init                         
00001b39  JY901_Task                           
00001c05  DL_SYSCTL_configFCC                  
00001c75  DL_Timer_setCaptCompUpdateMethod     
00001c91  DL_Timer_setClockConfig              
00001e41  DL_Timer_setCaptureCompareOutCtl     
00001f15  __TI_zero_init_nomemset              
00002005  DL_UART_setClockConfig               
00002017  TI_memcpy_small                      
00002029  __TI_decompress_none                 
0000206d  DL_Timer_setCaptureCompareValue      
0000207d  TI_memset_small                      
000020a5  Encoder_GetCountA                    
000020b1  Encoder_GetCountB                    
000020bd  TB6612_Stop                          
000020c9  __aeabi_memclr                       
000020c9  __aeabi_memclr4                      
000020c9  __aeabi_memclr8                      
000020d5  DL_Common_delayCycles                
000020df  APP_JY901_Init                       
000020e9  __aeabi_memcpy                       
000020e9  __aeabi_memcpy4                      
000020e9  __aeabi_memcpy8                      
000020f1  abort                                
000020f7  ADC0_IRQHandler                      
000020f7  ADC1_IRQHandler                      
000020f7  AES_IRQHandler                       
000020f7  CANFD0_IRQHandler                    
000020f7  DAC0_IRQHandler                      
000020f7  DMA_IRQHandler                       
000020f7  Default_Handler                      
000020f7  GROUP0_IRQHandler                    
000020f7  HardFault_Handler                    
000020f7  I2C0_IRQHandler                      
000020f7  I2C1_IRQHandler                      
000020f7  NMI_Handler                          
000020f7  PendSV_Handler                       
000020f7  RTC_IRQHandler                       
000020f7  SPI0_IRQHandler                      
000020f7  SPI1_IRQHandler                      
000020f7  SVC_Handler                          
000020f7  SysTick_Handler                      
000020f7  TIMA0_IRQHandler                     
000020f7  TIMA1_IRQHandler                     
000020f7  TIMG0_IRQHandler                     
000020f7  TIMG12_IRQHandler                    
000020f7  TIMG6_IRQHandler                     
000020f7  TIMG7_IRQHandler                     
000020f7  TIMG8_IRQHandler                     
000020f7  UART0_IRQHandler                     
000020f7  UART3_IRQHandler                     
000020fa  C$$EXIT                              
000020fb  HOSTexit                             
000020ff  Reset_Handler                        
00002103  _system_pre_init                     
00002108  OLED_F8x16                           
00002764  __TI_Handler_Table_Base              
00002770  __TI_Handler_Table_Limit             
00002778  __TI_CINIT_Base                      
00002788  __TI_CINIT_Limit                     
00002788  __TI_CINIT_Warm                      
20200000  __start___llvm_prf_bits              
20200000  __start___llvm_prf_cnts              
20200000  __stop___llvm_prf_bits               
20200000  __stop___llvm_prf_cnts               
20200000  jy901_uart                           
20200108  gPWM_TB6612Backup                    
202001a8  jy901_data                           
202001cc  jy901_raw                            
202001ec  EncoderA                             
202001f4  EncoderB                             
202001fc  TB6612_MotorA                        
20200204  TB6612_MotorB                        
2020020c  data                                 
20200210  raw                                  
20207e00  __stack                              
20208000  __STACK_END                          
ffffffff  __TI_pprof_out_hndl                  
ffffffff  __TI_prof_data_size                  
ffffffff  __TI_prof_data_start                 
ffffffff  __binit__                            
ffffffff  binit                                
UNDEFED   __mpu_init                           
UNDEFED   _system_post_cinit                   

[161 symbols]
