******************************************************************************
            TI ARM Clang Linker PC v4.0.4                      
******************************************************************************
>> Linked Sat Jul 25 00:35:07 2026

OUTPUT FILE NAME:   <project.out>
ENTRY POINT SYMBOL: "_c_int00_noargs"  address: 0000673d


MEMORY CONFIGURATION

         name            origin    length      used     unused   attr    fill
----------------------  --------  ---------  --------  --------  ----  --------
  FLASH                 00000000   00020000  000078c0  00018740  R  X
  SRAM                  20200000   00008000  00000400  00007c00  RW X
  BCR_CONFIG            41c00000   000000ff  00000000  000000ff  R   
  BSL_CONFIG            41c00100   00000080  00000000  00000080  R   


SEGMENT ALLOCATION MAP

run origin  load origin   length   init length attrs members
----------  ----------- ---------- ----------- ----- -------
00000000    00000000    000078c0   000078c0    r-x
  00000000    00000000    000000c0   000000c0    r-- .intvecs
  000000c0    000000c0    00006f90   00006f90    r-x .text
  00007050    00007050    00000818   00000818    r-- .rodata
  00007868    00007868    00000058   00000058    r-- .cinit
20200000    20200000    00000202   00000000    rw-
  20200000    20200000    00000196   00000000    rw- .bss
  20200198    20200198    0000006a   00000000    rw- .data
20207e00    20207e00    00000200   00000000    rw-
  20207e00    20207e00    00000200   00000000    rw- .stack


SECTION ALLOCATION MAP

 output                                  attributes/
section   page    origin      length       input sections
--------  ----  ----------  ----------   ----------------
.intvecs   0    00000000    000000c0     
                  00000000    000000c0     startup_mspm0g350x_ticlang.o (.intvecs)

.text      0    000000c0    00006f90     
                  000000c0    000006b8     libc.a : e_powf.c.obj (.text.powf)
                  00000778    00000644            : k_rem_pio2.c.obj (.text.__kernel_rem_pio2)
                  00000dbc    00000402     FusionAhrs.o (.text.FusionAhrsUpdate)
                  000011be    00000002     libclang_rt.builtins.a : aeabi_div0.c.obj (.text.__aeabi_idiv0)
                  000011c0    00000300     zf_device_imu963ra.o (.text.imu963ra_init)
                  000014c0    0000020c     ti_msp_dl_config.o (.text.SYSCFG_DL_GPIO_init)
                  000016cc    000001d4     libc.a : s_cosf.c.obj (.text.cosf)
                  000018a0    000001c8            : s_atanf.c.obj (.text.atanf)
                  00001a68    000001c8            : s_sinf.c.obj (.text.sinf)
                  00001c30    000001c4     FusionAhrs.o (.text.FusionAhrsHalfMagnetic)
                  00001df4    000001b8     imu963ra_attitude.o (.text.imu963ra_attitude_calibrate_gyro)
                  00001fac    00000192     libclang_rt.builtins.a : adddf3.S.obj (.text.adddf3_subdf3)
                  0000213e    00000002     --HOLE-- [fill = 0]
                  00002140    00000170     libc.a : e_sqrt.c.obj (.text.sqrt)
                  000022b0    00000160            : e_asinf.c.obj (.text.asinf)
                  00002410    0000014e     FusionAhrs.o (.text.FusionQuaternionMultiply)
                  0000255e    00000002     --HOLE-- [fill = 0]
                  00002560    00000144     libc.a : s_floor.c.obj (.text.floor)
                  000026a4    00000140     bluetooth.o (.text.Bluetooth_Task)
                  000027e4    00000134     FusionAhrs.o (.text.FusionAhrsSetSettings)
                  00002918    00000132     FusionAhrs.o (.text.FusionAhrsHalfGravity)
                  00002a4a    00000002     --HOLE-- [fill = 0]
                  00002a4c    00000124     empty.o (.text.main)
                  00002b70    00000118     libc.a : e_atan2f.c.obj (.text.atan2f)
                  00002c88    00000114     encoder.o (.text.Encoder_IRQHandler)
                  00002d9c    0000010a     FusionAhrs.o (.text.FusionQuaternionMultiplyVector)
                  00002ea6    00000002     --HOLE-- [fill = 0]
                  00002ea8    00000104     driverlib.a : dl_timer.o (.text.DL_Timer_initFourCCPWMMode)
                  00002fac    00000100     FusionOffset.o (.text.FusionOffsetUpdate)
                  000030ac    000000fc     driverlib.a : dl_timer.o (.text.DL_Timer_initTimerMode)
                  000031a8    000000fc     imu963ra_attitude.o (.text.imu963ra_attitude_update_with_delta_time)
                  000032a4    000000ee     imu963ra_attitude.o (.text.FusionQuaternionToEuler)
                  00003392    00000002     --HOLE-- [fill = 0]
                  00003394    000000e8     ti_msp_dl_config.o (.text.SYSCFG_DL_SYSCTL_SYSPLL_init)
                  0000347c    000000e4     libclang_rt.builtins.a : muldf3.S.obj (.text.__muldf3)
                  00003560    000000dc     driverlib.a : dl_sysctl_mspm0g1x0x_g3x0x.o (.text.DL_SYSCTL_configSYSPLL)
                  0000363c    000000d8     libc.a : s_scalbn.c.obj (.text.scalbn)
                  00003714    000000d8     libclang_rt.builtins.a : addsf3.S.obj (.text)
                  000037ec    000000d6     zf_driver_soft_iic.o (.text.soft_iic_init)
                  000038c2    000000d2     zf_driver_soft_iic.o (.text.soft_iic_read_data)
                  00003994    000000d0     FusionAhrs.o (.text.FusionAhrsSetHeading)
                  00003a64    000000d0     imu963ra_attitude.o (.text.imu963ra_attitude_init)
                  00003b34    000000b4     DL_OLED.o (.text.OLED_I2C_SendByte)
                  00003be8    000000b4     DL_OLED.o (.text.OLED_ShowChar)
                  00003c9c    000000b0     libc.a : s_scalbnf.c.obj (.text.scalbnf)
                  00003d4c    000000ae     DL_OLED.o (.text.OLED_ShowSignedNum)
                  00003dfa    000000ae     zf_driver_soft_iic.o (.text.soft_iic_send_data)
                  00003ea8    000000ac     interrupt.o (.text.GROUP1_IRQHandler)
                  00003f54    000000ac     libc.a : s_cosf.c.obj (.text.__kernel_sindf)
                  00004000    000000ac            : s_sinf.c.obj (.text.__kernel_sindf)
                  000040ac    000000ac     imu963ra_attitude.o (.text.imu963ra_attitude_get_gyro_range)
                  00004158    000000a0     DL_OLED.o (.text.OLED_Init)
                  000041f8    000000a0     zf_device_imu963ra.o (.text.imu963ra_write_mag_register)
                  00004298    000000a0     libc.a : e_sqrtf.c.obj (.text.sqrtf)
                  00004338    0000009c     FusionAhrs.o (.text.FusionAhrsReset)
                  000043d4    0000009c     libc.a : s_cosf.c.obj (.text.__kernel_cosdf)
                  00004470    0000009c            : s_sinf.c.obj (.text.__kernel_cosdf)
                  0000450c    00000098     encoder.o (.text.Encoder_Init)
                  000045a4    00000094     FusionAhrs.o (.text.FusionVectorCrossProduct)
                  00004638    0000008c     ti_msp_dl_config.o (.text.SYSCFG_DL_PWM_TB6612_init)
                  000046c4    0000008c     ti_msp_dl_config.o (.text.SYSCFG_DL_initPower)
                  00004750    0000008c     libclang_rt.builtins.a : mulsf3.S.obj (.text.__mulsf3)
                  000047dc    0000008c     zf_driver_soft_iic.o (.text.soft_iic_wait_ack)
                  00004868    00000088     zf_device_imu963ra.o (.text.imu963ra_read_mag_register)
                  000048f0    00000088     tb6612.o (.text.tb6612_apply_motor)
                  00004978    00000086     FusionAhrs.o (.text.FusionQuaternionNormalise)
                  000049fe    00000002     --HOLE-- [fill = 0]
                  00004a00    00000084     ti_msp_dl_config.o (.text.__NVIC_SetPriority)
                  00004a84    00000082     FusionAhrs.o (.text.FusionAhrsFeedback)
                  00004b06    00000002     --HOLE-- [fill = 0]
                  00004b08    00000082     libclang_rt.builtins.a : divsf3.S.obj (.text.__divsf3)
                  00004b8a    00000002     --HOLE-- [fill = 0]
                  00004b8c    00000080     interrupt.o (.text.TIMG0_IRQHandler)
                  00004c0c    0000007c     FusionAhrs.o (.text.FusionAhrsUpdateNoMagnetometer)
                  00004c88    0000007c     ti_msp_dl_config.o (.text.SYSCFG_DL_SYSCTL_init)
                  00004d04    0000007c     zf_device_imu963ra.o (.text.imu963ra_get_acc_gyro)
                  00004d80    0000007c     libc.a : copy_decompress_lzss.c.obj (.text:decompress:lzss)
                  00004dfc    0000007a     zf_driver_soft_iic.o (.text.soft_iic_send_ack)
                  00004e76    00000002     --HOLE-- [fill = 0]
                  00004e78    00000074     key.o (.text.AJ1_IsPressed)
                  00004eec    00000074     key.o (.text.AJ2_IsPressed)
                  00004f60    00000074     key.o (.text.AJ3_IsPressed)
                  00004fd4    00000074     key.o (.text.AJ4_IsPressed)
                  00005048    00000074     libclang_rt.builtins.a : comparedf2.c.obj (.text.__gedf2)
                  000050bc    00000004     startup_mspm0g350x_ticlang.o (.text.Default_Handler)
                  000050c0    00000074     libclang_rt.builtins.a : truncdfsf2.S.obj (.text.__truncdfsf2)
                  00005134    0000006e     zf_driver_soft_iic.o (.text.soft_iic_read_8bit_registers)
                  000051a2    00000002     --HOLE-- [fill = 0]
                  000051a4    0000006c     imu963ra_attitude.o (.text.imu963ra_attitude_build_gyro_from_current)
                  00005210    0000006c     zf_driver_soft_iic.o (.text.soft_iic_start)
                  0000527c    0000006c     zf_driver_soft_iic.o (.text.soft_iic_stop)
                  000052e8    00000068     libclang_rt.builtins.a : comparedf2.c.obj (.text.__ledf2)
                  00005350    00000064     driverlib.a : dl_sysctl_mspm0g1x0x_g3x0x.o (.text.DL_SYSCTL_setHFCLKSourceHFXTParams)
                  000053b4    00000064     zf_driver_soft_iic.o (.text.soft_iic_sccb_read_register)
                  00005418    00000062     libclang_rt.builtins.a : aeabi_dcmp.S.obj (.text.__aeabi_dcmp)
                  0000547a    00000002     --HOLE-- [fill = 0]
                  0000547c    00000062                            : aeabi_fcmp.S.obj (.text.__aeabi_fcmp)
                  000054de    00000002     --HOLE-- [fill = 0]
                  000054e0    00000060     imu963ra_attitude.o (.text.imu963ra_attitude_build_acc_from_current)
                  00005540    0000005e     FusionAhrs.o (.text.FusionQuaternionAdd)
                  0000559e    00000002     --HOLE-- [fill = 0]
                  000055a0    00000058     DL_OLED.o (.text.OLED_I2C_Start)
                  000055f8    00000056     DL_OLED.o (.text.OLED_Clear)
                  0000564e    00000002     --HOLE-- [fill = 0]
                  00005650    00000056     libclang_rt.builtins.a : aeabi_idivmod.S.obj (.text.__aeabi_idivmod)
                  000056a6    00000002     --HOLE-- [fill = 0]
                  000056a8    00000054     zf_device_imu963ra.o (.text.imu963ra_acc_gyro_self_check)
                  000056fc    00000054     imu963ra_attitude.o (.text.imu963ra_attitude_refresh_inertial)
                  00005750    00000050     FusionOffset.o (.text.FusionOffsetInitialise)
                  000057a0    00000050     FusionAhrs.o (.text.FusionVectorDotProduct)
                  000057f0    00000050     FusionAhrs.o (.text.FusionVectorIsZero)
                  00005840    00000050     zf_device_imu963ra.o (.text.imu963ra_connect_mag)
                  00005890    00000050     zf_device_imu963ra.o (.text.imu963ra_mag_self_check)
                  000058e0    0000004e     zf_driver_gpio.o (.text.gpio_init)
                  0000592e    00000002     --HOLE-- [fill = 0]
                  00005930    0000004c     ti_msp_dl_config.o (.text.DL_GPIO_initDigitalInputFeatures)
                  0000597c    0000004c     zf_driver_gpio.o (.text.DL_GPIO_initDigitalInputFeatures)
                  000059c8    0000004c     ti_msp_dl_config.o (.text.DL_UART_setBaudRateDivisor)
                  00005a14    0000004c     imu963ra_attitude.o (.text.FusionAsin)
                  00005a60    0000004c     FusionAhrs.o (.text.FusionFastInverseSqrt)
                  00005aac    0000004c     ti_msp_dl_config.o (.text.SYSCFG_DL_UART_BT_init)
                  00005af8    0000004a     libclang_rt.builtins.a : fixdfsi.S.obj (.text.__fixdfsi)
                  00005b42    00000002     --HOLE-- [fill = 0]
                  00005b44    00000048     driverlib.a : dl_uart.o (.text.DL_UART_init)
                  00005b8c    00000046     FusionAhrs.o (.text.FusionVectorAdd)
                  00005bd2    00000046     FusionOffset.o (.text.FusionVectorAdd)
                  00005c18    00000046     imu963ra_attitude.o (.text.FusionVectorAdd)
                  00005c5e    00000046     FusionOffset.o (.text.FusionVectorSubtract)
                  00005ca4    00000046     imu963ra_attitude.o (.text.FusionVectorSubtract)
                  00005cea    00000046     tb6612.o (.text.tb6612_clamp_speed)
                  00005d30    00000044     driverlib.a : dl_sysctl_mspm0g1x0x_g3x0x.o (.text.DL_SYSCTL_switchMCLKfromSYSOSCtoHSCLK)
                  00005d74    00000044     DL_OLED.o (.text.OLED_I2C_Stop)
                  00005db8    00000044     zf_driver_gpio.o (.text.gpio_low)
                  00005dfc    00000044     tb6612.o (.text.tb6612_get_channel_config)
                  00005e40    00000044     tb6612.o (.text.tb6612_get_max_speed)
                  00005e84    00000042     zf_driver_soft_iic.o (.text.soft_iic_write_8bit_register)
                  00005ec6    00000002     --HOLE-- [fill = 0]
                  00005ec8    00000040     bluetooth.o (.text.Bluetooth_Init)
                  00005f08    00000040     ti_msp_dl_config.o (.text.SYSCFG_DL_UART_DEBUG_init)
                  00005f48    00000040     ti_msp_dl_config.o (.text.SYSCFG_DL_UART_JY901_init)
                  00005f88    00000040     libclang_rt.builtins.a : aeabi_uidivmod.S.obj (.text.__aeabi_uidivmod)
                  00005fc8    00000040                            : extendsfdf2.S.obj (.text.__extendsfdf2)
                  00006008    0000003c     ti_msp_dl_config.o (.text.DL_Timer_setCounterControl)
                  00006044    0000003c     ti_msp_dl_config.o (.text.SYSCFG_DL_TIMER_TICK_init)
                  00006080    0000003c     ti_msp_dl_config.o (.text.SYSCFG_DL_init)
                  000060bc    0000003c     libclang_rt.builtins.a : floatsisf.S.obj (.text.__floatsisf)
                  000060f8    0000003c                            : comparesf2.S.obj (.text.__gtsf2)
                  00006134    0000003c     imu963ra_attitude.o (.text.imu963ra_attitude_get_euler)
                  00006170    0000003c     libc.a : autoinit.c.obj (.text:__TI_auto_init_nobinit_nopinit)
                  000061ac    0000003a     libclang_rt.builtins.a : comparesf2.S.obj (.text.__eqsf2)
                  000061e6    00000002     --HOLE-- [fill = 0]
                  000061e8    0000003a                            : muldsi3.S.obj (.text.__muldsi3)
                  00006222    00000002     --HOLE-- [fill = 0]
                  00006224    00000038     tb6612.o (.text.TB6612_Init)
                  0000625c    00000038     libclang_rt.builtins.a : fixsfsi.S.obj (.text.__fixsfsi)
                  00006294    00000036     FusionAhrs.o (.text.FusionVectorMultiplyScalar)
                  000062ca    00000036     FusionOffset.o (.text.FusionVectorMultiplyScalar)
                  00006300    00000036     imu963ra_attitude.o (.text.FusionVectorMultiplyScalar)
                  00006336    00000036     DL_OLED.o (.text.OLED_SetCursor)
                  0000636c    00000034     FusionAhrs.o (.text.FusionAhrsClamp)
                  000063a0    00000034     tb6612.o (.text.TB6612_SetMotors)
                  000063d4    00000034     tb6612.o (.text.tb6612_get_output_speed)
                  00006408    00000032     FusionAhrs.o (.text.FusionVectorNormalise)
                  0000643a    00000002     --HOLE-- [fill = 0]
                  0000643c    00000032     libclang_rt.builtins.a : fixunssfsi.S.obj (.text.__fixunssfsi)
                  0000646e    00000002     --HOLE-- [fill = 0]
                  00006470    00000030     bluetooth.o (.text.UART2_IRQHandler)
                  000064a0    0000002e     zf_driver_gpio.o (.text.gpio_get_level)
                  000064ce    00000002     --HOLE-- [fill = 0]
                  000064d0    0000002c     bluetooth.o (.text.__NVIC_EnableIRQ)
                  000064fc    0000002c     empty.o (.text.__NVIC_EnableIRQ)
                  00006528    0000002c     encoder.o (.text.__NVIC_EnableIRQ)
                  00006554    0000002c     libclang_rt.builtins.a : floatsidf.S.obj (.text.__floatsidf)
                  00006580    0000002a     DL_OLED.o (.text.OLED_WriteCommand)
                  000065aa    0000002a     DL_OLED.o (.text.OLED_WriteData)
                  000065d4    00000028     bluetooth.o (.text.DL_Common_updateReg)
                  000065fc    00000028     ti_msp_dl_config.o (.text.DL_Common_updateReg)
                  00006624    00000028     bluetooth.o (.text.DL_UART_setRXFIFOThreshold)
                  0000664c    00000028     encoder.o (.text.Encoder_GetSpeeds)
                  00006674    00000028     FusionAhrs.o (.text.FusionAhrsInitialise)
                  0000669c    00000028     DL_OLED.o (.text.OLED_Pow)
                  000066c4    00000028     libclang_rt.builtins.a : floatunsisf.S.obj (.text.__floatunsisf)
                  000066ec    00000028     zf_driver_gpio.o (.text.gpio_high)
                  00006714    00000028     zf_driver_gpio.o (.text.gpio_port)
                  0000673c    00000028     libc.a : boot_cortex_m.c.obj (.text:_c_int00_noargs)
                  00006764    00000026     tb6612.o (.text.TB6612_SetMotor)
                  0000678a    00000002     --HOLE-- [fill = 0]
                  0000678c    00000024     DL_OLED.o (.text.OLED_I2C_Init)
                  000067b0    00000024     empty.o (.text.TimerTick_Init)
                  000067d4    00000024     libclang_rt.builtins.a : floatunsidf.S.obj (.text.__floatunsidf)
                  000067f8    00000022     zf_driver_gpio.o (.text.gpio_mask)
                  0000681a    00000002     --HOLE-- [fill = 0]
                  0000681c    00000020     ti_msp_dl_config.o (.text.DL_GPIO_initPeripheralInputFunction)
                  0000683c    00000020     ti_msp_dl_config.o (.text.DL_SYSCTL_setFlashWaitState)
                  0000685c    00000020     FusionAhrs.o (.text.FusionAhrsGetQuaternion)
                  0000687c    00000020     zf_driver_gpio.o (.text.gpio_iomux)
                  0000689c    0000001e     ti_msp_dl_config.o (.text.DL_UART_setOversampling)
                  000068ba    0000001e     FusionAhrs.o (.text.FusionVectorMagnitudeSquared)
                  000068d8    0000001c     encoder.o (.text.DL_GPIO_clearInterruptStatus)
                  000068f4    0000001c     interrupt.o (.text.DL_GPIO_clearInterruptStatus)
                  00006910    0000001c     ti_msp_dl_config.o (.text.DL_GPIO_clearInterruptStatus)
                  0000692c    0000001c     encoder.o (.text.DL_GPIO_enableInterrupt)
                  00006948    0000001c     ti_msp_dl_config.o (.text.DL_GPIO_enableInterrupt)
                  00006964    0000001c     ti_msp_dl_config.o (.text.DL_GPIO_initPeripheralOutputFunction)
                  00006980    0000001c     ti_msp_dl_config.o (.text.DL_GPIO_setLowerPinsPolarity)
                  0000699c    0000001c     driverlib.a : dl_sysctl_mspm0g1x0x_g3x0x.o (.text.DL_SYSCTL_configFCC)
                  000069b8    0000001c     ti_msp_dl_config.o (.text.DL_SYSCTL_setFCCPeriods)
                  000069d4    0000001c     ti_msp_dl_config.o (.text.DL_SYSCTL_setSYSOSCFreq)
                  000069f0    0000001c     ti_msp_dl_config.o (.text.DL_SYSCTL_setULPCLKDivider)
                  00006a0c    0000001c     ti_msp_dl_config.o (.text.DL_Timer_enableInterrupt)
                  00006a28    0000001c     driverlib.a : dl_timer.o (.text.DL_Timer_setCaptCompUpdateMethod)
                  00006a44    0000001c                 : dl_timer.o (.text.DL_Timer_setClockConfig)
                  00006a60    0000001c     bluetooth.o (.text.DL_UART_enableInterrupt)
                  00006a7c    0000001c     ti_msp_dl_config.o (.text.DL_UART_enableInterrupt)
                  00006a98    0000001c     delay.o (.text.delay_ms)
                  00006ab4    00000018     ti_msp_dl_config.o (.text.DL_GPIO_enableOutput)
                  00006acc    00000018     zf_driver_gpio.o (.text.DL_GPIO_enableOutput)
                  00006ae4    00000018     ti_msp_dl_config.o (.text.DL_GPIO_enablePower)
                  00006afc    00000018     encoder.o (.text.DL_GPIO_getEnabledInterruptStatus)
                  00006b14    00000018     interrupt.o (.text.DL_GPIO_getEnabledInterruptStatus)
                  00006b2c    00000018     ti_msp_dl_config.o (.text.DL_GPIO_initDigitalOutput)
                  00006b44    00000018     ti_msp_dl_config.o (.text.DL_GPIO_initPeripheralAnalogFunction)
                  00006b5c    00000018     ti_msp_dl_config.o (.text.DL_GPIO_reset)
                  00006b74    00000018     DL_OLED.o (.text.DL_GPIO_setPins)
                  00006b8c    00000018     tb6612.o (.text.DL_GPIO_setPins)
                  00006ba4    00000018     ti_msp_dl_config.o (.text.DL_GPIO_setUpperPinsPolarity)
                  00006bbc    00000018     ti_msp_dl_config.o (.text.DL_SYSCTL_setBORThreshold)
                  00006bd4    00000018     empty.o (.text.DL_Timer_clearInterruptStatus)
                  00006bec    00000018     interrupt.o (.text.DL_Timer_clearInterruptStatus)
                  00006c04    00000018     ti_msp_dl_config.o (.text.DL_Timer_enablePower)
                  00006c1c    00000018     ti_msp_dl_config.o (.text.DL_Timer_reset)
                  00006c34    00000018     driverlib.a : dl_timer.o (.text.DL_Timer_setCaptureCompareOutCtl)
                  00006c4c    00000018     empty.o (.text.DL_Timer_startCounter)
                  00006c64    00000018     tb6612.o (.text.DL_Timer_startCounter)
                  00006c7c    00000018     bluetooth.o (.text.DL_UART_enableFIFOs)
                  00006c94    00000018     ti_msp_dl_config.o (.text.DL_UART_enablePower)
                  00006cac    00000018     ti_msp_dl_config.o (.text.DL_UART_reset)
                  00006cc4    00000018     FusionAhrs.o (.text.FusionDegreesToRadians)
                  00006cdc    00000018     imu963ra_attitude.o (.text.FusionRadiansToDegrees)
                  00006cf4    00000016     encoder.o (.text.DL_GPIO_readPins)
                  00006d0a    00000016     key.o (.text.DL_GPIO_readPins)
                  00006d20    00000016     zf_driver_gpio.o (.text.DL_GPIO_readPins)
                  00006d36    00000016     ti_msp_dl_config.o (.text.DL_UART_enable)
                  00006d4c    00000016     libc.a : k_rem_pio2.c.obj (.text.OUTLINED_FUNCTION_0)
                  00006d62    00000002     --HOLE-- [fill = 0]
                  00006d64    00000010     libclang_rt.builtins.a : adddf3.S.obj (.tramp.__aeabi_dadd.1)
                  00006d74    00000016     libc.a : copy_zero_init.c.obj (.text:decompress:ZI:__TI_zero_init_nomemset)
                  00006d8a    00000014     DL_OLED.o (.text.DL_GPIO_clearPins)
                  00006d9e    00000014     tb6612.o (.text.DL_GPIO_clearPins)
                  00006db2    00000014     ti_msp_dl_config.o (.text.DL_GPIO_clearPins)
                  00006dc6    00000014     zf_driver_gpio.o (.text.DL_GPIO_clearPins)
                  00006dda    00000014     zf_driver_gpio.o (.text.DL_GPIO_disableOutput)
                  00006dee    00000002     --HOLE-- [fill = 0]
                  00006df0    00000014     ti_msp_dl_config.o (.text.DL_SYSCTL_disableSYSPLL)
                  00006e04    00000014     ti_msp_dl_config.o (.text.DL_SYSCTL_enableSYSPLL)
                  00006e18    00000014     ti_msp_dl_config.o (.text.DL_Timer_enableClock)
                  00006e2c    00000014     ti_msp_dl_config.o (.text.DL_Timer_setCCPDirection)
                  00006e40    00000014     bluetooth.o (.text.DL_UART_receiveData)
                  00006e54    00000012     interrupt.o (.text.DL_Timer_getPendingInterrupt)
                  00006e66    00000012     bluetooth.o (.text.DL_UART_getPendingInterrupt)
                  00006e78    00000012     driverlib.a : dl_uart.o (.text.DL_UART_setClockConfig)
                  00006e8a    00000012     libc.a : memcpy16.S.obj (.text:TI_memcpy_small)
                  00006e9c    00000012            : copy_decompress_none.c.obj (.text:decompress:none)
                  00006eae    00000002     --HOLE-- [fill = 0]
                  00006eb0    00000010     ti_msp_dl_config.o (.text.DL_SYSCTL_disableHFXT)
                  00006ec0    00000010     ti_msp_dl_config.o (.text.DL_SYSCTL_isFCCDone)
                  00006ed0    00000010     ti_msp_dl_config.o (.text.DL_SYSCTL_startFCC)
                  00006ee0    00000010     driverlib.a : dl_timer.o (.text.DL_Timer_setCaptureCompareValue)
                  00006ef0    00000010     libc.a : k_rem_pio2.c.obj (.text.OUTLINED_FUNCTION_2)
                  00006f00    0000000c     ti_msp_dl_config.o (.text.DL_SYSCTL_getClockStatus)
                  00006f0c    0000000c     ti_msp_dl_config.o (.text.DL_SYSCTL_readFCC)
                  00006f18    0000000c     tb6612.o (.text.TB6612_Stop)
                  00006f24    0000000a     driverlib.a : dl_common.o (.text.DL_Common_delayCycles)
                  00006f2e    0000000a     libc.a : k_rem_pio2.c.obj (.text.OUTLINED_FUNCTION_1)
                  00006f38    0000000a            : s_cosf.c.obj (.text.OUTLINED_FUNCTION_3)
                  00006f42    0000000a            : s_sinf.c.obj (.text.OUTLINED_FUNCTION_3)
                  00006f4c    00000008            : aeabi_portable.c.obj (.text.__aeabi_errno_addr)
                  00006f54    00000008     libclang_rt.builtins.a : aeabi_memcpy.S.obj (.text.__aeabi_memcpy)
                  00006f5c    00000006     libc.a : e_asinf.c.obj (.text.OUTLINED_FUNCTION_0)
                  00006f62    00000002     --HOLE-- [fill = 0]
                  00006f64    00000010     libclang_rt.builtins.a : mulsf3.S.obj (.tramp.__aeabi_fmul.1)
                  00006f74    00000006     libc.a : s_atanf.c.obj (.text.OUTLINED_FUNCTION_0)
                  00006f7a    00000002     --HOLE-- [fill = 0]
                  00006f7c    00000010     libclang_rt.builtins.a : divsf3.S.obj (.tramp.__aeabi_fdiv.1)
                  00006f8c    00000006     libc.a : s_cosf.c.obj (.text.OUTLINED_FUNCTION_0)
                  00006f92    00000002     --HOLE-- [fill = 0]
                  00006f94    00000010     libclang_rt.builtins.a : muldf3.S.obj (.tramp.__aeabi_dmul.1)
                  00006fa4    00000006     libc.a : s_sinf.c.obj (.text.OUTLINED_FUNCTION_0)
                  00006faa    00000006            : e_powf.c.obj (.text.OUTLINED_FUNCTION_1)
                  00006fb0    00000006            : s_cosf.c.obj (.text.OUTLINED_FUNCTION_1)
                  00006fb6    00000006            : s_sinf.c.obj (.text.OUTLINED_FUNCTION_1)
                  00006fbc    00000006            : e_powf.c.obj (.text.OUTLINED_FUNCTION_3)
                  00006fc2    00000002     --HOLE-- [fill = 0]
                  00006fc4    00000010     libclang_rt.builtins.a : addsf3.S.obj (.tramp.__aeabi_fadd.1)
                  00006fd4    00000006     libc.a : e_powf.c.obj (.text.OUTLINED_FUNCTION_4)
                  00006fda    00000002     --HOLE-- [fill = 0]
                  00006fdc    00000010     libclang_rt.builtins.a : addsf3.S.obj (.tramp.__aeabi_fsub.1)
                  00006fec    00000006     libc.a : e_powf.c.obj (.text.OUTLINED_FUNCTION_5)
                  00006ff2    00000006            : e_powf.c.obj (.text.OUTLINED_FUNCTION_6)
                  00006ff8    00000006            : exit.c.obj (.text:abort)
                  00006ffe    00000004     libsysbm.a : hostexit.c.obj (.text.HOSTexit)
                  00007002    00000004     libc.a : e_powf.c.obj (.text.OUTLINED_FUNCTION_0)
                  00007006    00000004            : s_atanf.c.obj (.text.OUTLINED_FUNCTION_1)
                  0000700a    00000004            : e_powf.c.obj (.text.OUTLINED_FUNCTION_2)
                  0000700e    00000004            : s_cosf.c.obj (.text.OUTLINED_FUNCTION_2)
                  00007012    00000002     --HOLE-- [fill = 0]
                  00007014    00000010     libclang_rt.builtins.a : extendsfdf2.S.obj (.tramp.__aeabi_f2d.1)
                  00007024    00000004     libc.a : s_sinf.c.obj (.text.OUTLINED_FUNCTION_2)
                  00007028    00000004            : e_powf.c.obj (.text.OUTLINED_FUNCTION_7)
                  0000702c    00000004            : e_powf.c.obj (.text.OUTLINED_FUNCTION_8)
                  00007030    00000004     startup_mspm0g350x_ticlang.o (.text.Reset_Handler)
                  00007034    00000010     libc.a : boot_cortex_m.c.obj (.tramp._c_int00_noargs.1)
                  00007044    00000004            : pre_init.c.obj (.text._system_pre_init)
                  00007048    00000008     --HOLE-- [fill = 0]

.cinit     0    00007868    00000058     
                  00007868    00000033     (.cinit..data.load) [load image, compression = lzss]
                  0000789b    00000001     --HOLE-- [fill = 0]
                  0000789c    0000000c     (__TI_handler_table)
                  000078a8    00000008     (.cinit..bss.load) [load image, compression = zero_init]
                  000078b0    00000010     (__TI_cinit_table)

.rodata    0    00007050    00000818     
                  00007050    000005f0     DL_OLED.o (.rodata.OLED_F8x16)
                  00007640    00000108     libc.a : k_rem_pio2.c.obj (.rodata.ipio2)
                  00007748    00000040            : k_rem_pio2.c.obj (.rodata.PIo2)
                  00007788    00000028     ti_msp_dl_config.o (.rodata.gSYSPLLConfig)
                  000077b0    00000020     libc.a : s_atanf.c.obj (.rodata.cst16)
                  000077d0    00000018     FusionAhrs.o (.rodata..L__const.FusionAhrsInitialise.settings)
                  000077e8    00000018     libc.a : e_powf.c.obj (.rodata.cst8)
                  00007800    00000014     ti_msp_dl_config.o (.rodata.gTIMER_TICKTimerConfig)
                  00007814    00000010     libc.a : k_rem_pio2.c.obj (.rodata.cst16)
                  00007824    00000010     encoder.o (.rodata.quad_table)
                  00007834    0000000a     ti_msp_dl_config.o (.rodata.gUART_BTConfig)
                  0000783e    0000000a     ti_msp_dl_config.o (.rodata.gUART_DEBUGConfig)
                  00007848    0000000a     ti_msp_dl_config.o (.rodata.gUART_JY901Config)
                  00007852    00000002     ti_msp_dl_config.o (.rodata.gUART_BTClockConfig)
                  00007854    00000008     ti_msp_dl_config.o (.rodata.gPWM_TB6612Config)
                  0000785c    00000003     ti_msp_dl_config.o (.rodata.gPWM_TB6612ClockConfig)
                  0000785f    00000003     ti_msp_dl_config.o (.rodata.gTIMER_TICKClockConfig)
                  00007862    00000002     ti_msp_dl_config.o (.rodata.gUART_DEBUGClockConfig)
                  00007864    00000002     ti_msp_dl_config.o (.rodata.gUART_JY901ClockConfig)
                  00007866    00000002     --HOLE-- [fill = 0]

.init_array 
*          0    00000000    00000000     UNINITIALIZED

.binit     0    00000000    00000000     

.bss       0    20200000    00000196     UNINITIALIZED
                  20200000    000000a0     (.common:gPWM_TB6612Backup)
                  202000a0    00000074     imu963ra_attitude.o (.bss.imu963ra_fusion_ahrs)
                  20200114    00000030     (.common:gUART_DEBUGBackup)
                  20200144    00000018     imu963ra_attitude.o (.bss.imu963ra_fusion_offset)
                  2020015c    00000010     zf_device_imu963ra.o (.bss.imu963ra_iic_struct)
                  2020016c    0000000c     (.common:imu963_angle)
                  20200178    00000008     (.common:EncoderA)
                  20200180    00000008     (.common:EncoderB)
                  20200188    00000004     (.common:l_speed_now)
                  2020018c    00000004     (.common:r_speed_now)
                  20200190    00000001     bluetooth.o (.bss.bt_cmd)
                  20200191    00000001     bluetooth.o (.bss.bt_cmd_ready)
                  20200192    00000001     encoder.o (.bss.encoderA_last)
                  20200193    00000001     encoder.o (.bss.encoderB_last)
                  20200194    00000001     empty.o (.bss.imu963ra_init_state)
                  20200195    00000001     empty.o (.bss.imu963ra_ready)

.data      0    20200198    0000006a     UNINITIALIZED
                  20200198    0000000c     imu963ra_attitude.o (.data.imu963ra_attitude_gyro_bias)
                  202001a4    0000000c     zf_device_imu963ra.o (.data.imu963ra_transition_factor)
                  202001b0    00000008     tb6612.o (.data.TB6612_MotorA)
                  202001b8    00000008     tb6612.o (.data.TB6612_MotorB)
                  202001c0    00000004     libc.a : aeabi_portable.c.obj (.data.__aeabi_errno)
                  202001c4    00000004     imu963ra_attitude.o (.data.imu963ra_attitude_delta_time)
                  202001c8    00000004     imu963ra_attitude.o (.data.imu963ra_attitude_pitch)
                  202001cc    00000004     imu963ra_attitude.o (.data.imu963ra_attitude_roll)
                  202001d0    00000004     imu963ra_attitude.o (.data.imu963ra_attitude_yaw)
                  202001d4    00000004     interrupt.o (.data.imu963ra_tick_ms)
                  202001d8    00000004     empty.o (.data.main.last_imu_update_ms)
                  202001dc    00000002     zf_device_imu963ra.o (.data.imu963ra_acc_x)
                  202001de    00000002     zf_device_imu963ra.o (.data.imu963ra_acc_y)
                  202001e0    00000002     zf_device_imu963ra.o (.data.imu963ra_acc_z)
                  202001e2    00000002     zf_device_imu963ra.o (.data.imu963ra_gyro_x)
                  202001e4    00000002     zf_device_imu963ra.o (.data.imu963ra_gyro_y)
                  202001e6    00000002     zf_device_imu963ra.o (.data.imu963ra_gyro_z)
                  202001e8    00000002     empty.o (.data.main.left_speed_load)
                  202001ea    00000002     empty.o (.data.main.right_speed_load)
                  202001ec    00000001     key.o (.data.AJ1_IsPressed.debounce_cnt)
                  202001ed    00000001     key.o (.data.AJ1_pressed)
                  202001ee    00000001     key.o (.data.AJ2_IsPressed.debounce_cnt)
                  202001ef    00000001     key.o (.data.AJ2_pressed)
                  202001f0    00000001     key.o (.data.AJ3_IsPressed.debounce_cnt)
                  202001f1    00000001     key.o (.data.AJ3_pressed)
                  202001f2    00000001     key.o (.data.AJ4_IsPressed.debounce_cnt)
                  202001f3    00000001     key.o (.data.AJ4_pressed)
                  202001f4    00000001     interrupt.o (.data.TIMG0_IRQHandler.tick_100ms)
                  202001f5    00000001     interrupt.o (.data.TIMG0_IRQHandler.tick_10ms)
                  202001f6    00000001     imu963ra_attitude.o (.data.imu963ra_attitude_ready)
                  202001f7    00000001     zf_device_imu963ra.o (.data.imu963ra_device_addr)
                  202001f8    00000001     zf_device_imu963ra.o (.data.imu963ra_diag_ack_6a)
                  202001f9    00000001     zf_device_imu963ra.o (.data.imu963ra_diag_ack_6b)
                  202001fa    00000001     zf_device_imu963ra.o (.data.imu963ra_diag_scl_low)
                  202001fb    00000001     zf_device_imu963ra.o (.data.imu963ra_diag_scl_release)
                  202001fc    00000001     zf_device_imu963ra.o (.data.imu963ra_diag_sda_low)
                  202001fd    00000001     zf_device_imu963ra.o (.data.imu963ra_diag_sda_release)
                  202001fe    00000001     zf_device_imu963ra.o (.data.imu963ra_diag_who_6a)
                  202001ff    00000001     zf_device_imu963ra.o (.data.imu963ra_diag_who_6b)
                  20200200    00000001     interrupt.o (.data.imu963ra_update_flag)
                  20200201    00000001     zf_device_imu963ra.o (.data.imu963ra_who_am_i)

.stack     0    20207e00    00000200     UNINITIALIZED
                  20207e00    00000004     libc.a : boot_cortex_m.c.obj (.stack)
                  20207e04    000001fc     --HOLE--

__llvm_prf_cnts 
*          0    20200000    00000000     UNINITIALIZED

__llvm_prf_bits 
*          0    20200000    00000000     UNINITIALIZED

MODULE SUMMARY

       Module                         code    ro data   rw data
       ------                         ----    -------   -------
    .\
       ti_msp_dl_config.o             2672    110       208    
       DL_OLED.o                      1194    1520      0      
       bluetooth.o                    646     0         2      
       encoder.o                      614     16        18     
       tb6612.o                       620     0         16     
       key.o                          486     0         8      
       empty.o                        420     0         30     
       interrupt.o                    394     0         7      
       startup_mspm0g350x_ticlang.o   8       192       0      
       delay.o                        28      0         0      
    +--+------------------------------+-------+---------+---------+
       Total:                         7082    1838      289    
                                                               
    .\imu963\
       FusionAhrs.o                   4274    24        0      
       imu963ra_attitude.o            1952    0         169    
       zf_device_imu963ra.o           1432    0         50     
       zf_driver_soft_iic.o           1352    0         0      
       FusionOffset.o                 530     0         0      
       zf_driver_gpio.o               500     0         0      
    +--+------------------------------+-------+---------+---------+
       Total:                         10040   24        219    
                                                               
    E:/2026diansai/mspm0_sdk_2_10_00_04/source/ti/driverlib/lib/ticlang/m0p/mspm0g1x0x_g3x0x/driverlib.a
       dl_timer.o                     608     0         0      
       dl_sysctl_mspm0g1x0x_g3x0x.o   416     0         0      
       dl_uart.o                      90      0         0      
       dl_common.o                    10      0         0      
    +--+------------------------------+-------+---------+---------+
       Total:                         1124    0         0      
                                                               
    E:\2026diansai\ccs\tools\compiler\ti-cgt-armllvm_4.0.4.LTS\lib\armv6m-ti-none-eabi/c/libc.a
       k_rem_pio2.c.obj               1652    344       0      
       e_powf.c.obj                   1766    24        0      
       s_cosf.c.obj                   822     0         0      
       s_sinf.c.obj                   810     0         0      
       s_atanf.c.obj                  466     32        0      
       e_sqrt.c.obj                   368     0         0      
       e_asinf.c.obj                  358     0         0      
       s_floor.c.obj                  324     0         0      
       e_atan2f.c.obj                 280     0         0      
       s_scalbn.c.obj                 216     0         0      
       s_scalbnf.c.obj                176     0         0      
       e_sqrtf.c.obj                  160     0         0      
       copy_decompress_lzss.c.obj     124     0         0      
       autoinit.c.obj                 60      0         0      
       boot_cortex_m.c.obj            56      0         0      
       copy_zero_init.c.obj           22      0         0      
       copy_decompress_none.c.obj     18      0         0      
       memcpy16.S.obj                 18      0         0      
       aeabi_portable.c.obj           8       0         4      
       exit.c.obj                     6       0         0      
       pre_init.c.obj                 4       0         0      
    +--+------------------------------+-------+---------+---------+
       Total:                         7714    400       4      
                                                               
    E:\2026diansai\ccs\tools\compiler\ti-cgt-armllvm_4.0.4.LTS\lib\armv6m-ti-none-eabi/c/libsysbm.a
       hostexit.c.obj                 4       0         0      
    +--+------------------------------+-------+---------+---------+
       Total:                         4       0         0      
                                                               
    E:\2026diansai\ccs\tools\compiler\ti-cgt-armllvm_4.0.4.LTS\lib\armv6m-ti-none-eabi/libclang_rt.builtins.a
       adddf3.S.obj                   418     0         0      
       addsf3.S.obj                   248     0         0      
       muldf3.S.obj                   244     0         0      
       comparedf2.c.obj               220     0         0      
       mulsf3.S.obj                   156     0         0      
       divsf3.S.obj                   146     0         0      
       comparesf2.S.obj               118     0         0      
       truncdfsf2.S.obj               116     0         0      
       aeabi_dcmp.S.obj               98      0         0      
       aeabi_fcmp.S.obj               98      0         0      
       aeabi_idivmod.S.obj            86      0         0      
       extendsfdf2.S.obj              80      0         0      
       fixdfsi.S.obj                  74      0         0      
       aeabi_uidivmod.S.obj           64      0         0      
       floatsisf.S.obj                60      0         0      
       muldsi3.S.obj                  58      0         0      
       fixsfsi.S.obj                  56      0         0      
       fixunssfsi.S.obj               50      0         0      
       floatsidf.S.obj                44      0         0      
       floatunsisf.S.obj              40      0         0      
       floatunsidf.S.obj              36      0         0      
       aeabi_memcpy.S.obj             8       0         0      
       aeabi_div0.c.obj               2       0         0      
    +--+------------------------------+-------+---------+---------+
       Total:                         2520    0         0      
                                                               
       Stack:                         0       0         512    
       Linker Generated:              0       87        0      
    +--+------------------------------+-------+---------+---------+
       Grand Total:                   28484   2349      1024   


LINKER GENERATED COPY TABLES

__TI_cinit_table @ 000078b0 records: 2, size/record: 8, table size: 16
	.data: load addr=00007868, load size=00000033 bytes, run addr=20200198, run size=0000006a bytes, compression=lzss
	.bss: load addr=000078a8, load size=00000008 bytes, run addr=20200000, run size=00000196 bytes, compression=zero_init


LINKER GENERATED HANDLER TABLE

__TI_handler_table @ 0000789c records: 3, size/record: 4, table size: 12
	index: 0, handler: __TI_decompress_lzss
	index: 1, handler: __TI_decompress_none
	index: 2, handler: __TI_zero_init


FAR CALL TRAMPOLINES

callee name               trampoline name
   callee addr  tramp addr   call addr  call info
--------------  -----------  ---------  ----------------
__aeabi_dadd              $Tramp$TT$L$PI$$__aeabi_dadd
   00001fb7     00006d64     00006d60   libc.a : k_rem_pio2.c.obj (.text.OUTLINED_FUNCTION_0)
                             00006f36          : k_rem_pio2.c.obj (.text.OUTLINED_FUNCTION_1)
                             00006f40          : s_cosf.c.obj (.text.OUTLINED_FUNCTION_3)
                             00006f4a          : s_sinf.c.obj (.text.OUTLINED_FUNCTION_3)
__aeabi_fmul              $Tramp$TT$L$PI$$__aeabi_fmul
   00004751     00006f64     00006f60   libc.a : e_asinf.c.obj (.text.OUTLINED_FUNCTION_0)
                             00006fae          : e_powf.c.obj (.text.OUTLINED_FUNCTION_1)
                             00007004          : e_powf.c.obj (.text.OUTLINED_FUNCTION_0)
                             0000702a          : e_powf.c.obj (.text.OUTLINED_FUNCTION_7)
__aeabi_fdiv              $Tramp$TT$L$PI$$__aeabi_fdiv
   00004b09     00006f7c     00006f78   libc.a : s_atanf.c.obj (.text.OUTLINED_FUNCTION_0)
__aeabi_dmul              $Tramp$TT$L$PI$$__aeabi_dmul
   0000347d     00006f94     00006f90   libc.a : s_cosf.c.obj (.text.OUTLINED_FUNCTION_0)
                             00006fa8          : s_sinf.c.obj (.text.OUTLINED_FUNCTION_0)
                             00006fb4          : s_cosf.c.obj (.text.OUTLINED_FUNCTION_1)
                             00006fba          : s_sinf.c.obj (.text.OUTLINED_FUNCTION_1)
__aeabi_fadd              $Tramp$TT$L$PI$$__aeabi_fadd
   0000371f     00006fc4     00006fc0   libc.a : e_powf.c.obj (.text.OUTLINED_FUNCTION_3)
                             00007008          : s_atanf.c.obj (.text.OUTLINED_FUNCTION_1)
                             0000700c          : e_powf.c.obj (.text.OUTLINED_FUNCTION_2)
                             0000702e          : e_powf.c.obj (.text.OUTLINED_FUNCTION_8)
__aeabi_fsub              $Tramp$TT$L$PI$$__aeabi_fsub
   00003715     00006fdc     00006fd8   libc.a : e_powf.c.obj (.text.OUTLINED_FUNCTION_4)
                             00006ff0          : e_powf.c.obj (.text.OUTLINED_FUNCTION_5)
                             00006ff6          : e_powf.c.obj (.text.OUTLINED_FUNCTION_6)
__aeabi_f2d               $Tramp$TT$L$PI$$__aeabi_f2d
   00005fc9     00007014     00007010   libc.a : s_cosf.c.obj (.text.OUTLINED_FUNCTION_2)
                             00007026          : s_sinf.c.obj (.text.OUTLINED_FUNCTION_2)
_c_int00_noargs           $Tramp$TT$L$PI$$_c_int00_noargs
   0000673d     00007034     00007030   startup_mspm0g350x_ticlang.o (.text.Reset_Handler)

[8 trampolines]
[23 trampoline calls]


GLOBAL SYMBOLS: SORTED ALPHABETICALLY BY Name 

address   name                                    
-------   ----                                    
000050bd  ADC0_IRQHandler                         
000050bd  ADC1_IRQHandler                         
000050bd  AES_IRQHandler                          
00004e79  AJ1_IsPressed                           
202001ed  AJ1_pressed                             
00004eed  AJ2_IsPressed                           
202001ef  AJ2_pressed                             
00004f61  AJ3_IsPressed                           
202001f1  AJ3_pressed                             
00004fd5  AJ4_IsPressed                           
202001f3  AJ4_pressed                             
00005ec9  Bluetooth_Init                          
000026a5  Bluetooth_Task                          
00006ffe  C$$EXIT                                 
000050bd  CANFD0_IRQHandler                       
000050bd  DAC0_IRQHandler                         
00006f25  DL_Common_delayCycles                   
0000699d  DL_SYSCTL_configFCC                     
00003561  DL_SYSCTL_configSYSPLL                  
00005351  DL_SYSCTL_setHFCLKSourceHFXTParams      
00005d31  DL_SYSCTL_switchMCLKfromSYSOSCtoHSCLK   
00002ea9  DL_Timer_initFourCCPWMMode              
000030ad  DL_Timer_initTimerMode                  
00006a29  DL_Timer_setCaptCompUpdateMethod        
00006c35  DL_Timer_setCaptureCompareOutCtl        
00006ee1  DL_Timer_setCaptureCompareValue         
00006a45  DL_Timer_setClockConfig                 
00005b45  DL_UART_init                            
00006e79  DL_UART_setClockConfig                  
000050bd  DMA_IRQHandler                          
000050bd  Default_Handler                         
20200178  EncoderA                                
20200180  EncoderB                                
0000664d  Encoder_GetSpeeds                       
00002c89  Encoder_IRQHandler                      
0000450d  Encoder_Init                            
0000685d  FusionAhrsGetQuaternion                 
00006675  FusionAhrsInitialise                    
00004339  FusionAhrsReset                         
00003995  FusionAhrsSetHeading                    
000027e5  FusionAhrsSetSettings                   
00000dbd  FusionAhrsUpdate                        
00004c0d  FusionAhrsUpdateNoMagnetometer          
00005751  FusionOffsetInitialise                  
00002fad  FusionOffsetUpdate                      
000050bd  GROUP0_IRQHandler                       
00003ea9  GROUP1_IRQHandler                       
00006fff  HOSTexit                                
000050bd  HardFault_Handler                       
000050bd  I2C0_IRQHandler                         
000050bd  I2C1_IRQHandler                         
000050bd  NMI_Handler                             
000055f9  OLED_Clear                              
00007050  OLED_F8x16                              
0000678d  OLED_I2C_Init                           
00003b35  OLED_I2C_SendByte                       
000055a1  OLED_I2C_Start                          
00005d75  OLED_I2C_Stop                           
00004159  OLED_Init                               
0000669d  OLED_Pow                                
00006337  OLED_SetCursor                          
00003be9  OLED_ShowChar                           
00003d4d  OLED_ShowSignedNum                      
00006581  OLED_WriteCommand                       
000065ab  OLED_WriteData                          
000050bd  PendSV_Handler                          
000050bd  RTC_IRQHandler                          
00007031  Reset_Handler                           
000050bd  SPI0_IRQHandler                         
000050bd  SPI1_IRQHandler                         
000050bd  SVC_Handler                             
000014c1  SYSCFG_DL_GPIO_init                     
00004639  SYSCFG_DL_PWM_TB6612_init               
00003395  SYSCFG_DL_SYSCTL_SYSPLL_init            
00004c89  SYSCFG_DL_SYSCTL_init                   
00006045  SYSCFG_DL_TIMER_TICK_init               
00005aad  SYSCFG_DL_UART_BT_init                  
00005f09  SYSCFG_DL_UART_DEBUG_init               
00005f49  SYSCFG_DL_UART_JY901_init               
00006081  SYSCFG_DL_init                          
000046c5  SYSCFG_DL_initPower                     
000050bd  SysTick_Handler                         
00006225  TB6612_Init                             
202001b0  TB6612_MotorA                           
202001b8  TB6612_MotorB                           
00006765  TB6612_SetMotor                         
000063a1  TB6612_SetMotors                        
00006f19  TB6612_Stop                             
000050bd  TIMA0_IRQHandler                        
000050bd  TIMA1_IRQHandler                        
00004b8d  TIMG0_IRQHandler                        
000050bd  TIMG12_IRQHandler                       
000050bd  TIMG6_IRQHandler                        
000050bd  TIMG7_IRQHandler                        
000050bd  TIMG8_IRQHandler                        
00006e8b  TI_memcpy_small                         
000067b1  TimerTick_Init                          
000050bd  UART0_IRQHandler                        
000050bd  UART1_IRQHandler                        
00006471  UART2_IRQHandler                        
000050bd  UART3_IRQHandler                        
20208000  __STACK_END                             
00000200  __STACK_SIZE                            
00000000  __TI_ATRegion0_region_sz                
00000000  __TI_ATRegion0_src_addr                 
00000000  __TI_ATRegion0_trg_addr                 
00000000  __TI_ATRegion1_region_sz                
00000000  __TI_ATRegion1_src_addr                 
00000000  __TI_ATRegion1_trg_addr                 
00000000  __TI_ATRegion2_region_sz                
00000000  __TI_ATRegion2_src_addr                 
00000000  __TI_ATRegion2_trg_addr                 
000078b0  __TI_CINIT_Base                         
000078c0  __TI_CINIT_Limit                        
000078c0  __TI_CINIT_Warm                         
0000789c  __TI_Handler_Table_Base                 
000078a8  __TI_Handler_Table_Limit                
00006171  __TI_auto_init_nobinit_nopinit          
00004d81  __TI_decompress_lzss                    
00006e9d  __TI_decompress_none                    
ffffffff  __TI_pprof_out_hndl                     
ffffffff  __TI_prof_data_size                     
ffffffff  __TI_prof_data_start                    
00000000  __TI_static_base__                      
00006d75  __TI_zero_init_nomemset                 
00001fb7  __adddf3                                
0000371f  __addsf3                                
000050c1  __aeabi_d2f                             
00005af9  __aeabi_d2iz                            
00001fb7  __aeabi_dadd                            
00005419  __aeabi_dcmpeq                          
00005455  __aeabi_dcmpge                          
00005469  __aeabi_dcmpgt                          
00005441  __aeabi_dcmple                          
0000542d  __aeabi_dcmplt                          
0000347d  __aeabi_dmul                            
00001fad  __aeabi_dsub                            
202001c0  __aeabi_errno                           
00006f4d  __aeabi_errno_addr                      
00005fc9  __aeabi_f2d                             
0000625d  __aeabi_f2iz                            
0000643d  __aeabi_f2uiz                           
0000371f  __aeabi_fadd                            
0000547d  __aeabi_fcmpeq                          
000054b9  __aeabi_fcmpge                          
000054cd  __aeabi_fcmpgt                          
000054a5  __aeabi_fcmple                          
00005491  __aeabi_fcmplt                          
00004b09  __aeabi_fdiv                            
00004751  __aeabi_fmul                            
00003715  __aeabi_fsub                            
00006555  __aeabi_i2d                             
000060bd  __aeabi_i2f                             
00005651  __aeabi_idiv                            
000011bf  __aeabi_idiv0                           
00005651  __aeabi_idivmod                         
00006f55  __aeabi_memcpy                          
00006f55  __aeabi_memcpy4                         
00006f55  __aeabi_memcpy8                         
000067d5  __aeabi_ui2d                            
000066c5  __aeabi_ui2f                            
00005f89  __aeabi_uidiv                           
00005f89  __aeabi_uidivmod                        
ffffffff  __binit__                               
000052e9  __cmpdf2                                
000061ad  __cmpsf2                                
00004b09  __divsf3                                
000052e9  __eqdf2                                 
000061ad  __eqsf2                                 
00005fc9  __extendsfdf2                           
00005af9  __fixdfsi                               
0000625d  __fixsfsi                               
0000643d  __fixunssfsi                            
00006555  __floatsidf                             
000060bd  __floatsisf                             
000067d5  __floatunsidf                           
000066c5  __floatunsisf                           
00005049  __gedf2                                 
000060f9  __gesf2                                 
00005049  __gtdf2                                 
000060f9  __gtsf2                                 
00000779  __kernel_rem_pio2                       
000052e9  __ledf2                                 
000061ad  __lesf2                                 
000052e9  __ltdf2                                 
000061ad  __ltsf2                                 
UNDEFED   __mpu_init                              
0000347d  __muldf3                                
000061e9  __muldsi3                               
00004751  __mulsf3                                
000052e9  __nedf2                                 
000061ad  __nesf2                                 
20207e00  __stack                                 
20200000  __start___llvm_prf_bits                 
20200000  __start___llvm_prf_cnts                 
20200000  __stop___llvm_prf_bits                  
20200000  __stop___llvm_prf_cnts                  
00001fad  __subdf3                                
00003715  __subsf3                                
000050c1  __truncdfsf2                            
0000673d  _c_int00_noargs                         
UNDEFED   _system_post_cinit                      
00007045  _system_pre_init                        
00006ff9  abort                                   
000022b1  asinf                                   
00002b71  atan2f                                  
000018a1  atanf                                   
ffffffff  binit                                   
000016cd  cosf                                    
00006a99  delay_ms                                
00002561  floor                                   
00002561  floorl                                  
20200000  gPWM_TB6612Backup                       
20200114  gUART_DEBUGBackup                       
000064a1  gpio_get_level                          
000066ed  gpio_high                               
000058e1  gpio_init                               
00005db9  gpio_low                                
2020016c  imu963_angle                            
202001dc  imu963ra_acc_x                          
202001de  imu963ra_acc_y                          
202001e0  imu963ra_acc_z                          
00006135  imu963ra_attitude_get_euler             
00003a65  imu963ra_attitude_init                  
202001c8  imu963ra_attitude_pitch                 
202001cc  imu963ra_attitude_roll                  
000031a9  imu963ra_attitude_update_with_delta_time
202001d0  imu963ra_attitude_yaw                   
202001f7  imu963ra_device_addr                    
202001f8  imu963ra_diag_ack_6a                    
202001f9  imu963ra_diag_ack_6b                    
202001fa  imu963ra_diag_scl_low                   
202001fb  imu963ra_diag_scl_release               
202001fc  imu963ra_diag_sda_low                   
202001fd  imu963ra_diag_sda_release               
202001fe  imu963ra_diag_who_6a                    
202001ff  imu963ra_diag_who_6b                    
00004d05  imu963ra_get_acc_gyro                   
202001e2  imu963ra_gyro_x                         
202001e4  imu963ra_gyro_y                         
202001e6  imu963ra_gyro_z                         
000011c1  imu963ra_init                           
202001d4  imu963ra_tick_ms                        
202001a4  imu963ra_transition_factor              
20200200  imu963ra_update_flag                    
20200201  imu963ra_who_am_i                       
00000000  interruptVectors                        
20200188  l_speed_now                             
0000363d  ldexp                                   
00003c9d  ldexpf                                  
0000363d  ldexpl                                  
00002a4d  main                                    
000000c1  powf                                    
2020018c  r_speed_now                             
0000363d  scalbn                                  
00003c9d  scalbnf                                 
0000363d  scalbnl                                 
00001a69  sinf                                    
000037ed  soft_iic_init                           
00005135  soft_iic_read_8bit_registers            
000038c3  soft_iic_read_data                      
000053b5  soft_iic_sccb_read_register             
00004dfd  soft_iic_send_ack                       
00003dfb  soft_iic_send_data                      
00005211  soft_iic_start                          
0000527d  soft_iic_stop                           
000047dd  soft_iic_wait_ack                       
00005e85  soft_iic_write_8bit_register            
00002141  sqrt                                    
00004299  sqrtf                                   
00002141  sqrtl                                   


GLOBAL SYMBOLS: SORTED BY Symbol Address 

address   name                                    
-------   ----                                    
00000000  __TI_ATRegion0_region_sz                
00000000  __TI_ATRegion0_src_addr                 
00000000  __TI_ATRegion0_trg_addr                 
00000000  __TI_ATRegion1_region_sz                
00000000  __TI_ATRegion1_src_addr                 
00000000  __TI_ATRegion1_trg_addr                 
00000000  __TI_ATRegion2_region_sz                
00000000  __TI_ATRegion2_src_addr                 
00000000  __TI_ATRegion2_trg_addr                 
00000000  __TI_static_base__                      
00000000  interruptVectors                        
000000c1  powf                                    
00000200  __STACK_SIZE                            
00000779  __kernel_rem_pio2                       
00000dbd  FusionAhrsUpdate                        
000011bf  __aeabi_idiv0                           
000011c1  imu963ra_init                           
000014c1  SYSCFG_DL_GPIO_init                     
000016cd  cosf                                    
000018a1  atanf                                   
00001a69  sinf                                    
00001fad  __aeabi_dsub                            
00001fad  __subdf3                                
00001fb7  __adddf3                                
00001fb7  __aeabi_dadd                            
00002141  sqrt                                    
00002141  sqrtl                                   
000022b1  asinf                                   
00002561  floor                                   
00002561  floorl                                  
000026a5  Bluetooth_Task                          
000027e5  FusionAhrsSetSettings                   
00002a4d  main                                    
00002b71  atan2f                                  
00002c89  Encoder_IRQHandler                      
00002ea9  DL_Timer_initFourCCPWMMode              
00002fad  FusionOffsetUpdate                      
000030ad  DL_Timer_initTimerMode                  
000031a9  imu963ra_attitude_update_with_delta_time
00003395  SYSCFG_DL_SYSCTL_SYSPLL_init            
0000347d  __aeabi_dmul                            
0000347d  __muldf3                                
00003561  DL_SYSCTL_configSYSPLL                  
0000363d  ldexp                                   
0000363d  ldexpl                                  
0000363d  scalbn                                  
0000363d  scalbnl                                 
00003715  __aeabi_fsub                            
00003715  __subsf3                                
0000371f  __addsf3                                
0000371f  __aeabi_fadd                            
000037ed  soft_iic_init                           
000038c3  soft_iic_read_data                      
00003995  FusionAhrsSetHeading                    
00003a65  imu963ra_attitude_init                  
00003b35  OLED_I2C_SendByte                       
00003be9  OLED_ShowChar                           
00003c9d  ldexpf                                  
00003c9d  scalbnf                                 
00003d4d  OLED_ShowSignedNum                      
00003dfb  soft_iic_send_data                      
00003ea9  GROUP1_IRQHandler                       
00004159  OLED_Init                               
00004299  sqrtf                                   
00004339  FusionAhrsReset                         
0000450d  Encoder_Init                            
00004639  SYSCFG_DL_PWM_TB6612_init               
000046c5  SYSCFG_DL_initPower                     
00004751  __aeabi_fmul                            
00004751  __mulsf3                                
000047dd  soft_iic_wait_ack                       
00004b09  __aeabi_fdiv                            
00004b09  __divsf3                                
00004b8d  TIMG0_IRQHandler                        
00004c0d  FusionAhrsUpdateNoMagnetometer          
00004c89  SYSCFG_DL_SYSCTL_init                   
00004d05  imu963ra_get_acc_gyro                   
00004d81  __TI_decompress_lzss                    
00004dfd  soft_iic_send_ack                       
00004e79  AJ1_IsPressed                           
00004eed  AJ2_IsPressed                           
00004f61  AJ3_IsPressed                           
00004fd5  AJ4_IsPressed                           
00005049  __gedf2                                 
00005049  __gtdf2                                 
000050bd  ADC0_IRQHandler                         
000050bd  ADC1_IRQHandler                         
000050bd  AES_IRQHandler                          
000050bd  CANFD0_IRQHandler                       
000050bd  DAC0_IRQHandler                         
000050bd  DMA_IRQHandler                          
000050bd  Default_Handler                         
000050bd  GROUP0_IRQHandler                       
000050bd  HardFault_Handler                       
000050bd  I2C0_IRQHandler                         
000050bd  I2C1_IRQHandler                         
000050bd  NMI_Handler                             
000050bd  PendSV_Handler                          
000050bd  RTC_IRQHandler                          
000050bd  SPI0_IRQHandler                         
000050bd  SPI1_IRQHandler                         
000050bd  SVC_Handler                             
000050bd  SysTick_Handler                         
000050bd  TIMA0_IRQHandler                        
000050bd  TIMA1_IRQHandler                        
000050bd  TIMG12_IRQHandler                       
000050bd  TIMG6_IRQHandler                        
000050bd  TIMG7_IRQHandler                        
000050bd  TIMG8_IRQHandler                        
000050bd  UART0_IRQHandler                        
000050bd  UART1_IRQHandler                        
000050bd  UART3_IRQHandler                        
000050c1  __aeabi_d2f                             
000050c1  __truncdfsf2                            
00005135  soft_iic_read_8bit_registers            
00005211  soft_iic_start                          
0000527d  soft_iic_stop                           
000052e9  __cmpdf2                                
000052e9  __eqdf2                                 
000052e9  __ledf2                                 
000052e9  __ltdf2                                 
000052e9  __nedf2                                 
00005351  DL_SYSCTL_setHFCLKSourceHFXTParams      
000053b5  soft_iic_sccb_read_register             
00005419  __aeabi_dcmpeq                          
0000542d  __aeabi_dcmplt                          
00005441  __aeabi_dcmple                          
00005455  __aeabi_dcmpge                          
00005469  __aeabi_dcmpgt                          
0000547d  __aeabi_fcmpeq                          
00005491  __aeabi_fcmplt                          
000054a5  __aeabi_fcmple                          
000054b9  __aeabi_fcmpge                          
000054cd  __aeabi_fcmpgt                          
000055a1  OLED_I2C_Start                          
000055f9  OLED_Clear                              
00005651  __aeabi_idiv                            
00005651  __aeabi_idivmod                         
00005751  FusionOffsetInitialise                  
000058e1  gpio_init                               
00005aad  SYSCFG_DL_UART_BT_init                  
00005af9  __aeabi_d2iz                            
00005af9  __fixdfsi                               
00005b45  DL_UART_init                            
00005d31  DL_SYSCTL_switchMCLKfromSYSOSCtoHSCLK   
00005d75  OLED_I2C_Stop                           
00005db9  gpio_low                                
00005e85  soft_iic_write_8bit_register            
00005ec9  Bluetooth_Init                          
00005f09  SYSCFG_DL_UART_DEBUG_init               
00005f49  SYSCFG_DL_UART_JY901_init               
00005f89  __aeabi_uidiv                           
00005f89  __aeabi_uidivmod                        
00005fc9  __aeabi_f2d                             
00005fc9  __extendsfdf2                           
00006045  SYSCFG_DL_TIMER_TICK_init               
00006081  SYSCFG_DL_init                          
000060bd  __aeabi_i2f                             
000060bd  __floatsisf                             
000060f9  __gesf2                                 
000060f9  __gtsf2                                 
00006135  imu963ra_attitude_get_euler             
00006171  __TI_auto_init_nobinit_nopinit          
000061ad  __cmpsf2                                
000061ad  __eqsf2                                 
000061ad  __lesf2                                 
000061ad  __ltsf2                                 
000061ad  __nesf2                                 
000061e9  __muldsi3                               
00006225  TB6612_Init                             
0000625d  __aeabi_f2iz                            
0000625d  __fixsfsi                               
00006337  OLED_SetCursor                          
000063a1  TB6612_SetMotors                        
0000643d  __aeabi_f2uiz                           
0000643d  __fixunssfsi                            
00006471  UART2_IRQHandler                        
000064a1  gpio_get_level                          
00006555  __aeabi_i2d                             
00006555  __floatsidf                             
00006581  OLED_WriteCommand                       
000065ab  OLED_WriteData                          
0000664d  Encoder_GetSpeeds                       
00006675  FusionAhrsInitialise                    
0000669d  OLED_Pow                                
000066c5  __aeabi_ui2f                            
000066c5  __floatunsisf                           
000066ed  gpio_high                               
0000673d  _c_int00_noargs                         
00006765  TB6612_SetMotor                         
0000678d  OLED_I2C_Init                           
000067b1  TimerTick_Init                          
000067d5  __aeabi_ui2d                            
000067d5  __floatunsidf                           
0000685d  FusionAhrsGetQuaternion                 
0000699d  DL_SYSCTL_configFCC                     
00006a29  DL_Timer_setCaptCompUpdateMethod        
00006a45  DL_Timer_setClockConfig                 
00006a99  delay_ms                                
00006c35  DL_Timer_setCaptureCompareOutCtl        
00006d75  __TI_zero_init_nomemset                 
00006e79  DL_UART_setClockConfig                  
00006e8b  TI_memcpy_small                         
00006e9d  __TI_decompress_none                    
00006ee1  DL_Timer_setCaptureCompareValue         
00006f19  TB6612_Stop                             
00006f25  DL_Common_delayCycles                   
00006f4d  __aeabi_errno_addr                      
00006f55  __aeabi_memcpy                          
00006f55  __aeabi_memcpy4                         
00006f55  __aeabi_memcpy8                         
00006ff9  abort                                   
00006ffe  C$$EXIT                                 
00006fff  HOSTexit                                
00007031  Reset_Handler                           
00007045  _system_pre_init                        
00007050  OLED_F8x16                              
0000789c  __TI_Handler_Table_Base                 
000078a8  __TI_Handler_Table_Limit                
000078b0  __TI_CINIT_Base                         
000078c0  __TI_CINIT_Limit                        
000078c0  __TI_CINIT_Warm                         
20200000  __start___llvm_prf_bits                 
20200000  __start___llvm_prf_cnts                 
20200000  __stop___llvm_prf_bits                  
20200000  __stop___llvm_prf_cnts                  
20200000  gPWM_TB6612Backup                       
20200114  gUART_DEBUGBackup                       
2020016c  imu963_angle                            
20200178  EncoderA                                
20200180  EncoderB                                
20200188  l_speed_now                             
2020018c  r_speed_now                             
202001a4  imu963ra_transition_factor              
202001b0  TB6612_MotorA                           
202001b8  TB6612_MotorB                           
202001c0  __aeabi_errno                           
202001c8  imu963ra_attitude_pitch                 
202001cc  imu963ra_attitude_roll                  
202001d0  imu963ra_attitude_yaw                   
202001d4  imu963ra_tick_ms                        
202001dc  imu963ra_acc_x                          
202001de  imu963ra_acc_y                          
202001e0  imu963ra_acc_z                          
202001e2  imu963ra_gyro_x                         
202001e4  imu963ra_gyro_y                         
202001e6  imu963ra_gyro_z                         
202001ed  AJ1_pressed                             
202001ef  AJ2_pressed                             
202001f1  AJ3_pressed                             
202001f3  AJ4_pressed                             
202001f7  imu963ra_device_addr                    
202001f8  imu963ra_diag_ack_6a                    
202001f9  imu963ra_diag_ack_6b                    
202001fa  imu963ra_diag_scl_low                   
202001fb  imu963ra_diag_scl_release               
202001fc  imu963ra_diag_sda_low                   
202001fd  imu963ra_diag_sda_release               
202001fe  imu963ra_diag_who_6a                    
202001ff  imu963ra_diag_who_6b                    
20200200  imu963ra_update_flag                    
20200201  imu963ra_who_am_i                       
20207e00  __stack                                 
20208000  __STACK_END                             
ffffffff  __TI_pprof_out_hndl                     
ffffffff  __TI_prof_data_size                     
ffffffff  __TI_prof_data_start                    
ffffffff  __binit__                               
ffffffff  binit                                   
UNDEFED   __mpu_init                              
UNDEFED   _system_post_cinit                      

[271 symbols]
