******************************************************************************
            TI ARM Clang Linker PC v4.0.4                      
******************************************************************************
>> Linked Fri Jul 24 23:08:15 2026

OUTPUT FILE NAME:   <project.out>
ENTRY POINT SYMBOL: "_c_int00_noargs"  address: 00007971


MEMORY CONFIGURATION

         name            origin    length      used     unused   attr    fill
----------------------  --------  ---------  --------  --------  ----  --------
  FLASH                 00000000   00020000  00008710  000178f0  R  X
  SRAM                  20200000   00008000  000003fe  00007c02  RW X
  BCR_CONFIG            41c00000   000000ff  00000000  000000ff  R   
  BSL_CONFIG            41c00100   00000080  00000000  00000080  R   


SEGMENT ALLOCATION MAP

run origin  load origin   length   init length attrs members
----------  ----------- ---------- ----------- ----- -------
00000000    00000000    00008710   00008710    r-x
  00000000    00000000    000000c0   000000c0    r-- .intvecs
  000000c0    000000c0    000082a0   000082a0    r-x .text
  00008360    00008360    00000360   00000360    r-- .rodata
  000086c0    000086c0    00000050   00000050    r-- .cinit
20200000    20200000    000001fe   00000000    rw-
  20200000    20200000    00000194   00000000    rw- .bss
  20200194    20200194    0000006a   00000000    rw- .data
20207e00    20207e00    00000200   00000000    rw-
  20207e00    20207e00    00000200   00000000    rw- .stack


SECTION ALLOCATION MAP

 output                                  attributes/
section   page    origin      length       input sections
--------  ----  ----------  ----------   ----------------
.intvecs   0    00000000    000000c0     
                  00000000    000000c0     startup_mspm0g350x_ticlang.o (.intvecs)

.text      0    000000c0    000082a0     
                  000000c0    000009d0     libc.a : _printfi.c.obj (.text:__TI_printfi)
                  00000a90    000006b8            : e_powf.c.obj (.text.powf)
                  00001148    00000644            : k_rem_pio2.c.obj (.text.__kernel_rem_pio2)
                  0000178c    00000402     FusionAhrs.o (.text.FusionAhrsUpdate)
                  00001b8e    00000002     libclang_rt.builtins.a : aeabi_div0.c.obj (.text.__aeabi_idiv0)
                  00001b90    00000300     zf_device_imu963ra.o (.text.imu963ra_init)
                  00001e90    00000220     libc.a : _printfi.c.obj (.text._pconv_a)
                  000020b0    0000020c     ti_msp_dl_config.o (.text.SYSCFG_DL_GPIO_init)
                  000022bc    000001dc     libc.a : _printfi.c.obj (.text._pconv_g)
                  00002498    000001d4            : s_cosf.c.obj (.text.cosf)
                  0000266c    000001c8            : s_atanf.c.obj (.text.atanf)
                  00002834    000001c8            : s_sinf.c.obj (.text.sinf)
                  000029fc    000001c4     FusionAhrs.o (.text.FusionAhrsHalfMagnetic)
                  00002bc0    000001b8     imu963ra_attitude.o (.text.imu963ra_attitude_calibrate_gyro)
                  00002d78    00000192     libclang_rt.builtins.a : adddf3.S.obj (.text.adddf3_subdf3)
                  00002f0a    00000002                            : aeabi_div0.c.obj (.text.__aeabi_ldiv0)
                  00002f0c    00000170     libc.a : e_sqrt.c.obj (.text.sqrt)
                  0000307c    00000160            : e_asinf.c.obj (.text.asinf)
                  000031dc    00000154     empty.o (.text.main)
                  00003330    0000014e     FusionAhrs.o (.text.FusionQuaternionMultiply)
                  0000347e    00000002     --HOLE-- [fill = 0]
                  00003480    00000144     interrupt.o (.text.GROUP1_IRQHandler)
                  000035c4    00000144     libc.a : s_floor.c.obj (.text.floor)
                  00003708    00000140     bluetooth.o (.text.Bluetooth_Task)
                  00003848    0000013c     libc.a : _printfi.c.obj (.text.fcvt)
                  00003984    00000134     FusionAhrs.o (.text.FusionAhrsSetSettings)
                  00003ab8    00000132     FusionAhrs.o (.text.FusionAhrsHalfGravity)
                  00003bea    00000002     --HOLE-- [fill = 0]
                  00003bec    00000120     libc.a : _printfi.c.obj (.text._pconv_e)
                  00003d0c    00000118            : e_atan2f.c.obj (.text.atan2f)
                  00003e24    0000010c     libclang_rt.builtins.a : divdf3.S.obj (.text.__divdf3)
                  00003f30    0000010a     FusionAhrs.o (.text.FusionQuaternionMultiplyVector)
                  0000403a    00000002     --HOLE-- [fill = 0]
                  0000403c    00000104     driverlib.a : dl_timer.o (.text.DL_Timer_initFourCCPWMMode)
                  00004140    00000100     FusionOffset.o (.text.FusionOffsetUpdate)
                  00004240    000000fc     driverlib.a : dl_timer.o (.text.DL_Timer_initTimerMode)
                  0000433c    000000fc     imu963ra_attitude.o (.text.imu963ra_attitude_update_with_delta_time)
                  00004438    000000ee     imu963ra_attitude.o (.text.FusionQuaternionToEuler)
                  00004526    00000002     --HOLE-- [fill = 0]
                  00004528    000000e8     ti_msp_dl_config.o (.text.SYSCFG_DL_SYSCTL_SYSPLL_init)
                  00004610    000000e4     libclang_rt.builtins.a : muldf3.S.obj (.text.__muldf3)
                  000046f4    000000dc     driverlib.a : dl_sysctl_mspm0g1x0x_g3x0x.o (.text.DL_SYSCTL_configSYSPLL)
                  000047d0    000000d8     libc.a : s_scalbn.c.obj (.text.scalbn)
                  000048a8    000000d8     libclang_rt.builtins.a : addsf3.S.obj (.text)
                  00004980    000000d6     zf_driver_soft_iic.o (.text.soft_iic_init)
                  00004a56    000000d2     zf_driver_soft_iic.o (.text.soft_iic_read_data)
                  00004b28    000000d0     FusionAhrs.o (.text.FusionAhrsSetHeading)
                  00004bf8    000000d0     imu963ra_attitude.o (.text.imu963ra_attitude_init)
                  00004cc8    000000b4     DL_OLED.o (.text.OLED_I2C_SendByte)
                  00004d7c    000000b0     libc.a : s_scalbnf.c.obj (.text.scalbnf)
                  00004e2c    000000ae     zf_driver_soft_iic.o (.text.soft_iic_send_data)
                  00004eda    00000002     --HOLE-- [fill = 0]
                  00004edc    000000ac     libc.a : s_cosf.c.obj (.text.__kernel_sindf)
                  00004f88    000000ac            : s_sinf.c.obj (.text.__kernel_sindf)
                  00005034    000000ac     imu963ra_attitude.o (.text.imu963ra_attitude_get_gyro_range)
                  000050e0    000000a2     libclang_rt.builtins.a : udivmoddi4.S.obj (.text)
                  00005182    00000002     --HOLE-- [fill = 0]
                  00005184    000000a0     DL_OLED.o (.text.OLED_Init)
                  00005224    000000a0     zf_device_imu963ra.o (.text.imu963ra_write_mag_register)
                  000052c4    000000a0     libc.a : e_sqrtf.c.obj (.text.sqrtf)
                  00005364    0000009c     FusionAhrs.o (.text.FusionAhrsReset)
                  00005400    0000009c     libc.a : s_cosf.c.obj (.text.__kernel_cosdf)
                  0000549c    0000009c            : s_sinf.c.obj (.text.__kernel_cosdf)
                  00005538    00000094     FusionAhrs.o (.text.FusionVectorCrossProduct)
                  000055cc    0000008c     ti_msp_dl_config.o (.text.SYSCFG_DL_PWM_TB6612_init)
                  00005658    0000008c     ti_msp_dl_config.o (.text.SYSCFG_DL_initPower)
                  000056e4    0000008c     libclang_rt.builtins.a : mulsf3.S.obj (.text.__mulsf3)
                  00005770    0000008c     zf_driver_soft_iic.o (.text.soft_iic_wait_ack)
                  000057fc    00000088     zf_device_imu963ra.o (.text.imu963ra_read_mag_register)
                  00005884    00000088     tb6612.o (.text.tb6612_apply_motor)
                  0000590c    00000086     FusionAhrs.o (.text.FusionQuaternionNormalise)
                  00005992    00000002     --HOLE-- [fill = 0]
                  00005994    00000084     ti_msp_dl_config.o (.text.__NVIC_SetPriority)
                  00005a18    00000082     FusionAhrs.o (.text.FusionAhrsFeedback)
                  00005a9a    00000002     --HOLE-- [fill = 0]
                  00005a9c    00000082     libclang_rt.builtins.a : divsf3.S.obj (.text.__divsf3)
                  00005b1e    00000002     --HOLE-- [fill = 0]
                  00005b20    00000080     interrupt.o (.text.TIMG0_IRQHandler)
                  00005ba0    0000007c     FusionAhrs.o (.text.FusionAhrsUpdateNoMagnetometer)
                  00005c1c    0000007c     ti_msp_dl_config.o (.text.SYSCFG_DL_SYSCTL_init)
                  00005c98    0000007c     zf_device_imu963ra.o (.text.imu963ra_get_acc_gyro)
                  00005d14    0000007c     libc.a : copy_decompress_lzss.c.obj (.text:decompress:lzss)
                  00005d90    0000007a     zf_driver_soft_iic.o (.text.soft_iic_send_ack)
                  00005e0a    00000002     --HOLE-- [fill = 0]
                  00005e0c    00000074     key.o (.text.AJ1_IsPressed)
                  00005e80    00000074     key.o (.text.AJ2_IsPressed)
                  00005ef4    00000074     key.o (.text.AJ3_IsPressed)
                  00005f68    00000074     key.o (.text.AJ4_IsPressed)
                  00005fdc    00000074     libclang_rt.builtins.a : comparedf2.c.obj (.text.__gedf2)
                  00006050    00000074                            : truncdfsf2.S.obj (.text.__truncdfsf2)
                  000060c4    0000006e     zf_driver_soft_iic.o (.text.soft_iic_read_8bit_registers)
                  00006132    00000002     --HOLE-- [fill = 0]
                  00006134    0000006c     imu963ra_attitude.o (.text.imu963ra_attitude_build_gyro_from_current)
                  000061a0    0000006c     zf_driver_soft_iic.o (.text.soft_iic_start)
                  0000620c    0000006c     zf_driver_soft_iic.o (.text.soft_iic_stop)
                  00006278    00000068     libclang_rt.builtins.a : comparedf2.c.obj (.text.__ledf2)
                  000062e0    00000066     libc.a : _printfi.c.obj (.text._mcpy)
                  00006346    00000002     --HOLE-- [fill = 0]
                  00006348    00000064     driverlib.a : dl_sysctl_mspm0g1x0x_g3x0x.o (.text.DL_SYSCTL_setHFCLKSourceHFXTParams)
                  000063ac    00000064     zf_driver_soft_iic.o (.text.soft_iic_sccb_read_register)
                  00006410    00000062     libclang_rt.builtins.a : aeabi_dcmp.S.obj (.text.__aeabi_dcmp)
                  00006472    00000002     --HOLE-- [fill = 0]
                  00006474    00000062                            : aeabi_fcmp.S.obj (.text.__aeabi_fcmp)
                  000064d6    00000002     --HOLE-- [fill = 0]
                  000064d8    00000060     imu963ra_attitude.o (.text.imu963ra_attitude_build_acc_from_current)
                  00006538    0000005e     FusionAhrs.o (.text.FusionQuaternionAdd)
                  00006596    00000002     --HOLE-- [fill = 0]
                  00006598    0000005c     libc.a : s_frexp.c.obj (.text.frexp)
                  000065f4    00000058     DL_OLED.o (.text.OLED_I2C_Start)
                  0000664c    00000058     libc.a : _ltoa.c.obj (.text.__TI_ltoa)
                  000066a4    00000058            : _printfi.c.obj (.text._pconv_f)
                  000066fc    00000056     DL_OLED.o (.text.OLED_Clear)
                  00006752    00000002     --HOLE-- [fill = 0]
                  00006754    00000056     libclang_rt.builtins.a : aeabi_idivmod.S.obj (.text.__aeabi_idivmod)
                  000067aa    00000002     --HOLE-- [fill = 0]
                  000067ac    00000054     zf_device_imu963ra.o (.text.imu963ra_acc_gyro_self_check)
                  00006800    00000054     imu963ra_attitude.o (.text.imu963ra_attitude_refresh_inertial)
                  00006854    00000052     libc.a : _printfi.c.obj (.text._ecpy)
                  000068a6    00000002     --HOLE-- [fill = 0]
                  000068a8    00000050     FusionOffset.o (.text.FusionOffsetInitialise)
                  000068f8    00000050     FusionAhrs.o (.text.FusionVectorDotProduct)
                  00006948    00000050     FusionAhrs.o (.text.FusionVectorIsZero)
                  00006998    00000050     zf_device_imu963ra.o (.text.imu963ra_connect_mag)
                  000069e8    00000050     zf_device_imu963ra.o (.text.imu963ra_mag_self_check)
                  00006a38    0000004e     zf_driver_gpio.o (.text.gpio_init)
                  00006a86    00000002     --HOLE-- [fill = 0]
                  00006a88    0000004c     ti_msp_dl_config.o (.text.DL_GPIO_initDigitalInputFeatures)
                  00006ad4    0000004c     zf_driver_gpio.o (.text.DL_GPIO_initDigitalInputFeatures)
                  00006b20    0000004c     ti_msp_dl_config.o (.text.DL_UART_setBaudRateDivisor)
                  00006b6c    0000004c     imu963ra_attitude.o (.text.FusionAsin)
                  00006bb8    0000004c     FusionAhrs.o (.text.FusionFastInverseSqrt)
                  00006c04    0000004c     ti_msp_dl_config.o (.text.SYSCFG_DL_UART_BT_init)
                  00006c50    0000004a     libclang_rt.builtins.a : fixdfsi.S.obj (.text.__fixdfsi)
                  00006c9a    00000002     --HOLE-- [fill = 0]
                  00006c9c    00000048     driverlib.a : dl_uart.o (.text.DL_UART_init)
                  00006ce4    00000046     FusionAhrs.o (.text.FusionVectorAdd)
                  00006d2a    00000046     FusionOffset.o (.text.FusionVectorAdd)
                  00006d70    00000046     imu963ra_attitude.o (.text.FusionVectorAdd)
                  00006db6    00000046     FusionOffset.o (.text.FusionVectorSubtract)
                  00006dfc    00000046     imu963ra_attitude.o (.text.FusionVectorSubtract)
                  00006e42    00000046     tb6612.o (.text.tb6612_clamp_speed)
                  00006e88    00000044     driverlib.a : dl_sysctl_mspm0g1x0x_g3x0x.o (.text.DL_SYSCTL_switchMCLKfromSYSOSCtoHSCLK)
                  00006ecc    00000044     DL_OLED.o (.text.OLED_I2C_Stop)
                  00006f10    00000044     zf_driver_gpio.o (.text.gpio_low)
                  00006f54    00000044     tb6612.o (.text.tb6612_get_channel_config)
                  00006f98    00000044     tb6612.o (.text.tb6612_get_max_speed)
                  00006fdc    00000042     zf_driver_soft_iic.o (.text.soft_iic_write_8bit_register)
                  0000701e    00000002     --HOLE-- [fill = 0]
                  00007020    00000040     bluetooth.o (.text.Bluetooth_Init)
                  00007060    00000040     ti_msp_dl_config.o (.text.SYSCFG_DL_UART_DEBUG_init)
                  000070a0    00000040     ti_msp_dl_config.o (.text.SYSCFG_DL_UART_JY901_init)
                  000070e0    00000040     libclang_rt.builtins.a : aeabi_uidivmod.S.obj (.text.__aeabi_uidivmod)
                  00007120    00000040                            : extendsfdf2.S.obj (.text.__extendsfdf2)
                  00007160    00000040     libc.a : atoi.c.obj (.text.atoi)
                  000071a0    0000003c     ti_msp_dl_config.o (.text.DL_Timer_setCounterControl)
                  000071dc    0000003c     ti_msp_dl_config.o (.text.SYSCFG_DL_TIMER_TICK_init)
                  00007218    0000003c     ti_msp_dl_config.o (.text.SYSCFG_DL_init)
                  00007254    0000003c     libclang_rt.builtins.a : floatsisf.S.obj (.text.__floatsisf)
                  00007290    0000003c                            : comparesf2.S.obj (.text.__gtsf2)
                  000072cc    0000003c     imu963ra_attitude.o (.text.imu963ra_attitude_get_euler)
                  00007308    0000003c     libc.a : autoinit.c.obj (.text:__TI_auto_init_nobinit_nopinit)
                  00007344    0000003a     libclang_rt.builtins.a : comparesf2.S.obj (.text.__eqsf2)
                  0000737e    00000002     --HOLE-- [fill = 0]
                  00007380    0000003a                            : muldsi3.S.obj (.text.__muldsi3)
                  000073ba    00000002     --HOLE-- [fill = 0]
                  000073bc    00000038     tb6612.o (.text.TB6612_Init)
                  000073f4    00000038     libclang_rt.builtins.a : fixsfsi.S.obj (.text.__fixsfsi)
                  0000742c    00000038     libc.a : sprintf.c.obj (.text.sprintf)
                  00007464    00000036     FusionAhrs.o (.text.FusionVectorMultiplyScalar)
                  0000749a    00000036     FusionOffset.o (.text.FusionVectorMultiplyScalar)
                  000074d0    00000036     imu963ra_attitude.o (.text.FusionVectorMultiplyScalar)
                  00007506    00000036     DL_OLED.o (.text.OLED_SetCursor)
                  0000753c    00000034     FusionAhrs.o (.text.FusionAhrsClamp)
                  00007570    00000034     tb6612.o (.text.TB6612_SetMotors)
                  000075a4    00000034     tb6612.o (.text.tb6612_get_output_speed)
                  000075d8    00000032     FusionAhrs.o (.text.FusionVectorNormalise)
                  0000760a    00000002     --HOLE-- [fill = 0]
                  0000760c    00000032     libclang_rt.builtins.a : fixunssfsi.S.obj (.text.__fixunssfsi)
                  0000763e    00000002     --HOLE-- [fill = 0]
                  00007640    00000030     driverlib.a : dl_uart.o (.text.DL_UART_transmitDataBlocking)
                  00007670    00000030     bluetooth.o (.text.UART2_IRQHandler)
                  000076a0    00000030     libc.a : _printfi.c.obj (.text._fcpy)
                  000076d0    0000002e     zf_driver_gpio.o (.text.gpio_get_level)
                  000076fe    00000002     --HOLE-- [fill = 0]
                  00007700    0000002c     vofa_debug.o (.text.Uart_DebugSendString)
                  0000772c    0000002c     bluetooth.o (.text.__NVIC_EnableIRQ)
                  00007758    0000002c     empty.o (.text.__NVIC_EnableIRQ)
                  00007784    0000002c     encoder.o (.text.__NVIC_EnableIRQ)
                  000077b0    0000002c     libclang_rt.builtins.a : floatsidf.S.obj (.text.__floatsidf)
                  000077dc    0000002a     DL_OLED.o (.text.OLED_WriteCommand)
                  00007806    0000002a     DL_OLED.o (.text.OLED_WriteData)
                  00007830    00000028     bluetooth.o (.text.DL_Common_updateReg)
                  00007858    00000028     ti_msp_dl_config.o (.text.DL_Common_updateReg)
                  00007880    00000028     bluetooth.o (.text.DL_UART_setRXFIFOThreshold)
                  000078a8    00000028     encoder.o (.text.Encoder_GetSpeeds)
                  000078d0    00000028     FusionAhrs.o (.text.FusionAhrsInitialise)
                  000078f8    00000028     libclang_rt.builtins.a : floatunsisf.S.obj (.text.__floatunsisf)
                  00007920    00000028     zf_driver_gpio.o (.text.gpio_high)
                  00007948    00000028     zf_driver_gpio.o (.text.gpio_port)
                  00007970    00000028     libc.a : boot_cortex_m.c.obj (.text:_c_int00_noargs)
                  00007998    00000026     tb6612.o (.text.TB6612_SetMotor)
                  000079be    00000002     --HOLE-- [fill = 0]
                  000079c0    00000024     DL_OLED.o (.text.OLED_I2C_Init)
                  000079e4    00000024     empty.o (.text.TimerTick_Init)
                  00007a08    00000024     libclang_rt.builtins.a : floatunsidf.S.obj (.text.__floatunsidf)
                  00007a2c    00000024                            : muldi3.S.obj (.text.__muldi3)
                  00007a50    00000022     zf_driver_gpio.o (.text.gpio_mask)
                  00007a72    00000022     libc.a : memccpy.c.obj (.text.memccpy)
                  00007a94    00000020     ti_msp_dl_config.o (.text.DL_GPIO_initPeripheralInputFunction)
                  00007ab4    00000020     ti_msp_dl_config.o (.text.DL_SYSCTL_setFlashWaitState)
                  00007ad4    00000020     encoder.o (.text.Encoder_Init)
                  00007af4    00000020     FusionAhrs.o (.text.FusionAhrsGetQuaternion)
                  00007b14    00000020     zf_driver_gpio.o (.text.gpio_iomux)
                  00007b34    0000001e     ti_msp_dl_config.o (.text.DL_UART_setOversampling)
                  00007b52    0000001e     FusionAhrs.o (.text.FusionVectorMagnitudeSquared)
                  00007b70    0000001e     libclang_rt.builtins.a : ashldi3.S.obj (.text.__ashldi3)
                  00007b8e    00000002     --HOLE-- [fill = 0]
                  00007b90    0000001c     interrupt.o (.text.DL_GPIO_clearInterruptStatus)
                  00007bac    0000001c     ti_msp_dl_config.o (.text.DL_GPIO_clearInterruptStatus)
                  00007bc8    0000001c     ti_msp_dl_config.o (.text.DL_GPIO_enableInterrupt)
                  00007be4    0000001c     ti_msp_dl_config.o (.text.DL_GPIO_initPeripheralOutputFunction)
                  00007c00    0000001c     ti_msp_dl_config.o (.text.DL_GPIO_setLowerPinsPolarity)
                  00007c1c    0000001c     driverlib.a : dl_sysctl_mspm0g1x0x_g3x0x.o (.text.DL_SYSCTL_configFCC)
                  00007c38    0000001c     ti_msp_dl_config.o (.text.DL_SYSCTL_setFCCPeriods)
                  00007c54    0000001c     ti_msp_dl_config.o (.text.DL_SYSCTL_setSYSOSCFreq)
                  00007c70    0000001c     ti_msp_dl_config.o (.text.DL_SYSCTL_setULPCLKDivider)
                  00007c8c    0000001c     ti_msp_dl_config.o (.text.DL_Timer_enableInterrupt)
                  00007ca8    0000001c     driverlib.a : dl_timer.o (.text.DL_Timer_setCaptCompUpdateMethod)
                  00007cc4    0000001c                 : dl_timer.o (.text.DL_Timer_setClockConfig)
                  00007ce0    0000001c     bluetooth.o (.text.DL_UART_enableInterrupt)
                  00007cfc    0000001c     ti_msp_dl_config.o (.text.DL_UART_enableInterrupt)
                  00007d18    0000001c     delay.o (.text.delay_ms)
                  00007d34    00000018     ti_msp_dl_config.o (.text.DL_GPIO_enableOutput)
                  00007d4c    00000018     zf_driver_gpio.o (.text.DL_GPIO_enableOutput)
                  00007d64    00000018     ti_msp_dl_config.o (.text.DL_GPIO_enablePower)
                  00007d7c    00000018     interrupt.o (.text.DL_GPIO_getEnabledInterruptStatus)
                  00007d94    00000018     ti_msp_dl_config.o (.text.DL_GPIO_initDigitalOutput)
                  00007dac    00000018     ti_msp_dl_config.o (.text.DL_GPIO_initPeripheralAnalogFunction)
                  00007dc4    00000018     ti_msp_dl_config.o (.text.DL_GPIO_reset)
                  00007ddc    00000018     DL_OLED.o (.text.DL_GPIO_setPins)
                  00007df4    00000018     tb6612.o (.text.DL_GPIO_setPins)
                  00007e0c    00000018     ti_msp_dl_config.o (.text.DL_GPIO_setUpperPinsPolarity)
                  00007e24    00000018     ti_msp_dl_config.o (.text.DL_SYSCTL_setBORThreshold)
                  00007e3c    00000018     empty.o (.text.DL_Timer_clearInterruptStatus)
                  00007e54    00000018     interrupt.o (.text.DL_Timer_clearInterruptStatus)
                  00007e6c    00000018     ti_msp_dl_config.o (.text.DL_Timer_enablePower)
                  00007e84    00000018     ti_msp_dl_config.o (.text.DL_Timer_reset)
                  00007e9c    00000018     driverlib.a : dl_timer.o (.text.DL_Timer_setCaptureCompareOutCtl)
                  00007eb4    00000018     empty.o (.text.DL_Timer_startCounter)
                  00007ecc    00000018     tb6612.o (.text.DL_Timer_startCounter)
                  00007ee4    00000018     bluetooth.o (.text.DL_UART_enableFIFOs)
                  00007efc    00000018     ti_msp_dl_config.o (.text.DL_UART_enablePower)
                  00007f14    00000018     ti_msp_dl_config.o (.text.DL_UART_reset)
                  00007f2c    00000018     FusionAhrs.o (.text.FusionDegreesToRadians)
                  00007f44    00000018     imu963ra_attitude.o (.text.FusionRadiansToDegrees)
                  00007f5c    00000018     libc.a : sprintf.c.obj (.text._outs)
                  00007f74    00000016     interrupt.o (.text.DL_GPIO_readPins)
                  00007f8a    00000016     key.o (.text.DL_GPIO_readPins)
                  00007fa0    00000016     zf_driver_gpio.o (.text.DL_GPIO_readPins)
                  00007fb6    00000016     ti_msp_dl_config.o (.text.DL_UART_enable)
                  00007fcc    00000016     libc.a : k_rem_pio2.c.obj (.text.OUTLINED_FUNCTION_0)
                  00007fe2    00000002     --HOLE-- [fill = 0]
                  00007fe4    00000010     libclang_rt.builtins.a : adddf3.S.obj (.tramp.__aeabi_dadd.1)
                  00007ff4    00000016     libc.a : copy_zero_init.c.obj (.text:decompress:ZI:__TI_zero_init_nomemset)
                  0000800a    00000014     DL_OLED.o (.text.DL_GPIO_clearPins)
                  0000801e    00000014     tb6612.o (.text.DL_GPIO_clearPins)
                  00008032    00000014     ti_msp_dl_config.o (.text.DL_GPIO_clearPins)
                  00008046    00000014     zf_driver_gpio.o (.text.DL_GPIO_clearPins)
                  0000805a    00000014     zf_driver_gpio.o (.text.DL_GPIO_disableOutput)
                  0000806e    00000002     --HOLE-- [fill = 0]
                  00008070    00000014     ti_msp_dl_config.o (.text.DL_SYSCTL_disableSYSPLL)
                  00008084    00000014     ti_msp_dl_config.o (.text.DL_SYSCTL_enableSYSPLL)
                  00008098    00000014     ti_msp_dl_config.o (.text.DL_Timer_enableClock)
                  000080ac    00000014     ti_msp_dl_config.o (.text.DL_Timer_setCCPDirection)
                  000080c0    00000014     bluetooth.o (.text.DL_UART_receiveData)
                  000080d4    00000014     libclang_rt.builtins.a : aeabi_uldivmod.S.obj (.text.__aeabi_uldivmod)
                  000080e8    00000014     libc.a : _printfi.c.obj (.text.strchr)
                  000080fc    00000012     interrupt.o (.text.DL_Timer_getPendingInterrupt)
                  0000810e    00000012     bluetooth.o (.text.DL_UART_getPendingInterrupt)
                  00008120    00000012     driverlib.a : dl_uart.o (.text.DL_UART_setClockConfig)
                  00008132    00000012     libc.a : memcpy16.S.obj (.text:TI_memcpy_small)
                  00008144    00000012            : copy_decompress_none.c.obj (.text:decompress:none)
                  00008156    00000002     --HOLE-- [fill = 0]
                  00008158    00000010     ti_msp_dl_config.o (.text.DL_SYSCTL_disableHFXT)
                  00008168    00000010     ti_msp_dl_config.o (.text.DL_SYSCTL_isFCCDone)
                  00008178    00000010     ti_msp_dl_config.o (.text.DL_SYSCTL_startFCC)
                  00008188    00000010     driverlib.a : dl_timer.o (.text.DL_Timer_setCaptureCompareValue)
                  00008198    00000010     libc.a : k_rem_pio2.c.obj (.text.OUTLINED_FUNCTION_2)
                  000081a8    00000010            : wcslen.c.obj (.text.wcslen)
                  000081b8    0000000e     libclang_rt.builtins.a : aeabi_memset.S.obj (.text.__aeabi_memset)
                  000081c6    0000000e     libc.a : _printfi.c.obj (.text.strlen)
                  000081d4    0000000e            : memset16.S.obj (.text:TI_memset_small)
                  000081e2    00000002     --HOLE-- [fill = 0]
                  000081e4    0000000c     ti_msp_dl_config.o (.text.DL_SYSCTL_getClockStatus)
                  000081f0    0000000c     ti_msp_dl_config.o (.text.DL_SYSCTL_readFCC)
                  000081fc    0000000c     tb6612.o (.text.TB6612_Stop)
                  00008208    0000000a     driverlib.a : dl_common.o (.text.DL_Common_delayCycles)
                  00008212    0000000a     libc.a : _printfi.c.obj (.text.OUTLINED_FUNCTION_0)
                  0000821c    00000010     libclang_rt.builtins.a : adddf3.S.obj (.tramp.__aeabi_dsub.1)
                  0000822c    0000000a     libc.a : _printfi.c.obj (.text.OUTLINED_FUNCTION_1)
                  00008236    0000000a            : k_rem_pio2.c.obj (.text.OUTLINED_FUNCTION_1)
                  00008240    0000000a            : s_cosf.c.obj (.text.OUTLINED_FUNCTION_3)
                  0000824a    0000000a            : s_sinf.c.obj (.text.OUTLINED_FUNCTION_3)
                  00008254    0000000a            : sprintf.c.obj (.text._outc)
                  0000825e    00000002     --HOLE-- [fill = 0]
                  00008260    00000008            : aeabi_portable.c.obj (.text.__aeabi_errno_addr)
                  00008268    00000008     libclang_rt.builtins.a : aeabi_memcpy.S.obj (.text.__aeabi_memcpy)
                  00008270    00000006     libc.a : e_asinf.c.obj (.text.OUTLINED_FUNCTION_0)
                  00008276    00000002     --HOLE-- [fill = 0]
                  00008278    00000010     libclang_rt.builtins.a : mulsf3.S.obj (.tramp.__aeabi_fmul.1)
                  00008288    00000006     libc.a : s_atanf.c.obj (.text.OUTLINED_FUNCTION_0)
                  0000828e    00000002     --HOLE-- [fill = 0]
                  00008290    00000010     libclang_rt.builtins.a : divsf3.S.obj (.tramp.__aeabi_fdiv.1)
                  000082a0    00000006     libc.a : s_cosf.c.obj (.text.OUTLINED_FUNCTION_0)
                  000082a6    00000002     --HOLE-- [fill = 0]
                  000082a8    00000010     libclang_rt.builtins.a : muldf3.S.obj (.tramp.__aeabi_dmul.1)
                  000082b8    00000006     libc.a : s_sinf.c.obj (.text.OUTLINED_FUNCTION_0)
                  000082be    00000006            : e_powf.c.obj (.text.OUTLINED_FUNCTION_1)
                  000082c4    00000006            : s_cosf.c.obj (.text.OUTLINED_FUNCTION_1)
                  000082ca    00000006            : s_sinf.c.obj (.text.OUTLINED_FUNCTION_1)
                  000082d0    00000006            : e_powf.c.obj (.text.OUTLINED_FUNCTION_3)
                  000082d6    00000002     --HOLE-- [fill = 0]
                  000082d8    00000010     libclang_rt.builtins.a : addsf3.S.obj (.tramp.__aeabi_fadd.1)
                  000082e8    00000006     libc.a : e_powf.c.obj (.text.OUTLINED_FUNCTION_4)
                  000082ee    00000002     --HOLE-- [fill = 0]
                  000082f0    00000010     libclang_rt.builtins.a : addsf3.S.obj (.tramp.__aeabi_fsub.1)
                  00008300    00000006     libc.a : e_powf.c.obj (.text.OUTLINED_FUNCTION_5)
                  00008306    00000006            : e_powf.c.obj (.text.OUTLINED_FUNCTION_6)
                  0000830c    00000006            : exit.c.obj (.text:abort)
                  00008312    00000004     startup_mspm0g350x_ticlang.o (.text.Default_Handler)
                  00008316    00000004     libsysbm.a : hostexit.c.obj (.text.HOSTexit)
                  0000831a    00000004     libc.a : e_powf.c.obj (.text.OUTLINED_FUNCTION_0)
                  0000831e    00000004            : s_atanf.c.obj (.text.OUTLINED_FUNCTION_1)
                  00008322    00000004            : e_powf.c.obj (.text.OUTLINED_FUNCTION_2)
                  00008326    00000004            : s_cosf.c.obj (.text.OUTLINED_FUNCTION_2)
                  0000832a    00000002     --HOLE-- [fill = 0]
                  0000832c    00000010     libclang_rt.builtins.a : extendsfdf2.S.obj (.tramp.__aeabi_f2d.1)
                  0000833c    00000004     libc.a : s_sinf.c.obj (.text.OUTLINED_FUNCTION_2)
                  00008340    00000004            : e_powf.c.obj (.text.OUTLINED_FUNCTION_7)
                  00008344    00000004            : e_powf.c.obj (.text.OUTLINED_FUNCTION_8)
                  00008348    00000004     startup_mspm0g350x_ticlang.o (.text.Reset_Handler)
                  0000834c    00000010     libc.a : boot_cortex_m.c.obj (.tramp._c_int00_noargs.1)
                  0000835c    00000004            : pre_init.c.obj (.text._system_pre_init)

.cinit     0    000086c0    00000050     
                  000086c0    0000002c     (.cinit..data.load) [load image, compression = lzss]
                  000086ec    0000000c     (__TI_handler_table)
                  000086f8    00000008     (.cinit..bss.load) [load image, compression = zero_init]
                  00008700    00000010     (__TI_cinit_table)

.rodata    0    00008360    00000360     
                  00008360    00000108     libc.a : k_rem_pio2.c.obj (.rodata.ipio2)
                  00008468    00000008     ti_msp_dl_config.o (.rodata.gPWM_TB6612Config)
                  00008470    00000101     libc.a : aeabi_ctype.S.obj (.rodata:__aeabi_ctype_table_)
                  00008571    00000003     ti_msp_dl_config.o (.rodata.gPWM_TB6612ClockConfig)
                  00008574    00000003     ti_msp_dl_config.o (.rodata.gTIMER_TICKClockConfig)
                  00008577    00000001     --HOLE-- [fill = 0]
                  00008578    00000040     libc.a : k_rem_pio2.c.obj (.rodata.PIo2)
                  000085b8    00000028     ti_msp_dl_config.o (.rodata.gSYSPLLConfig)
                  000085e0    00000020     libc.a : s_atanf.c.obj (.rodata.cst16)
                  00008600    00000020     empty.o (.rodata.str1.9517790425240694019.1)
                  00008620    00000018     FusionAhrs.o (.rodata..L__const.FusionAhrsInitialise.settings)
                  00008638    00000018     libc.a : e_powf.c.obj (.rodata.cst8)
                  00008650    00000014     ti_msp_dl_config.o (.rodata.gTIMER_TICKTimerConfig)
                  00008664    00000011     libc.a : _printfi.c.obj (.rodata.str1.10348868589481759720.1)
                  00008675    00000011            : _printfi.c.obj (.rodata.str1.15363888844622738466.1)
                  00008686    00000002     ti_msp_dl_config.o (.rodata.gUART_BTClockConfig)
                  00008688    00000010     libc.a : k_rem_pio2.c.obj (.rodata.cst16)
                  00008698    0000000a     ti_msp_dl_config.o (.rodata.gUART_BTConfig)
                  000086a2    0000000a     ti_msp_dl_config.o (.rodata.gUART_DEBUGConfig)
                  000086ac    0000000a     ti_msp_dl_config.o (.rodata.gUART_JY901Config)
                  000086b6    00000002     ti_msp_dl_config.o (.rodata.gUART_DEBUGClockConfig)
                  000086b8    00000002     ti_msp_dl_config.o (.rodata.gUART_JY901ClockConfig)
                  000086ba    00000006     --HOLE-- [fill = 0]

.init_array 
*          0    00000000    00000000     UNINITIALIZED

.binit     0    00000000    00000000     

.bss       0    20200000    00000194     UNINITIALIZED
                  20200000    000000a0     (.common:gPWM_TB6612Backup)
                  202000a0    00000074     imu963ra_attitude.o (.bss.imu963ra_fusion_ahrs)
                  20200114    00000030     (.common:gUART_DEBUGBackup)
                  20200144    00000018     imu963ra_attitude.o (.bss.imu963ra_fusion_offset)
                  2020015c    00000010     zf_device_imu963ra.o (.bss.imu963ra_iic_struct)
                  2020016c    0000000c     (.common:imu963_angle)
                  20200178    00000008     (.common:EncoderA)
                  20200180    00000008     (.common:EncoderB)
                  20200188    00000004     (.common:l_speed_now)
                  2020018c    00000004     (.common:r_speed_now)
                  20200190    00000001     bluetooth.o (.bss.bt_cmd)
                  20200191    00000001     bluetooth.o (.bss.bt_cmd_ready)
                  20200192    00000001     empty.o (.bss.imu963ra_init_state)
                  20200193    00000001     empty.o (.bss.imu963ra_ready)

.data      0    20200194    0000006a     UNINITIALIZED
                  20200194    0000000c     imu963ra_attitude.o (.data.imu963ra_attitude_gyro_bias)
                  202001a0    0000000c     zf_device_imu963ra.o (.data.imu963ra_transition_factor)
                  202001ac    00000008     tb6612.o (.data.TB6612_MotorA)
                  202001b4    00000008     tb6612.o (.data.TB6612_MotorB)
                  202001bc    00000004     libc.a : aeabi_portable.c.obj (.data.__aeabi_errno)
                  202001c0    00000004     imu963ra_attitude.o (.data.imu963ra_attitude_delta_time)
                  202001c4    00000004     imu963ra_attitude.o (.data.imu963ra_attitude_pitch)
                  202001c8    00000004     imu963ra_attitude.o (.data.imu963ra_attitude_roll)
                  202001cc    00000004     imu963ra_attitude.o (.data.imu963ra_attitude_yaw)
                  202001d0    00000004     interrupt.o (.data.imu963ra_tick_ms)
                  202001d4    00000004     empty.o (.data.main.last_imu_update_ms)
                  202001d8    00000002     zf_device_imu963ra.o (.data.imu963ra_acc_x)
                  202001da    00000002     zf_device_imu963ra.o (.data.imu963ra_acc_y)
                  202001dc    00000002     zf_device_imu963ra.o (.data.imu963ra_acc_z)
                  202001de    00000002     zf_device_imu963ra.o (.data.imu963ra_gyro_x)
                  202001e0    00000002     zf_device_imu963ra.o (.data.imu963ra_gyro_y)
                  202001e2    00000002     zf_device_imu963ra.o (.data.imu963ra_gyro_z)
                  202001e4    00000002     empty.o (.data.main.left_speed_load)
                  202001e6    00000002     empty.o (.data.main.right_speed_load)
                  202001e8    00000001     key.o (.data.AJ1_IsPressed.debounce_cnt)
                  202001e9    00000001     key.o (.data.AJ1_pressed)
                  202001ea    00000001     key.o (.data.AJ2_IsPressed.debounce_cnt)
                  202001eb    00000001     key.o (.data.AJ2_pressed)
                  202001ec    00000001     key.o (.data.AJ3_IsPressed.debounce_cnt)
                  202001ed    00000001     key.o (.data.AJ3_pressed)
                  202001ee    00000001     key.o (.data.AJ4_IsPressed.debounce_cnt)
                  202001ef    00000001     key.o (.data.AJ4_pressed)
                  202001f0    00000001     interrupt.o (.data.TIMG0_IRQHandler.tick_100ms)
                  202001f1    00000001     interrupt.o (.data.TIMG0_IRQHandler.tick_10ms)
                  202001f2    00000001     imu963ra_attitude.o (.data.imu963ra_attitude_ready)
                  202001f3    00000001     zf_device_imu963ra.o (.data.imu963ra_device_addr)
                  202001f4    00000001     zf_device_imu963ra.o (.data.imu963ra_diag_ack_6a)
                  202001f5    00000001     zf_device_imu963ra.o (.data.imu963ra_diag_ack_6b)
                  202001f6    00000001     zf_device_imu963ra.o (.data.imu963ra_diag_scl_low)
                  202001f7    00000001     zf_device_imu963ra.o (.data.imu963ra_diag_scl_release)
                  202001f8    00000001     zf_device_imu963ra.o (.data.imu963ra_diag_sda_low)
                  202001f9    00000001     zf_device_imu963ra.o (.data.imu963ra_diag_sda_release)
                  202001fa    00000001     zf_device_imu963ra.o (.data.imu963ra_diag_who_6a)
                  202001fb    00000001     zf_device_imu963ra.o (.data.imu963ra_diag_who_6b)
                  202001fc    00000001     interrupt.o (.data.imu963ra_update_flag)
                  202001fd    00000001     zf_device_imu963ra.o (.data.imu963ra_who_am_i)

.stack     0    20207e00    00000200     UNINITIALIZED
                  20207e00    00000004     libc.a : boot_cortex_m.c.obj (.stack)
                  20207e04    000001fc     --HOLE--

__llvm_prf_cnts 
*          0    20200000    00000000     UNINITIALIZED

__llvm_prf_bits 
*          0    20200000    00000000     UNINITIALIZED

MODULE SUMMARY

       Module                         code    ro data   rw data
       ------                         ----    -------   -------
    .\
       ti_msp_dl_config.o             2672    110       208    
       DL_OLED.o                      800     0         0      
       bluetooth.o                    646     0         2      
       tb6612.o                       620     0         16     
       interrupt.o                    568     0         7      
       empty.o                        468     32        30     
       key.o                          486     0         8      
       startup_mspm0g350x_ticlang.o   8       192       0      
       encoder.o                      116     0         16     
       vofa_debug.o                   44      0         0      
       delay.o                        28      0         0      
    +--+------------------------------+-------+---------+---------+
       Total:                         6456    334       287    
                                                               
    .\imu963\
       FusionAhrs.o                   4274    24        0      
       imu963ra_attitude.o            1952    0         169    
       zf_device_imu963ra.o           1432    0         50     
       zf_driver_soft_iic.o           1352    0         0      
       FusionOffset.o                 530     0         0      
       zf_driver_gpio.o               500     0         0      
    +--+------------------------------+-------+---------+---------+
       Total:                         10040   24        219    
                                                               
    E:/2026diansai/mspm0_sdk_2_10_00_04/source/ti/driverlib/lib/ticlang/m0p/mspm0g1x0x_g3x0x/driverlib.a
       dl_timer.o                     608     0         0      
       dl_sysctl_mspm0g1x0x_g3x0x.o   416     0         0      
       dl_uart.o                      138     0         0      
       dl_common.o                    10      0         0      
    +--+------------------------------+-------+---------+---------+
       Total:                         1172    0         0      
                                                               
    E:\2026diansai\ccs\tools\compiler\ti-cgt-armllvm_4.0.4.LTS\lib\armv6m-ti-none-eabi/c/libc.a
       _printfi.c.obj                 4510    34        0      
       k_rem_pio2.c.obj               1652    344       0      
       e_powf.c.obj                   1766    24        0      
       s_cosf.c.obj                   822     0         0      
       s_sinf.c.obj                   810     0         0      
       s_atanf.c.obj                  466     32        0      
       e_sqrt.c.obj                   368     0         0      
       e_asinf.c.obj                  358     0         0      
       s_floor.c.obj                  324     0         0      
       e_atan2f.c.obj                 280     0         0      
       aeabi_ctype.S.obj              0       257       0      
       s_scalbn.c.obj                 216     0         0      
       s_scalbnf.c.obj                176     0         0      
       e_sqrtf.c.obj                  160     0         0      
       copy_decompress_lzss.c.obj     124     0         0      
       s_frexp.c.obj                  92      0         0      
       sprintf.c.obj                  90      0         0      
       _ltoa.c.obj                    88      0         0      
       atoi.c.obj                     64      0         0      
       autoinit.c.obj                 60      0         0      
       boot_cortex_m.c.obj            56      0         0      
       memccpy.c.obj                  34      0         0      
       copy_zero_init.c.obj           22      0         0      
       copy_decompress_none.c.obj     18      0         0      
       memcpy16.S.obj                 18      0         0      
       wcslen.c.obj                   16      0         0      
       memset16.S.obj                 14      0         0      
       aeabi_portable.c.obj           8       0         4      
       exit.c.obj                     6       0         0      
       pre_init.c.obj                 4       0         0      
    +--+------------------------------+-------+---------+---------+
       Total:                         12622   691       4      
                                                               
    E:\2026diansai\ccs\tools\compiler\ti-cgt-armllvm_4.0.4.LTS\lib\armv6m-ti-none-eabi/c/libsysbm.a
       hostexit.c.obj                 4       0         0      
    +--+------------------------------+-------+---------+---------+
       Total:                         4       0         0      
                                                               
    E:\2026diansai\ccs\tools\compiler\ti-cgt-armllvm_4.0.4.LTS\lib\armv6m-ti-none-eabi/libclang_rt.builtins.a
       adddf3.S.obj                   434     0         0      
       divdf3.S.obj                   268     0         0      
       addsf3.S.obj                   248     0         0      
       muldf3.S.obj                   244     0         0      
       comparedf2.c.obj               220     0         0      
       udivmoddi4.S.obj               162     0         0      
       mulsf3.S.obj                   156     0         0      
       divsf3.S.obj                   146     0         0      
       comparesf2.S.obj               118     0         0      
       truncdfsf2.S.obj               116     0         0      
       aeabi_dcmp.S.obj               98      0         0      
       aeabi_fcmp.S.obj               98      0         0      
       aeabi_idivmod.S.obj            86      0         0      
       extendsfdf2.S.obj              80      0         0      
       fixdfsi.S.obj                  74      0         0      
       aeabi_uidivmod.S.obj           64      0         0      
       floatsisf.S.obj                60      0         0      
       muldsi3.S.obj                  58      0         0      
       fixsfsi.S.obj                  56      0         0      
       fixunssfsi.S.obj               50      0         0      
       floatsidf.S.obj                44      0         0      
       floatunsisf.S.obj              40      0         0      
       floatunsidf.S.obj              36      0         0      
       muldi3.S.obj                   36      0         0      
       ashldi3.S.obj                  30      0         0      
       aeabi_uldivmod.S.obj           20      0         0      
       aeabi_memset.S.obj             14      0         0      
       aeabi_memcpy.S.obj             8       0         0      
       aeabi_div0.c.obj               4       0         0      
    +--+------------------------------+-------+---------+---------+
       Total:                         3068    0         0      
                                                               
       Stack:                         0       0         512    
       Linker Generated:              0       80        0      
    +--+------------------------------+-------+---------+---------+
       Grand Total:                   33362   1129      1022   


LINKER GENERATED COPY TABLES

__TI_cinit_table @ 00008700 records: 2, size/record: 8, table size: 16
	.data: load addr=000086c0, load size=0000002c bytes, run addr=20200194, run size=0000006a bytes, compression=lzss
	.bss: load addr=000086f8, load size=00000008 bytes, run addr=20200000, run size=00000194 bytes, compression=zero_init


LINKER GENERATED HANDLER TABLE

__TI_handler_table @ 000086ec records: 3, size/record: 4, table size: 12
	index: 0, handler: __TI_decompress_lzss
	index: 1, handler: __TI_decompress_none
	index: 2, handler: __TI_zero_init


FAR CALL TRAMPOLINES

callee name               trampoline name
   callee addr  tramp addr   call addr  call info
--------------  -----------  ---------  ----------------
__aeabi_dadd              $Tramp$TT$L$PI$$__aeabi_dadd
   00002d83     00007fe4     00007fe0   libc.a : k_rem_pio2.c.obj (.text.OUTLINED_FUNCTION_0)
                             0000823e          : k_rem_pio2.c.obj (.text.OUTLINED_FUNCTION_1)
                             00008248          : s_cosf.c.obj (.text.OUTLINED_FUNCTION_3)
                             00008252          : s_sinf.c.obj (.text.OUTLINED_FUNCTION_3)
__aeabi_dsub              $Tramp$TT$L$PI$$__aeabi_dsub
   00002d79     0000821c     0000821a   libc.a : _printfi.c.obj (.text.OUTLINED_FUNCTION_0)
__aeabi_fmul              $Tramp$TT$L$PI$$__aeabi_fmul
   000056e5     00008278     00008274   libc.a : e_asinf.c.obj (.text.OUTLINED_FUNCTION_0)
                             000082c2          : e_powf.c.obj (.text.OUTLINED_FUNCTION_1)
                             0000831c          : e_powf.c.obj (.text.OUTLINED_FUNCTION_0)
                             00008342          : e_powf.c.obj (.text.OUTLINED_FUNCTION_7)
__aeabi_fdiv              $Tramp$TT$L$PI$$__aeabi_fdiv
   00005a9d     00008290     0000828c   libc.a : s_atanf.c.obj (.text.OUTLINED_FUNCTION_0)
__aeabi_dmul              $Tramp$TT$L$PI$$__aeabi_dmul
   00004611     000082a8     000082a4   libc.a : s_cosf.c.obj (.text.OUTLINED_FUNCTION_0)
                             000082bc          : s_sinf.c.obj (.text.OUTLINED_FUNCTION_0)
                             000082c8          : s_cosf.c.obj (.text.OUTLINED_FUNCTION_1)
                             000082ce          : s_sinf.c.obj (.text.OUTLINED_FUNCTION_1)
__aeabi_fadd              $Tramp$TT$L$PI$$__aeabi_fadd
   000048b3     000082d8     000082d4   libc.a : e_powf.c.obj (.text.OUTLINED_FUNCTION_3)
                             00008320          : s_atanf.c.obj (.text.OUTLINED_FUNCTION_1)
                             00008324          : e_powf.c.obj (.text.OUTLINED_FUNCTION_2)
                             00008346          : e_powf.c.obj (.text.OUTLINED_FUNCTION_8)
__aeabi_fsub              $Tramp$TT$L$PI$$__aeabi_fsub
   000048a9     000082f0     000082ec   libc.a : e_powf.c.obj (.text.OUTLINED_FUNCTION_4)
                             00008304          : e_powf.c.obj (.text.OUTLINED_FUNCTION_5)
                             0000830a          : e_powf.c.obj (.text.OUTLINED_FUNCTION_6)
__aeabi_f2d               $Tramp$TT$L$PI$$__aeabi_f2d
   00007121     0000832c     00008328   libc.a : s_cosf.c.obj (.text.OUTLINED_FUNCTION_2)
                             0000833e          : s_sinf.c.obj (.text.OUTLINED_FUNCTION_2)
_c_int00_noargs           $Tramp$TT$L$PI$$_c_int00_noargs
   00007971     0000834c     00008348   startup_mspm0g350x_ticlang.o (.text.Reset_Handler)

[9 trampolines]
[24 trampoline calls]


GLOBAL SYMBOLS: SORTED ALPHABETICALLY BY Name 

address   name                                    
-------   ----                                    
00008313  ADC0_IRQHandler                         
00008313  ADC1_IRQHandler                         
00008313  AES_IRQHandler                          
00005e0d  AJ1_IsPressed                           
202001e9  AJ1_pressed                             
00005e81  AJ2_IsPressed                           
202001eb  AJ2_pressed                             
00005ef5  AJ3_IsPressed                           
202001ed  AJ3_pressed                             
00005f69  AJ4_IsPressed                           
202001ef  AJ4_pressed                             
00007021  Bluetooth_Init                          
00003709  Bluetooth_Task                          
00008316  C$$EXIT                                 
00008313  CANFD0_IRQHandler                       
00008313  DAC0_IRQHandler                         
00008209  DL_Common_delayCycles                   
00007c1d  DL_SYSCTL_configFCC                     
000046f5  DL_SYSCTL_configSYSPLL                  
00006349  DL_SYSCTL_setHFCLKSourceHFXTParams      
00006e89  DL_SYSCTL_switchMCLKfromSYSOSCtoHSCLK   
0000403d  DL_Timer_initFourCCPWMMode              
00004241  DL_Timer_initTimerMode                  
00007ca9  DL_Timer_setCaptCompUpdateMethod        
00007e9d  DL_Timer_setCaptureCompareOutCtl        
00008189  DL_Timer_setCaptureCompareValue         
00007cc5  DL_Timer_setClockConfig                 
00006c9d  DL_UART_init                            
00008121  DL_UART_setClockConfig                  
00007641  DL_UART_transmitDataBlocking            
00008313  DMA_IRQHandler                          
00008313  Default_Handler                         
20200178  EncoderA                                
20200180  EncoderB                                
000078a9  Encoder_GetSpeeds                       
00007ad5  Encoder_Init                            
00007af5  FusionAhrsGetQuaternion                 
000078d1  FusionAhrsInitialise                    
00005365  FusionAhrsReset                         
00004b29  FusionAhrsSetHeading                    
00003985  FusionAhrsSetSettings                   
0000178d  FusionAhrsUpdate                        
00005ba1  FusionAhrsUpdateNoMagnetometer          
000068a9  FusionOffsetInitialise                  
00004141  FusionOffsetUpdate                      
00008313  GROUP0_IRQHandler                       
00003481  GROUP1_IRQHandler                       
00008317  HOSTexit                                
00008313  HardFault_Handler                       
00008313  I2C0_IRQHandler                         
00008313  I2C1_IRQHandler                         
00008313  NMI_Handler                             
000066fd  OLED_Clear                              
000079c1  OLED_I2C_Init                           
00004cc9  OLED_I2C_SendByte                       
000065f5  OLED_I2C_Start                          
00006ecd  OLED_I2C_Stop                           
00005185  OLED_Init                               
00007507  OLED_SetCursor                          
000077dd  OLED_WriteCommand                       
00007807  OLED_WriteData                          
00008313  PendSV_Handler                          
00008313  RTC_IRQHandler                          
00008349  Reset_Handler                           
00008313  SPI0_IRQHandler                         
00008313  SPI1_IRQHandler                         
00008313  SVC_Handler                             
000020b1  SYSCFG_DL_GPIO_init                     
000055cd  SYSCFG_DL_PWM_TB6612_init               
00004529  SYSCFG_DL_SYSCTL_SYSPLL_init            
00005c1d  SYSCFG_DL_SYSCTL_init                   
000071dd  SYSCFG_DL_TIMER_TICK_init               
00006c05  SYSCFG_DL_UART_BT_init                  
00007061  SYSCFG_DL_UART_DEBUG_init               
000070a1  SYSCFG_DL_UART_JY901_init               
00007219  SYSCFG_DL_init                          
00005659  SYSCFG_DL_initPower                     
00008313  SysTick_Handler                         
000073bd  TB6612_Init                             
202001ac  TB6612_MotorA                           
202001b4  TB6612_MotorB                           
00007999  TB6612_SetMotor                         
00007571  TB6612_SetMotors                        
000081fd  TB6612_Stop                             
00008313  TIMA0_IRQHandler                        
00008313  TIMA1_IRQHandler                        
00005b21  TIMG0_IRQHandler                        
00008313  TIMG12_IRQHandler                       
00008313  TIMG6_IRQHandler                        
00008313  TIMG7_IRQHandler                        
00008313  TIMG8_IRQHandler                        
00008133  TI_memcpy_small                         
000081d5  TI_memset_small                         
000079e5  TimerTick_Init                          
00008313  UART0_IRQHandler                        
00008313  UART1_IRQHandler                        
00007671  UART2_IRQHandler                        
00008313  UART3_IRQHandler                        
00007701  Uart_DebugSendString                    
20208000  __STACK_END                             
00000200  __STACK_SIZE                            
00000000  __TI_ATRegion0_region_sz                
00000000  __TI_ATRegion0_src_addr                 
00000000  __TI_ATRegion0_trg_addr                 
00000000  __TI_ATRegion1_region_sz                
00000000  __TI_ATRegion1_src_addr                 
00000000  __TI_ATRegion1_trg_addr                 
00000000  __TI_ATRegion2_region_sz                
00000000  __TI_ATRegion2_src_addr                 
00000000  __TI_ATRegion2_trg_addr                 
00008700  __TI_CINIT_Base                         
00008710  __TI_CINIT_Limit                        
00008710  __TI_CINIT_Warm                         
000086ec  __TI_Handler_Table_Base                 
000086f8  __TI_Handler_Table_Limit                
00007309  __TI_auto_init_nobinit_nopinit          
00005d15  __TI_decompress_lzss                    
00008145  __TI_decompress_none                    
0000664d  __TI_ltoa                               
ffffffff  __TI_pprof_out_hndl                     
000000c1  __TI_printfi                            
ffffffff  __TI_prof_data_size                     
ffffffff  __TI_prof_data_start                    
00000000  __TI_static_base__                      
00007ff5  __TI_zero_init_nomemset                 
00002d83  __adddf3                                
000048b3  __addsf3                                
00008470  __aeabi_ctype_table_                    
00008470  __aeabi_ctype_table_C                   
00006051  __aeabi_d2f                             
00006c51  __aeabi_d2iz                            
00002d83  __aeabi_dadd                            
00006411  __aeabi_dcmpeq                          
0000644d  __aeabi_dcmpge                          
00006461  __aeabi_dcmpgt                          
00006439  __aeabi_dcmple                          
00006425  __aeabi_dcmplt                          
00003e25  __aeabi_ddiv                            
00004611  __aeabi_dmul                            
00002d79  __aeabi_dsub                            
202001bc  __aeabi_errno                           
00008261  __aeabi_errno_addr                      
00007121  __aeabi_f2d                             
000073f5  __aeabi_f2iz                            
0000760d  __aeabi_f2uiz                           
000048b3  __aeabi_fadd                            
00006475  __aeabi_fcmpeq                          
000064b1  __aeabi_fcmpge                          
000064c5  __aeabi_fcmpgt                          
0000649d  __aeabi_fcmple                          
00006489  __aeabi_fcmplt                          
00005a9d  __aeabi_fdiv                            
000056e5  __aeabi_fmul                            
000048a9  __aeabi_fsub                            
000077b1  __aeabi_i2d                             
00007255  __aeabi_i2f                             
00006755  __aeabi_idiv                            
00001b8f  __aeabi_idiv0                           
00006755  __aeabi_idivmod                         
00002f0b  __aeabi_ldiv0                           
00007b71  __aeabi_llsl                            
00007a2d  __aeabi_lmul                            
00008269  __aeabi_memcpy                          
00008269  __aeabi_memcpy4                         
00008269  __aeabi_memcpy8                         
000081b9  __aeabi_memset                          
000081b9  __aeabi_memset4                         
000081b9  __aeabi_memset8                         
00007a09  __aeabi_ui2d                            
000078f9  __aeabi_ui2f                            
000070e1  __aeabi_uidiv                           
000070e1  __aeabi_uidivmod                        
000080d5  __aeabi_uldivmod                        
00007b71  __ashldi3                               
ffffffff  __binit__                               
00006279  __cmpdf2                                
00007345  __cmpsf2                                
00003e25  __divdf3                                
00005a9d  __divsf3                                
00006279  __eqdf2                                 
00007345  __eqsf2                                 
00007121  __extendsfdf2                           
00006c51  __fixdfsi                               
000073f5  __fixsfsi                               
0000760d  __fixunssfsi                            
000077b1  __floatsidf                             
00007255  __floatsisf                             
00007a09  __floatunsidf                           
000078f9  __floatunsisf                           
00005fdd  __gedf2                                 
00007291  __gesf2                                 
00005fdd  __gtdf2                                 
00007291  __gtsf2                                 
00001149  __kernel_rem_pio2                       
00006279  __ledf2                                 
00007345  __lesf2                                 
00006279  __ltdf2                                 
00007345  __ltsf2                                 
UNDEFED   __mpu_init                              
00004611  __muldf3                                
00007a2d  __muldi3                                
00007381  __muldsi3                               
000056e5  __mulsf3                                
00006279  __nedf2                                 
00007345  __nesf2                                 
20207e00  __stack                                 
20200000  __start___llvm_prf_bits                 
20200000  __start___llvm_prf_cnts                 
20200000  __stop___llvm_prf_bits                  
20200000  __stop___llvm_prf_cnts                  
00002d79  __subdf3                                
000048a9  __subsf3                                
00006051  __truncdfsf2                            
000050e1  __udivmoddi4                            
00007971  _c_int00_noargs                         
UNDEFED   _system_post_cinit                      
0000835d  _system_pre_init                        
0000830d  abort                                   
0000307d  asinf                                   
00003d0d  atan2f                                  
0000266d  atanf                                   
00007161  atoi                                    
ffffffff  binit                                   
00002499  cosf                                    
00007d19  delay_ms                                
000035c5  floor                                   
000035c5  floorl                                  
00006599  frexp                                   
00006599  frexpl                                  
20200000  gPWM_TB6612Backup                       
20200114  gUART_DEBUGBackup                       
000076d1  gpio_get_level                          
00007921  gpio_high                               
00006a39  gpio_init                               
00006f11  gpio_low                                
2020016c  imu963_angle                            
202001d8  imu963ra_acc_x                          
202001da  imu963ra_acc_y                          
202001dc  imu963ra_acc_z                          
000072cd  imu963ra_attitude_get_euler             
00004bf9  imu963ra_attitude_init                  
202001c4  imu963ra_attitude_pitch                 
202001c8  imu963ra_attitude_roll                  
0000433d  imu963ra_attitude_update_with_delta_time
202001cc  imu963ra_attitude_yaw                   
202001f3  imu963ra_device_addr                    
202001f4  imu963ra_diag_ack_6a                    
202001f5  imu963ra_diag_ack_6b                    
202001f6  imu963ra_diag_scl_low                   
202001f7  imu963ra_diag_scl_release               
202001f8  imu963ra_diag_sda_low                   
202001f9  imu963ra_diag_sda_release               
202001fa  imu963ra_diag_who_6a                    
202001fb  imu963ra_diag_who_6b                    
00005c99  imu963ra_get_acc_gyro                   
202001de  imu963ra_gyro_x                         
202001e0  imu963ra_gyro_y                         
202001e2  imu963ra_gyro_z                         
00001b91  imu963ra_init                           
202001d0  imu963ra_tick_ms                        
202001a0  imu963ra_transition_factor              
202001fc  imu963ra_update_flag                    
202001fd  imu963ra_who_am_i                       
00000000  interruptVectors                        
20200188  l_speed_now                             
000047d1  ldexp                                   
00004d7d  ldexpf                                  
000047d1  ldexpl                                  
000031dd  main                                    
00007a73  memccpy                                 
00000a91  powf                                    
2020018c  r_speed_now                             
000047d1  scalbn                                  
00004d7d  scalbnf                                 
000047d1  scalbnl                                 
00002835  sinf                                    
00004981  soft_iic_init                           
000060c5  soft_iic_read_8bit_registers            
00004a57  soft_iic_read_data                      
000063ad  soft_iic_sccb_read_register             
00005d91  soft_iic_send_ack                       
00004e2d  soft_iic_send_data                      
000061a1  soft_iic_start                          
0000620d  soft_iic_stop                           
00005771  soft_iic_wait_ack                       
00006fdd  soft_iic_write_8bit_register            
0000742d  sprintf                                 
00002f0d  sqrt                                    
000052c5  sqrtf                                   
00002f0d  sqrtl                                   
000081a9  wcslen                                  


GLOBAL SYMBOLS: SORTED BY Symbol Address 

address   name                                    
-------   ----                                    
00000000  __TI_ATRegion0_region_sz                
00000000  __TI_ATRegion0_src_addr                 
00000000  __TI_ATRegion0_trg_addr                 
00000000  __TI_ATRegion1_region_sz                
00000000  __TI_ATRegion1_src_addr                 
00000000  __TI_ATRegion1_trg_addr                 
00000000  __TI_ATRegion2_region_sz                
00000000  __TI_ATRegion2_src_addr                 
00000000  __TI_ATRegion2_trg_addr                 
00000000  __TI_static_base__                      
00000000  interruptVectors                        
000000c1  __TI_printfi                            
00000200  __STACK_SIZE                            
00000a91  powf                                    
00001149  __kernel_rem_pio2                       
0000178d  FusionAhrsUpdate                        
00001b8f  __aeabi_idiv0                           
00001b91  imu963ra_init                           
000020b1  SYSCFG_DL_GPIO_init                     
00002499  cosf                                    
0000266d  atanf                                   
00002835  sinf                                    
00002d79  __aeabi_dsub                            
00002d79  __subdf3                                
00002d83  __adddf3                                
00002d83  __aeabi_dadd                            
00002f0b  __aeabi_ldiv0                           
00002f0d  sqrt                                    
00002f0d  sqrtl                                   
0000307d  asinf                                   
000031dd  main                                    
00003481  GROUP1_IRQHandler                       
000035c5  floor                                   
000035c5  floorl                                  
00003709  Bluetooth_Task                          
00003985  FusionAhrsSetSettings                   
00003d0d  atan2f                                  
00003e25  __aeabi_ddiv                            
00003e25  __divdf3                                
0000403d  DL_Timer_initFourCCPWMMode              
00004141  FusionOffsetUpdate                      
00004241  DL_Timer_initTimerMode                  
0000433d  imu963ra_attitude_update_with_delta_time
00004529  SYSCFG_DL_SYSCTL_SYSPLL_init            
00004611  __aeabi_dmul                            
00004611  __muldf3                                
000046f5  DL_SYSCTL_configSYSPLL                  
000047d1  ldexp                                   
000047d1  ldexpl                                  
000047d1  scalbn                                  
000047d1  scalbnl                                 
000048a9  __aeabi_fsub                            
000048a9  __subsf3                                
000048b3  __addsf3                                
000048b3  __aeabi_fadd                            
00004981  soft_iic_init                           
00004a57  soft_iic_read_data                      
00004b29  FusionAhrsSetHeading                    
00004bf9  imu963ra_attitude_init                  
00004cc9  OLED_I2C_SendByte                       
00004d7d  ldexpf                                  
00004d7d  scalbnf                                 
00004e2d  soft_iic_send_data                      
000050e1  __udivmoddi4                            
00005185  OLED_Init                               
000052c5  sqrtf                                   
00005365  FusionAhrsReset                         
000055cd  SYSCFG_DL_PWM_TB6612_init               
00005659  SYSCFG_DL_initPower                     
000056e5  __aeabi_fmul                            
000056e5  __mulsf3                                
00005771  soft_iic_wait_ack                       
00005a9d  __aeabi_fdiv                            
00005a9d  __divsf3                                
00005b21  TIMG0_IRQHandler                        
00005ba1  FusionAhrsUpdateNoMagnetometer          
00005c1d  SYSCFG_DL_SYSCTL_init                   
00005c99  imu963ra_get_acc_gyro                   
00005d15  __TI_decompress_lzss                    
00005d91  soft_iic_send_ack                       
00005e0d  AJ1_IsPressed                           
00005e81  AJ2_IsPressed                           
00005ef5  AJ3_IsPressed                           
00005f69  AJ4_IsPressed                           
00005fdd  __gedf2                                 
00005fdd  __gtdf2                                 
00006051  __aeabi_d2f                             
00006051  __truncdfsf2                            
000060c5  soft_iic_read_8bit_registers            
000061a1  soft_iic_start                          
0000620d  soft_iic_stop                           
00006279  __cmpdf2                                
00006279  __eqdf2                                 
00006279  __ledf2                                 
00006279  __ltdf2                                 
00006279  __nedf2                                 
00006349  DL_SYSCTL_setHFCLKSourceHFXTParams      
000063ad  soft_iic_sccb_read_register             
00006411  __aeabi_dcmpeq                          
00006425  __aeabi_dcmplt                          
00006439  __aeabi_dcmple                          
0000644d  __aeabi_dcmpge                          
00006461  __aeabi_dcmpgt                          
00006475  __aeabi_fcmpeq                          
00006489  __aeabi_fcmplt                          
0000649d  __aeabi_fcmple                          
000064b1  __aeabi_fcmpge                          
000064c5  __aeabi_fcmpgt                          
00006599  frexp                                   
00006599  frexpl                                  
000065f5  OLED_I2C_Start                          
0000664d  __TI_ltoa                               
000066fd  OLED_Clear                              
00006755  __aeabi_idiv                            
00006755  __aeabi_idivmod                         
000068a9  FusionOffsetInitialise                  
00006a39  gpio_init                               
00006c05  SYSCFG_DL_UART_BT_init                  
00006c51  __aeabi_d2iz                            
00006c51  __fixdfsi                               
00006c9d  DL_UART_init                            
00006e89  DL_SYSCTL_switchMCLKfromSYSOSCtoHSCLK   
00006ecd  OLED_I2C_Stop                           
00006f11  gpio_low                                
00006fdd  soft_iic_write_8bit_register            
00007021  Bluetooth_Init                          
00007061  SYSCFG_DL_UART_DEBUG_init               
000070a1  SYSCFG_DL_UART_JY901_init               
000070e1  __aeabi_uidiv                           
000070e1  __aeabi_uidivmod                        
00007121  __aeabi_f2d                             
00007121  __extendsfdf2                           
00007161  atoi                                    
000071dd  SYSCFG_DL_TIMER_TICK_init               
00007219  SYSCFG_DL_init                          
00007255  __aeabi_i2f                             
00007255  __floatsisf                             
00007291  __gesf2                                 
00007291  __gtsf2                                 
000072cd  imu963ra_attitude_get_euler             
00007309  __TI_auto_init_nobinit_nopinit          
00007345  __cmpsf2                                
00007345  __eqsf2                                 
00007345  __lesf2                                 
00007345  __ltsf2                                 
00007345  __nesf2                                 
00007381  __muldsi3                               
000073bd  TB6612_Init                             
000073f5  __aeabi_f2iz                            
000073f5  __fixsfsi                               
0000742d  sprintf                                 
00007507  OLED_SetCursor                          
00007571  TB6612_SetMotors                        
0000760d  __aeabi_f2uiz                           
0000760d  __fixunssfsi                            
00007641  DL_UART_transmitDataBlocking            
00007671  UART2_IRQHandler                        
000076d1  gpio_get_level                          
00007701  Uart_DebugSendString                    
000077b1  __aeabi_i2d                             
000077b1  __floatsidf                             
000077dd  OLED_WriteCommand                       
00007807  OLED_WriteData                          
000078a9  Encoder_GetSpeeds                       
000078d1  FusionAhrsInitialise                    
000078f9  __aeabi_ui2f                            
000078f9  __floatunsisf                           
00007921  gpio_high                               
00007971  _c_int00_noargs                         
00007999  TB6612_SetMotor                         
000079c1  OLED_I2C_Init                           
000079e5  TimerTick_Init                          
00007a09  __aeabi_ui2d                            
00007a09  __floatunsidf                           
00007a2d  __aeabi_lmul                            
00007a2d  __muldi3                                
00007a73  memccpy                                 
00007ad5  Encoder_Init                            
00007af5  FusionAhrsGetQuaternion                 
00007b71  __aeabi_llsl                            
00007b71  __ashldi3                               
00007c1d  DL_SYSCTL_configFCC                     
00007ca9  DL_Timer_setCaptCompUpdateMethod        
00007cc5  DL_Timer_setClockConfig                 
00007d19  delay_ms                                
00007e9d  DL_Timer_setCaptureCompareOutCtl        
00007ff5  __TI_zero_init_nomemset                 
000080d5  __aeabi_uldivmod                        
00008121  DL_UART_setClockConfig                  
00008133  TI_memcpy_small                         
00008145  __TI_decompress_none                    
00008189  DL_Timer_setCaptureCompareValue         
000081a9  wcslen                                  
000081b9  __aeabi_memset                          
000081b9  __aeabi_memset4                         
000081b9  __aeabi_memset8                         
000081d5  TI_memset_small                         
000081fd  TB6612_Stop                             
00008209  DL_Common_delayCycles                   
00008261  __aeabi_errno_addr                      
00008269  __aeabi_memcpy                          
00008269  __aeabi_memcpy4                         
00008269  __aeabi_memcpy8                         
0000830d  abort                                   
00008313  ADC0_IRQHandler                         
00008313  ADC1_IRQHandler                         
00008313  AES_IRQHandler                          
00008313  CANFD0_IRQHandler                       
00008313  DAC0_IRQHandler                         
00008313  DMA_IRQHandler                          
00008313  Default_Handler                         
00008313  GROUP0_IRQHandler                       
00008313  HardFault_Handler                       
00008313  I2C0_IRQHandler                         
00008313  I2C1_IRQHandler                         
00008313  NMI_Handler                             
00008313  PendSV_Handler                          
00008313  RTC_IRQHandler                          
00008313  SPI0_IRQHandler                         
00008313  SPI1_IRQHandler                         
00008313  SVC_Handler                             
00008313  SysTick_Handler                         
00008313  TIMA0_IRQHandler                        
00008313  TIMA1_IRQHandler                        
00008313  TIMG12_IRQHandler                       
00008313  TIMG6_IRQHandler                        
00008313  TIMG7_IRQHandler                        
00008313  TIMG8_IRQHandler                        
00008313  UART0_IRQHandler                        
00008313  UART1_IRQHandler                        
00008313  UART3_IRQHandler                        
00008316  C$$EXIT                                 
00008317  HOSTexit                                
00008349  Reset_Handler                           
0000835d  _system_pre_init                        
00008470  __aeabi_ctype_table_                    
00008470  __aeabi_ctype_table_C                   
000086ec  __TI_Handler_Table_Base                 
000086f8  __TI_Handler_Table_Limit                
00008700  __TI_CINIT_Base                         
00008710  __TI_CINIT_Limit                        
00008710  __TI_CINIT_Warm                         
20200000  __start___llvm_prf_bits                 
20200000  __start___llvm_prf_cnts                 
20200000  __stop___llvm_prf_bits                  
20200000  __stop___llvm_prf_cnts                  
20200000  gPWM_TB6612Backup                       
20200114  gUART_DEBUGBackup                       
2020016c  imu963_angle                            
20200178  EncoderA                                
20200180  EncoderB                                
20200188  l_speed_now                             
2020018c  r_speed_now                             
202001a0  imu963ra_transition_factor              
202001ac  TB6612_MotorA                           
202001b4  TB6612_MotorB                           
202001bc  __aeabi_errno                           
202001c4  imu963ra_attitude_pitch                 
202001c8  imu963ra_attitude_roll                  
202001cc  imu963ra_attitude_yaw                   
202001d0  imu963ra_tick_ms                        
202001d8  imu963ra_acc_x                          
202001da  imu963ra_acc_y                          
202001dc  imu963ra_acc_z                          
202001de  imu963ra_gyro_x                         
202001e0  imu963ra_gyro_y                         
202001e2  imu963ra_gyro_z                         
202001e9  AJ1_pressed                             
202001eb  AJ2_pressed                             
202001ed  AJ3_pressed                             
202001ef  AJ4_pressed                             
202001f3  imu963ra_device_addr                    
202001f4  imu963ra_diag_ack_6a                    
202001f5  imu963ra_diag_ack_6b                    
202001f6  imu963ra_diag_scl_low                   
202001f7  imu963ra_diag_scl_release               
202001f8  imu963ra_diag_sda_low                   
202001f9  imu963ra_diag_sda_release               
202001fa  imu963ra_diag_who_6a                    
202001fb  imu963ra_diag_who_6b                    
202001fc  imu963ra_update_flag                    
202001fd  imu963ra_who_am_i                       
20207e00  __stack                                 
20208000  __STACK_END                             
ffffffff  __TI_pprof_out_hndl                     
ffffffff  __TI_prof_data_size                     
ffffffff  __TI_prof_data_start                    
ffffffff  __binit__                               
ffffffff  binit                                   
UNDEFED   __mpu_init                              
UNDEFED   _system_post_cinit                      

[291 symbols]
