<?xml version="1.0" encoding="ISO-8859-1" ?>
<link_info>
   <banner>TI ARM Clang Linker PC v4.0.4.LTS</banner>
   <copyright>Copyright (c) 1996-2018 Texas Instruments Incorporated</copyright>
   <command_line>E:\2026diansai\ccs\tools\compiler\ti-cgt-armllvm_4.0.4.LTS\bin\tiarmlnk -IE:\2026diansai\ccs\tools\compiler\ti-cgt-armllvm_4.0.4.LTS\lib -o project.out -mproject.map -iE:/2026diansai/mspm0_sdk_2_10_00_04/source -iE:/My_MCU_Project/MSPM0G3507/2025car1.0/project -iE:/My_MCU_Project/MSPM0G3507/2025car1.0/project/Debug/syscfg -iE:/2026diansai/ccs/tools/compiler/ti-cgt-armllvm_4.0.4.LTS/lib --diag_wrap=off --display_error_number --warn_sections --xml_link_info=project_linkInfo.xml --rom_model ./DL_OLED.o ./bluetooth.o ./control.o ./delay.o ./empty.o ./ti_msp_dl_config.o ./startup_mspm0g350x_ticlang.o ./encoder.o ./interrupt.o ./key.o ./myxunji.o ./tb6612.o ./vofa_debug.o ./imu963/FusionAhrs.o ./imu963/FusionOffset.o ./imu963/imu963ra_attitude.o ./imu963/zf_device_imu963ra.o ./imu963/zf_driver_gpio.o ./imu963/zf_driver_soft_iic.o -l./device_linker.cmd -ldevice.cmd.genlibs -llibc.a --start-group -llibc++.a -llibc++abi.a -llibc.a -llibsys.a -llibsysbm.a -llibclang_rt.builtins.a -llibclang_rt.profile.a --end-group --cg_opt_level=0</command_line>
   <link_time>0x6a63943b</link_time>
   <link_errors>0x0</link_errors>
   <output_file>E:\My_MCU_Project\MSPM0G3507\2025car1.0\project\Debug\project.out</output_file>
   <entry_point>
      <name>_c_int00_noargs</name>
      <address>0x673d</address>
   </entry_point>
   <input_file_list>
      <input_file id="fl-1">
         <path>E:\My_MCU_Project\MSPM0G3507\2025car1.0\project\Debug\.\</path>
         <kind>object</kind>
         <file>DL_OLED.o</file>
         <name>DL_OLED.o</name>
      </input_file>
      <input_file id="fl-2">
         <path>E:\My_MCU_Project\MSPM0G3507\2025car1.0\project\Debug\.\</path>
         <kind>object</kind>
         <file>bluetooth.o</file>
         <name>bluetooth.o</name>
      </input_file>
      <input_file id="fl-3">
         <path>E:\My_MCU_Project\MSPM0G3507\2025car1.0\project\Debug\.\</path>
         <kind>object</kind>
         <file>control.o</file>
         <name>control.o</name>
      </input_file>
      <input_file id="fl-4">
         <path>E:\My_MCU_Project\MSPM0G3507\2025car1.0\project\Debug\.\</path>
         <kind>object</kind>
         <file>delay.o</file>
         <name>delay.o</name>
      </input_file>
      <input_file id="fl-5">
         <path>E:\My_MCU_Project\MSPM0G3507\2025car1.0\project\Debug\.\</path>
         <kind>object</kind>
         <file>empty.o</file>
         <name>empty.o</name>
      </input_file>
      <input_file id="fl-6">
         <path>E:\My_MCU_Project\MSPM0G3507\2025car1.0\project\Debug\.\</path>
         <kind>object</kind>
         <file>ti_msp_dl_config.o</file>
         <name>ti_msp_dl_config.o</name>
      </input_file>
      <input_file id="fl-7">
         <path>E:\My_MCU_Project\MSPM0G3507\2025car1.0\project\Debug\.\</path>
         <kind>object</kind>
         <file>startup_mspm0g350x_ticlang.o</file>
         <name>startup_mspm0g350x_ticlang.o</name>
      </input_file>
      <input_file id="fl-8">
         <path>E:\My_MCU_Project\MSPM0G3507\2025car1.0\project\Debug\.\</path>
         <kind>object</kind>
         <file>encoder.o</file>
         <name>encoder.o</name>
      </input_file>
      <input_file id="fl-9">
         <path>E:\My_MCU_Project\MSPM0G3507\2025car1.0\project\Debug\.\</path>
         <kind>object</kind>
         <file>interrupt.o</file>
         <name>interrupt.o</name>
      </input_file>
      <input_file id="fl-a">
         <path>E:\My_MCU_Project\MSPM0G3507\2025car1.0\project\Debug\.\</path>
         <kind>object</kind>
         <file>key.o</file>
         <name>key.o</name>
      </input_file>
      <input_file id="fl-b">
         <path>E:\My_MCU_Project\MSPM0G3507\2025car1.0\project\Debug\.\</path>
         <kind>object</kind>
         <file>myxunji.o</file>
         <name>myxunji.o</name>
      </input_file>
      <input_file id="fl-c">
         <path>E:\My_MCU_Project\MSPM0G3507\2025car1.0\project\Debug\.\</path>
         <kind>object</kind>
         <file>tb6612.o</file>
         <name>tb6612.o</name>
      </input_file>
      <input_file id="fl-d">
         <path>E:\My_MCU_Project\MSPM0G3507\2025car1.0\project\Debug\.\</path>
         <kind>object</kind>
         <file>vofa_debug.o</file>
         <name>vofa_debug.o</name>
      </input_file>
      <input_file id="fl-e">
         <path>E:\My_MCU_Project\MSPM0G3507\2025car1.0\project\Debug\.\imu963\</path>
         <kind>object</kind>
         <file>FusionAhrs.o</file>
         <name>FusionAhrs.o</name>
      </input_file>
      <input_file id="fl-f">
         <path>E:\My_MCU_Project\MSPM0G3507\2025car1.0\project\Debug\.\imu963\</path>
         <kind>object</kind>
         <file>FusionOffset.o</file>
         <name>FusionOffset.o</name>
      </input_file>
      <input_file id="fl-10">
         <path>E:\My_MCU_Project\MSPM0G3507\2025car1.0\project\Debug\.\imu963\</path>
         <kind>object</kind>
         <file>imu963ra_attitude.o</file>
         <name>imu963ra_attitude.o</name>
      </input_file>
      <input_file id="fl-11">
         <path>E:\My_MCU_Project\MSPM0G3507\2025car1.0\project\Debug\.\imu963\</path>
         <kind>object</kind>
         <file>zf_device_imu963ra.o</file>
         <name>zf_device_imu963ra.o</name>
      </input_file>
      <input_file id="fl-12">
         <path>E:\My_MCU_Project\MSPM0G3507\2025car1.0\project\Debug\.\imu963\</path>
         <kind>object</kind>
         <file>zf_driver_gpio.o</file>
         <name>zf_driver_gpio.o</name>
      </input_file>
      <input_file id="fl-13">
         <path>E:\My_MCU_Project\MSPM0G3507\2025car1.0\project\Debug\.\imu963\</path>
         <kind>object</kind>
         <file>zf_driver_soft_iic.o</file>
         <name>zf_driver_soft_iic.o</name>
      </input_file>
      <input_file id="fl-20">
         <path>E:\My_MCU_Project\MSPM0G3507\2025car1.0\project\Debug\</path>
         <kind>object</kind>
         <file>&lt;internal&gt;</file>
         <name>&lt;internal&gt;</name>
      </input_file>
      <input_file id="fl-21">
         <path>E:\2026diansai\mspm0_sdk_2_10_00_04\source\ti\driverlib\lib\ticlang\m0p\mspm0g1x0x_g3x0x\</path>
         <kind>archive</kind>
         <file>driverlib.a</file>
         <name>dl_common.o</name>
      </input_file>
      <input_file id="fl-22">
         <path>E:\2026diansai\mspm0_sdk_2_10_00_04\source\ti\driverlib\lib\ticlang\m0p\mspm0g1x0x_g3x0x\</path>
         <kind>archive</kind>
         <file>driverlib.a</file>
         <name>dl_timer.o</name>
      </input_file>
      <input_file id="fl-23">
         <path>E:\2026diansai\mspm0_sdk_2_10_00_04\source\ti\driverlib\lib\ticlang\m0p\mspm0g1x0x_g3x0x\</path>
         <kind>archive</kind>
         <file>driverlib.a</file>
         <name>dl_uart.o</name>
      </input_file>
      <input_file id="fl-24">
         <path>E:\2026diansai\mspm0_sdk_2_10_00_04\source\ti\driverlib\lib\ticlang\m0p\mspm0g1x0x_g3x0x\</path>
         <kind>archive</kind>
         <file>driverlib.a</file>
         <name>dl_sysctl_mspm0g1x0x_g3x0x.o</name>
      </input_file>
      <input_file id="fl-3b">
         <path>E:\2026diansai\ccs\tools\compiler\ti-cgt-armllvm_4.0.4.LTS\lib\armv6m-ti-none-eabi\c\</path>
         <kind>archive</kind>
         <file>libc.a</file>
         <name>e_asinf.c.obj</name>
      </input_file>
      <input_file id="fl-3c">
         <path>E:\2026diansai\ccs\tools\compiler\ti-cgt-armllvm_4.0.4.LTS\lib\armv6m-ti-none-eabi\c\</path>
         <kind>archive</kind>
         <file>libc.a</file>
         <name>e_atan2f.c.obj</name>
      </input_file>
      <input_file id="fl-3d">
         <path>E:\2026diansai\ccs\tools\compiler\ti-cgt-armllvm_4.0.4.LTS\lib\armv6m-ti-none-eabi\c\</path>
         <kind>archive</kind>
         <file>libc.a</file>
         <name>e_powf.c.obj</name>
      </input_file>
      <input_file id="fl-3e">
         <path>E:\2026diansai\ccs\tools\compiler\ti-cgt-armllvm_4.0.4.LTS\lib\armv6m-ti-none-eabi\c\</path>
         <kind>archive</kind>
         <file>libc.a</file>
         <name>e_sqrtf.c.obj</name>
      </input_file>
      <input_file id="fl-3f">
         <path>E:\2026diansai\ccs\tools\compiler\ti-cgt-armllvm_4.0.4.LTS\lib\armv6m-ti-none-eabi\c\</path>
         <kind>archive</kind>
         <file>libc.a</file>
         <name>s_atanf.c.obj</name>
      </input_file>
      <input_file id="fl-40">
         <path>E:\2026diansai\ccs\tools\compiler\ti-cgt-armllvm_4.0.4.LTS\lib\armv6m-ti-none-eabi\c\</path>
         <kind>archive</kind>
         <file>libc.a</file>
         <name>s_cosf.c.obj</name>
      </input_file>
      <input_file id="fl-41">
         <path>E:\2026diansai\ccs\tools\compiler\ti-cgt-armllvm_4.0.4.LTS\lib\armv6m-ti-none-eabi\c\</path>
         <kind>archive</kind>
         <file>libc.a</file>
         <name>s_scalbnf.c.obj</name>
      </input_file>
      <input_file id="fl-42">
         <path>E:\2026diansai\ccs\tools\compiler\ti-cgt-armllvm_4.0.4.LTS\lib\armv6m-ti-none-eabi\c\</path>
         <kind>archive</kind>
         <file>libc.a</file>
         <name>s_sinf.c.obj</name>
      </input_file>
      <input_file id="fl-43">
         <path>E:\2026diansai\ccs\tools\compiler\ti-cgt-armllvm_4.0.4.LTS\lib\armv6m-ti-none-eabi\c\</path>
         <kind>archive</kind>
         <file>libc.a</file>
         <name>sprintf.c.obj</name>
      </input_file>
      <input_file id="fl-44">
         <path>E:\2026diansai\ccs\tools\compiler\ti-cgt-armllvm_4.0.4.LTS\lib\armv6m-ti-none-eabi\c\</path>
         <kind>archive</kind>
         <file>libc.a</file>
         <name>aeabi_portable.c.obj</name>
      </input_file>
      <input_file id="fl-45">
         <path>E:\2026diansai\ccs\tools\compiler\ti-cgt-armllvm_4.0.4.LTS\lib\armv6m-ti-none-eabi\c\</path>
         <kind>archive</kind>
         <file>libc.a</file>
         <name>k_rem_pio2.c.obj</name>
      </input_file>
      <input_file id="fl-46">
         <path>E:\2026diansai\ccs\tools\compiler\ti-cgt-armllvm_4.0.4.LTS\lib\armv6m-ti-none-eabi\c\</path>
         <kind>archive</kind>
         <file>libc.a</file>
         <name>assert.c.obj</name>
      </input_file>
      <input_file id="fl-47">
         <path>E:\2026diansai\ccs\tools\compiler\ti-cgt-armllvm_4.0.4.LTS\lib\armv6m-ti-none-eabi\c\</path>
         <kind>archive</kind>
         <file>libc.a</file>
         <name>defs.c.obj</name>
      </input_file>
      <input_file id="fl-48">
         <path>E:\2026diansai\ccs\tools\compiler\ti-cgt-armllvm_4.0.4.LTS\lib\armv6m-ti-none-eabi\c\</path>
         <kind>archive</kind>
         <file>libc.a</file>
         <name>memory.c.obj</name>
      </input_file>
      <input_file id="fl-49">
         <path>E:\2026diansai\ccs\tools\compiler\ti-cgt-armllvm_4.0.4.LTS\lib\armv6m-ti-none-eabi\c\</path>
         <kind>archive</kind>
         <file>libc.a</file>
         <name>boot_cortex_m.c.obj</name>
      </input_file>
      <input_file id="fl-4a">
         <path>E:\2026diansai\ccs\tools\compiler\ti-cgt-armllvm_4.0.4.LTS\lib\armv6m-ti-none-eabi\c\</path>
         <kind>archive</kind>
         <file>libc.a</file>
         <name>mathacl_init.c.obj</name>
      </input_file>
      <input_file id="fl-4b">
         <path>E:\2026diansai\ccs\tools\compiler\ti-cgt-armllvm_4.0.4.LTS\lib\armv6m-ti-none-eabi\c\</path>
         <kind>archive</kind>
         <file>libc.a</file>
         <name>autoinit.c.obj</name>
      </input_file>
      <input_file id="fl-4c">
         <path>E:\2026diansai\ccs\tools\compiler\ti-cgt-armllvm_4.0.4.LTS\lib\armv6m-ti-none-eabi\c\</path>
         <kind>archive</kind>
         <file>libc.a</file>
         <name>pre_init.c.obj</name>
      </input_file>
      <input_file id="fl-4d">
         <path>E:\2026diansai\ccs\tools\compiler\ti-cgt-armllvm_4.0.4.LTS\lib\armv6m-ti-none-eabi\c\</path>
         <kind>archive</kind>
         <file>libc.a</file>
         <name>cpy_tbl.c.obj</name>
      </input_file>
      <input_file id="fl-4e">
         <path>E:\2026diansai\ccs\tools\compiler\ti-cgt-armllvm_4.0.4.LTS\lib\armv6m-ti-none-eabi\c\</path>
         <kind>archive</kind>
         <file>libc.a</file>
         <name>copy_zero_init.c.obj</name>
      </input_file>
      <input_file id="fl-4f">
         <path>E:\2026diansai\ccs\tools\compiler\ti-cgt-armllvm_4.0.4.LTS\lib\armv6m-ti-none-eabi\c\</path>
         <kind>archive</kind>
         <file>libc.a</file>
         <name>copy_decompress_none.c.obj</name>
      </input_file>
      <input_file id="fl-50">
         <path>E:\2026diansai\ccs\tools\compiler\ti-cgt-armllvm_4.0.4.LTS\lib\armv6m-ti-none-eabi\c\</path>
         <kind>archive</kind>
         <file>libc.a</file>
         <name>copy_decompress_lzss.c.obj</name>
      </input_file>
      <input_file id="fl-51">
         <path>E:\2026diansai\ccs\tools\compiler\ti-cgt-armllvm_4.0.4.LTS\lib\armv6m-ti-none-eabi\c\</path>
         <kind>archive</kind>
         <file>libc.a</file>
         <name>e_sqrt.c.obj</name>
      </input_file>
      <input_file id="fl-52">
         <path>E:\2026diansai\ccs\tools\compiler\ti-cgt-armllvm_4.0.4.LTS\lib\armv6m-ti-none-eabi\c\</path>
         <kind>archive</kind>
         <file>libc.a</file>
         <name>s_floor.c.obj</name>
      </input_file>
      <input_file id="fl-53">
         <path>E:\2026diansai\ccs\tools\compiler\ti-cgt-armllvm_4.0.4.LTS\lib\armv6m-ti-none-eabi\c\</path>
         <kind>archive</kind>
         <file>libc.a</file>
         <name>s_scalbn.c.obj</name>
      </input_file>
      <input_file id="fl-54">
         <path>E:\2026diansai\ccs\tools\compiler\ti-cgt-armllvm_4.0.4.LTS\lib\armv6m-ti-none-eabi\c\</path>
         <kind>archive</kind>
         <file>libc.a</file>
         <name>_printfi.c.obj</name>
      </input_file>
      <input_file id="fl-55">
         <path>E:\2026diansai\ccs\tools\compiler\ti-cgt-armllvm_4.0.4.LTS\lib\armv6m-ti-none-eabi\c\</path>
         <kind>archive</kind>
         <file>libc.a</file>
         <name>fflush.c.obj</name>
      </input_file>
      <input_file id="fl-56">
         <path>E:\2026diansai\ccs\tools\compiler\ti-cgt-armllvm_4.0.4.LTS\lib\armv6m-ti-none-eabi\c\</path>
         <kind>archive</kind>
         <file>libc.a</file>
         <name>fputs.c.obj</name>
      </input_file>
      <input_file id="fl-57">
         <path>E:\2026diansai\ccs\tools\compiler\ti-cgt-armllvm_4.0.4.LTS\lib\armv6m-ti-none-eabi\c\</path>
         <kind>archive</kind>
         <file>libc.a</file>
         <name>_io_perm.c.obj</name>
      </input_file>
      <input_file id="fl-58">
         <path>E:\2026diansai\ccs\tools\compiler\ti-cgt-armllvm_4.0.4.LTS\lib\armv6m-ti-none-eabi\c\</path>
         <kind>archive</kind>
         <file>libc.a</file>
         <name>setvbuf.c.obj</name>
      </input_file>
      <input_file id="fl-59">
         <path>E:\2026diansai\ccs\tools\compiler\ti-cgt-armllvm_4.0.4.LTS\lib\armv6m-ti-none-eabi\c\</path>
         <kind>archive</kind>
         <file>libc.a</file>
         <name>exit.c.obj</name>
      </input_file>
      <input_file id="fl-5a">
         <path>E:\2026diansai\ccs\tools\compiler\ti-cgt-armllvm_4.0.4.LTS\lib\armv6m-ti-none-eabi\c\</path>
         <kind>archive</kind>
         <file>libc.a</file>
         <name>_lock.c.obj</name>
      </input_file>
      <input_file id="fl-5b">
         <path>E:\2026diansai\ccs\tools\compiler\ti-cgt-armllvm_4.0.4.LTS\lib\armv6m-ti-none-eabi\c\</path>
         <kind>archive</kind>
         <file>libc.a</file>
         <name>_ltoa.c.obj</name>
      </input_file>
      <input_file id="fl-5c">
         <path>E:\2026diansai\ccs\tools\compiler\ti-cgt-armllvm_4.0.4.LTS\lib\armv6m-ti-none-eabi\c\</path>
         <kind>archive</kind>
         <file>libc.a</file>
         <name>args_main.c.obj</name>
      </input_file>
      <input_file id="fl-5d">
         <path>E:\2026diansai\ccs\tools\compiler\ti-cgt-armllvm_4.0.4.LTS\lib\armv6m-ti-none-eabi\c\</path>
         <kind>archive</kind>
         <file>libc.a</file>
         <name>atoi.c.obj</name>
      </input_file>
      <input_file id="fl-5e">
         <path>E:\2026diansai\ccs\tools\compiler\ti-cgt-armllvm_4.0.4.LTS\lib\armv6m-ti-none-eabi\c\</path>
         <kind>archive</kind>
         <file>libc.a</file>
         <name>memccpy.c.obj</name>
      </input_file>
      <input_file id="fl-5f">
         <path>E:\2026diansai\ccs\tools\compiler\ti-cgt-armllvm_4.0.4.LTS\lib\armv6m-ti-none-eabi\c\</path>
         <kind>archive</kind>
         <file>libc.a</file>
         <name>s_frexp.c.obj</name>
      </input_file>
      <input_file id="fl-60">
         <path>E:\2026diansai\ccs\tools\compiler\ti-cgt-armllvm_4.0.4.LTS\lib\armv6m-ti-none-eabi\c\</path>
         <kind>archive</kind>
         <file>libc.a</file>
         <name>wcslen.c.obj</name>
      </input_file>
      <input_file id="fl-61">
         <path>E:\2026diansai\ccs\tools\compiler\ti-cgt-armllvm_4.0.4.LTS\lib\armv6m-ti-none-eabi\c\</path>
         <kind>archive</kind>
         <file>libc.a</file>
         <name>fopen.c.obj</name>
      </input_file>
      <input_file id="fl-62">
         <path>E:\2026diansai\ccs\tools\compiler\ti-cgt-armllvm_4.0.4.LTS\lib\armv6m-ti-none-eabi\c\</path>
         <kind>archive</kind>
         <file>libc.a</file>
         <name>fseek.c.obj</name>
      </input_file>
      <input_file id="fl-63">
         <path>E:\2026diansai\ccs\tools\compiler\ti-cgt-armllvm_4.0.4.LTS\lib\armv6m-ti-none-eabi\c\</path>
         <kind>archive</kind>
         <file>libc.a</file>
         <name>aeabi_ctype.S.obj</name>
      </input_file>
      <input_file id="fl-64">
         <path>E:\2026diansai\ccs\tools\compiler\ti-cgt-armllvm_4.0.4.LTS\lib\armv6m-ti-none-eabi\c\</path>
         <kind>archive</kind>
         <file>libc.a</file>
         <name>fclose.c.obj</name>
      </input_file>
      <input_file id="fl-104">
         <path>E:\2026diansai\ccs\tools\compiler\ti-cgt-armllvm_4.0.4.LTS\lib\armv6m-ti-none-eabi\c\</path>
         <kind>archive</kind>
         <file>libsysbm.a</file>
         <name>hostexit.c.obj</name>
      </input_file>
      <input_file id="fl-105">
         <path>E:\2026diansai\ccs\tools\compiler\ti-cgt-armllvm_4.0.4.LTS\lib\armv6m-ti-none-eabi\c\</path>
         <kind>archive</kind>
         <file>libsysbm.a</file>
         <name>write.c.obj</name>
      </input_file>
      <input_file id="fl-106">
         <path>E:\2026diansai\ccs\tools\compiler\ti-cgt-armllvm_4.0.4.LTS\lib\armv6m-ti-none-eabi\c\</path>
         <kind>archive</kind>
         <file>libsysbm.a</file>
         <name>host_device.c.obj</name>
      </input_file>
      <input_file id="fl-107">
         <path>E:\2026diansai\ccs\tools\compiler\ti-cgt-armllvm_4.0.4.LTS\lib\armv6m-ti-none-eabi\c\</path>
         <kind>archive</kind>
         <file>libsysbm.a</file>
         <name>remove.c.obj</name>
      </input_file>
      <input_file id="fl-108">
         <path>E:\2026diansai\ccs\tools\compiler\ti-cgt-armllvm_4.0.4.LTS\lib\armv6m-ti-none-eabi\c\</path>
         <kind>archive</kind>
         <file>libsysbm.a</file>
         <name>open.c.obj</name>
      </input_file>
      <input_file id="fl-109">
         <path>E:\2026diansai\ccs\tools\compiler\ti-cgt-armllvm_4.0.4.LTS\lib\armv6m-ti-none-eabi\c\</path>
         <kind>archive</kind>
         <file>libsysbm.a</file>
         <name>lseek.c.obj</name>
      </input_file>
      <input_file id="fl-10a">
         <path>E:\2026diansai\ccs\tools\compiler\ti-cgt-armllvm_4.0.4.LTS\lib\armv6m-ti-none-eabi\c\</path>
         <kind>archive</kind>
         <file>libsysbm.a</file>
         <name>close.c.obj</name>
      </input_file>
      <input_file id="fl-10b">
         <path>E:\2026diansai\ccs\tools\compiler\ti-cgt-armllvm_4.0.4.LTS\lib\armv6m-ti-none-eabi\c\</path>
         <kind>archive</kind>
         <file>libsysbm.a</file>
         <name>unlink.c.obj</name>
      </input_file>
      <input_file id="fl-10c">
         <path>E:\2026diansai\ccs\tools\compiler\ti-cgt-armllvm_4.0.4.LTS\lib\armv6m-ti-none-eabi\c\</path>
         <kind>archive</kind>
         <file>libsysbm.a</file>
         <name>hostclose.c.obj</name>
      </input_file>
      <input_file id="fl-10d">
         <path>E:\2026diansai\ccs\tools\compiler\ti-cgt-armllvm_4.0.4.LTS\lib\armv6m-ti-none-eabi\c\</path>
         <kind>archive</kind>
         <file>libsysbm.a</file>
         <name>hostlseek.c.obj</name>
      </input_file>
      <input_file id="fl-10e">
         <path>E:\2026diansai\ccs\tools\compiler\ti-cgt-armllvm_4.0.4.LTS\lib\armv6m-ti-none-eabi\c\</path>
         <kind>archive</kind>
         <file>libsysbm.a</file>
         <name>hostopen.c.obj</name>
      </input_file>
      <input_file id="fl-10f">
         <path>E:\2026diansai\ccs\tools\compiler\ti-cgt-armllvm_4.0.4.LTS\lib\armv6m-ti-none-eabi\c\</path>
         <kind>archive</kind>
         <file>libsysbm.a</file>
         <name>hostread.c.obj</name>
      </input_file>
      <input_file id="fl-110">
         <path>E:\2026diansai\ccs\tools\compiler\ti-cgt-armllvm_4.0.4.LTS\lib\armv6m-ti-none-eabi\c\</path>
         <kind>archive</kind>
         <file>libsysbm.a</file>
         <name>hostrename.c.obj</name>
      </input_file>
      <input_file id="fl-111">
         <path>E:\2026diansai\ccs\tools\compiler\ti-cgt-armllvm_4.0.4.LTS\lib\armv6m-ti-none-eabi\c\</path>
         <kind>archive</kind>
         <file>libsysbm.a</file>
         <name>hostunlink.c.obj</name>
      </input_file>
      <input_file id="fl-112">
         <path>E:\2026diansai\ccs\tools\compiler\ti-cgt-armllvm_4.0.4.LTS\lib\armv6m-ti-none-eabi\c\</path>
         <kind>archive</kind>
         <file>libsysbm.a</file>
         <name>hostwrite.c.obj</name>
      </input_file>
      <input_file id="fl-113">
         <path>E:\2026diansai\ccs\tools\compiler\ti-cgt-armllvm_4.0.4.LTS\lib\armv6m-ti-none-eabi\c\</path>
         <kind>archive</kind>
         <file>libsysbm.a</file>
         <name>trgmsg.c.obj</name>
      </input_file>
      <input_file id="fl-114">
         <path>E:\2026diansai\ccs\tools\compiler\ti-cgt-armllvm_4.0.4.LTS\lib\armv6m-ti-none-eabi\</path>
         <kind>archive</kind>
         <file>libclang_rt.builtins.a</file>
         <name>addsf3.S.obj</name>
      </input_file>
      <input_file id="fl-115">
         <path>E:\2026diansai\ccs\tools\compiler\ti-cgt-armllvm_4.0.4.LTS\lib\armv6m-ti-none-eabi\</path>
         <kind>archive</kind>
         <file>libclang_rt.builtins.a</file>
         <name>adddf3.S.obj</name>
      </input_file>
      <input_file id="fl-116">
         <path>E:\2026diansai\ccs\tools\compiler\ti-cgt-armllvm_4.0.4.LTS\lib\armv6m-ti-none-eabi\</path>
         <kind>archive</kind>
         <file>libclang_rt.builtins.a</file>
         <name>muldf3.S.obj</name>
      </input_file>
      <input_file id="fl-117">
         <path>E:\2026diansai\ccs\tools\compiler\ti-cgt-armllvm_4.0.4.LTS\lib\armv6m-ti-none-eabi\</path>
         <kind>archive</kind>
         <file>libclang_rt.builtins.a</file>
         <name>muldsi3.S.obj</name>
      </input_file>
      <input_file id="fl-118">
         <path>E:\2026diansai\ccs\tools\compiler\ti-cgt-armllvm_4.0.4.LTS\lib\armv6m-ti-none-eabi\</path>
         <kind>archive</kind>
         <file>libclang_rt.builtins.a</file>
         <name>mulsf3.S.obj</name>
      </input_file>
      <input_file id="fl-119">
         <path>E:\2026diansai\ccs\tools\compiler\ti-cgt-armllvm_4.0.4.LTS\lib\armv6m-ti-none-eabi\</path>
         <kind>archive</kind>
         <file>libclang_rt.builtins.a</file>
         <name>divsf3.S.obj</name>
      </input_file>
      <input_file id="fl-11a">
         <path>E:\2026diansai\ccs\tools\compiler\ti-cgt-armllvm_4.0.4.LTS\lib\armv6m-ti-none-eabi\</path>
         <kind>archive</kind>
         <file>libclang_rt.builtins.a</file>
         <name>divdf3.S.obj</name>
      </input_file>
      <input_file id="fl-11b">
         <path>E:\2026diansai\ccs\tools\compiler\ti-cgt-armllvm_4.0.4.LTS\lib\armv6m-ti-none-eabi\</path>
         <kind>archive</kind>
         <file>libclang_rt.builtins.a</file>
         <name>extendsfdf2.S.obj</name>
      </input_file>
      <input_file id="fl-11c">
         <path>E:\2026diansai\ccs\tools\compiler\ti-cgt-armllvm_4.0.4.LTS\lib\armv6m-ti-none-eabi\</path>
         <kind>archive</kind>
         <file>libclang_rt.builtins.a</file>
         <name>fixdfsi.S.obj</name>
      </input_file>
      <input_file id="fl-11d">
         <path>E:\2026diansai\ccs\tools\compiler\ti-cgt-armllvm_4.0.4.LTS\lib\armv6m-ti-none-eabi\</path>
         <kind>archive</kind>
         <file>libclang_rt.builtins.a</file>
         <name>fixsfsi.S.obj</name>
      </input_file>
      <input_file id="fl-11e">
         <path>E:\2026diansai\ccs\tools\compiler\ti-cgt-armllvm_4.0.4.LTS\lib\armv6m-ti-none-eabi\</path>
         <kind>archive</kind>
         <file>libclang_rt.builtins.a</file>
         <name>fixunssfsi.S.obj</name>
      </input_file>
      <input_file id="fl-11f">
         <path>E:\2026diansai\ccs\tools\compiler\ti-cgt-armllvm_4.0.4.LTS\lib\armv6m-ti-none-eabi\</path>
         <kind>archive</kind>
         <file>libclang_rt.builtins.a</file>
         <name>floatsidf.S.obj</name>
      </input_file>
      <input_file id="fl-120">
         <path>E:\2026diansai\ccs\tools\compiler\ti-cgt-armllvm_4.0.4.LTS\lib\armv6m-ti-none-eabi\</path>
         <kind>archive</kind>
         <file>libclang_rt.builtins.a</file>
         <name>floatsisf.S.obj</name>
      </input_file>
      <input_file id="fl-121">
         <path>E:\2026diansai\ccs\tools\compiler\ti-cgt-armllvm_4.0.4.LTS\lib\armv6m-ti-none-eabi\</path>
         <kind>archive</kind>
         <file>libclang_rt.builtins.a</file>
         <name>floatunsidf.S.obj</name>
      </input_file>
      <input_file id="fl-122">
         <path>E:\2026diansai\ccs\tools\compiler\ti-cgt-armllvm_4.0.4.LTS\lib\armv6m-ti-none-eabi\</path>
         <kind>archive</kind>
         <file>libclang_rt.builtins.a</file>
         <name>floatunsisf.S.obj</name>
      </input_file>
      <input_file id="fl-123">
         <path>E:\2026diansai\ccs\tools\compiler\ti-cgt-armllvm_4.0.4.LTS\lib\armv6m-ti-none-eabi\</path>
         <kind>archive</kind>
         <file>libclang_rt.builtins.a</file>
         <name>muldi3.S.obj</name>
      </input_file>
      <input_file id="fl-124">
         <path>E:\2026diansai\ccs\tools\compiler\ti-cgt-armllvm_4.0.4.LTS\lib\armv6m-ti-none-eabi\</path>
         <kind>archive</kind>
         <file>libclang_rt.builtins.a</file>
         <name>truncdfsf2.S.obj</name>
      </input_file>
      <input_file id="fl-125">
         <path>E:\2026diansai\ccs\tools\compiler\ti-cgt-armllvm_4.0.4.LTS\lib\armv6m-ti-none-eabi\</path>
         <kind>archive</kind>
         <file>libclang_rt.builtins.a</file>
         <name>aeabi_dcmp.S.obj</name>
      </input_file>
      <input_file id="fl-126">
         <path>E:\2026diansai\ccs\tools\compiler\ti-cgt-armllvm_4.0.4.LTS\lib\armv6m-ti-none-eabi\</path>
         <kind>archive</kind>
         <file>libclang_rt.builtins.a</file>
         <name>aeabi_fcmp.S.obj</name>
      </input_file>
      <input_file id="fl-127">
         <path>E:\2026diansai\ccs\tools\compiler\ti-cgt-armllvm_4.0.4.LTS\lib\armv6m-ti-none-eabi\</path>
         <kind>archive</kind>
         <file>libclang_rt.builtins.a</file>
         <name>aeabi_idivmod.S.obj</name>
      </input_file>
      <input_file id="fl-128">
         <path>E:\2026diansai\ccs\tools\compiler\ti-cgt-armllvm_4.0.4.LTS\lib\armv6m-ti-none-eabi\</path>
         <kind>archive</kind>
         <file>libclang_rt.builtins.a</file>
         <name>aeabi_memcpy.S.obj</name>
      </input_file>
      <input_file id="fl-129">
         <path>E:\2026diansai\ccs\tools\compiler\ti-cgt-armllvm_4.0.4.LTS\lib\armv6m-ti-none-eabi\</path>
         <kind>archive</kind>
         <file>libclang_rt.builtins.a</file>
         <name>aeabi_memset.S.obj</name>
      </input_file>
      <input_file id="fl-12a">
         <path>E:\2026diansai\ccs\tools\compiler\ti-cgt-armllvm_4.0.4.LTS\lib\armv6m-ti-none-eabi\</path>
         <kind>archive</kind>
         <file>libclang_rt.builtins.a</file>
         <name>aeabi_uidivmod.S.obj</name>
      </input_file>
      <input_file id="fl-12b">
         <path>E:\2026diansai\ccs\tools\compiler\ti-cgt-armllvm_4.0.4.LTS\lib\armv6m-ti-none-eabi\</path>
         <kind>archive</kind>
         <file>libclang_rt.builtins.a</file>
         <name>aeabi_uldivmod.S.obj</name>
      </input_file>
      <input_file id="fl-12c">
         <path>E:\2026diansai\ccs\tools\compiler\ti-cgt-armllvm_4.0.4.LTS\lib\armv6m-ti-none-eabi\</path>
         <kind>archive</kind>
         <file>libclang_rt.builtins.a</file>
         <name>comparesf2.S.obj</name>
      </input_file>
      <input_file id="fl-12d">
         <path>E:\2026diansai\ccs\tools\compiler\ti-cgt-armllvm_4.0.4.LTS\lib\armv6m-ti-none-eabi\</path>
         <kind>archive</kind>
         <file>libclang_rt.builtins.a</file>
         <name>udivmoddi4.S.obj</name>
      </input_file>
      <input_file id="fl-12e">
         <path>E:\2026diansai\ccs\tools\compiler\ti-cgt-armllvm_4.0.4.LTS\lib\armv6m-ti-none-eabi\</path>
         <kind>archive</kind>
         <file>libclang_rt.builtins.a</file>
         <name>ashldi3.S.obj</name>
      </input_file>
      <input_file id="fl-12f">
         <path>E:\2026diansai\ccs\tools\compiler\ti-cgt-armllvm_4.0.4.LTS\lib\armv6m-ti-none-eabi\</path>
         <kind>archive</kind>
         <file>libclang_rt.builtins.a</file>
         <name>comparedf2.c.obj</name>
      </input_file>
      <input_file id="fl-130">
         <path>E:\2026diansai\ccs\tools\compiler\ti-cgt-armllvm_4.0.4.LTS\lib\armv6m-ti-none-eabi\</path>
         <kind>archive</kind>
         <file>libclang_rt.builtins.a</file>
         <name>aeabi_div0.c.obj</name>
      </input_file>
      <input_file id="fl-131">
         <path>E:\2026diansai\ccs\tools\compiler\ti-cgt-armllvm_4.0.4.LTS\lib\armv6m-ti-none-eabi\c\</path>
         <kind>archive</kind>
         <file>libc.a</file>
         <name>getdevice.c.obj</name>
      </input_file>
      <input_file id="fl-132">
         <path>E:\2026diansai\ccs\tools\compiler\ti-cgt-armllvm_4.0.4.LTS\lib\armv6m-ti-none-eabi\c\</path>
         <kind>archive</kind>
         <file>libc.a</file>
         <name>memcpy16.S.obj</name>
      </input_file>
      <input_file id="fl-133">
         <path>E:\2026diansai\ccs\tools\compiler\ti-cgt-armllvm_4.0.4.LTS\lib\armv6m-ti-none-eabi\c\</path>
         <kind>archive</kind>
         <file>libc.a</file>
         <name>memset16.S.obj</name>
      </input_file>
      <input_file id="fl-134">
         <path>E:\2026diansai\ccs\tools\compiler\ti-cgt-armllvm_4.0.4.LTS\lib\armv6m-ti-none-eabi\c\</path>
         <kind>archive</kind>
         <file>libc.a</file>
         <name>strcmp-armv6m.S.obj</name>
      </input_file>
   </input_file_list>
   <object_component_list>
      <object_component id="oc-18">
         <name>.intvecs</name>
         <load_address>0x0</load_address>
         <readonly>true</readonly>
         <run_address>0x0</run_address>
         <size>0xc0</size>
         <alignment>0x4</alignment>
         <input_file_ref idref="fl-7"/>
      </object_component>
      <object_component id="oc-21c">
         <name>.text.powf</name>
         <load_address>0xc0</load_address>
         <readonly>true</readonly>
         <executable>true</executable>
         <run_address>0xc0</run_address>
         <size>0x6b8</size>
         <alignment>0x4</alignment>
         <input_file_ref idref="fl-3d"/>
      </object_component>
      <object_component id="oc-280">
         <name>.text.__kernel_rem_pio2</name>
         <load_address>0x778</load_address>
         <readonly>true</readonly>
         <executable>true</executable>
         <run_address>0x778</run_address>
         <size>0x644</size>
         <alignment>0x4</alignment>
         <input_file_ref idref="fl-45"/>
      </object_component>
      <object_component id="oc-235">
         <name>.text.FusionAhrsUpdate</name>
         <load_address>0xdbc</load_address>
         <readonly>true</readonly>
         <executable>true</executable>
         <run_address>0xdbc</run_address>
         <size>0x402</size>
         <alignment>0x2</alignment>
         <input_file_ref idref="fl-e"/>
      </object_component>
      <object_component id="oc-23e">
         <name>.text.__aeabi_idiv0</name>
         <load_address>0x11be</load_address>
         <readonly>true</readonly>
         <executable>true</executable>
         <run_address>0x11be</run_address>
         <size>0x2</size>
         <alignment>0x2</alignment>
         <input_file_ref idref="fl-130"/>
      </object_component>
      <object_component id="oc-c4">
         <name>.text.imu963ra_init</name>
         <load_address>0x11c0</load_address>
         <readonly>true</readonly>
         <executable>true</executable>
         <run_address>0x11c0</run_address>
         <size>0x300</size>
         <alignment>0x4</alignment>
         <input_file_ref idref="fl-11"/>
      </object_component>
      <object_component id="oc-109">
         <name>.text.SYSCFG_DL_GPIO_init</name>
         <load_address>0x14c0</load_address>
         <readonly>true</readonly>
         <executable>true</executable>
         <run_address>0x14c0</run_address>
         <size>0x20c</size>
         <alignment>0x4</alignment>
         <input_file_ref idref="fl-6"/>
      </object_component>
      <object_component id="oc-2ba">
         <name>.text.cosf</name>
         <load_address>0x16cc</load_address>
         <readonly>true</readonly>
         <executable>true</executable>
         <run_address>0x16cc</run_address>
         <size>0x1d4</size>
         <alignment>0x4</alignment>
         <input_file_ref idref="fl-40"/>
      </object_component>
      <object_component id="oc-2c1">
         <name>.text.atanf</name>
         <load_address>0x18a0</load_address>
         <readonly>true</readonly>
         <executable>true</executable>
         <run_address>0x18a0</run_address>
         <size>0x1c8</size>
         <alignment>0x4</alignment>
         <input_file_ref idref="fl-3f"/>
      </object_component>
      <object_component id="oc-216">
         <name>.text.sinf</name>
         <load_address>0x1a68</load_address>
         <readonly>true</readonly>
         <executable>true</executable>
         <run_address>0x1a68</run_address>
         <size>0x1c8</size>
         <alignment>0x4</alignment>
         <input_file_ref idref="fl-42"/>
      </object_component>
      <object_component id="oc-2b3">
         <name>.text.FusionAhrsHalfMagnetic</name>
         <load_address>0x1c30</load_address>
         <readonly>true</readonly>
         <executable>true</executable>
         <run_address>0x1c30</run_address>
         <size>0x1c4</size>
         <alignment>0x2</alignment>
         <input_file_ref idref="fl-e"/>
      </object_component>
      <object_component id="oc-16a">
         <name>.text.imu963ra_attitude_calibrate_gyro</name>
         <load_address>0x1df4</load_address>
         <readonly>true</readonly>
         <executable>true</executable>
         <run_address>0x1df4</run_address>
         <size>0x1b8</size>
         <alignment>0x4</alignment>
         <input_file_ref idref="fl-10"/>
      </object_component>
      <object_component id="oc-26d">
         <name>.text.adddf3_subdf3</name>
         <load_address>0x1fac</load_address>
         <readonly>true</readonly>
         <executable>true</executable>
         <run_address>0x1fac</run_address>
         <size>0x192</size>
         <alignment>0x4</alignment>
         <input_file_ref idref="fl-115"/>
      </object_component>
      <object_component id="oc-318">
         <name>.text.sqrt</name>
         <load_address>0x2140</load_address>
         <readonly>true</readonly>
         <executable>true</executable>
         <run_address>0x2140</run_address>
         <size>0x170</size>
         <alignment>0x4</alignment>
         <input_file_ref idref="fl-51"/>
      </object_component>
      <object_component id="oc-2ca">
         <name>.text.asinf</name>
         <load_address>0x22b0</load_address>
         <readonly>true</readonly>
         <executable>true</executable>
         <run_address>0x22b0</run_address>
         <size>0x160</size>
         <alignment>0x4</alignment>
         <input_file_ref idref="fl-3b"/>
      </object_component>
      <object_component id="oc-2c0">
         <name>.text.FusionQuaternionMultiply</name>
         <load_address>0x2410</load_address>
         <readonly>true</readonly>
         <executable>true</executable>
         <run_address>0x2410</run_address>
         <size>0x14e</size>
         <alignment>0x2</alignment>
         <input_file_ref idref="fl-e"/>
      </object_component>
      <object_component id="oc-2f4">
         <name>.text.floor</name>
         <load_address>0x2560</load_address>
         <readonly>true</readonly>
         <executable>true</executable>
         <run_address>0x2560</run_address>
         <size>0x144</size>
         <alignment>0x4</alignment>
         <input_file_ref idref="fl-52"/>
      </object_component>
      <object_component id="oc-d6">
         <name>.text.Bluetooth_Task</name>
         <load_address>0x26a4</load_address>
         <readonly>true</readonly>
         <executable>true</executable>
         <run_address>0x26a4</run_address>
         <size>0x140</size>
         <alignment>0x4</alignment>
         <input_file_ref idref="fl-2"/>
      </object_component>
      <object_component id="oc-15c">
         <name>.text.FusionAhrsSetSettings</name>
         <load_address>0x27e4</load_address>
         <readonly>true</readonly>
         <executable>true</executable>
         <run_address>0x27e4</run_address>
         <size>0x134</size>
         <alignment>0x4</alignment>
         <input_file_ref idref="fl-e"/>
      </object_component>
      <object_component id="oc-2ad">
         <name>.text.FusionAhrsHalfGravity</name>
         <load_address>0x2918</load_address>
         <readonly>true</readonly>
         <executable>true</executable>
         <run_address>0x2918</run_address>
         <size>0x132</size>
         <alignment>0x2</alignment>
         <input_file_ref idref="fl-e"/>
      </object_component>
      <object_component id="oc-8c">
         <name>.text.main</name>
         <load_address>0x2a4c</load_address>
         <readonly>true</readonly>
         <executable>true</executable>
         <run_address>0x2a4c</run_address>
         <size>0x124</size>
         <alignment>0x4</alignment>
         <input_file_ref idref="fl-5"/>
      </object_component>
      <object_component id="oc-237">
         <name>.text.atan2f</name>
         <load_address>0x2b70</load_address>
         <readonly>true</readonly>
         <executable>true</executable>
         <run_address>0x2b70</run_address>
         <size>0x118</size>
         <alignment>0x4</alignment>
         <input_file_ref idref="fl-3c"/>
      </object_component>
      <object_component id="oc-63">
         <name>.text.Encoder_IRQHandler</name>
         <load_address>0x2c88</load_address>
         <readonly>true</readonly>
         <executable>true</executable>
         <run_address>0x2c88</run_address>
         <size>0x114</size>
         <alignment>0x4</alignment>
         <input_file_ref idref="fl-8"/>
      </object_component>
      <object_component id="oc-2b7">
         <name>.text.FusionQuaternionMultiplyVector</name>
         <load_address>0x2d9c</load_address>
         <readonly>true</readonly>
         <executable>true</executable>
         <run_address>0x2d9c</run_address>
         <size>0x10a</size>
         <alignment>0x2</alignment>
         <input_file_ref idref="fl-e"/>
      </object_component>
      <object_component id="oc-1d0">
         <name>.text.DL_Timer_initFourCCPWMMode</name>
         <load_address>0x2ea8</load_address>
         <readonly>true</readonly>
         <executable>true</executable>
         <run_address>0x2ea8</run_address>
         <size>0x104</size>
         <alignment>0x4</alignment>
         <input_file_ref idref="fl-22"/>
      </object_component>
      <object_component id="oc-18b">
         <name>.text.FusionOffsetUpdate</name>
         <load_address>0x2fac</load_address>
         <readonly>true</readonly>
         <executable>true</executable>
         <run_address>0x2fac</run_address>
         <size>0x100</size>
         <alignment>0x4</alignment>
         <input_file_ref idref="fl-f"/>
      </object_component>
      <object_component id="oc-1d9">
         <name>.text.DL_Timer_initTimerMode</name>
         <load_address>0x30ac</load_address>
         <readonly>true</readonly>
         <executable>true</executable>
         <run_address>0x30ac</run_address>
         <size>0xfc</size>
         <alignment>0x4</alignment>
         <input_file_ref idref="fl-22"/>
      </object_component>
      <object_component id="oc-e0">
         <name>.text.imu963ra_attitude_update_with_delta_time</name>
         <load_address>0x31a8</load_address>
         <readonly>true</readonly>
         <executable>true</executable>
         <run_address>0x31a8</run_address>
         <size>0xfc</size>
         <alignment>0x4</alignment>
         <input_file_ref idref="fl-10"/>
      </object_component>
      <object_component id="oc-18e">
         <name>.text.FusionQuaternionToEuler</name>
         <load_address>0x32a4</load_address>
         <readonly>true</readonly>
         <executable>true</executable>
         <run_address>0x32a4</run_address>
         <size>0xee</size>
         <alignment>0x2</alignment>
         <input_file_ref idref="fl-10"/>
      </object_component>
      <object_component id="oc-1c3">
         <name>.text.SYSCFG_DL_SYSCTL_SYSPLL_init</name>
         <load_address>0x3394</load_address>
         <readonly>true</readonly>
         <executable>true</executable>
         <run_address>0x3394</run_address>
         <size>0xe8</size>
         <alignment>0x4</alignment>
         <input_file_ref idref="fl-6"/>
      </object_component>
      <object_component id="oc-271">
         <name>.text.__muldf3</name>
         <load_address>0x347c</load_address>
         <readonly>true</readonly>
         <executable>true</executable>
         <run_address>0x347c</run_address>
         <size>0xe4</size>
         <alignment>0x4</alignment>
         <input_file_ref idref="fl-116"/>
      </object_component>
      <object_component id="oc-1c2">
         <name>.text.DL_SYSCTL_configSYSPLL</name>
         <load_address>0x3560</load_address>
         <readonly>true</readonly>
         <executable>true</executable>
         <run_address>0x3560</run_address>
         <size>0xdc</size>
         <alignment>0x4</alignment>
         <input_file_ref idref="fl-24"/>
      </object_component>
      <object_component id="oc-2f0">
         <name>.text.scalbn</name>
         <load_address>0x363c</load_address>
         <readonly>true</readonly>
         <executable>true</executable>
         <run_address>0x363c</run_address>
         <size>0xd8</size>
         <alignment>0x4</alignment>
         <input_file_ref idref="fl-53"/>
      </object_component>
      <object_component id="oc-15d">
         <name>.text</name>
         <load_address>0x3714</load_address>
         <readonly>true</readonly>
         <executable>true</executable>
         <run_address>0x3714</run_address>
         <size>0xd8</size>
         <alignment>0x4</alignment>
         <input_file_ref idref="fl-114"/>
      </object_component>
      <object_component id="oc-12b">
         <name>.text.soft_iic_init</name>
         <load_address>0x37ec</load_address>
         <readonly>true</readonly>
         <executable>true</executable>
         <run_address>0x37ec</run_address>
         <size>0xd6</size>
         <alignment>0x2</alignment>
         <input_file_ref idref="fl-13"/>
      </object_component>
      <object_component id="oc-206">
         <name>.text.soft_iic_read_data</name>
         <load_address>0x38c2</load_address>
         <readonly>true</readonly>
         <executable>true</executable>
         <run_address>0x38c2</run_address>
         <size>0xd2</size>
         <alignment>0x2</alignment>
         <input_file_ref idref="fl-13"/>
      </object_component>
      <object_component id="oc-236">
         <name>.text.FusionAhrsSetHeading</name>
         <load_address>0x3994</load_address>
         <readonly>true</readonly>
         <executable>true</executable>
         <run_address>0x3994</run_address>
         <size>0xd0</size>
         <alignment>0x2</alignment>
         <input_file_ref idref="fl-e"/>
      </object_component>
      <object_component id="oc-c9">
         <name>.text.imu963ra_attitude_init</name>
         <load_address>0x3a64</load_address>
         <readonly>true</readonly>
         <executable>true</executable>
         <run_address>0x3a64</run_address>
         <size>0xd0</size>
         <alignment>0x4</alignment>
         <input_file_ref idref="fl-10"/>
      </object_component>
      <object_component id="oc-1f4">
         <name>.text.OLED_I2C_SendByte</name>
         <load_address>0x3b34</load_address>
         <readonly>true</readonly>
         <executable>true</executable>
         <run_address>0x3b34</run_address>
         <size>0xb4</size>
         <alignment>0x4</alignment>
         <input_file_ref idref="fl-1"/>
      </object_component>
      <object_component id="oc-18f">
         <name>.text.OLED_ShowChar</name>
         <load_address>0x3be8</load_address>
         <readonly>true</readonly>
         <executable>true</executable>
         <run_address>0x3be8</run_address>
         <size>0xb4</size>
         <alignment>0x4</alignment>
         <input_file_ref idref="fl-1"/>
      </object_component>
      <object_component id="oc-29e">
         <name>.text.scalbnf</name>
         <load_address>0x3c9c</load_address>
         <readonly>true</readonly>
         <executable>true</executable>
         <run_address>0x3c9c</run_address>
         <size>0xb0</size>
         <alignment>0x4</alignment>
         <input_file_ref idref="fl-41"/>
      </object_component>
      <object_component id="oc-e1">
         <name>.text.OLED_ShowSignedNum</name>
         <load_address>0x3d4c</load_address>
         <readonly>true</readonly>
         <executable>true</executable>
         <run_address>0x3d4c</run_address>
         <size>0xae</size>
         <alignment>0x2</alignment>
         <input_file_ref idref="fl-1"/>
      </object_component>
      <object_component id="oc-138">
         <name>.text.soft_iic_send_data</name>
         <load_address>0x3dfa</load_address>
         <readonly>true</readonly>
         <executable>true</executable>
         <run_address>0x3dfa</run_address>
         <size>0xae</size>
         <alignment>0x2</alignment>
         <input_file_ref idref="fl-13"/>
      </object_component>
      <object_component id="oc-34">
         <name>.text.GROUP1_IRQHandler</name>
         <load_address>0x3ea8</load_address>
         <readonly>true</readonly>
         <executable>true</executable>
         <run_address>0x3ea8</run_address>
         <size>0xac</size>
         <alignment>0x4</alignment>
         <input_file_ref idref="fl-9"/>
      </object_component>
      <object_component id="oc-30f">
         <name>.text.__kernel_sindf</name>
         <load_address>0x3f54</load_address>
         <readonly>true</readonly>
         <executable>true</executable>
         <run_address>0x3f54</run_address>
         <size>0xac</size>
         <alignment>0x4</alignment>
         <input_file_ref idref="fl-40"/>
      </object_component>
      <object_component id="oc-27b">
         <name>.text.__kernel_sindf</name>
         <load_address>0x4000</load_address>
         <readonly>true</readonly>
         <executable>true</executable>
         <run_address>0x4000</run_address>
         <size>0xac</size>
         <alignment>0x4</alignment>
         <input_file_ref idref="fl-42"/>
      </object_component>
      <object_component id="oc-15b">
         <name>.text.imu963ra_attitude_get_gyro_range</name>
         <load_address>0x40ac</load_address>
         <readonly>true</readonly>
         <executable>true</executable>
         <run_address>0x40ac</run_address>
         <size>0xac</size>
         <alignment>0x4</alignment>
         <input_file_ref idref="fl-10"/>
      </object_component>
      <object_component id="oc-bf">
         <name>.text.OLED_Init</name>
         <load_address>0x4158</load_address>
         <readonly>true</readonly>
         <executable>true</executable>
         <run_address>0x4158</run_address>
         <size>0xa0</size>
         <alignment>0x4</alignment>
         <input_file_ref idref="fl-1"/>
      </object_component>
      <object_component id="oc-13d">
         <name>.text.imu963ra_write_mag_register</name>
         <load_address>0x41f8</load_address>
         <readonly>true</readonly>
         <executable>true</executable>
         <run_address>0x41f8</run_address>
         <size>0xa0</size>
         <alignment>0x4</alignment>
         <input_file_ref idref="fl-11"/>
      </object_component>
      <object_component id="oc-289">
         <name>.text.sqrtf</name>
         <load_address>0x4298</load_address>
         <readonly>true</readonly>
         <executable>true</executable>
         <run_address>0x4298</run_address>
         <size>0xa0</size>
         <alignment>0x4</alignment>
         <input_file_ref idref="fl-3e"/>
      </object_component>
      <object_component id="oc-210">
         <name>.text.FusionAhrsReset</name>
         <load_address>0x4338</load_address>
         <readonly>true</readonly>
         <executable>true</executable>
         <run_address>0x4338</run_address>
         <size>0x9c</size>
         <alignment>0x4</alignment>
         <input_file_ref idref="fl-e"/>
      </object_component>
      <object_component id="oc-30d">
         <name>.text.__kernel_cosdf</name>
         <load_address>0x43d4</load_address>
         <readonly>true</readonly>
         <executable>true</executable>
         <run_address>0x43d4</run_address>
         <size>0x9c</size>
         <alignment>0x4</alignment>
         <input_file_ref idref="fl-40"/>
      </object_component>
      <object_component id="oc-27a">
         <name>.text.__kernel_cosdf</name>
         <load_address>0x4470</load_address>
         <readonly>true</readonly>
         <executable>true</executable>
         <run_address>0x4470</run_address>
         <size>0x9c</size>
         <alignment>0x4</alignment>
         <input_file_ref idref="fl-42"/>
      </object_component>
      <object_component id="oc-be">
         <name>.text.Encoder_Init</name>
         <load_address>0x450c</load_address>
         <readonly>true</readonly>
         <executable>true</executable>
         <run_address>0x450c</run_address>
         <size>0x98</size>
         <alignment>0x4</alignment>
         <input_file_ref idref="fl-8"/>
      </object_component>
      <object_component id="oc-2b4">
         <name>.text.FusionVectorCrossProduct</name>
         <load_address>0x45a4</load_address>
         <readonly>true</readonly>
         <executable>true</executable>
         <run_address>0x45a4</run_address>
         <size>0x94</size>
         <alignment>0x2</alignment>
         <input_file_ref idref="fl-e"/>
      </object_component>
      <object_component id="oc-10b">
         <name>.text.SYSCFG_DL_PWM_TB6612_init</name>
         <load_address>0x4638</load_address>
         <readonly>true</readonly>
         <executable>true</executable>
         <run_address>0x4638</run_address>
         <size>0x8c</size>
         <alignment>0x4</alignment>
         <input_file_ref idref="fl-6"/>
      </object_component>
      <object_component id="oc-108">
         <name>.text.SYSCFG_DL_initPower</name>
         <load_address>0x46c4</load_address>
         <readonly>true</readonly>
         <executable>true</executable>
         <run_address>0x46c4</run_address>
         <size>0x8c</size>
         <alignment>0x4</alignment>
         <input_file_ref idref="fl-6"/>
      </object_component>
      <object_component id="oc-dc">
         <name>.text.__mulsf3</name>
         <load_address>0x4750</load_address>
         <readonly>true</readonly>
         <executable>true</executable>
         <run_address>0x4750</run_address>
         <size>0x8c</size>
         <alignment>0x4</alignment>
         <input_file_ref idref="fl-118"/>
      </object_component>
      <object_component id="oc-205">
         <name>.text.soft_iic_wait_ack</name>
         <load_address>0x47dc</load_address>
         <readonly>true</readonly>
         <executable>true</executable>
         <run_address>0x47dc</run_address>
         <size>0x8c</size>
         <alignment>0x2</alignment>
         <input_file_ref idref="fl-13"/>
      </object_component>
      <object_component id="oc-207">
         <name>.text.imu963ra_read_mag_register</name>
         <load_address>0x4868</load_address>
         <readonly>true</readonly>
         <executable>true</executable>
         <run_address>0x4868</run_address>
         <size>0x88</size>
         <alignment>0x4</alignment>
         <input_file_ref idref="fl-11"/>
      </object_component>
      <object_component id="oc-1ee">
         <name>.text.tb6612_apply_motor</name>
         <load_address>0x48f0</load_address>
         <readonly>true</readonly>
         <executable>true</executable>
         <run_address>0x48f0</run_address>
         <size>0x88</size>
         <alignment>0x4</alignment>
         <input_file_ref idref="fl-c"/>
      </object_component>
      <object_component id="oc-2b9">
         <name>.text.FusionQuaternionNormalise</name>
         <load_address>0x4978</load_address>
         <readonly>true</readonly>
         <executable>true</executable>
         <run_address>0x4978</run_address>
         <size>0x86</size>
         <alignment>0x2</alignment>
         <input_file_ref idref="fl-e"/>
      </object_component>
      <object_component id="oc-1c8">
         <name>.text.__NVIC_SetPriority</name>
         <load_address>0x4a00</load_address>
         <readonly>true</readonly>
         <executable>true</executable>
         <run_address>0x4a00</run_address>
         <size>0x84</size>
         <alignment>0x4</alignment>
         <input_file_ref idref="fl-6"/>
      </object_component>
      <object_component id="oc-2b0">
         <name>.text.FusionAhrsFeedback</name>
         <load_address>0x4a84</load_address>
         <readonly>true</readonly>
         <executable>true</executable>
         <run_address>0x4a84</run_address>
         <size>0x82</size>
         <alignment>0x2</alignment>
         <input_file_ref idref="fl-e"/>
      </object_component>
      <object_component id="oc-152">
         <name>.text.__divsf3</name>
         <load_address>0x4b08</load_address>
         <readonly>true</readonly>
         <executable>true</executable>
         <run_address>0x4b08</run_address>
         <size>0x82</size>
         <alignment>0x4</alignment>
         <input_file_ref idref="fl-119"/>
      </object_component>
      <object_component id="oc-3e">
         <name>.text.TIMG0_IRQHandler</name>
         <load_address>0x4b8c</load_address>
         <readonly>true</readonly>
         <executable>true</executable>
         <run_address>0x4b8c</run_address>
         <size>0x80</size>
         <alignment>0x4</alignment>
         <input_file_ref idref="fl-9"/>
      </object_component>
      <object_component id="oc-18c">
         <name>.text.FusionAhrsUpdateNoMagnetometer</name>
         <load_address>0x4c0c</load_address>
         <readonly>true</readonly>
         <executable>true</executable>
         <run_address>0x4c0c</run_address>
         <size>0x7c</size>
         <alignment>0x2</alignment>
         <input_file_ref idref="fl-e"/>
      </object_component>
      <object_component id="oc-10a">
         <name>.text.SYSCFG_DL_SYSCTL_init</name>
         <load_address>0x4c88</load_address>
         <readonly>true</readonly>
         <executable>true</executable>
         <run_address>0x4c88</run_address>
         <size>0x7c</size>
         <alignment>0x4</alignment>
         <input_file_ref idref="fl-6"/>
      </object_component>
      <object_component id="oc-22f">
         <name>.text.imu963ra_get_acc_gyro</name>
         <load_address>0x4d04</load_address>
         <readonly>true</readonly>
         <executable>true</executable>
         <run_address>0x4d04</run_address>
         <size>0x7c</size>
         <alignment>0x4</alignment>
         <input_file_ref idref="fl-11"/>
      </object_component>
      <object_component id="oc-1c">
         <name>.text:decompress:lzss</name>
         <load_address>0x4d80</load_address>
         <readonly>true</readonly>
         <executable>true</executable>
         <run_address>0x4d80</run_address>
         <size>0x7c</size>
         <alignment>0x4</alignment>
         <input_file_ref idref="fl-50"/>
      </object_component>
      <object_component id="oc-26a">
         <name>.text.soft_iic_send_ack</name>
         <load_address>0x4dfc</load_address>
         <readonly>true</readonly>
         <executable>true</executable>
         <run_address>0x4dfc</run_address>
         <size>0x7a</size>
         <alignment>0x2</alignment>
         <input_file_ref idref="fl-13"/>
      </object_component>
      <object_component id="oc-d0">
         <name>.text.AJ1_IsPressed</name>
         <load_address>0x4e78</load_address>
         <readonly>true</readonly>
         <executable>true</executable>
         <run_address>0x4e78</run_address>
         <size>0x74</size>
         <alignment>0x4</alignment>
         <input_file_ref idref="fl-a"/>
      </object_component>
      <object_component id="oc-d2">
         <name>.text.AJ2_IsPressed</name>
         <load_address>0x4eec</load_address>
         <readonly>true</readonly>
         <executable>true</executable>
         <run_address>0x4eec</run_address>
         <size>0x74</size>
         <alignment>0x4</alignment>
         <input_file_ref idref="fl-a"/>
      </object_component>
      <object_component id="oc-d3">
         <name>.text.AJ3_IsPressed</name>
         <load_address>0x4f60</load_address>
         <readonly>true</readonly>
         <executable>true</executable>
         <run_address>0x4f60</run_address>
         <size>0x74</size>
         <alignment>0x4</alignment>
         <input_file_ref idref="fl-a"/>
      </object_component>
      <object_component id="oc-d4">
         <name>.text.AJ4_IsPressed</name>
         <load_address>0x4fd4</load_address>
         <readonly>true</readonly>
         <executable>true</executable>
         <run_address>0x4fd4</run_address>
         <size>0x74</size>
         <alignment>0x4</alignment>
         <input_file_ref idref="fl-a"/>
      </object_component>
      <object_component id="oc-2da">
         <name>.text.__gedf2</name>
         <load_address>0x5048</load_address>
         <readonly>true</readonly>
         <executable>true</executable>
         <run_address>0x5048</run_address>
         <size>0x74</size>
         <alignment>0x4</alignment>
         <input_file_ref idref="fl-12f"/>
      </object_component>
      <object_component id="oc-33">
         <name>.text.Default_Handler</name>
         <load_address>0x50bc</load_address>
         <readonly>true</readonly>
         <executable>true</executable>
         <run_address>0x50bc</run_address>
         <size>0x4</size>
         <alignment>0x2</alignment>
         <input_file_ref idref="fl-7"/>
      </object_component>
      <object_component id="oc-2e2">
         <name>.text.__truncdfsf2</name>
         <load_address>0x50c0</load_address>
         <readonly>true</readonly>
         <executable>true</executable>
         <run_address>0x50c0</run_address>
         <size>0x74</size>
         <alignment>0x10</alignment>
         <input_file_ref idref="fl-124"/>
      </object_component>
      <object_component id="oc-2a6">
         <name>.text.soft_iic_read_8bit_registers</name>
         <load_address>0x5134</load_address>
         <readonly>true</readonly>
         <executable>true</executable>
         <run_address>0x5134</run_address>
         <size>0x6e</size>
         <alignment>0x2</alignment>
         <input_file_ref idref="fl-13"/>
      </object_component>
      <object_component id="oc-231">
         <name>.text.imu963ra_attitude_build_gyro_from_current</name>
         <load_address>0x51a4</load_address>
         <readonly>true</readonly>
         <executable>true</executable>
         <run_address>0x51a4</run_address>
         <size>0x6c</size>
         <alignment>0x4</alignment>
         <input_file_ref idref="fl-10"/>
      </object_component>
      <object_component id="oc-137">
         <name>.text.soft_iic_start</name>
         <load_address>0x5210</load_address>
         <readonly>true</readonly>
         <executable>true</executable>
         <run_address>0x5210</run_address>
         <size>0x6c</size>
         <alignment>0x2</alignment>
         <input_file_ref idref="fl-13"/>
      </object_component>
      <object_component id="oc-139">
         <name>.text.soft_iic_stop</name>
         <load_address>0x527c</load_address>
         <readonly>true</readonly>
         <executable>true</executable>
         <run_address>0x527c</run_address>
         <size>0x6c</size>
         <alignment>0x2</alignment>
         <input_file_ref idref="fl-13"/>
      </object_component>
      <object_component id="oc-2d4">
         <name>.text.__ledf2</name>
         <load_address>0x52e8</load_address>
         <readonly>true</readonly>
         <executable>true</executable>
         <run_address>0x52e8</run_address>
         <size>0x68</size>
         <alignment>0x4</alignment>
         <input_file_ref idref="fl-12f"/>
      </object_component>
      <object_component id="oc-1bc">
         <name>.text.DL_SYSCTL_setHFCLKSourceHFXTParams</name>
         <load_address>0x5350</load_address>
         <readonly>true</readonly>
         <executable>true</executable>
         <run_address>0x5350</run_address>
         <size>0x64</size>
         <alignment>0x4</alignment>
         <input_file_ref idref="fl-24"/>
      </object_component>
      <object_component id="oc-13a">
         <name>.text.soft_iic_sccb_read_register</name>
         <load_address>0x53b4</load_address>
         <readonly>true</readonly>
         <executable>true</executable>
         <run_address>0x53b4</run_address>
         <size>0x64</size>
         <alignment>0x2</alignment>
         <input_file_ref idref="fl-13"/>
      </object_component>
      <object_component id="oc-25b">
         <name>.text.__aeabi_dcmp</name>
         <load_address>0x5418</load_address>
         <readonly>true</readonly>
         <executable>true</executable>
         <run_address>0x5418</run_address>
         <size>0x62</size>
         <alignment>0x4</alignment>
         <input_file_ref idref="fl-125"/>
      </object_component>
      <object_component id="oc-14e">
         <name>.text.__aeabi_fcmp</name>
         <load_address>0x547c</load_address>
         <readonly>true</readonly>
         <executable>true</executable>
         <run_address>0x547c</run_address>
         <size>0x62</size>
         <alignment>0x4</alignment>
         <input_file_ref idref="fl-126"/>
      </object_component>
      <object_component id="oc-230">
         <name>.text.imu963ra_attitude_build_acc_from_current</name>
         <load_address>0x54e0</load_address>
         <readonly>true</readonly>
         <executable>true</executable>
         <run_address>0x54e0</run_address>
         <size>0x60</size>
         <alignment>0x4</alignment>
         <input_file_ref idref="fl-10"/>
      </object_component>
      <object_component id="oc-2b8">
         <name>.text.FusionQuaternionAdd</name>
         <load_address>0x5540</load_address>
         <readonly>true</readonly>
         <executable>true</executable>
         <run_address>0x5540</run_address>
         <size>0x5e</size>
         <alignment>0x2</alignment>
         <input_file_ref idref="fl-e"/>
      </object_component>
      <object_component id="oc-1f3">
         <name>.text.OLED_I2C_Start</name>
         <load_address>0x55a0</load_address>
         <readonly>true</readonly>
         <executable>true</executable>
         <run_address>0x55a0</run_address>
         <size>0x58</size>
         <alignment>0x4</alignment>
         <input_file_ref idref="fl-1"/>
      </object_component>
      <object_component id="oc-123">
         <name>.text.OLED_Clear</name>
         <load_address>0x55f8</load_address>
         <readonly>true</readonly>
         <executable>true</executable>
         <run_address>0x55f8</run_address>
         <size>0x56</size>
         <alignment>0x2</alignment>
         <input_file_ref idref="fl-1"/>
      </object_component>
      <object_component id="oc-2e7">
         <name>.text.__aeabi_idivmod</name>
         <load_address>0x5650</load_address>
         <readonly>true</readonly>
         <executable>true</executable>
         <run_address>0x5650</run_address>
         <size>0x56</size>
         <alignment>0x4</alignment>
         <input_file_ref idref="fl-127"/>
      </object_component>
      <object_component id="oc-13c">
         <name>.text.imu963ra_acc_gyro_self_check</name>
         <load_address>0x56a8</load_address>
         <readonly>true</readonly>
         <executable>true</executable>
         <run_address>0x56a8</run_address>
         <size>0x54</size>
         <alignment>0x4</alignment>
         <input_file_ref idref="fl-11"/>
      </object_component>
      <object_component id="oc-189">
         <name>.text.imu963ra_attitude_refresh_inertial</name>
         <load_address>0x56fc</load_address>
         <readonly>true</readonly>
         <executable>true</executable>
         <run_address>0x56fc</run_address>
         <size>0x54</size>
         <alignment>0x2</alignment>
         <input_file_ref idref="fl-10"/>
      </object_component>
      <object_component id="oc-165">
         <name>.text.FusionOffsetInitialise</name>
         <load_address>0x5750</load_address>
         <readonly>true</readonly>
         <executable>true</executable>
         <run_address>0x5750</run_address>
         <size>0x50</size>
         <alignment>0x4</alignment>
         <input_file_ref idref="fl-f"/>
      </object_component>
      <object_component id="oc-30b">
         <name>.text.FusionVectorDotProduct</name>
         <load_address>0x57a0</load_address>
         <readonly>true</readonly>
         <executable>true</executable>
         <run_address>0x57a0</run_address>
         <size>0x50</size>
         <alignment>0x2</alignment>
         <input_file_ref idref="fl-e"/>
      </object_component>
      <object_component id="oc-2ae">
         <name>.text.FusionVectorIsZero</name>
         <load_address>0x57f0</load_address>
         <readonly>true</readonly>
         <executable>true</executable>
         <run_address>0x57f0</run_address>
         <size>0x50</size>
         <alignment>0x2</alignment>
         <input_file_ref idref="fl-e"/>
      </object_component>
      <object_component id="oc-13f">
         <name>.text.imu963ra_connect_mag</name>
         <load_address>0x5840</load_address>
         <readonly>true</readonly>
         <executable>true</executable>
         <run_address>0x5840</run_address>
         <size>0x50</size>
         <alignment>0x4</alignment>
         <input_file_ref idref="fl-11"/>
      </object_component>
      <object_component id="oc-13e">
         <name>.text.imu963ra_mag_self_check</name>
         <load_address>0x5890</load_address>
         <readonly>true</readonly>
         <executable>true</executable>
         <run_address>0x5890</run_address>
         <size>0x50</size>
         <alignment>0x2</alignment>
         <input_file_ref idref="fl-11"/>
      </object_component>
      <object_component id="oc-1fa">
         <name>.text.gpio_init</name>
         <load_address>0x58e0</load_address>
         <readonly>true</readonly>
         <executable>true</executable>
         <run_address>0x58e0</run_address>
         <size>0x4e</size>
         <alignment>0x2</alignment>
         <input_file_ref idref="fl-12"/>
      </object_component>
      <object_component id="oc-1b1">
         <name>.text.DL_GPIO_initDigitalInputFeatures</name>
         <load_address>0x5930</load_address>
         <readonly>true</readonly>
         <executable>true</executable>
         <run_address>0x5930</run_address>
         <size>0x4c</size>
         <alignment>0x4</alignment>
         <input_file_ref idref="fl-6"/>
      </object_component>
      <object_component id="oc-269">
         <name>.text.DL_GPIO_initDigitalInputFeatures</name>
         <load_address>0x597c</load_address>
         <readonly>true</readonly>
         <executable>true</executable>
         <run_address>0x597c</run_address>
         <size>0x4c</size>
         <alignment>0x4</alignment>
         <input_file_ref idref="fl-12"/>
      </object_component>
      <object_component id="oc-1e5">
         <name>.text.DL_UART_setBaudRateDivisor</name>
         <load_address>0x59c8</load_address>
         <readonly>true</readonly>
         <executable>true</executable>
         <run_address>0x59c8</run_address>
         <size>0x4c</size>
         <alignment>0x4</alignment>
         <input_file_ref idref="fl-6"/>
      </object_component>
      <object_component id="oc-23c">
         <name>.text.FusionAsin</name>
         <load_address>0x5a14</load_address>
         <readonly>true</readonly>
         <executable>true</executable>
         <run_address>0x5a14</run_address>
         <size>0x4c</size>
         <alignment>0x4</alignment>
         <input_file_ref idref="fl-10"/>
      </object_component>
      <object_component id="oc-30a">
         <name>.text.FusionFastInverseSqrt</name>
         <load_address>0x5a60</load_address>
         <readonly>true</readonly>
         <executable>true</executable>
         <run_address>0x5a60</run_address>
         <size>0x4c</size>
         <alignment>0x4</alignment>
         <input_file_ref idref="fl-e"/>
      </object_component>
      <object_component id="oc-10e">
         <name>.text.SYSCFG_DL_UART_BT_init</name>
         <load_address>0x5aac</load_address>
         <readonly>true</readonly>
         <executable>true</executable>
         <run_address>0x5aac</run_address>
         <size>0x4c</size>
         <alignment>0x4</alignment>
         <input_file_ref idref="fl-6"/>
      </object_component>
      <object_component id="oc-275">
         <name>.text.__fixdfsi</name>
         <load_address>0x5af8</load_address>
         <readonly>true</readonly>
         <executable>true</executable>
         <run_address>0x5af8</run_address>
         <size>0x4a</size>
         <alignment>0x4</alignment>
         <input_file_ref idref="fl-11c"/>
      </object_component>
      <object_component id="oc-1e3">
         <name>.text.DL_UART_init</name>
         <load_address>0x5b44</load_address>
         <readonly>true</readonly>
         <executable>true</executable>
         <run_address>0x5b44</run_address>
         <size>0x48</size>
         <alignment>0x4</alignment>
         <input_file_ref idref="fl-23"/>
      </object_component>
      <object_component id="oc-2b6">
         <name>.text.FusionVectorAdd</name>
         <load_address>0x5b8c</load_address>
         <readonly>true</readonly>
         <executable>true</executable>
         <run_address>0x5b8c</run_address>
         <size>0x46</size>
         <alignment>0x2</alignment>
         <input_file_ref idref="fl-e"/>
      </object_component>
      <object_component id="oc-234">
         <name>.text.FusionVectorAdd</name>
         <load_address>0x5bd2</load_address>
         <readonly>true</readonly>
         <executable>true</executable>
         <run_address>0x5bd2</run_address>
         <size>0x46</size>
         <alignment>0x2</alignment>
         <input_file_ref idref="fl-f"/>
      </object_component>
      <object_component id="oc-22b">
         <name>.text.FusionVectorAdd</name>
         <load_address>0x5c18</load_address>
         <readonly>true</readonly>
         <executable>true</executable>
         <run_address>0x5c18</run_address>
         <size>0x46</size>
         <alignment>0x2</alignment>
         <input_file_ref idref="fl-10"/>
      </object_component>
      <object_component id="oc-232">
         <name>.text.FusionVectorSubtract</name>
         <load_address>0x5c5e</load_address>
         <readonly>true</readonly>
         <executable>true</executable>
         <run_address>0x5c5e</run_address>
         <size>0x46</size>
         <alignment>0x2</alignment>
         <input_file_ref idref="fl-f"/>
      </object_component>
      <object_component id="oc-18a">
         <name>.text.FusionVectorSubtract</name>
         <load_address>0x5ca4</load_address>
         <readonly>true</readonly>
         <executable>true</executable>
         <run_address>0x5ca4</run_address>
         <size>0x46</size>
         <alignment>0x2</alignment>
         <input_file_ref idref="fl-10"/>
      </object_component>
      <object_component id="oc-266">
         <name>.text.tb6612_clamp_speed</name>
         <load_address>0x5cea</load_address>
         <readonly>true</readonly>
         <executable>true</executable>
         <run_address>0x5cea</run_address>
         <size>0x46</size>
         <alignment>0x2</alignment>
         <input_file_ref idref="fl-c"/>
      </object_component>
      <object_component id="oc-1c7">
         <name>.text.DL_SYSCTL_switchMCLKfromSYSOSCtoHSCLK</name>
         <load_address>0x5d30</load_address>
         <readonly>true</readonly>
         <executable>true</executable>
         <run_address>0x5d30</run_address>
         <size>0x44</size>
         <alignment>0x4</alignment>
         <input_file_ref idref="fl-24"/>
      </object_component>
      <object_component id="oc-1f5">
         <name>.text.OLED_I2C_Stop</name>
         <load_address>0x5d74</load_address>
         <readonly>true</readonly>
         <executable>true</executable>
         <run_address>0x5d74</run_address>
         <size>0x44</size>
         <alignment>0x4</alignment>
         <input_file_ref idref="fl-1"/>
      </object_component>
      <object_component id="oc-130">
         <name>.text.gpio_low</name>
         <load_address>0x5db8</load_address>
         <readonly>true</readonly>
         <executable>true</executable>
         <run_address>0x5db8</run_address>
         <size>0x44</size>
         <alignment>0x2</alignment>
         <input_file_ref idref="fl-12"/>
      </object_component>
      <object_component id="oc-264">
         <name>.text.tb6612_get_channel_config</name>
         <load_address>0x5dfc</load_address>
         <readonly>true</readonly>
         <executable>true</executable>
         <run_address>0x5dfc</run_address>
         <size>0x44</size>
         <alignment>0x2</alignment>
         <input_file_ref idref="fl-c"/>
      </object_component>
      <object_component id="oc-2dc">
         <name>.text.tb6612_get_max_speed</name>
         <load_address>0x5e40</load_address>
         <readonly>true</readonly>
         <executable>true</executable>
         <run_address>0x5e40</run_address>
         <size>0x44</size>
         <alignment>0x4</alignment>
         <input_file_ref idref="fl-c"/>
      </object_component>
      <object_component id="oc-13b">
         <name>.text.soft_iic_write_8bit_register</name>
         <load_address>0x5e84</load_address>
         <readonly>true</readonly>
         <executable>true</executable>
         <run_address>0x5e84</run_address>
         <size>0x42</size>
         <alignment>0x2</alignment>
         <input_file_ref idref="fl-13"/>
      </object_component>
      <object_component id="oc-ce">
         <name>.text.Bluetooth_Init</name>
         <load_address>0x5ec8</load_address>
         <readonly>true</readonly>
         <executable>true</executable>
         <run_address>0x5ec8</run_address>
         <size>0x40</size>
         <alignment>0x4</alignment>
         <input_file_ref idref="fl-2"/>
      </object_component>
      <object_component id="oc-10f">
         <name>.text.SYSCFG_DL_UART_DEBUG_init</name>
         <load_address>0x5f08</load_address>
         <readonly>true</readonly>
         <executable>true</executable>
         <run_address>0x5f08</run_address>
         <size>0x40</size>
         <alignment>0x4</alignment>
         <input_file_ref idref="fl-6"/>
      </object_component>
      <object_component id="oc-10d">
         <name>.text.SYSCFG_DL_UART_JY901_init</name>
         <load_address>0x5f48</load_address>
         <readonly>true</readonly>
         <executable>true</executable>
         <run_address>0x5f48</run_address>
         <size>0x40</size>
         <alignment>0x4</alignment>
         <input_file_ref idref="fl-6"/>
      </object_component>
      <object_component id="oc-191">
         <name>.text.__aeabi_uidivmod</name>
         <load_address>0x5f88</load_address>
         <readonly>true</readonly>
         <executable>true</executable>
         <run_address>0x5f88</run_address>
         <size>0x40</size>
         <alignment>0x4</alignment>
         <input_file_ref idref="fl-12a"/>
      </object_component>
      <object_component id="oc-27c">
         <name>.text.__extendsfdf2</name>
         <load_address>0x5fc8</load_address>
         <readonly>true</readonly>
         <executable>true</executable>
         <run_address>0x5fc8</run_address>
         <size>0x40</size>
         <alignment>0x4</alignment>
         <input_file_ref idref="fl-11b"/>
      </object_component>
      <object_component id="oc-1d1">
         <name>.text.DL_Timer_setCounterControl</name>
         <load_address>0x6008</load_address>
         <readonly>true</readonly>
         <executable>true</executable>
         <run_address>0x6008</run_address>
         <size>0x3c</size>
         <alignment>0x4</alignment>
         <input_file_ref idref="fl-6"/>
      </object_component>
      <object_component id="oc-10c">
         <name>.text.SYSCFG_DL_TIMER_TICK_init</name>
         <load_address>0x6044</load_address>
         <readonly>true</readonly>
         <executable>true</executable>
         <run_address>0x6044</run_address>
         <size>0x3c</size>
         <alignment>0x4</alignment>
         <input_file_ref idref="fl-6"/>
      </object_component>
      <object_component id="oc-b4">
         <name>.text.SYSCFG_DL_init</name>
         <load_address>0x6080</load_address>
         <readonly>true</readonly>
         <executable>true</executable>
         <run_address>0x6080</run_address>
         <size>0x3c</size>
         <alignment>0x4</alignment>
         <input_file_ref idref="fl-6"/>
      </object_component>
      <object_component id="oc-299">
         <name>.text.__floatsisf</name>
         <load_address>0x60bc</load_address>
         <readonly>true</readonly>
         <executable>true</executable>
         <run_address>0x60bc</run_address>
         <size>0x3c</size>
         <alignment>0x4</alignment>
         <input_file_ref idref="fl-120"/>
      </object_component>
      <object_component id="oc-20d">
         <name>.text.__gtsf2</name>
         <load_address>0x60f8</load_address>
         <readonly>true</readonly>
         <executable>true</executable>
         <run_address>0x60f8</run_address>
         <size>0x3c</size>
         <alignment>0x4</alignment>
         <input_file_ref idref="fl-12c"/>
      </object_component>
      <object_component id="oc-d7">
         <name>.text.imu963ra_attitude_get_euler</name>
         <load_address>0x6134</load_address>
         <readonly>true</readonly>
         <executable>true</executable>
         <run_address>0x6134</run_address>
         <size>0x3c</size>
         <alignment>0x4</alignment>
[...]
         <object_component_ref idref="oc-139"/>
      </symbol>
      <symbol id="sm-3aa">
         <name>soft_iic_send_ack</name>
         <value>0x4dfd</value>
         <object_component_ref idref="oc-26a"/>
      </symbol>
      <symbol id="sm-3ab">
         <name>soft_iic_wait_ack</name>
         <value>0x47dd</value>
         <object_component_ref idref="oc-205"/>
      </symbol>
      <symbol id="sm-3ac">
         <name>soft_iic_send_data</name>
         <value>0x3dfb</value>
         <object_component_ref idref="oc-138"/>
      </symbol>
      <symbol id="sm-3ad">
         <name>soft_iic_read_data</name>
         <value>0x38c3</value>
         <object_component_ref idref="oc-206"/>
      </symbol>
      <symbol id="sm-3ae">
         <name>soft_iic_write_8bit_register</name>
         <value>0x5e85</value>
         <object_component_ref idref="oc-13b"/>
      </symbol>
      <symbol id="sm-3af">
         <name>soft_iic_read_8bit_registers</name>
         <value>0x5135</value>
         <object_component_ref idref="oc-2a6"/>
      </symbol>
      <symbol id="sm-3b0">
         <name>soft_iic_sccb_read_register</name>
         <value>0x53b5</value>
         <object_component_ref idref="oc-13a"/>
      </symbol>
      <symbol id="sm-3b1">
         <name>soft_iic_init</name>
         <value>0x37ed</value>
         <object_component_ref idref="oc-12b"/>
      </symbol>
      <symbol id="sm-3b2">
         <name>__TI_ATRegion0_src_addr</name>
         <value>0x0</value>
      </symbol>
      <symbol id="sm-3b3">
         <name>__TI_ATRegion0_trg_addr</name>
         <value>0x0</value>
      </symbol>
      <symbol id="sm-3b4">
         <name>__TI_ATRegion0_region_sz</name>
         <value>0x0</value>
      </symbol>
      <symbol id="sm-3b5">
         <name>__TI_ATRegion1_src_addr</name>
         <value>0x0</value>
      </symbol>
      <symbol id="sm-3b6">
         <name>__TI_ATRegion1_trg_addr</name>
         <value>0x0</value>
      </symbol>
      <symbol id="sm-3b7">
         <name>__TI_ATRegion1_region_sz</name>
         <value>0x0</value>
      </symbol>
      <symbol id="sm-3b8">
         <name>__TI_ATRegion2_src_addr</name>
         <value>0x0</value>
      </symbol>
      <symbol id="sm-3b9">
         <name>__TI_ATRegion2_trg_addr</name>
         <value>0x0</value>
      </symbol>
      <symbol id="sm-3ba">
         <name>__TI_ATRegion2_region_sz</name>
         <value>0x0</value>
      </symbol>
      <symbol id="sm-3c3">
         <name>DL_Common_delayCycles</name>
         <value>0x6f25</value>
         <object_component_ref idref="oc-11d"/>
      </symbol>
      <symbol id="sm-3df">
         <name>DL_Timer_setClockConfig</name>
         <value>0x6a45</value>
         <object_component_ref idref="oc-1ca"/>
      </symbol>
      <symbol id="sm-3e0">
         <name>DL_Timer_initTimerMode</name>
         <value>0x30ad</value>
         <object_component_ref idref="oc-1d9"/>
      </symbol>
      <symbol id="sm-3e1">
         <name>DL_Timer_setCaptureCompareValue</name>
         <value>0x6ee1</value>
         <object_component_ref idref="oc-1d4"/>
      </symbol>
      <symbol id="sm-3e2">
         <name>DL_Timer_setCaptCompUpdateMethod</name>
         <value>0x6a29</value>
         <object_component_ref idref="oc-1d3"/>
      </symbol>
      <symbol id="sm-3e3">
         <name>DL_Timer_setCaptureCompareOutCtl</name>
         <value>0x6c35</value>
         <object_component_ref idref="oc-1d2"/>
      </symbol>
      <symbol id="sm-3e4">
         <name>DL_Timer_initFourCCPWMMode</name>
         <value>0x2ea9</value>
         <object_component_ref idref="oc-1d0"/>
      </symbol>
      <symbol id="sm-3f1">
         <name>DL_UART_init</name>
         <value>0x5b45</value>
         <object_component_ref idref="oc-1e3"/>
      </symbol>
      <symbol id="sm-3f2">
         <name>DL_UART_setClockConfig</name>
         <value>0x6e79</value>
         <object_component_ref idref="oc-1dd"/>
      </symbol>
      <symbol id="sm-406">
         <name>DL_SYSCTL_configSYSPLL</name>
         <value>0x3561</value>
         <object_component_ref idref="oc-1c2"/>
      </symbol>
      <symbol id="sm-407">
         <name>DL_SYSCTL_switchMCLKfromSYSOSCtoHSCLK</name>
         <value>0x5d31</value>
         <object_component_ref idref="oc-1c7"/>
      </symbol>
      <symbol id="sm-408">
         <name>DL_SYSCTL_setHFCLKSourceHFXTParams</name>
         <value>0x5351</value>
         <object_component_ref idref="oc-1bc"/>
      </symbol>
      <symbol id="sm-409">
         <name>DL_SYSCTL_configFCC</name>
         <value>0x699d</value>
         <object_component_ref idref="oc-253"/>
      </symbol>
      <symbol id="sm-417">
         <name>asinf</name>
         <value>0x22b1</value>
         <object_component_ref idref="oc-2ca"/>
      </symbol>
      <symbol id="sm-425">
         <name>atan2f</name>
         <value>0x2b71</value>
         <object_component_ref idref="oc-237"/>
      </symbol>
      <symbol id="sm-451">
         <name>powf</name>
         <value>0xc1</value>
         <object_component_ref idref="oc-21c"/>
      </symbol>
      <symbol id="sm-45b">
         <name>sqrtf</name>
         <value>0x4299</value>
         <object_component_ref idref="oc-289"/>
      </symbol>
      <symbol id="sm-46f">
         <name>atanf</name>
         <value>0x18a1</value>
         <object_component_ref idref="oc-2c1"/>
      </symbol>
      <symbol id="sm-48e">
         <name>cosf</name>
         <value>0x16cd</value>
         <object_component_ref idref="oc-2ba"/>
      </symbol>
      <symbol id="sm-498">
         <name>scalbnf</name>
         <value>0x3c9d</value>
         <object_component_ref idref="oc-29e"/>
      </symbol>
      <symbol id="sm-499">
         <name>ldexpf</name>
         <value>0x3c9d</value>
         <object_component_ref idref="oc-29e"/>
      </symbol>
      <symbol id="sm-4b8">
         <name>sinf</name>
         <value>0x1a69</value>
         <object_component_ref idref="oc-216"/>
      </symbol>
      <symbol id="sm-4c4">
         <name>__aeabi_errno_addr</name>
         <value>0x6f4d</value>
         <object_component_ref idref="oc-28d"/>
      </symbol>
      <symbol id="sm-4c5">
         <name>__aeabi_errno</name>
         <value>0x202001c0</value>
         <object_component_ref idref="oc-302"/>
      </symbol>
      <symbol id="sm-4e1">
         <name>__kernel_rem_pio2</name>
         <value>0x779</value>
         <object_component_ref idref="oc-280"/>
      </symbol>
      <symbol id="sm-4ef">
         <name>_c_int00_noargs</name>
         <value>0x673d</value>
         <object_component_ref idref="oc-5a"/>
      </symbol>
      <symbol id="sm-4f0">
         <name>__stack</name>
         <value>0x20207e00</value>
         <object_component_ref idref="oc-1a"/>
      </symbol>
      <symbol id="sm-4ff">
         <name>__TI_auto_init_nobinit_nopinit</name>
         <value>0x6171</value>
         <object_component_ref idref="oc-ef"/>
      </symbol>
      <symbol id="sm-507">
         <name>_system_pre_init</name>
         <value>0x7045</value>
         <object_component_ref idref="oc-88"/>
      </symbol>
      <symbol id="sm-512">
         <name>__TI_zero_init_nomemset</name>
         <value>0x6d75</value>
         <object_component_ref idref="oc-51"/>
      </symbol>
      <symbol id="sm-51b">
         <name>__TI_decompress_none</name>
         <value>0x6e9d</value>
         <object_component_ref idref="oc-20"/>
      </symbol>
      <symbol id="sm-526">
         <name>__TI_decompress_lzss</name>
         <value>0x4d81</value>
         <object_component_ref idref="oc-1c"/>
      </symbol>
      <symbol id="sm-530">
         <name>sqrt</name>
         <value>0x2141</value>
         <object_component_ref idref="oc-318"/>
      </symbol>
      <symbol id="sm-531">
         <name>sqrtl</name>
         <value>0x2141</value>
         <object_component_ref idref="oc-318"/>
      </symbol>
      <symbol id="sm-53b">
         <name>floor</name>
         <value>0x2561</value>
         <object_component_ref idref="oc-2f4"/>
      </symbol>
      <symbol id="sm-53c">
         <name>floorl</name>
         <value>0x2561</value>
         <object_component_ref idref="oc-2f4"/>
      </symbol>
      <symbol id="sm-546">
         <name>scalbn</name>
         <value>0x363d</value>
         <object_component_ref idref="oc-2f0"/>
      </symbol>
      <symbol id="sm-547">
         <name>ldexp</name>
         <value>0x363d</value>
         <object_component_ref idref="oc-2f0"/>
      </symbol>
      <symbol id="sm-548">
         <name>scalbnl</name>
         <value>0x363d</value>
         <object_component_ref idref="oc-2f0"/>
      </symbol>
      <symbol id="sm-549">
         <name>ldexpl</name>
         <value>0x363d</value>
         <object_component_ref idref="oc-2f0"/>
      </symbol>
      <symbol id="sm-558">
         <name>abort</name>
         <value>0x6ff9</value>
         <object_component_ref idref="oc-e8"/>
      </symbol>
      <symbol id="sm-56a">
         <name>HOSTexit</name>
         <value>0x6fff</value>
         <object_component_ref idref="oc-195"/>
      </symbol>
      <symbol id="sm-56b">
         <name>C$$EXIT</name>
         <value>0x6ffe</value>
         <object_component_ref idref="oc-195"/>
      </symbol>
      <symbol id="sm-580">
         <name>__aeabi_fadd</name>
         <value>0x371f</value>
         <object_component_ref idref="oc-15d"/>
      </symbol>
      <symbol id="sm-581">
         <name>__addsf3</name>
         <value>0x371f</value>
         <object_component_ref idref="oc-15d"/>
      </symbol>
      <symbol id="sm-582">
         <name>__aeabi_fsub</name>
         <value>0x3715</value>
         <object_component_ref idref="oc-15d"/>
      </symbol>
      <symbol id="sm-583">
         <name>__subsf3</name>
         <value>0x3715</value>
         <object_component_ref idref="oc-15d"/>
      </symbol>
      <symbol id="sm-58f">
         <name>__aeabi_dadd</name>
         <value>0x1fb7</value>
         <object_component_ref idref="oc-26d"/>
      </symbol>
      <symbol id="sm-590">
         <name>__adddf3</name>
         <value>0x1fb7</value>
         <object_component_ref idref="oc-26d"/>
      </symbol>
      <symbol id="sm-591">
         <name>__aeabi_dsub</name>
         <value>0x1fad</value>
         <object_component_ref idref="oc-26d"/>
      </symbol>
      <symbol id="sm-592">
         <name>__subdf3</name>
         <value>0x1fad</value>
         <object_component_ref idref="oc-26d"/>
      </symbol>
      <symbol id="sm-59b">
         <name>__aeabi_dmul</name>
         <value>0x347d</value>
         <object_component_ref idref="oc-271"/>
      </symbol>
      <symbol id="sm-59c">
         <name>__muldf3</name>
         <value>0x347d</value>
         <object_component_ref idref="oc-271"/>
      </symbol>
      <symbol id="sm-5a5">
         <name>__muldsi3</name>
         <value>0x61e9</value>
         <object_component_ref idref="oc-184"/>
      </symbol>
      <symbol id="sm-5ab">
         <name>__aeabi_fmul</name>
         <value>0x4751</value>
         <object_component_ref idref="oc-dc"/>
      </symbol>
      <symbol id="sm-5ac">
         <name>__mulsf3</name>
         <value>0x4751</value>
         <object_component_ref idref="oc-dc"/>
      </symbol>
      <symbol id="sm-5b5">
         <name>__aeabi_fdiv</name>
         <value>0x4b09</value>
         <object_component_ref idref="oc-152"/>
      </symbol>
      <symbol id="sm-5b6">
         <name>__divsf3</name>
         <value>0x4b09</value>
         <object_component_ref idref="oc-152"/>
      </symbol>
      <symbol id="sm-5bf">
         <name>__aeabi_f2d</name>
         <value>0x5fc9</value>
         <object_component_ref idref="oc-27c"/>
      </symbol>
      <symbol id="sm-5c0">
         <name>__extendsfdf2</name>
         <value>0x5fc9</value>
         <object_component_ref idref="oc-27c"/>
      </symbol>
      <symbol id="sm-5c9">
         <name>__aeabi_d2iz</name>
         <value>0x5af9</value>
         <object_component_ref idref="oc-275"/>
      </symbol>
      <symbol id="sm-5ca">
         <name>__fixdfsi</name>
         <value>0x5af9</value>
         <object_component_ref idref="oc-275"/>
      </symbol>
      <symbol id="sm-5d0">
         <name>__aeabi_f2iz</name>
         <value>0x625d</value>
         <object_component_ref idref="oc-223"/>
      </symbol>
      <symbol id="sm-5d1">
         <name>__fixsfsi</name>
         <value>0x625d</value>
         <object_component_ref idref="oc-223"/>
      </symbol>
      <symbol id="sm-5d7">
         <name>__aeabi_f2uiz</name>
         <value>0x643d</value>
         <object_component_ref idref="oc-161"/>
      </symbol>
      <symbol id="sm-5d8">
         <name>__fixunssfsi</name>
         <value>0x643d</value>
         <object_component_ref idref="oc-161"/>
      </symbol>
      <symbol id="sm-5de">
         <name>__aeabi_i2d</name>
         <value>0x6555</value>
         <object_component_ref idref="oc-2eb"/>
      </symbol>
      <symbol id="sm-5df">
         <name>__floatsidf</name>
         <value>0x6555</value>
         <object_component_ref idref="oc-2eb"/>
      </symbol>
      <symbol id="sm-5e5">
         <name>__aeabi_i2f</name>
         <value>0x60bd</value>
         <object_component_ref idref="oc-299"/>
      </symbol>
      <symbol id="sm-5e6">
         <name>__floatsisf</name>
         <value>0x60bd</value>
         <object_component_ref idref="oc-299"/>
      </symbol>
      <symbol id="sm-5ec">
         <name>__aeabi_ui2d</name>
         <value>0x67d5</value>
         <object_component_ref idref="oc-257"/>
      </symbol>
      <symbol id="sm-5ed">
         <name>__floatunsidf</name>
         <value>0x67d5</value>
         <object_component_ref idref="oc-257"/>
      </symbol>
      <symbol id="sm-5f3">
         <name>__aeabi_ui2f</name>
         <value>0x66c5</value>
         <object_component_ref idref="oc-d8"/>
      </symbol>
      <symbol id="sm-5f4">
         <name>__floatunsisf</name>
         <value>0x66c5</value>
         <object_component_ref idref="oc-d8"/>
      </symbol>
      <symbol id="sm-5fb">
         <name>__aeabi_d2f</name>
         <value>0x50c1</value>
         <object_component_ref idref="oc-2e2"/>
      </symbol>
      <symbol id="sm-5fc">
         <name>__truncdfsf2</name>
         <value>0x50c1</value>
         <object_component_ref idref="oc-2e2"/>
      </symbol>
      <symbol id="sm-602">
         <name>__aeabi_dcmpeq</name>
         <value>0x5419</value>
         <object_component_ref idref="oc-25b"/>
      </symbol>
      <symbol id="sm-603">
         <name>__aeabi_dcmplt</name>
         <value>0x542d</value>
         <object_component_ref idref="oc-25b"/>
      </symbol>
      <symbol id="sm-604">
         <name>__aeabi_dcmple</name>
         <value>0x5441</value>
         <object_component_ref idref="oc-25b"/>
      </symbol>
      <symbol id="sm-605">
         <name>__aeabi_dcmpge</name>
         <value>0x5455</value>
         <object_component_ref idref="oc-25b"/>
      </symbol>
      <symbol id="sm-606">
         <name>__aeabi_dcmpgt</name>
         <value>0x5469</value>
         <object_component_ref idref="oc-25b"/>
      </symbol>
      <symbol id="sm-60c">
         <name>__aeabi_fcmpeq</name>
         <value>0x547d</value>
         <object_component_ref idref="oc-14e"/>
      </symbol>
      <symbol id="sm-60d">
         <name>__aeabi_fcmplt</name>
         <value>0x5491</value>
         <object_component_ref idref="oc-14e"/>
      </symbol>
      <symbol id="sm-60e">
         <name>__aeabi_fcmple</name>
         <value>0x54a5</value>
         <object_component_ref idref="oc-14e"/>
      </symbol>
      <symbol id="sm-60f">
         <name>__aeabi_fcmpge</name>
         <value>0x54b9</value>
         <object_component_ref idref="oc-14e"/>
      </symbol>
      <symbol id="sm-610">
         <name>__aeabi_fcmpgt</name>
         <value>0x54cd</value>
         <object_component_ref idref="oc-14e"/>
      </symbol>
      <symbol id="sm-616">
         <name>__aeabi_idiv</name>
         <value>0x5651</value>
         <object_component_ref idref="oc-2e7"/>
      </symbol>
      <symbol id="sm-617">
         <name>__aeabi_idivmod</name>
         <value>0x5651</value>
         <object_component_ref idref="oc-2e7"/>
      </symbol>
      <symbol id="sm-61d">
         <name>__aeabi_memcpy</name>
         <value>0x6f55</value>
         <object_component_ref idref="oc-4a"/>
      </symbol>
      <symbol id="sm-61e">
         <name>__aeabi_memcpy4</name>
         <value>0x6f55</value>
         <object_component_ref idref="oc-4a"/>
      </symbol>
      <symbol id="sm-61f">
         <name>__aeabi_memcpy8</name>
         <value>0x6f55</value>
         <object_component_ref idref="oc-4a"/>
      </symbol>
      <symbol id="sm-625">
         <name>__aeabi_uidiv</name>
         <value>0x5f89</value>
         <object_component_ref idref="oc-191"/>
      </symbol>
      <symbol id="sm-626">
         <name>__aeabi_uidivmod</name>
         <value>0x5f89</value>
         <object_component_ref idref="oc-191"/>
      </symbol>
      <symbol id="sm-62f">
         <name>__eqsf2</name>
         <value>0x61ad</value>
         <object_component_ref idref="oc-208"/>
      </symbol>
      <symbol id="sm-630">
         <name>__lesf2</name>
         <value>0x61ad</value>
         <object_component_ref idref="oc-208"/>
      </symbol>
      <symbol id="sm-631">
         <name>__ltsf2</name>
         <value>0x61ad</value>
         <object_component_ref idref="oc-208"/>
      </symbol>
      <symbol id="sm-632">
         <name>__nesf2</name>
         <value>0x61ad</value>
         <object_component_ref idref="oc-208"/>
      </symbol>
      <symbol id="sm-633">
         <name>__cmpsf2</name>
         <value>0x61ad</value>
         <object_component_ref idref="oc-208"/>
      </symbol>
      <symbol id="sm-634">
         <name>__gtsf2</name>
         <value>0x60f9</value>
         <object_component_ref idref="oc-20d"/>
      </symbol>
      <symbol id="sm-635">
         <name>__gesf2</name>
         <value>0x60f9</value>
         <object_component_ref idref="oc-20d"/>
      </symbol>
      <symbol id="sm-643">
         <name>__ledf2</name>
         <value>0x52e9</value>
         <object_component_ref idref="oc-2d4"/>
      </symbol>
      <symbol id="sm-644">
         <name>__gedf2</name>
         <value>0x5049</value>
         <object_component_ref idref="oc-2da"/>
      </symbol>
      <symbol id="sm-645">
         <name>__cmpdf2</name>
         <value>0x52e9</value>
         <object_component_ref idref="oc-2d4"/>
      </symbol>
      <symbol id="sm-646">
         <name>__eqdf2</name>
         <value>0x52e9</value>
         <object_component_ref idref="oc-2d4"/>
      </symbol>
      <symbol id="sm-647">
         <name>__ltdf2</name>
         <value>0x52e9</value>
         <object_component_ref idref="oc-2d4"/>
      </symbol>
      <symbol id="sm-648">
         <name>__nedf2</name>
         <value>0x52e9</value>
         <object_component_ref idref="oc-2d4"/>
      </symbol>
      <symbol id="sm-649">
         <name>__gtdf2</name>
         <value>0x5049</value>
         <object_component_ref idref="oc-2da"/>
      </symbol>
      <symbol id="sm-653">
         <name>__aeabi_idiv0</name>
         <value>0x11bf</value>
         <object_component_ref idref="oc-23e"/>
      </symbol>
      <symbol id="sm-65d">
         <name>TI_memcpy_small</name>
         <value>0x6e8b</value>
         <object_component_ref idref="oc-aa"/>
      </symbol>
      <symbol id="sm-65e">
         <name>__TI_static_base__</name>
         <value>0x0</value>
      </symbol>
      <symbol id="sm-662">
         <name>__mpu_init</name>
         <value>0x0</value>
      </symbol>
      <symbol id="sm-663">
         <name>_system_post_cinit</name>
         <value>0x0</value>
      </symbol>
   </symbol_table>
   <title>Link successful</title>
</link_info>
