<?xml version="1.0" encoding="ISO-8859-1" ?>
<link_info>
   <banner>TI ARM Clang Linker PC v4.0.4.LTS</banner>
   <copyright>Copyright (c) 1996-2018 Texas Instruments Incorporated</copyright>
   <command_line>E:\2026diansai\ccs\tools\compiler\ti-cgt-armllvm_4.0.4.LTS\bin\tiarmlnk -IE:\2026diansai\ccs\tools\compiler\ti-cgt-armllvm_4.0.4.LTS\lib -o project.out -mproject.map -iE:/2026diansai/mspm0_sdk_2_10_00_04/source -iE:/My_MCU_Project/MSPM0G3507/2025car1.0/project -iE:/My_MCU_Project/MSPM0G3507/2025car1.0/project/Debug/syscfg -iE:/2026diansai/ccs/tools/compiler/ti-cgt-armllvm_4.0.4.LTS/lib --diag_wrap=off --display_error_number --warn_sections --xml_link_info=project_linkInfo.xml --rom_model ./DL_OLED.o ./angle_ctrl.o ./at8236.o ./bluetooth.o ./control.o ./delay.o ./empty.o ./ti_msp_dl_config.o ./startup_mspm0g350x_ticlang.o ./encoder.o ./f103_uart.o ./interrupt.o ./key.o ./myxunji.o ./vofa_debug.o ./imu963/FusionAhrs.o ./imu963/FusionOffset.o ./imu963/imu963ra_attitude.o ./imu963/zf_device_imu963ra.o ./imu963/zf_driver_gpio.o ./imu963/zf_driver_soft_iic.o -l./device_linker.cmd -ldevice.cmd.genlibs -llibc.a --start-group -llibc++.a -llibc++abi.a -llibc.a -llibsys.a -llibsysbm.a -llibclang_rt.builtins.a -llibclang_rt.profile.a --end-group --cg_opt_level=0</command_line>
   <link_time>0x6a6b63ad</link_time>
   <link_errors>0x0</link_errors>
   <output_file>E:\My_MCU_Project\MSPM0G3507\2025car1.0\project\Debug\project.out</output_file>
   <entry_point>
      <name>_c_int00_noargs</name>
      <address>0x3801</address>
   </entry_point>
   <input_file_list>
      <input_file id="fl-1">
         <path>E:\My_MCU_Project\MSPM0G3507\2025car1.0\project\Debug\.\</path>
         <kind>object</kind>
         <file>DL_OLED.o</file>
         <name>DL_OLED.o</name>
      </input_file>
      <input_file id="fl-2">
         <path>E:\My_MCU_Project\MSPM0G3507\2025car1.0\project\Debug\.\</path>
         <kind>object</kind>
         <file>angle_ctrl.o</file>
         <name>angle_ctrl.o</name>
      </input_file>
      <input_file id="fl-3">
         <path>E:\My_MCU_Project\MSPM0G3507\2025car1.0\project\Debug\.\</path>
         <kind>object</kind>
         <file>at8236.o</file>
         <name>at8236.o</name>
      </input_file>
      <input_file id="fl-4">
         <path>E:\My_MCU_Project\MSPM0G3507\2025car1.0\project\Debug\.\</path>
         <kind>object</kind>
         <file>bluetooth.o</file>
         <name>bluetooth.o</name>
      </input_file>
      <input_file id="fl-5">
         <path>E:\My_MCU_Project\MSPM0G3507\2025car1.0\project\Debug\.\</path>
         <kind>object</kind>
         <file>control.o</file>
         <name>control.o</name>
      </input_file>
      <input_file id="fl-6">
         <path>E:\My_MCU_Project\MSPM0G3507\2025car1.0\project\Debug\.\</path>
         <kind>object</kind>
         <file>delay.o</file>
         <name>delay.o</name>
      </input_file>
      <input_file id="fl-7">
         <path>E:\My_MCU_Project\MSPM0G3507\2025car1.0\project\Debug\.\</path>
         <kind>object</kind>
         <file>empty.o</file>
         <name>empty.o</name>
      </input_file>
      <input_file id="fl-8">
         <path>E:\My_MCU_Project\MSPM0G3507\2025car1.0\project\Debug\.\</path>
         <kind>object</kind>
         <file>ti_msp_dl_config.o</file>
         <name>ti_msp_dl_config.o</name>
      </input_file>
      <input_file id="fl-9">
         <path>E:\My_MCU_Project\MSPM0G3507\2025car1.0\project\Debug\.\</path>
         <kind>object</kind>
         <file>startup_mspm0g350x_ticlang.o</file>
         <name>startup_mspm0g350x_ticlang.o</name>
      </input_file>
      <input_file id="fl-a">
         <path>E:\My_MCU_Project\MSPM0G3507\2025car1.0\project\Debug\.\</path>
         <kind>object</kind>
         <file>encoder.o</file>
         <name>encoder.o</name>
      </input_file>
      <input_file id="fl-b">
         <path>E:\My_MCU_Project\MSPM0G3507\2025car1.0\project\Debug\.\</path>
         <kind>object</kind>
         <file>f103_uart.o</file>
         <name>f103_uart.o</name>
      </input_file>
      <input_file id="fl-c">
         <path>E:\My_MCU_Project\MSPM0G3507\2025car1.0\project\Debug\.\</path>
         <kind>object</kind>
         <file>interrupt.o</file>
         <name>interrupt.o</name>
      </input_file>
      <input_file id="fl-d">
         <path>E:\My_MCU_Project\MSPM0G3507\2025car1.0\project\Debug\.\</path>
         <kind>object</kind>
         <file>key.o</file>
         <name>key.o</name>
      </input_file>
      <input_file id="fl-e">
         <path>E:\My_MCU_Project\MSPM0G3507\2025car1.0\project\Debug\.\</path>
         <kind>object</kind>
         <file>myxunji.o</file>
         <name>myxunji.o</name>
      </input_file>
      <input_file id="fl-f">
         <path>E:\My_MCU_Project\MSPM0G3507\2025car1.0\project\Debug\.\</path>
         <kind>object</kind>
         <file>vofa_debug.o</file>
         <name>vofa_debug.o</name>
      </input_file>
      <input_file id="fl-10">
         <path>E:\My_MCU_Project\MSPM0G3507\2025car1.0\project\Debug\.\imu963\</path>
         <kind>object</kind>
         <file>FusionAhrs.o</file>
         <name>FusionAhrs.o</name>
      </input_file>
      <input_file id="fl-11">
         <path>E:\My_MCU_Project\MSPM0G3507\2025car1.0\project\Debug\.\imu963\</path>
         <kind>object</kind>
         <file>FusionOffset.o</file>
         <name>FusionOffset.o</name>
      </input_file>
      <input_file id="fl-12">
         <path>E:\My_MCU_Project\MSPM0G3507\2025car1.0\project\Debug\.\imu963\</path>
         <kind>object</kind>
         <file>imu963ra_attitude.o</file>
         <name>imu963ra_attitude.o</name>
      </input_file>
      <input_file id="fl-13">
         <path>E:\My_MCU_Project\MSPM0G3507\2025car1.0\project\Debug\.\imu963\</path>
         <kind>object</kind>
         <file>zf_device_imu963ra.o</file>
         <name>zf_device_imu963ra.o</name>
      </input_file>
      <input_file id="fl-14">
         <path>E:\My_MCU_Project\MSPM0G3507\2025car1.0\project\Debug\.\imu963\</path>
         <kind>object</kind>
         <file>zf_driver_gpio.o</file>
         <name>zf_driver_gpio.o</name>
      </input_file>
      <input_file id="fl-15">
         <path>E:\My_MCU_Project\MSPM0G3507\2025car1.0\project\Debug\.\imu963\</path>
         <kind>object</kind>
         <file>zf_driver_soft_iic.o</file>
         <name>zf_driver_soft_iic.o</name>
      </input_file>
      <input_file id="fl-22">
         <path>E:\My_MCU_Project\MSPM0G3507\2025car1.0\project\Debug\</path>
         <kind>object</kind>
         <file>&lt;internal&gt;</file>
         <name>&lt;internal&gt;</name>
      </input_file>
      <input_file id="fl-23">
         <path>E:\2026diansai\mspm0_sdk_2_10_00_04\source\ti\driverlib\lib\ticlang\m0p\mspm0g1x0x_g3x0x\</path>
         <kind>archive</kind>
         <file>driverlib.a</file>
         <name>dl_common.o</name>
      </input_file>
      <input_file id="fl-24">
         <path>E:\2026diansai\mspm0_sdk_2_10_00_04\source\ti\driverlib\lib\ticlang\m0p\mspm0g1x0x_g3x0x\</path>
         <kind>archive</kind>
         <file>driverlib.a</file>
         <name>dl_timer.o</name>
      </input_file>
      <input_file id="fl-25">
         <path>E:\2026diansai\mspm0_sdk_2_10_00_04\source\ti\driverlib\lib\ticlang\m0p\mspm0g1x0x_g3x0x\</path>
         <kind>archive</kind>
         <file>driverlib.a</file>
         <name>dl_uart.o</name>
      </input_file>
      <input_file id="fl-26">
         <path>E:\2026diansai\mspm0_sdk_2_10_00_04\source\ti\driverlib\lib\ticlang\m0p\mspm0g1x0x_g3x0x\</path>
         <kind>archive</kind>
         <file>driverlib.a</file>
         <name>dl_sysctl_mspm0g1x0x_g3x0x.o</name>
      </input_file>
      <input_file id="fl-3d">
         <path>E:\2026diansai\ccs\tools\compiler\ti-cgt-armllvm_4.0.4.LTS\lib\armv6m-ti-none-eabi\c\</path>
         <kind>archive</kind>
         <file>libc.a</file>
         <name>e_asinf.c.obj</name>
      </input_file>
      <input_file id="fl-3e">
         <path>E:\2026diansai\ccs\tools\compiler\ti-cgt-armllvm_4.0.4.LTS\lib\armv6m-ti-none-eabi\c\</path>
         <kind>archive</kind>
         <file>libc.a</file>
         <name>e_atan2f.c.obj</name>
      </input_file>
      <input_file id="fl-3f">
         <path>E:\2026diansai\ccs\tools\compiler\ti-cgt-armllvm_4.0.4.LTS\lib\armv6m-ti-none-eabi\c\</path>
         <kind>archive</kind>
         <file>libc.a</file>
         <name>e_powf.c.obj</name>
      </input_file>
      <input_file id="fl-40">
         <path>E:\2026diansai\ccs\tools\compiler\ti-cgt-armllvm_4.0.4.LTS\lib\armv6m-ti-none-eabi\c\</path>
         <kind>archive</kind>
         <file>libc.a</file>
         <name>e_sqrtf.c.obj</name>
      </input_file>
      <input_file id="fl-41">
         <path>E:\2026diansai\ccs\tools\compiler\ti-cgt-armllvm_4.0.4.LTS\lib\armv6m-ti-none-eabi\c\</path>
         <kind>archive</kind>
         <file>libc.a</file>
         <name>s_atanf.c.obj</name>
      </input_file>
      <input_file id="fl-42">
         <path>E:\2026diansai\ccs\tools\compiler\ti-cgt-armllvm_4.0.4.LTS\lib\armv6m-ti-none-eabi\c\</path>
         <kind>archive</kind>
         <file>libc.a</file>
         <name>s_cosf.c.obj</name>
      </input_file>
      <input_file id="fl-43">
         <path>E:\2026diansai\ccs\tools\compiler\ti-cgt-armllvm_4.0.4.LTS\lib\armv6m-ti-none-eabi\c\</path>
         <kind>archive</kind>
         <file>libc.a</file>
         <name>s_scalbnf.c.obj</name>
      </input_file>
      <input_file id="fl-44">
         <path>E:\2026diansai\ccs\tools\compiler\ti-cgt-armllvm_4.0.4.LTS\lib\armv6m-ti-none-eabi\c\</path>
         <kind>archive</kind>
         <file>libc.a</file>
         <name>s_sinf.c.obj</name>
      </input_file>
      <input_file id="fl-45">
         <path>E:\2026diansai\ccs\tools\compiler\ti-cgt-armllvm_4.0.4.LTS\lib\armv6m-ti-none-eabi\c\</path>
         <kind>archive</kind>
         <file>libc.a</file>
         <name>aeabi_portable.c.obj</name>
      </input_file>
      <input_file id="fl-46">
         <path>E:\2026diansai\ccs\tools\compiler\ti-cgt-armllvm_4.0.4.LTS\lib\armv6m-ti-none-eabi\c\</path>
         <kind>archive</kind>
         <file>libc.a</file>
         <name>k_rem_pio2.c.obj</name>
      </input_file>
      <input_file id="fl-47">
         <path>E:\2026diansai\ccs\tools\compiler\ti-cgt-armllvm_4.0.4.LTS\lib\armv6m-ti-none-eabi\c\</path>
         <kind>archive</kind>
         <file>libc.a</file>
         <name>assert.c.obj</name>
      </input_file>
      <input_file id="fl-48">
         <path>E:\2026diansai\ccs\tools\compiler\ti-cgt-armllvm_4.0.4.LTS\lib\armv6m-ti-none-eabi\c\</path>
         <kind>archive</kind>
         <file>libc.a</file>
         <name>defs.c.obj</name>
      </input_file>
      <input_file id="fl-49">
         <path>E:\2026diansai\ccs\tools\compiler\ti-cgt-armllvm_4.0.4.LTS\lib\armv6m-ti-none-eabi\c\</path>
         <kind>archive</kind>
         <file>libc.a</file>
         <name>memory.c.obj</name>
      </input_file>
      <input_file id="fl-4a">
         <path>E:\2026diansai\ccs\tools\compiler\ti-cgt-armllvm_4.0.4.LTS\lib\armv6m-ti-none-eabi\c\</path>
         <kind>archive</kind>
         <file>libc.a</file>
         <name>boot_cortex_m.c.obj</name>
      </input_file>
      <input_file id="fl-4b">
         <path>E:\2026diansai\ccs\tools\compiler\ti-cgt-armllvm_4.0.4.LTS\lib\armv6m-ti-none-eabi\c\</path>
         <kind>archive</kind>
         <file>libc.a</file>
         <name>mathacl_init.c.obj</name>
      </input_file>
      <input_file id="fl-4c">
         <path>E:\2026diansai\ccs\tools\compiler\ti-cgt-armllvm_4.0.4.LTS\lib\armv6m-ti-none-eabi\c\</path>
         <kind>archive</kind>
         <file>libc.a</file>
         <name>autoinit.c.obj</name>
      </input_file>
      <input_file id="fl-4d">
         <path>E:\2026diansai\ccs\tools\compiler\ti-cgt-armllvm_4.0.4.LTS\lib\armv6m-ti-none-eabi\c\</path>
         <kind>archive</kind>
         <file>libc.a</file>
         <name>pre_init.c.obj</name>
      </input_file>
      <input_file id="fl-4e">
         <path>E:\2026diansai\ccs\tools\compiler\ti-cgt-armllvm_4.0.4.LTS\lib\armv6m-ti-none-eabi\c\</path>
         <kind>archive</kind>
         <file>libc.a</file>
         <name>cpy_tbl.c.obj</name>
      </input_file>
      <input_file id="fl-4f">
         <path>E:\2026diansai\ccs\tools\compiler\ti-cgt-armllvm_4.0.4.LTS\lib\armv6m-ti-none-eabi\c\</path>
         <kind>archive</kind>
         <file>libc.a</file>
         <name>copy_zero_init.c.obj</name>
      </input_file>
      <input_file id="fl-50">
         <path>E:\2026diansai\ccs\tools\compiler\ti-cgt-armllvm_4.0.4.LTS\lib\armv6m-ti-none-eabi\c\</path>
         <kind>archive</kind>
         <file>libc.a</file>
         <name>copy_decompress_none.c.obj</name>
      </input_file>
      <input_file id="fl-51">
         <path>E:\2026diansai\ccs\tools\compiler\ti-cgt-armllvm_4.0.4.LTS\lib\armv6m-ti-none-eabi\c\</path>
         <kind>archive</kind>
         <file>libc.a</file>
         <name>copy_decompress_lzss.c.obj</name>
      </input_file>
      <input_file id="fl-52">
         <path>E:\2026diansai\ccs\tools\compiler\ti-cgt-armllvm_4.0.4.LTS\lib\armv6m-ti-none-eabi\c\</path>
         <kind>archive</kind>
         <file>libc.a</file>
         <name>e_sqrt.c.obj</name>
      </input_file>
      <input_file id="fl-53">
         <path>E:\2026diansai\ccs\tools\compiler\ti-cgt-armllvm_4.0.4.LTS\lib\armv6m-ti-none-eabi\c\</path>
         <kind>archive</kind>
         <file>libc.a</file>
         <name>s_floor.c.obj</name>
      </input_file>
      <input_file id="fl-54">
         <path>E:\2026diansai\ccs\tools\compiler\ti-cgt-armllvm_4.0.4.LTS\lib\armv6m-ti-none-eabi\c\</path>
         <kind>archive</kind>
         <file>libc.a</file>
         <name>s_scalbn.c.obj</name>
      </input_file>
      <input_file id="fl-55">
         <path>E:\2026diansai\ccs\tools\compiler\ti-cgt-armllvm_4.0.4.LTS\lib\armv6m-ti-none-eabi\c\</path>
         <kind>archive</kind>
         <file>libc.a</file>
         <name>sprintf.c.obj</name>
      </input_file>
      <input_file id="fl-56">
         <path>E:\2026diansai\ccs\tools\compiler\ti-cgt-armllvm_4.0.4.LTS\lib\armv6m-ti-none-eabi\c\</path>
         <kind>archive</kind>
         <file>libc.a</file>
         <name>fflush.c.obj</name>
      </input_file>
      <input_file id="fl-57">
         <path>E:\2026diansai\ccs\tools\compiler\ti-cgt-armllvm_4.0.4.LTS\lib\armv6m-ti-none-eabi\c\</path>
         <kind>archive</kind>
         <file>libc.a</file>
         <name>fputs.c.obj</name>
      </input_file>
      <input_file id="fl-58">
         <path>E:\2026diansai\ccs\tools\compiler\ti-cgt-armllvm_4.0.4.LTS\lib\armv6m-ti-none-eabi\c\</path>
         <kind>archive</kind>
         <file>libc.a</file>
         <name>_io_perm.c.obj</name>
      </input_file>
      <input_file id="fl-59">
         <path>E:\2026diansai\ccs\tools\compiler\ti-cgt-armllvm_4.0.4.LTS\lib\armv6m-ti-none-eabi\c\</path>
         <kind>archive</kind>
         <file>libc.a</file>
         <name>setvbuf.c.obj</name>
      </input_file>
      <input_file id="fl-5a">
         <path>E:\2026diansai\ccs\tools\compiler\ti-cgt-armllvm_4.0.4.LTS\lib\armv6m-ti-none-eabi\c\</path>
         <kind>archive</kind>
         <file>libc.a</file>
         <name>exit.c.obj</name>
      </input_file>
      <input_file id="fl-5b">
         <path>E:\2026diansai\ccs\tools\compiler\ti-cgt-armllvm_4.0.4.LTS\lib\armv6m-ti-none-eabi\c\</path>
         <kind>archive</kind>
         <file>libc.a</file>
         <name>_lock.c.obj</name>
      </input_file>
      <input_file id="fl-5c">
         <path>E:\2026diansai\ccs\tools\compiler\ti-cgt-armllvm_4.0.4.LTS\lib\armv6m-ti-none-eabi\c\</path>
         <kind>archive</kind>
         <file>libc.a</file>
         <name>args_main.c.obj</name>
      </input_file>
      <input_file id="fl-5d">
         <path>E:\2026diansai\ccs\tools\compiler\ti-cgt-armllvm_4.0.4.LTS\lib\armv6m-ti-none-eabi\c\</path>
         <kind>archive</kind>
         <file>libc.a</file>
         <name>_printfi.c.obj</name>
      </input_file>
      <input_file id="fl-5e">
         <path>E:\2026diansai\ccs\tools\compiler\ti-cgt-armllvm_4.0.4.LTS\lib\armv6m-ti-none-eabi\c\</path>
         <kind>archive</kind>
         <file>libc.a</file>
         <name>fopen.c.obj</name>
      </input_file>
      <input_file id="fl-5f">
         <path>E:\2026diansai\ccs\tools\compiler\ti-cgt-armllvm_4.0.4.LTS\lib\armv6m-ti-none-eabi\c\</path>
         <kind>archive</kind>
         <file>libc.a</file>
         <name>fseek.c.obj</name>
      </input_file>
      <input_file id="fl-60">
         <path>E:\2026diansai\ccs\tools\compiler\ti-cgt-armllvm_4.0.4.LTS\lib\armv6m-ti-none-eabi\c\</path>
         <kind>archive</kind>
         <file>libc.a</file>
         <name>_ltoa.c.obj</name>
      </input_file>
      <input_file id="fl-61">
         <path>E:\2026diansai\ccs\tools\compiler\ti-cgt-armllvm_4.0.4.LTS\lib\armv6m-ti-none-eabi\c\</path>
         <kind>archive</kind>
         <file>libc.a</file>
         <name>atoi.c.obj</name>
      </input_file>
      <input_file id="fl-62">
         <path>E:\2026diansai\ccs\tools\compiler\ti-cgt-armllvm_4.0.4.LTS\lib\armv6m-ti-none-eabi\c\</path>
         <kind>archive</kind>
         <file>libc.a</file>
         <name>memccpy.c.obj</name>
      </input_file>
      <input_file id="fl-63">
         <path>E:\2026diansai\ccs\tools\compiler\ti-cgt-armllvm_4.0.4.LTS\lib\armv6m-ti-none-eabi\c\</path>
         <kind>archive</kind>
         <file>libc.a</file>
         <name>s_frexp.c.obj</name>
      </input_file>
      <input_file id="fl-64">
         <path>E:\2026diansai\ccs\tools\compiler\ti-cgt-armllvm_4.0.4.LTS\lib\armv6m-ti-none-eabi\c\</path>
         <kind>archive</kind>
         <file>libc.a</file>
         <name>wcslen.c.obj</name>
      </input_file>
      <input_file id="fl-65">
         <path>E:\2026diansai\ccs\tools\compiler\ti-cgt-armllvm_4.0.4.LTS\lib\armv6m-ti-none-eabi\c\</path>
         <kind>archive</kind>
         <file>libc.a</file>
         <name>fclose.c.obj</name>
      </input_file>
      <input_file id="fl-66">
         <path>E:\2026diansai\ccs\tools\compiler\ti-cgt-armllvm_4.0.4.LTS\lib\armv6m-ti-none-eabi\c\</path>
         <kind>archive</kind>
         <file>libc.a</file>
         <name>aeabi_ctype.S.obj</name>
      </input_file>
      <input_file id="fl-106">
         <path>E:\2026diansai\ccs\tools\compiler\ti-cgt-armllvm_4.0.4.LTS\lib\armv6m-ti-none-eabi\c\</path>
         <kind>archive</kind>
         <file>libsysbm.a</file>
         <name>hostexit.c.obj</name>
      </input_file>
      <input_file id="fl-107">
         <path>E:\2026diansai\ccs\tools\compiler\ti-cgt-armllvm_4.0.4.LTS\lib\armv6m-ti-none-eabi\c\</path>
         <kind>archive</kind>
         <file>libsysbm.a</file>
         <name>write.c.obj</name>
      </input_file>
      <input_file id="fl-108">
         <path>E:\2026diansai\ccs\tools\compiler\ti-cgt-armllvm_4.0.4.LTS\lib\armv6m-ti-none-eabi\c\</path>
         <kind>archive</kind>
         <file>libsysbm.a</file>
         <name>host_device.c.obj</name>
      </input_file>
      <input_file id="fl-109">
         <path>E:\2026diansai\ccs\tools\compiler\ti-cgt-armllvm_4.0.4.LTS\lib\armv6m-ti-none-eabi\c\</path>
         <kind>archive</kind>
         <file>libsysbm.a</file>
         <name>remove.c.obj</name>
      </input_file>
      <input_file id="fl-10a">
         <path>E:\2026diansai\ccs\tools\compiler\ti-cgt-armllvm_4.0.4.LTS\lib\armv6m-ti-none-eabi\c\</path>
         <kind>archive</kind>
         <file>libsysbm.a</file>
         <name>open.c.obj</name>
      </input_file>
      <input_file id="fl-10b">
         <path>E:\2026diansai\ccs\tools\compiler\ti-cgt-armllvm_4.0.4.LTS\lib\armv6m-ti-none-eabi\c\</path>
         <kind>archive</kind>
         <file>libsysbm.a</file>
         <name>lseek.c.obj</name>
      </input_file>
      <input_file id="fl-10c">
         <path>E:\2026diansai\ccs\tools\compiler\ti-cgt-armllvm_4.0.4.LTS\lib\armv6m-ti-none-eabi\c\</path>
         <kind>archive</kind>
         <file>libsysbm.a</file>
         <name>close.c.obj</name>
      </input_file>
      <input_file id="fl-10d">
         <path>E:\2026diansai\ccs\tools\compiler\ti-cgt-armllvm_4.0.4.LTS\lib\armv6m-ti-none-eabi\c\</path>
         <kind>archive</kind>
         <file>libsysbm.a</file>
         <name>unlink.c.obj</name>
      </input_file>
      <input_file id="fl-10e">
         <path>E:\2026diansai\ccs\tools\compiler\ti-cgt-armllvm_4.0.4.LTS\lib\armv6m-ti-none-eabi\c\</path>
         <kind>archive</kind>
         <file>libsysbm.a</file>
         <name>hostclose.c.obj</name>
      </input_file>
      <input_file id="fl-10f">
         <path>E:\2026diansai\ccs\tools\compiler\ti-cgt-armllvm_4.0.4.LTS\lib\armv6m-ti-none-eabi\c\</path>
         <kind>archive</kind>
         <file>libsysbm.a</file>
         <name>hostlseek.c.obj</name>
      </input_file>
      <input_file id="fl-110">
         <path>E:\2026diansai\ccs\tools\compiler\ti-cgt-armllvm_4.0.4.LTS\lib\armv6m-ti-none-eabi\c\</path>
         <kind>archive</kind>
         <file>libsysbm.a</file>
         <name>hostopen.c.obj</name>
      </input_file>
      <input_file id="fl-111">
         <path>E:\2026diansai\ccs\tools\compiler\ti-cgt-armllvm_4.0.4.LTS\lib\armv6m-ti-none-eabi\c\</path>
         <kind>archive</kind>
         <file>libsysbm.a</file>
         <name>hostread.c.obj</name>
      </input_file>
      <input_file id="fl-112">
         <path>E:\2026diansai\ccs\tools\compiler\ti-cgt-armllvm_4.0.4.LTS\lib\armv6m-ti-none-eabi\c\</path>
         <kind>archive</kind>
         <file>libsysbm.a</file>
         <name>hostrename.c.obj</name>
      </input_file>
      <input_file id="fl-113">
         <path>E:\2026diansai\ccs\tools\compiler\ti-cgt-armllvm_4.0.4.LTS\lib\armv6m-ti-none-eabi\c\</path>
         <kind>archive</kind>
         <file>libsysbm.a</file>
         <name>hostunlink.c.obj</name>
      </input_file>
      <input_file id="fl-114">
         <path>E:\2026diansai\ccs\tools\compiler\ti-cgt-armllvm_4.0.4.LTS\lib\armv6m-ti-none-eabi\c\</path>
         <kind>archive</kind>
         <file>libsysbm.a</file>
         <name>hostwrite.c.obj</name>
      </input_file>
      <input_file id="fl-115">
         <path>E:\2026diansai\ccs\tools\compiler\ti-cgt-armllvm_4.0.4.LTS\lib\armv6m-ti-none-eabi\c\</path>
         <kind>archive</kind>
         <file>libsysbm.a</file>
         <name>trgmsg.c.obj</name>
      </input_file>
      <input_file id="fl-116">
         <path>E:\2026diansai\ccs\tools\compiler\ti-cgt-armllvm_4.0.4.LTS\lib\armv6m-ti-none-eabi\</path>
         <kind>archive</kind>
         <file>libclang_rt.builtins.a</file>
         <name>addsf3.S.obj</name>
      </input_file>
      <input_file id="fl-117">
         <path>E:\2026diansai\ccs\tools\compiler\ti-cgt-armllvm_4.0.4.LTS\lib\armv6m-ti-none-eabi\</path>
         <kind>archive</kind>
         <file>libclang_rt.builtins.a</file>
         <name>adddf3.S.obj</name>
      </input_file>
      <input_file id="fl-118">
         <path>E:\2026diansai\ccs\tools\compiler\ti-cgt-armllvm_4.0.4.LTS\lib\armv6m-ti-none-eabi\</path>
         <kind>archive</kind>
         <file>libclang_rt.builtins.a</file>
         <name>muldf3.S.obj</name>
      </input_file>
      <input_file id="fl-119">
         <path>E:\2026diansai\ccs\tools\compiler\ti-cgt-armllvm_4.0.4.LTS\lib\armv6m-ti-none-eabi\</path>
         <kind>archive</kind>
         <file>libclang_rt.builtins.a</file>
         <name>muldsi3.S.obj</name>
      </input_file>
      <input_file id="fl-11a">
         <path>E:\2026diansai\ccs\tools\compiler\ti-cgt-armllvm_4.0.4.LTS\lib\armv6m-ti-none-eabi\</path>
         <kind>archive</kind>
         <file>libclang_rt.builtins.a</file>
         <name>mulsf3.S.obj</name>
      </input_file>
      <input_file id="fl-11b">
         <path>E:\2026diansai\ccs\tools\compiler\ti-cgt-armllvm_4.0.4.LTS\lib\armv6m-ti-none-eabi\</path>
         <kind>archive</kind>
         <file>libclang_rt.builtins.a</file>
         <name>divsf3.S.obj</name>
      </input_file>
      <input_file id="fl-11c">
         <path>E:\2026diansai\ccs\tools\compiler\ti-cgt-armllvm_4.0.4.LTS\lib\armv6m-ti-none-eabi\</path>
         <kind>archive</kind>
         <file>libclang_rt.builtins.a</file>
         <name>divdf3.S.obj</name>
      </input_file>
      <input_file id="fl-11d">
         <path>E:\2026diansai\ccs\tools\compiler\ti-cgt-armllvm_4.0.4.LTS\lib\armv6m-ti-none-eabi\</path>
         <kind>archive</kind>
         <file>libclang_rt.builtins.a</file>
         <name>extendsfdf2.S.obj</name>
      </input_file>
      <input_file id="fl-11e">
         <path>E:\2026diansai\ccs\tools\compiler\ti-cgt-armllvm_4.0.4.LTS\lib\armv6m-ti-none-eabi\</path>
         <kind>archive</kind>
         <file>libclang_rt.builtins.a</file>
         <name>fixdfsi.S.obj</name>
      </input_file>
      <input_file id="fl-11f">
         <path>E:\2026diansai\ccs\tools\compiler\ti-cgt-armllvm_4.0.4.LTS\lib\armv6m-ti-none-eabi\</path>
         <kind>archive</kind>
         <file>libclang_rt.builtins.a</file>
         <name>fixsfsi.S.obj</name>
      </input_file>
      <input_file id="fl-120">
         <path>E:\2026diansai\ccs\tools\compiler\ti-cgt-armllvm_4.0.4.LTS\lib\armv6m-ti-none-eabi\</path>
         <kind>archive</kind>
         <file>libclang_rt.builtins.a</file>
         <name>fixunssfsi.S.obj</name>
      </input_file>
      <input_file id="fl-121">
         <path>E:\2026diansai\ccs\tools\compiler\ti-cgt-armllvm_4.0.4.LTS\lib\armv6m-ti-none-eabi\</path>
         <kind>archive</kind>
         <file>libclang_rt.builtins.a</file>
         <name>floatsidf.S.obj</name>
      </input_file>
      <input_file id="fl-122">
         <path>E:\2026diansai\ccs\tools\compiler\ti-cgt-armllvm_4.0.4.LTS\lib\armv6m-ti-none-eabi\</path>
         <kind>archive</kind>
         <file>libclang_rt.builtins.a</file>
         <name>floatsisf.S.obj</name>
      </input_file>
      <input_file id="fl-123">
         <path>E:\2026diansai\ccs\tools\compiler\ti-cgt-armllvm_4.0.4.LTS\lib\armv6m-ti-none-eabi\</path>
         <kind>archive</kind>
         <file>libclang_rt.builtins.a</file>
         <name>floatunsidf.S.obj</name>
      </input_file>
      <input_file id="fl-124">
         <path>E:\2026diansai\ccs\tools\compiler\ti-cgt-armllvm_4.0.4.LTS\lib\armv6m-ti-none-eabi\</path>
         <kind>archive</kind>
         <file>libclang_rt.builtins.a</file>
         <name>floatunsisf.S.obj</name>
      </input_file>
      <input_file id="fl-125">
         <path>E:\2026diansai\ccs\tools\compiler\ti-cgt-armllvm_4.0.4.LTS\lib\armv6m-ti-none-eabi\</path>
         <kind>archive</kind>
         <file>libclang_rt.builtins.a</file>
         <name>muldi3.S.obj</name>
      </input_file>
      <input_file id="fl-126">
         <path>E:\2026diansai\ccs\tools\compiler\ti-cgt-armllvm_4.0.4.LTS\lib\armv6m-ti-none-eabi\</path>
         <kind>archive</kind>
         <file>libclang_rt.builtins.a</file>
         <name>truncdfsf2.S.obj</name>
      </input_file>
      <input_file id="fl-127">
         <path>E:\2026diansai\ccs\tools\compiler\ti-cgt-armllvm_4.0.4.LTS\lib\armv6m-ti-none-eabi\</path>
         <kind>archive</kind>
         <file>libclang_rt.builtins.a</file>
         <name>aeabi_dcmp.S.obj</name>
      </input_file>
      <input_file id="fl-128">
         <path>E:\2026diansai\ccs\tools\compiler\ti-cgt-armllvm_4.0.4.LTS\lib\armv6m-ti-none-eabi\</path>
         <kind>archive</kind>
         <file>libclang_rt.builtins.a</file>
         <name>aeabi_fcmp.S.obj</name>
      </input_file>
      <input_file id="fl-129">
         <path>E:\2026diansai\ccs\tools\compiler\ti-cgt-armllvm_4.0.4.LTS\lib\armv6m-ti-none-eabi\</path>
         <kind>archive</kind>
         <file>libclang_rt.builtins.a</file>
         <name>aeabi_idivmod.S.obj</name>
      </input_file>
      <input_file id="fl-12a">
         <path>E:\2026diansai\ccs\tools\compiler\ti-cgt-armllvm_4.0.4.LTS\lib\armv6m-ti-none-eabi\</path>
         <kind>archive</kind>
         <file>libclang_rt.builtins.a</file>
         <name>aeabi_ldivmod.S.obj</name>
      </input_file>
      <input_file id="fl-12b">
         <path>E:\2026diansai\ccs\tools\compiler\ti-cgt-armllvm_4.0.4.LTS\lib\armv6m-ti-none-eabi\</path>
         <kind>archive</kind>
         <file>libclang_rt.builtins.a</file>
         <name>aeabi_memcpy.S.obj</name>
      </input_file>
      <input_file id="fl-12c">
         <path>E:\2026diansai\ccs\tools\compiler\ti-cgt-armllvm_4.0.4.LTS\lib\armv6m-ti-none-eabi\</path>
         <kind>archive</kind>
         <file>libclang_rt.builtins.a</file>
         <name>aeabi_memset.S.obj</name>
      </input_file>
      <input_file id="fl-12d">
         <path>E:\2026diansai\ccs\tools\compiler\ti-cgt-armllvm_4.0.4.LTS\lib\armv6m-ti-none-eabi\</path>
         <kind>archive</kind>
         <file>libclang_rt.builtins.a</file>
         <name>aeabi_uidivmod.S.obj</name>
      </input_file>
      <input_file id="fl-12e">
         <path>E:\2026diansai\ccs\tools\compiler\ti-cgt-armllvm_4.0.4.LTS\lib\armv6m-ti-none-eabi\</path>
         <kind>archive</kind>
         <file>libclang_rt.builtins.a</file>
         <name>aeabi_uldivmod.S.obj</name>
      </input_file>
      <input_file id="fl-12f">
         <path>E:\2026diansai\ccs\tools\compiler\ti-cgt-armllvm_4.0.4.LTS\lib\armv6m-ti-none-eabi\</path>
         <kind>archive</kind>
         <file>libclang_rt.builtins.a</file>
         <name>comparesf2.S.obj</name>
      </input_file>
      <input_file id="fl-130">
         <path>E:\2026diansai\ccs\tools\compiler\ti-cgt-armllvm_4.0.4.LTS\lib\armv6m-ti-none-eabi\</path>
         <kind>archive</kind>
         <file>libclang_rt.builtins.a</file>
         <name>udivmoddi4.S.obj</name>
      </input_file>
      <input_file id="fl-131">
         <path>E:\2026diansai\ccs\tools\compiler\ti-cgt-armllvm_4.0.4.LTS\lib\armv6m-ti-none-eabi\</path>
         <kind>archive</kind>
         <file>libclang_rt.builtins.a</file>
         <name>ashldi3.S.obj</name>
      </input_file>
      <input_file id="fl-132">
         <path>E:\2026diansai\ccs\tools\compiler\ti-cgt-armllvm_4.0.4.LTS\lib\armv6m-ti-none-eabi\</path>
         <kind>archive</kind>
         <file>libclang_rt.builtins.a</file>
         <name>comparedf2.c.obj</name>
      </input_file>
      <input_file id="fl-133">
         <path>E:\2026diansai\ccs\tools\compiler\ti-cgt-armllvm_4.0.4.LTS\lib\armv6m-ti-none-eabi\</path>
         <kind>archive</kind>
         <file>libclang_rt.builtins.a</file>
         <name>divmoddi4.c.obj</name>
      </input_file>
      <input_file id="fl-134">
         <path>E:\2026diansai\ccs\tools\compiler\ti-cgt-armllvm_4.0.4.LTS\lib\armv6m-ti-none-eabi\</path>
         <kind>archive</kind>
         <file>libclang_rt.builtins.a</file>
         <name>aeabi_div0.c.obj</name>
      </input_file>
      <input_file id="fl-135">
         <path>E:\2026diansai\ccs\tools\compiler\ti-cgt-armllvm_4.0.4.LTS\lib\armv6m-ti-none-eabi\c\</path>
         <kind>archive</kind>
         <file>libc.a</file>
         <name>getdevice.c.obj</name>
      </input_file>
      <input_file id="fl-136">
         <path>E:\2026diansai\ccs\tools\compiler\ti-cgt-armllvm_4.0.4.LTS\lib\armv6m-ti-none-eabi\c\</path>
         <kind>archive</kind>
         <file>libc.a</file>
         <name>memcpy16.S.obj</name>
      </input_file>
      <input_file id="fl-137">
         <path>E:\2026diansai\ccs\tools\compiler\ti-cgt-armllvm_4.0.4.LTS\lib\armv6m-ti-none-eabi\c\</path>
         <kind>archive</kind>
         <file>libc.a</file>
         <name>memset16.S.obj</name>
      </input_file>
      <input_file id="fl-138">
         <path>E:\2026diansai\ccs\tools\compiler\ti-cgt-armllvm_4.0.4.LTS\lib\armv6m-ti-none-eabi\c\</path>
         <kind>archive</kind>
         <file>libc.a</file>
         <name>strcmp-armv6m.S.obj</name>
      </input_file>
   </input_file_list>
   <object_component_list>
      <object_component id="oc-18">
         <name>.intvecs</name>
         <load_address>0x0</load_address>
         <readonly>true</readonly>
         <run_address>0x0</run_address>
         <size>0xc0</size>
         <alignment>0x4</alignment>
         <input_file_ref idref="fl-9"/>
      </object_component>
      <object_component id="oc-e0">
         <name>.text.imu963ra_init</name>
         <load_address>0xc0</load_address>
         <readonly>true</readonly>
         <executable>true</executable>
         <run_address>0xc0</run_address>
         <size>0x300</size>
         <alignment>0x4</alignment>
         <input_file_ref idref="fl-13"/>
      </object_component>
      <object_component id="oc-9a">
         <name>.text.main</name>
         <load_address>0x3c0</load_address>
         <readonly>true</readonly>
         <executable>true</executable>
         <run_address>0x3c0</run_address>
         <size>0x2ac</size>
         <alignment>0x4</alignment>
         <input_file_ref idref="fl-7"/>
      </object_component>
      <object_component id="oc-f7">
         <name>.text.Xunji_Q2_Task</name>
         <load_address>0x66c</load_address>
         <readonly>true</readonly>
         <executable>true</executable>
         <run_address>0x66c</run_address>
         <size>0x284</size>
         <alignment>0x4</alignment>
         <input_file_ref idref="fl-e"/>
      </object_component>
      <object_component id="oc-131">
         <name>.text.SYSCFG_DL_GPIO_init</name>
         <load_address>0x8f0</load_address>
         <readonly>true</readonly>
         <executable>true</executable>
         <run_address>0x8f0</run_address>
         <size>0x250</size>
         <alignment>0x4</alignment>
         <input_file_ref idref="fl-8"/>
      </object_component>
      <object_component id="oc-b7">
         <name>.text.at8236_pid_calculate</name>
         <load_address>0xb40</load_address>
         <readonly>true</readonly>
         <executable>true</executable>
         <run_address>0xb40</run_address>
         <size>0x1fc</size>
         <alignment>0x4</alignment>
         <input_file_ref idref="fl-3"/>
      </object_component>
      <object_component id="oc-63">
         <name>.text.Encoder_IRQHandler</name>
         <load_address>0xd3c</load_address>
         <readonly>true</readonly>
         <executable>true</executable>
         <run_address>0xd3c</run_address>
         <size>0x114</size>
         <alignment>0x4</alignment>
         <input_file_ref idref="fl-a"/>
      </object_component>
      <object_component id="oc-1e0">
         <name>.text.DL_Timer_initFourCCPWMMode</name>
         <load_address>0xe50</load_address>
         <readonly>true</readonly>
         <executable>true</executable>
         <run_address>0xe50</run_address>
         <size>0x104</size>
         <alignment>0x4</alignment>
         <input_file_ref idref="fl-24"/>
      </object_component>
      <object_component id="oc-1ed">
         <name>.text.DL_Timer_initTimerMode</name>
         <load_address>0xf54</load_address>
         <readonly>true</readonly>
         <executable>true</executable>
         <run_address>0xf54</run_address>
         <size>0xfc</size>
         <alignment>0x4</alignment>
         <input_file_ref idref="fl-24"/>
      </object_component>
      <object_component id="oc-236">
         <name>.text.Xunji_Read_Hardware</name>
         <load_address>0x1050</load_address>
         <readonly>true</readonly>
         <executable>true</executable>
         <run_address>0x1050</run_address>
         <size>0xf4</size>
         <alignment>0x4</alignment>
         <input_file_ref idref="fl-e"/>
      </object_component>
      <object_component id="oc-1d3">
         <name>.text.SYSCFG_DL_SYSCTL_SYSPLL_init</name>
         <load_address>0x1144</load_address>
         <readonly>true</readonly>
         <executable>true</executable>
         <run_address>0x1144</run_address>
         <size>0xe8</size>
         <alignment>0x4</alignment>
         <input_file_ref idref="fl-8"/>
      </object_component>
      <object_component id="oc-1d2">
         <name>.text.DL_SYSCTL_configSYSPLL</name>
         <load_address>0x122c</load_address>
         <readonly>true</readonly>
         <executable>true</executable>
         <run_address>0x122c</run_address>
         <size>0xdc</size>
         <alignment>0x4</alignment>
         <input_file_ref idref="fl-26"/>
      </object_component>
      <object_component id="oc-159">
         <name>.text.soft_iic_init</name>
         <load_address>0x1308</load_address>
         <readonly>true</readonly>
         <executable>true</executable>
         <run_address>0x1308</run_address>
         <size>0xd6</size>
         <alignment>0x2</alignment>
         <input_file_ref idref="fl-15"/>
      </object_component>
      <object_component id="oc-215">
         <name>.text.soft_iic_read_data</name>
         <load_address>0x13de</load_address>
         <readonly>true</readonly>
         <executable>true</executable>
         <run_address>0x13de</run_address>
         <size>0xd2</size>
         <alignment>0x2</alignment>
         <input_file_ref idref="fl-15"/>
      </object_component>
      <object_component id="oc-3e">
         <name>.text.TIMG0_IRQHandler</name>
         <load_address>0x14b0</load_address>
         <readonly>true</readonly>
         <executable>true</executable>
         <run_address>0x14b0</run_address>
         <size>0xd0</size>
         <alignment>0x4</alignment>
         <input_file_ref idref="fl-c"/>
      </object_component>
      <object_component id="oc-202">
         <name>.text.OLED_I2C_SendByte</name>
         <load_address>0x1580</load_address>
         <readonly>true</readonly>
         <executable>true</executable>
         <run_address>0x1580</run_address>
         <size>0xb4</size>
         <alignment>0x4</alignment>
         <input_file_ref idref="fl-1"/>
      </object_component>
      <object_component id="oc-17c">
         <name>.text.OLED_ShowChar</name>
         <load_address>0x1634</load_address>
         <readonly>true</readonly>
         <executable>true</executable>
         <run_address>0x1634</run_address>
         <size>0xb4</size>
         <alignment>0x4</alignment>
         <input_file_ref idref="fl-1"/>
      </object_component>
      <object_component id="oc-130">
         <name>.text.SYSCFG_DL_initPower</name>
         <load_address>0x16e8</load_address>
         <readonly>true</readonly>
         <executable>true</executable>
         <run_address>0x16e8</run_address>
         <size>0xb0</size>
         <alignment>0x4</alignment>
         <input_file_ref idref="fl-8"/>
      </object_component>
      <object_component id="oc-166">
         <name>.text.soft_iic_send_data</name>
         <load_address>0x1798</load_address>
         <readonly>true</readonly>
         <executable>true</executable>
         <run_address>0x1798</run_address>
         <size>0xae</size>
         <alignment>0x2</alignment>
         <input_file_ref idref="fl-15"/>
      </object_component>
      <object_component id="oc-218">
         <name>.text.__aeabi_idiv0</name>
         <load_address>0x1846</load_address>
         <readonly>true</readonly>
         <executable>true</executable>
         <run_address>0x1846</run_address>
         <size>0x2</size>
         <alignment>0x2</alignment>
         <input_file_ref idref="fl-134"/>
      </object_component>
      <object_component id="oc-34">
         <name>.text.GROUP1_IRQHandler</name>
         <load_address>0x1848</load_address>
         <readonly>true</readonly>
         <executable>true</executable>
         <run_address>0x1848</run_address>
         <size>0xac</size>
         <alignment>0x4</alignment>
         <input_file_ref idref="fl-c"/>
      </object_component>
      <object_component id="oc-244">
         <name>.text</name>
         <load_address>0x18f4</load_address>
         <readonly>true</readonly>
         <executable>true</executable>
         <run_address>0x18f4</run_address>
         <size>0xa2</size>
         <alignment>0x4</alignment>
         <input_file_ref idref="fl-130"/>
      </object_component>
      <object_component id="oc-272">
         <name>.text.__aeabi_ldiv0</name>
         <load_address>0x1996</load_address>
         <readonly>true</readonly>
         <executable>true</executable>
         <run_address>0x1996</run_address>
         <size>0x2</size>
         <alignment>0x2</alignment>
         <input_file_ref idref="fl-134"/>
      </object_component>
      <object_component id="oc-d9">
         <name>.text.OLED_Init</name>
         <load_address>0x1998</load_address>
         <readonly>true</readonly>
         <executable>true</executable>
         <run_address>0x1998</run_address>
         <size>0xa0</size>
         <alignment>0x4</alignment>
         <input_file_ref idref="fl-1"/>
      </object_component>
      <object_component id="oc-16b">
         <name>.text.imu963ra_write_mag_register</name>
         <load_address>0x1a38</load_address>
         <readonly>true</readonly>
         <executable>true</executable>
         <run_address>0x1a38</run_address>
         <size>0xa0</size>
         <alignment>0x4</alignment>
         <input_file_ref idref="fl-13"/>
      </object_component>
      <object_component id="oc-d8">
         <name>.text.Encoder_Init</name>
         <load_address>0x1ad8</load_address>
         <readonly>true</readonly>
         <executable>true</executable>
         <run_address>0x1ad8</run_address>
         <size>0x98</size>
         <alignment>0x4</alignment>
         <input_file_ref idref="fl-a"/>
      </object_component>
      <object_component id="oc-134">
         <name>.text.SYSCFG_DL_PWM1_AT8236_init</name>
         <load_address>0x1b70</load_address>
         <readonly>true</readonly>
         <executable>true</executable>
         <run_address>0x1b70</run_address>
         <size>0x8c</size>
         <alignment>0x4</alignment>
         <input_file_ref idref="fl-8"/>
      </object_component>
      <object_component id="oc-135">
         <name>.text.SYSCFG_DL_PWM2_AT8236_init</name>
         <load_address>0x1bfc</load_address>
         <readonly>true</readonly>
         <executable>true</executable>
         <run_address>0x1bfc</run_address>
         <size>0x8c</size>
         <alignment>0x4</alignment>
         <input_file_ref idref="fl-8"/>
      </object_component>
      <object_component id="oc-133">
         <name>.text.SYSCFG_DL_PWM_TB6612_init</name>
         <load_address>0x1c88</load_address>
         <readonly>true</readonly>
         <executable>true</executable>
         <run_address>0x1c88</run_address>
         <size>0x8c</size>
         <alignment>0x4</alignment>
         <input_file_ref idref="fl-8"/>
      </object_component>
      <object_component id="oc-229">
         <name>.text.__mulsf3</name>
         <load_address>0x1d14</load_address>
         <readonly>true</readonly>
         <executable>true</executable>
         <run_address>0x1d14</run_address>
         <size>0x8c</size>
         <alignment>0x4</alignment>
         <input_file_ref idref="fl-11a"/>
      </object_component>
      <object_component id="oc-214">
         <name>.text.soft_iic_wait_ack</name>
         <load_address>0x1da0</load_address>
         <readonly>true</readonly>
         <executable>true</executable>
         <run_address>0x1da0</run_address>
         <size>0x8c</size>
         <alignment>0x2</alignment>
         <input_file_ref idref="fl-15"/>
      </object_component>
      <object_component id="oc-216">
         <name>.text.imu963ra_read_mag_register</name>
         <load_address>0x1e2c</load_address>
         <readonly>true</readonly>
         <executable>true</executable>
         <run_address>0x1e2c</run_address>
         <size>0x88</size>
         <alignment>0x4</alignment>
         <input_file_ref idref="fl-13"/>
      </object_component>
      <object_component id="oc-199">
         <name>.text.at8236_pid_set_target</name>
         <load_address>0x1eb4</load_address>
         <readonly>true</readonly>
         <executable>true</executable>
         <run_address>0x1eb4</run_address>
         <size>0x86</size>
         <alignment>0x2</alignment>
         <input_file_ref idref="fl-3"/>
      </object_component>
      <object_component id="oc-1d8">
         <name>.text.__NVIC_SetPriority</name>
         <load_address>0x1f3c</load_address>
         <readonly>true</readonly>
         <executable>true</executable>
         <run_address>0x1f3c</run_address>
         <size>0x84</size>
         <alignment>0x4</alignment>
         <input_file_ref idref="fl-8"/>
      </object_component>
      <object_component id="oc-225">
         <name>.text.__divsf3</name>
         <load_address>0x1fc0</load_address>
         <readonly>true</readonly>
         <executable>true</executable>
         <run_address>0x1fc0</run_address>
         <size>0x82</size>
         <alignment>0x4</alignment>
         <input_file_ref idref="fl-11b"/>
      </object_component>
      <object_component id="oc-132">
         <name>.text.SYSCFG_DL_SYSCTL_init</name>
         <load_address>0x2044</load_address>
         <readonly>true</readonly>
         <executable>true</executable>
         <run_address>0x2044</run_address>
         <size>0x7c</size>
         <alignment>0x4</alignment>
         <input_file_ref idref="fl-8"/>
      </object_component>
      <object_component id="oc-1c">
         <name>.text:decompress:lzss</name>
         <load_address>0x20c0</load_address>
         <readonly>true</readonly>
         <executable>true</executable>
         <run_address>0x20c0</run_address>
         <size>0x7c</size>
         <alignment>0x4</alignment>
         <input_file_ref idref="fl-51"/>
      </object_component>
      <object_component id="oc-e6">
         <name>.text.OLED_ShowNum</name>
         <load_address>0x213c</load_address>
         <readonly>true</readonly>
         <executable>true</executable>
         <run_address>0x213c</run_address>
         <size>0x7a</size>
         <alignment>0x2</alignment>
         <input_file_ref idref="fl-1"/>
      </object_component>
      <object_component id="oc-263">
         <name>.text.soft_iic_send_ack</name>
         <load_address>0x21b6</load_address>
         <readonly>true</readonly>
         <executable>true</executable>
         <run_address>0x21b6</run_address>
         <size>0x7a</size>
         <alignment>0x2</alignment>
         <input_file_ref idref="fl-15"/>
      </object_component>
      <object_component id="oc-f2">
         <name>.text.AJ1_IsPressed</name>
         <load_address>0x2230</load_address>
         <readonly>true</readonly>
         <executable>true</executable>
         <run_address>0x2230</run_address>
         <size>0x74</size>
         <alignment>0x4</alignment>
         <input_file_ref idref="fl-d"/>
      </object_component>
      <object_component id="oc-f3">
         <name>.text.AJ2_IsPressed</name>
         <load_address>0x22a4</load_address>
         <readonly>true</readonly>
         <executable>true</executable>
         <run_address>0x22a4</run_address>
         <size>0x74</size>
         <alignment>0x4</alignment>
         <input_file_ref idref="fl-d"/>
      </object_component>
      <object_component id="oc-f5">
         <name>.text.AJ3_IsPressed</name>
         <load_address>0x2318</load_address>
         <readonly>true</readonly>
         <executable>true</executable>
         <run_address>0x2318</run_address>
         <size>0x74</size>
         <alignment>0x4</alignment>
         <input_file_ref idref="fl-d"/>
      </object_component>
      <object_component id="oc-f6">
         <name>.text.AJ4_IsPressed</name>
         <load_address>0x238c</load_address>
         <readonly>true</readonly>
         <executable>true</executable>
         <run_address>0x238c</run_address>
         <size>0x74</size>
         <alignment>0x4</alignment>
         <input_file_ref idref="fl-d"/>
      </object_component>
      <object_component id="oc-78">
         <name>.text.AT8236_PID_Update</name>
         <load_address>0x2400</load_address>
         <readonly>true</readonly>
         <executable>true</executable>
         <run_address>0x2400</run_address>
         <size>0x74</size>
         <alignment>0x4</alignment>
         <input_file_ref idref="fl-3"/>
      </object_component>
      <object_component id="oc-27f">
         <name>.text.__gedf2</name>
         <load_address>0x2474</load_address>
         <readonly>true</readonly>
         <executable>true</executable>
         <run_address>0x2474</run_address>
         <size>0x74</size>
         <alignment>0x4</alignment>
         <input_file_ref idref="fl-132"/>
      </object_component>
      <object_component id="oc-1b4">
         <name>.text.at8236_apply_motor</name>
         <load_address>0x24e8</load_address>
         <readonly>true</readonly>
         <executable>true</executable>
         <run_address>0x24e8</run_address>
         <size>0x70</size>
         <alignment>0x2</alignment>
         <input_file_ref idref="fl-3"/>
      </object_component>
      <object_component id="oc-21e">
         <name>.text.soft_iic_read_8bit_registers</name>
         <load_address>0x2558</load_address>
         <readonly>true</readonly>
         <executable>true</executable>
         <run_address>0x2558</run_address>
         <size>0x6e</size>
         <alignment>0x2</alignment>
         <input_file_ref idref="fl-15"/>
      </object_component>
      <object_component id="oc-165">
         <name>.text.soft_iic_start</name>
         <load_address>0x25c6</load_address>
         <readonly>true</readonly>
         <executable>true</executable>
         <run_address>0x25c6</run_address>
         <size>0x6c</size>
         <alignment>0x2</alignment>
         <input_file_ref idref="fl-15"/>
      </object_component>
      <object_component id="oc-167">
         <name>.text.soft_iic_stop</name>
         <load_address>0x2632</load_address>
         <readonly>true</readonly>
         <executable>true</executable>
         <run_address>0x2632</run_address>
         <size>0x6c</size>
         <alignment>0x2</alignment>
         <input_file_ref idref="fl-15"/>
      </object_component>
      <object_component id="oc-185">
         <name>.text.F103_Trans_AccRawToMg</name>
         <load_address>0x26a0</load_address>
         <readonly>true</readonly>
         <executable>true</executable>
         <run_address>0x26a0</run_address>
         <size>0x68</size>
         <alignment>0x4</alignment>
         <input_file_ref idref="fl-b"/>
      </object_component>
      <object_component id="oc-279">
         <name>.text.__ledf2</name>
         <load_address>0x2708</load_address>
         <readonly>true</readonly>
         <executable>true</executable>
         <run_address>0x2708</run_address>
         <size>0x68</size>
         <alignment>0x4</alignment>
         <input_file_ref idref="fl-132"/>
      </object_component>
      <object_component id="oc-1cc">
         <name>.text.DL_SYSCTL_setHFCLKSourceHFXTParams</name>
         <load_address>0x2770</load_address>
         <readonly>true</readonly>
         <executable>true</executable>
         <run_address>0x2770</run_address>
         <size>0x64</size>
         <alignment>0x4</alignment>
         <input_file_ref idref="fl-26"/>
      </object_component>
      <object_component id="oc-168">
         <name>.text.soft_iic_sccb_read_register</name>
         <load_address>0x27d4</load_address>
         <readonly>true</readonly>
         <executable>true</executable>
         <run_address>0x27d4</run_address>
         <size>0x64</size>
         <alignment>0x2</alignment>
         <input_file_ref idref="fl-15"/>
      </object_component>
      <object_component id="oc-25a">
         <name>.text.__aeabi_dcmp</name>
         <load_address>0x2838</load_address>
         <readonly>true</readonly>
         <executable>true</executable>
         <run_address>0x2838</run_address>
         <size>0x62</size>
         <alignment>0x4</alignment>
         <input_file_ref idref="fl-127"/>
      </object_component>
      <object_component id="oc-22d">
         <name>.text.__aeabi_fcmp</name>
         <load_address>0x289c</load_address>
         <readonly>true</readonly>
         <executable>true</executable>
         <run_address>0x289c</run_address>
         <size>0x62</size>
         <alignment>0x4</alignment>
         <input_file_ref idref="fl-128"/>
      </object_component>
      <object_component id="oc-24d">
         <name>.text.at8236_set_inputs</name>
         <load_address>0x2900</load_address>
         <readonly>true</readonly>
         <executable>true</executable>
         <run_address>0x2900</run_address>
         <size>0x60</size>
         <alignment>0x4</alignment>
         <input_file_ref idref="fl-3"/>
      </object_component>
      <object_component id="oc-201">
         <name>.text.OLED_I2C_Start</name>
         <load_address>0x2960</load_address>
         <readonly>true</readonly>
         <executable>true</executable>
         <run_address>0x2960</run_address>
         <size>0x58</size>
         <alignment>0x4</alignment>
         <input_file_ref idref="fl-1"/>
      </object_component>
      <object_component id="oc-14a">
         <name>.text.OLED_Clear</name>
         <load_address>0x29b8</load_address>
         <readonly>true</readonly>
         <executable>true</executable>
         <run_address>0x29b8</run_address>
         <size>0x56</size>
         <alignment>0x2</alignment>
         <input_file_ref idref="fl-1"/>
      </object_component>
      <object_component id="oc-195">
         <name>.text.__aeabi_idivmod</name>
         <load_address>0x2a10</load_address>
         <readonly>true</readonly>
         <executable>true</executable>
         <run_address>0x2a10</run_address>
         <size>0x56</size>
         <alignment>0x4</alignment>
         <input_file_ref idref="fl-129"/>
      </object_component>
      <object_component id="oc-7d">
         <name>.text.Xunji_Q2_StopLineDetected</name>
         <load_address>0x2a68</load_address>
         <readonly>true</readonly>
         <executable>true</executable>
         <run_address>0x2a68</run_address>
         <size>0x54</size>
         <alignment>0x4</alignment>
         <input_file_ref idref="fl-e"/>
      </object_component>
      <object_component id="oc-16a">
         <name>.text.imu963ra_acc_gyro_self_check</name>
         <load_address>0x2abc</load_address>
         <readonly>true</readonly>
         <executable>true</executable>
         <run_address>0x2abc</run_address>
         <size>0x54</size>
         <alignment>0x4</alignment>
         <input_file_ref idref="fl-13"/>
      </object_component>
      <object_component id="oc-16d">
         <name>.text.imu963ra_connect_mag</name>
         <load_address>0x2b10</load_address>
         <readonly>true</readonly>
         <executable>true</executable>
         <run_address>0x2b10</run_address>
         <size>0x50</size>
         <alignment>0x4</alignment>
         <input_file_ref idref="fl-13"/>
      </object_component>
      <object_component id="oc-16c">
         <name>.text.imu963ra_mag_self_check</name>
         <load_address>0x2b60</load_address>
         <readonly>true</readonly>
         <executable>true</executable>
         <run_address>0x2b60</run_address>
         <size>0x50</size>
         <alignment>0x2</alignment>
         <input_file_ref idref="fl-13"/>
      </object_component>
      <object_component id="oc-194">
         <name>.text.Xunji_Read_Bits</name>
         <load_address>0x2bb0</load_address>
         <readonly>true</readonly>
         <executable>true</executable>
         <run_address>0x2bb0</run_address>
         <size>0x4e</size>
         <alignment>0x2</alignment>
         <input_file_ref idref="fl-e"/>
      </object_component>
      <object_component id="oc-209">
         <name>.text.gpio_init</name>
         <load_address>0x2bfe</load_address>
         <readonly>true</readonly>
         <executable>true</executable>
         <run_address>0x2bfe</run_address>
         <size>0x4e</size>
         <alignment>0x2</alignment>
         <input_file_ref idref="fl-14"/>
      </object_component>
      <object_component id="oc-1c1">
         <name>.text.DL_GPIO_initDigitalInputFeatures</name>
         <load_address>0x2c4c</load_address>
         <readonly>true</readonly>
         <executable>true</executable>
         <run_address>0x2c4c</run_address>
         <size>0x4c</size>
         <alignment>0x4</alignment>
         <input_file_ref idref="fl-8"/>
      </object_component>
      <object_component id="oc-262">
         <name>.text.DL_GPIO_initDigitalInputFeatures</name>
         <load_address>0x2c98</load_address>
         <readonly>true</readonly>
         <executable>true</executable>
         <run_address>0x2c98</run_address>
         <size>0x4c</size>
         <alignment>0x4</alignment>
         <input_file_ref idref="fl-14"/>
      </object_component>
      <object_component id="oc-1f4">
         <name>.text.DL_UART_setBaudRateDivisor</name>
         <load_address>0x2ce4</load_address>
         <readonly>true</readonly>
         <executable>true</executable>
         <run_address>0x2ce4</run_address>
         <size>0x4c</size>
         <alignment>0x4</alignment>
         <input_file_ref idref="fl-8"/>
      </object_component>
      <object_component id="oc-138">
         <name>.text.SYSCFG_DL_UART_BT_init</name>
         <load_address>0x2d30</load_address>
         <readonly>true</readonly>
         <executable>true</executable>
         <run_address>0x2d30</run_address>
         <size>0x4c</size>
         <alignment>0x4</alignment>
         <input_file_ref idref="fl-8"/>
      </object_component>
      <object_component id="oc-d0">
         <name>.text.SYSCFG_DL_init</name>
         <load_address>0x2d7c</load_address>
         <readonly>true</readonly>
         <executable>true</executable>
         <run_address>0x2d7c</run_address>
         <size>0x4c</size>
         <alignment>0x4</alignment>
         <input_file_ref idref="fl-8"/>
      </object_component>
      <object_component id="oc-184">
         <name>.text.imu963ra_get_acc</name>
         <load_address>0x2dc8</load_address>
         <readonly>true</readonly>
         <executable>true</executable>
         <run_address>0x2dc8</run_address>
         <size>0x4c</size>
         <alignment>0x4</alignment>
         <input_file_ref idref="fl-13"/>
      </object_component>
      <object_component id="oc-186">
         <name>.text.F103_Trans_SendAccelerationMg</name>
         <load_address>0x2e14</load_address>
         <readonly>true</readonly>
         <executable>true</executable>
         <run_address>0x2e14</run_address>
         <size>0x4a</size>
         <alignment>0x2</alignment>
         <input_file_ref idref="fl-b"/>
      </object_component>
      <object_component id="oc-e5">
         <name>.text.OLED_ShowString</name>
         <load_address>0x2e5e</load_address>
         <readonly>true</readonly>
         <executable>true</executable>
         <run_address>0x2e5e</run_address>
         <size>0x4a</size>
         <alignment>0x2</alignment>
         <input_file_ref idref="fl-1"/>
      </object_component>
      <object_component id="oc-1f2">
         <name>.text.DL_UART_init</name>
         <load_address>0x2ea8</load_address>
         <readonly>true</readonly>
         <executable>true</executable>
         <run_address>0x2ea8</run_address>
         <size>0x48</size>
         <alignment>0x4</alignment>
         <input_file_ref idref="fl-25"/>
      </object_component>
      <object_component id="oc-f4">
         <name>.text.Xunji_Q2_Reset</name>
         <load_address>0x2ef0</load_address>
         <readonly>true</readonly>
         <executable>true</executable>
         <run_address>0x2ef0</run_address>
         <size>0x48</size>
         <alignment>0x4</alignment>
         <input_file_ref idref="fl-e"/>
      </object_component>
      <object_component id="oc-24c">
         <name>.text.at8236_clamp_speed</name>
         <load_address>0x2f38</load_address>
         <readonly>true</readonly>
         <executable>true</executable>
         <run_address>0x2f38</run_address>
         <size>0x46</size>
         <alignment>0x2</alignment>
         <input_file_ref idref="fl-3"/>
      </object_component>
      <object_component id="oc-d5">
         <name>.text.AJ_Init</name>
         <load_address>0x2f80</load_address>
         <readonly>true</readonly>
         <executable>true</executable>
         <run_address>0x2f80</run_address>
         <size>0x44</size>
         <alignment>0x4</alignment>
         <input_file_ref idref="fl-d"/>
      </object_component>
      <object_component id="oc-1d7">
         <name>.text.DL_SYSCTL_switchMCLKfromSYSOSCtoHSCLK</name>
         <load_address>0x2fc4</load_address>
         <readonly>true</readonly>
         <executable>true</executable>
         <run_address>0x2fc4</run_address>
         <size>0x44</size>
         <alignment>0x4</alignment>
         <input_file_ref idref="fl-26"/>
      </object_component>
      <object_component id="oc-203">
         <name>.text.OLED_I2C_Stop</name>
         <load_address>0x3008</load_address>
         <readonly>true</readonly>
         <executable>true</executable>
         <run_address>0x3008</run_address>
         <size>0x44</size>
         <alignment>0x4</alignment>
         <input_file_ref idref="fl-1"/>
      </object_component>
      <object_component id="oc-b6">
         <name>.text.at8236_get_max_speed</name>
         <load_address>0x304c</load_address>
         <readonly>true</readonly>
         <executable>true</executable>
         <run_address>0x304c</run_address>
         <size>0x44</size>
         <alignment>0x4</alignment>
         <input_file_ref idref="fl-3"/>
      </object_component>
      <object_component id="oc-11e">
         <name>.text.at8236_pid_clamp_i32</name>
         <load_address>0x3090</load_address>
         <readonly>true</readonly>
         <executable>true</executable>
         <run_address>0x3090</run_address>
         <size>0x44</size>
         <alignment>0x2</alignment>
         <input_file_ref idref="fl-3"/>
      </object_component>
      <object_component id="oc-15e">
         <name>.text.gpio_low</name>
         <load_address>0x30d4</load_address>
         <readonly>true</readonly>
         <executable>true</executable>
         <run_address>0x30d4</run_address>
         <size>0x44</size>
         <alignment>0x2</alignment>
         <input_file_ref idref="fl-14"/>
      </object_component>
      <object_component id="oc-169">
         <name>.text.soft_iic_write_8bit_register</name>
         <load_address>0x3118</load_address>
         <readonly>true</readonly>
         <executable>true</executable>
         <run_address>0x3118</run_address>
         <size>0x42</size>
         <alignment>0x2</alignment>
         <input_file_ref idref="fl-15"/>
      </object_component>
      <object_component id="oc-de">
         <name>.text.Bluetooth_Init</name>
         <load_address>0x315c</load_address>
         <readonly>true</readonly>
         <executable>true</executable>
         <run_address>0x315c</run_address>
         <size>0x40</size>
         <alignment>0x4</alignment>
         <input_file_ref idref="fl-4"/>
      </object_component>
      <object_component id="oc-139">
         <name>.text.SYSCFG_DL_UART_DEBUG_init</name>
         <load_address>0x319c</load_address>
         <readonly>true</readonly>
         <executable>true</executable>
         <run_address>0x319c</run_address>
         <size>0x40</size>
         <alignment>0x4</alignment>
         <input_file_ref idref="fl-8"/>
      </object_component>
      <object_component id="oc-137">
         <name>.text.SYSCFG_DL_UART_JY901_init</name>
         <load_address>0x31dc</load_address>
         <readonly>true</readonly>
         <executable>true</executable>
         <run_address>0x31dc</run_address>
         <size>0x40</size>
         <alignment>0x4</alignment>
         <input_file_ref idref="fl-8"/>
      </object_component>
      <object_component id="oc-17e">
         <name>.text.__aeabi_uidivmod</name>
         <load_address>0x321c</load_address>
         <readonly>true</readonly>
         <executable>true</executable>
         <run_address>0x321c</run_address>
         <size>0x40</size>
         <alignment>0x4</alignment>
         <input_file_ref idref="fl-12d"/>
      </object_component>
      <object_component id="oc-1af">
         <name>.text.__divmoddi4</name>
         <load_address>0x325c</load_address>
         <readonly>true</readonly>
         <executable>true</executable>
         <run_address>0x325c</run_address>
         <size>0x3e</size>
         <alignment>0x2</alignment>
         <input_file_ref idref="fl-133"/>
      </object_component>
      <object_component id="oc-1e1">
         <name>.text.DL_Timer_setCounterControl</name>
         <load_address>0x329c</load_address>
         <readonly>true</readonly>
         <executable>true</executable>
         <run_address>0x329c</run_address>
         <size>0x3c</size>
         <alignment>0x4</alignment>
         <input_file_ref idref="fl-8"/>
      </object_component>
      <object_component id="oc-136">
         <name>.text.SYSCFG_DL_TIMER_TICK_init</name>
         <load_address>0x32d8</load_address>
         <readonly>true</readonly>
         <executable>true</executable>
         <run_address>0x32d8</run_address>
         <size>0x3c</size>
         <alignment>0x4</alignment>
         <input_file_ref idref="fl-8"/>
      </object_component>
      <object_component id="oc-221">
         <name>.text.__floatsisf</name>
         <load_address>0x3314</load_address>
         <readonly>true</readonly>
         <executable>true</executable>
         <run_address>0x3314</run_address>
         <size>0x3c</size>
         <alignment>0x4</alignment>
         <input_file_ref idref="fl-122"/>
      </object_component>
      <object_component id="oc-26f">
         <name>.text.__gtsf2</name>
         <load_address>0x3350</load_address>
         <readonly>true</readonly>
         <executable>true</executable>
         <run_address>0x3350</run_address>
         <size>0x3c</size>
         <alignment>0x4</alignment>
         <input_file_ref idref="fl-12f"/>
      </object_component>
      <object_component id="oc-10c">
         <name>.text:__TI_auto_init_nobinit_nopinit</name>
         <load_address>0x338c</load_address>
         <readonly>true</readonly>
         <executable>true</executable>
         <run_address>0x338c</run_address>
         <size>0x3c</size>
         <alignment>0x4</alignment>
         <input_file_ref idref="fl-4c"/>
      </object_component>
      <object_component id="oc-26a">
         <name>.text.__eqsf2</name>
         <load_address>0x33c8</load_address>
         <readonly>true</readonly>
         <executable>true</executable>
         <run_address>0x33c8</run_address>
         <size>0x3a</size>
         <alignment>0x4</alignment>
         <input_file_ref idref="fl-12f"/>
      </object_component>
      <object_component id="oc-1aa">
         <name>.text.__muldsi3</name>
         <load_address>0x3404</load_address>
         <readonly>true</readonly>
         <executable>true</executable>
         <run_address>0x3404</run_address>
         <size>0x3a</size>
         <alignment>0x4</alignment>
         <input_file_ref idref="fl-119"/>
      </object_component>
      <object_component id="oc-d7">
         <name>.text.AT8236_Init</name>
         <load_address>0x3440</load_address>
         <readonly>true</readonly>
         <executable>true</executable>
         <run_address>0x3440</run_address>
         <size>0x38</size>
         <alignment>0x4</alignment>
         <input_file_ref idref="fl-3"/>
      </object_component>
      <object_component id="oc-231">
         <name>.text.__fixsfsi</name>
         <load_address>0x3478</load_address>
         <readonly>true</readonly>
         <executable>true</executable>
         <run_address>0x3478</run_address>
         <size>0x38</size>
         <alignment>0x4</alignment>
         <input_file_ref idref="fl-11f"/>
      </object_component>
      <object_component id="oc-204">
         <name>.text.OLED_SetCursor</name>
         <load_address>0x34b0</load_address>
         <readonly>true</readonly>
         <executable>true</executable>
         <run_address>0x34b0</run_address>
         <size>0x36</size>
         <alignment>0x2</alignment>
         <input_file_ref idref="fl-1"/>
      </object_component>
      <object_component id="oc-b8">
         <name>.text.AT8236_SetMotors</name>
         <load_address>0x34e8</load_address>
         <readonly>true</readonly>
         <executable>true</executable>
         <run_address>0x34e8</run_address>
         <size>0x34</size>
         <alignment>0x4</alignment>
         <input_file_ref idref="fl-3"/>
      </object_component>
      <object_component id="oc-24b">
         <name>.text.at8236_get_output_speed</name>
         <load_address>0x351c</load_address>
         <readonly>true</readonly>
         <executable>true</executable>
         <run_address>0x351c</run_address>
         <size>0x34</size>
         <alignment>0x2</alignment>
         <input_file_ref idref="fl-3"/>
      </object_component>
      <object_component id="oc-e7">
         <name>.text.DL_UART_transmitDataBlocking</name>
         <load_address>0x3550</load_address>
         <readonly>true</readonly>
         <executable>true</executable>
         <run_address>0x3550</run_address>
         <size>0x30</size>
         <alignment>0x4</alignment>
         <input_file_ref idref="fl-25"/>
      </object_component>
      <object_component id="oc-39">
         <name>.text.UART2_IRQHandler</name>
         <load_address>0x3580</load_address>
         <readonly>true</readonly>
         <executable>true</executable>
         <run_address>0x3580</run_address>
         <size>0x30</size>
         <alignment>0x4</alignment>
         <input_file_ref idref="fl-4"/>
      </object_component>
      <object_component id="oc-163">
         <name>.text.gpio_get_level</name>
         <load_address>0x35b0</load_address>
         <readonly>true</readonly>
         <executable>true</executable>
         <run_address>0x35b0</run_address>
         <size>0x2e</size>
         <alignment>0x2</alignment>
         <input_file_ref idref="fl-14"/>
      </object_component>
      <object_component id="oc-ed">
         <name>.text.F103_Trans_SendImu963Acceleration</name>
         <load_address>0x35e0</load_address>
         <readonly>true</readonly>
         <executable>true</executable>
         <run_address>0x35e0</run_address>
         <size>0x2c</size>
         <alignment>0x4</alignment>
         <input_file_ref idref="fl-b"/>
      </object_component>
      <object_component id="oc-150">
         <name>.text.__NVIC_EnableIRQ</name>
         <load_address>0x360c</load_address>
         <readonly>true</readonly>
         <executable>true</executable>
         <run_address>0x360c</run_address>
         <size>0x2c</size>
         <alignment>0x4</alignment>
         <input_file_ref idref="fl-4"/>
      </object_component>
      <object_component id="oc-152">
         <name>.text.__NVIC_EnableIRQ</name>
         <load_address>0x3638</load_address>
         <readonly>true</readonly>
         <executable>true</executable>
         <run_address>0x3638</run_address>
         <size>0x2c</size>
         <alignment>0x4</alignment>
         <input_file_ref idref="fl-7"/>
      </object_component>
      <object_component id="oc-143">
         <name>.text.__NVIC_EnableIRQ</name>
         <load_address>0x3664</load_address>
         <readonly>true</readonly>
         <executable>true</executable>
         <run_address>0x3664</run_address>
         <size>0x2c</size>
         <alignment>0x4</alignment>
         <input_file_ref idref="fl-a"/>
      </object_component>
      <object_component id="oc-140">
         <name>.text.__NVIC_EnableIRQ</name>
         <load_address>0x3690</load_address>
         <readonly>true</readonly>
         <executable>true</executable>
         <run_address>0x3690</run_address>
         <size>0x2c</size>
         <alignment>0x4</alignment>
         <input_file_ref idref="fl-d"/>
      </object_component>
      <object_component id="oc-149">
         <name>.text.OLED_WriteCommand</name>
         <load_address>0x36bc</load_address>
         <readonly>true</readonly>
         <executable>true</executable>
         <run_address>0x36bc</run_address>
         <size>0x2a</size>
         <alignment>0x2</alignment>
         <input_file_ref idref="fl-1"/>
      </object_component>
      <object_component id="oc-205">
         <name>.text.OLED_WriteData</name>
         <load_address>0x36e6</load_address>
         <readonly>true</readonly>
         <executable>true</executable>
         <run_address>0x36e6</run_address>
         <size>0x2a</size>
         <alignment>0x2</alignment>
         <input_file_ref idref="fl-1"/>
      </object_component>
      <object_component id="oc-206">
         <name>.text.DL_Common_updateReg</name>
         <load_address>0x3710</load_address>
         <readonly>true</readonly>
         <executable>true</executable>
         <run_address>0x3710</run_address>
         <size>0x28</size>
         <alignment>0x2</alignment>
         <input_file_ref idref="fl-4"/>
      </object_component>
      <object_component id="oc-24e">
         <name>.text.DL_Common_updateReg</name>
         <load_address>0x3738</load_address>
         <readonly>true</readonly>
         <executable>true</executable>
         <run_address>0x3738</run_address>
         <size>0x28</size>
         <alignment>0x2</alignment>
         <input_file_ref idref="fl-8"/>
      </object_component>
      <object_component id="oc-14e">
         <name>.text.DL_UART_setRXFIFOThreshold</name>
         <load_address>0x3760</load_address>
         <readonly>true</readonly>
         <executable>true</executable>
         <run_address>0x3760</run_address>
         <size>0x28</size>
         <alignment>0x4</alignment>
         <input_file_ref idref="fl-4"/>
      </object_component>
      <object_component id="oc-77">
         <name>.text.Encoder_GetSpeeds</name>
         <load_address>0x3788</load_address>
         <readonly>true</readonly>
         <executable>true</executable>
         <run_address>0x3788</run_address>
         <size>0x28</size>
         <alignment>0x4</alignment>
         <input_file_ref idref="fl-a"/>
      </object_component>
      <object_component id="oc-17d">
         <name>.text.OLED_Pow</name>
         <load_address>0x37b0</load_address>
         <readonly>true</readonly>
         <executable>true</executable>
         <run_address>0x37b0</run_address>
         <size>0x28</size>
         <alignment>0x2</alignment>
         <input_file_ref idref="fl-1"/>
      </object_component>
      <object_component id="oc-164">
         <name>.text.gpio_high</name>
         <load_address>0x37d8</load_address>
         <readonly>true</readonly>
         <executable>true</executable>
         <run_address>0x37d8</run_address>
         <size>0x28</size>
         <alignment>0x2</alignment>
         <input_file_ref idref="fl-14"/>
      </object_component>
      <object_component id="oc-5a">
         <name>.text:_c_int00_noargs</name>
         <load_address>0x3800</load_address>
         <readonly>true</readonly>
         <executable>true</executable>
         <run_address>0x3800</run_address>
         <size>0x28</size>
         <alignment>0x4</alignment>
         <input_file_ref idref="fl-4a"/>
      </object_component>
      <object_component id="oc-127">
         <name>.text.AT8236_SetMotor</name>
         <load_address>0x3828</load_address>
         <readonly>true</readonly>
         <executable>true</executable>
         <run_address>0x3828</run_address>
         <size>0x26</size>
         <alignment>0x2</alignment>
         <input_file_ref idref="fl-3"/>
      </object_component>
      <object_component id="oc-128">
         <name>.text.at8236_pid_reset_controller</name>
         <load_address>0x384e</load_address>
         <readonly>true</readonly>
         <executable>true</executable>
         <run_address>0x384e</run_address>
         <size>0x26</size>
         <alignment>0x2</alignment>
         <input_file_ref idref="fl-3"/>
      </object_component>
      <object_component id="oc-f8">
         <name>.text.AT8236_PID_SetTargets</name>
         <load_address>0x3874</load_address>
         <readonly>true</readonly>
         <executable>true</executable>
         <run_address>0x3874</run_address>
         <size>0x24</size>
         <alignment>0x4</alignment>
         <input_file_ref idref="fl-3"/>
      </object_component>
      <object_component id="oc-148">
         <name>.text.OLED_I2C_Init</name>
         <load_address>0x3898</load_address>
         <readonly>true</readonly>
         <executable>true</executable>
         <run_address>0x3898</run_address>
         <size>0x24</size>
         <alignment>0x4</alignment>
         <input_file_ref idref="fl-1"/>
      </object_component>
      <object_component id="oc-df">
         <name>.text.TimerTick_Init</name>
         <load_address>0x38bc</load_address>
         <readonly>true</readonly>
         <executable>true</executable>
         <run_address>0x38bc</run_address>
         <size>0x24</size>
         <alignment>0x4</alignment>
         <input_file_ref idref="fl-7"/>
      </object_component>
      <object_component id="oc-256">
         <name>.text.__floatunsidf</name>
         <load_address>0x38e0</load_address>
         <readonly>true</readonly>
         <executable>true</executable>
         <run_address>0x38e0</run_address>
         <size>0x24</size>
         <alignment>0x4</alignment>
         <input_file_ref idref="fl-123"/>
      </object_component>
      <object_component id="oc-11f">
         <name>.text.__muldi3</name>
         <load_address>0x3904</load_address>
         <readonly>true</readonly>
         <executable>true</executable>
         <run_address>0x3904</run_address>
         <size>0x24</size>
         <alignment>0x4</alignment>
         <input_file_ref idref="fl-125"/>
      </object_component>
      <object_component id="oc-20d">
         <name>.text.gpio_mask</name>
         <load_address>0x3928</load_address>
         <readonly>true</readonly>
         <executable>true</executable>
         <run_address>0x3928</run_address>
         <size>0x22</size>
         <alignment>0x2</alignment>
         <input_file_ref idref="fl-14"/>
      </object_component>
      <object_component id="oc-1bf">
         <name>.text.DL_GPIO_initPeripheralInputFunction</name>
         <load_address>0x394c</load_address>
         <readonly>true</readonly>
         <executable>true</executable>
         <run_address>0x394c</run_address>
         <size>0x20</size>
         <alignment>0x4</alignment>
         <input_file_ref idref="fl-8"/>
      </object_component>
      <object_component id="oc-1c8">
         <name>.text.DL_SYSCTL_setFlashWaitState</name>
         <load_address>0x396c</load_address>
         <readonly>true</readonly>
         <executable>true</executable>
         <run_address>0x396c</run_address>
         <size>0x20</size>
         <alignment>0x4</alignment>
         <input_file_ref idref="fl-8"/>
      </object_component>
      <object_component id="oc-261">
         <name>.text.gpio_iomux</name>
         <load_address>0x398c</load_address>
         <readonly>true</readonly>
         <executable>true</executable>
         <run_address>0x398c</run_address>
         <size>0x20</size>
         <alignment>0x2</alignment>
         <input_file_ref idref="fl-14"/>
      </object_component>
      <object_component id="oc-1f3">
         <name>.text.DL_UART_setOversampling</name>
[...]
         <object_component_ref idref="oc-6a"/>
      </symbol>
      <symbol id="sm-2c0">
         <name>AJ3_IsPressed</name>
         <value>0x2319</value>
         <object_component_ref idref="oc-f5"/>
      </symbol>
      <symbol id="sm-2c1">
         <name>AJ3_pressed</name>
         <value>0x20200245</value>
         <object_component_ref idref="oc-6b"/>
      </symbol>
      <symbol id="sm-2c2">
         <name>AJ4_IsPressed</name>
         <value>0x238d</value>
         <object_component_ref idref="oc-f6"/>
      </symbol>
      <symbol id="sm-2c3">
         <name>AJ4_pressed</name>
         <value>0x20200247</value>
         <object_component_ref idref="oc-6c"/>
      </symbol>
      <symbol id="sm-2e6">
         <name>Xunji_Read_Hardware</name>
         <value>0x1051</value>
         <object_component_ref idref="oc-236"/>
      </symbol>
      <symbol id="sm-2e7">
         <name>Xunji_Q2_Reset</name>
         <value>0x2ef1</value>
         <object_component_ref idref="oc-f4"/>
      </symbol>
      <symbol id="sm-2e8">
         <name>Xunji_Q2_Debug</name>
         <value>0x202001e8</value>
         <object_component_ref idref="oc-191"/>
      </symbol>
      <symbol id="sm-2e9">
         <name>Xunji_Q2_StopLineDetected</name>
         <value>0x2a69</value>
         <object_component_ref idref="oc-7d"/>
      </symbol>
      <symbol id="sm-2ea">
         <name>Xunji_Q2_Task</name>
         <value>0x66d</value>
         <object_component_ref idref="oc-f7"/>
      </symbol>
      <symbol id="sm-310">
         <name>imu963ra_get_acc</name>
         <value>0x2dc9</value>
         <object_component_ref idref="oc-184"/>
      </symbol>
      <symbol id="sm-311">
         <name>imu963ra_acc_x</name>
         <value>0x20200230</value>
         <object_component_ref idref="oc-21f"/>
      </symbol>
      <symbol id="sm-312">
         <name>imu963ra_acc_y</name>
         <value>0x20200232</value>
         <object_component_ref idref="oc-187"/>
      </symbol>
      <symbol id="sm-313">
         <name>imu963ra_acc_z</name>
         <value>0x20200234</value>
         <object_component_ref idref="oc-220"/>
      </symbol>
      <symbol id="sm-314">
         <name>imu963ra_init</name>
         <value>0xc1</value>
         <object_component_ref idref="oc-e0"/>
      </symbol>
      <symbol id="sm-315">
         <name>imu963ra_diag_scl_low</name>
         <value>0x2020024e</value>
         <object_component_ref idref="oc-16f"/>
      </symbol>
      <symbol id="sm-316">
         <name>imu963ra_diag_scl_release</name>
         <value>0x2020024f</value>
         <object_component_ref idref="oc-170"/>
      </symbol>
      <symbol id="sm-317">
         <name>imu963ra_diag_sda_low</name>
         <value>0x20200250</value>
         <object_component_ref idref="oc-171"/>
      </symbol>
      <symbol id="sm-318">
         <name>imu963ra_diag_sda_release</name>
         <value>0x20200251</value>
         <object_component_ref idref="oc-172"/>
      </symbol>
      <symbol id="sm-319">
         <name>imu963ra_diag_ack_6b</name>
         <value>0x2020024d</value>
         <object_component_ref idref="oc-173"/>
      </symbol>
      <symbol id="sm-31a">
         <name>imu963ra_diag_who_6b</name>
         <value>0x20200253</value>
         <object_component_ref idref="oc-174"/>
      </symbol>
      <symbol id="sm-31b">
         <name>imu963ra_diag_ack_6a</name>
         <value>0x2020024c</value>
         <object_component_ref idref="oc-175"/>
      </symbol>
      <symbol id="sm-31c">
         <name>imu963ra_diag_who_6a</name>
         <value>0x20200252</value>
         <object_component_ref idref="oc-176"/>
      </symbol>
      <symbol id="sm-31d">
         <name>imu963ra_who_am_i</name>
         <value>0x20200255</value>
         <object_component_ref idref="oc-177"/>
      </symbol>
      <symbol id="sm-31e">
         <name>imu963ra_device_addr</name>
         <value>0x2020024b</value>
         <object_component_ref idref="oc-178"/>
      </symbol>
      <symbol id="sm-31f">
         <name>imu963ra_transition_factor</name>
         <value>0x20200200</value>
         <object_component_ref idref="oc-179"/>
      </symbol>
      <symbol id="sm-349">
         <name>gpio_init</name>
         <value>0x2bff</value>
         <object_component_ref idref="oc-209"/>
      </symbol>
      <symbol id="sm-34a">
         <name>gpio_low</name>
         <value>0x30d5</value>
         <object_component_ref idref="oc-15e"/>
      </symbol>
      <symbol id="sm-34b">
         <name>gpio_high</name>
         <value>0x37d9</value>
         <object_component_ref idref="oc-164"/>
      </symbol>
      <symbol id="sm-34c">
         <name>gpio_get_level</name>
         <value>0x35b1</value>
         <object_component_ref idref="oc-163"/>
      </symbol>
      <symbol id="sm-367">
         <name>soft_iic_start</name>
         <value>0x25c7</value>
         <object_component_ref idref="oc-165"/>
      </symbol>
      <symbol id="sm-368">
         <name>soft_iic_stop</name>
         <value>0x2633</value>
         <object_component_ref idref="oc-167"/>
      </symbol>
      <symbol id="sm-369">
         <name>soft_iic_send_ack</name>
         <value>0x21b7</value>
         <object_component_ref idref="oc-263"/>
      </symbol>
      <symbol id="sm-36a">
         <name>soft_iic_wait_ack</name>
         <value>0x1da1</value>
         <object_component_ref idref="oc-214"/>
      </symbol>
      <symbol id="sm-36b">
         <name>soft_iic_send_data</name>
         <value>0x1799</value>
         <object_component_ref idref="oc-166"/>
      </symbol>
      <symbol id="sm-36c">
         <name>soft_iic_read_data</name>
         <value>0x13df</value>
         <object_component_ref idref="oc-215"/>
      </symbol>
      <symbol id="sm-36d">
         <name>soft_iic_write_8bit_register</name>
         <value>0x3119</value>
         <object_component_ref idref="oc-169"/>
      </symbol>
      <symbol id="sm-36e">
         <name>soft_iic_read_8bit_registers</name>
         <value>0x2559</value>
         <object_component_ref idref="oc-21e"/>
      </symbol>
      <symbol id="sm-36f">
         <name>soft_iic_sccb_read_register</name>
         <value>0x27d5</value>
         <object_component_ref idref="oc-168"/>
      </symbol>
      <symbol id="sm-370">
         <name>soft_iic_init</name>
         <value>0x1309</value>
         <object_component_ref idref="oc-159"/>
      </symbol>
      <symbol id="sm-371">
         <name>__TI_ATRegion0_src_addr</name>
         <value>0x0</value>
      </symbol>
      <symbol id="sm-372">
         <name>__TI_ATRegion0_trg_addr</name>
         <value>0x0</value>
      </symbol>
      <symbol id="sm-373">
         <name>__TI_ATRegion0_region_sz</name>
         <value>0x0</value>
      </symbol>
      <symbol id="sm-374">
         <name>__TI_ATRegion1_src_addr</name>
         <value>0x0</value>
      </symbol>
      <symbol id="sm-375">
         <name>__TI_ATRegion1_trg_addr</name>
         <value>0x0</value>
      </symbol>
      <symbol id="sm-376">
         <name>__TI_ATRegion1_region_sz</name>
         <value>0x0</value>
      </symbol>
      <symbol id="sm-377">
         <name>__TI_ATRegion2_src_addr</name>
         <value>0x0</value>
      </symbol>
      <symbol id="sm-378">
         <name>__TI_ATRegion2_trg_addr</name>
         <value>0x0</value>
      </symbol>
      <symbol id="sm-379">
         <name>__TI_ATRegion2_region_sz</name>
         <value>0x0</value>
      </symbol>
      <symbol id="sm-382">
         <name>DL_Common_delayCycles</name>
         <value>0x4039</value>
         <object_component_ref idref="oc-144"/>
      </symbol>
      <symbol id="sm-39e">
         <name>DL_Timer_setClockConfig</name>
         <value>0x3b75</value>
         <object_component_ref idref="oc-1da"/>
      </symbol>
      <symbol id="sm-39f">
         <name>DL_Timer_initTimerMode</name>
         <value>0xf55</value>
         <object_component_ref idref="oc-1ed"/>
      </symbol>
      <symbol id="sm-3a0">
         <name>DL_Timer_setCaptureCompareValue</name>
         <value>0x3fe9</value>
         <object_component_ref idref="oc-1e4"/>
      </symbol>
      <symbol id="sm-3a1">
         <name>DL_Timer_setCaptCompUpdateMethod</name>
         <value>0x3b59</value>
         <object_component_ref idref="oc-1e3"/>
      </symbol>
      <symbol id="sm-3a2">
         <name>DL_Timer_setCaptureCompareOutCtl</name>
         <value>0x3d81</value>
         <object_component_ref idref="oc-1e2"/>
      </symbol>
      <symbol id="sm-3a3">
         <name>DL_Timer_initFourCCPWMMode</name>
         <value>0xe51</value>
         <object_component_ref idref="oc-1e0"/>
      </symbol>
      <symbol id="sm-3b3">
         <name>DL_UART_init</name>
         <value>0x2ea9</value>
         <object_component_ref idref="oc-1f2"/>
      </symbol>
      <symbol id="sm-3b4">
         <name>DL_UART_setClockConfig</name>
         <value>0x3f81</value>
         <object_component_ref idref="oc-1f1"/>
      </symbol>
      <symbol id="sm-3b5">
         <name>DL_UART_transmitDataBlocking</name>
         <value>0x3551</value>
         <object_component_ref idref="oc-e7"/>
      </symbol>
      <symbol id="sm-3c9">
         <name>DL_SYSCTL_configSYSPLL</name>
         <value>0x122d</value>
         <object_component_ref idref="oc-1d2"/>
      </symbol>
      <symbol id="sm-3ca">
         <name>DL_SYSCTL_switchMCLKfromSYSOSCtoHSCLK</name>
         <value>0x2fc5</value>
         <object_component_ref idref="oc-1d7"/>
      </symbol>
      <symbol id="sm-3cb">
         <name>DL_SYSCTL_setHFCLKSourceHFXTParams</name>
         <value>0x2771</value>
         <object_component_ref idref="oc-1cc"/>
      </symbol>
      <symbol id="sm-3cc">
         <name>DL_SYSCTL_configFCC</name>
         <value>0x3acd</value>
         <object_component_ref idref="oc-252"/>
      </symbol>
      <symbol id="sm-3e4">
         <name>_c_int00_noargs</name>
         <value>0x3801</value>
         <object_component_ref idref="oc-5a"/>
      </symbol>
      <symbol id="sm-3e5">
         <name>__stack</name>
         <value>0x20207e00</value>
         <object_component_ref idref="oc-1a"/>
      </symbol>
      <symbol id="sm-3f4">
         <name>__TI_auto_init_nobinit_nopinit</name>
         <value>0x338d</value>
         <object_component_ref idref="oc-10c"/>
      </symbol>
      <symbol id="sm-3fc">
         <name>_system_pre_init</name>
         <value>0x4071</value>
         <object_component_ref idref="oc-96"/>
      </symbol>
      <symbol id="sm-407">
         <name>__TI_zero_init_nomemset</name>
         <value>0x3e7f</value>
         <object_component_ref idref="oc-51"/>
      </symbol>
      <symbol id="sm-410">
         <name>__TI_decompress_none</name>
         <value>0x3fa5</value>
         <object_component_ref idref="oc-20"/>
      </symbol>
      <symbol id="sm-41b">
         <name>__TI_decompress_lzss</name>
         <value>0x20c1</value>
         <object_component_ref idref="oc-1c"/>
      </symbol>
      <symbol id="sm-42d">
         <name>abort</name>
         <value>0x404d</value>
         <object_component_ref idref="oc-105"/>
      </symbol>
      <symbol id="sm-440">
         <name>HOSTexit</name>
         <value>0x4057</value>
         <object_component_ref idref="oc-19a"/>
      </symbol>
      <symbol id="sm-441">
         <name>C$$EXIT</name>
         <value>0x4056</value>
         <object_component_ref idref="oc-19a"/>
      </symbol>
      <symbol id="sm-456">
         <name>__muldsi3</name>
         <value>0x3405</value>
         <object_component_ref idref="oc-1aa"/>
      </symbol>
      <symbol id="sm-45c">
         <name>__aeabi_fmul</name>
         <value>0x1d15</value>
         <object_component_ref idref="oc-229"/>
      </symbol>
      <symbol id="sm-45d">
         <name>__mulsf3</name>
         <value>0x1d15</value>
         <object_component_ref idref="oc-229"/>
      </symbol>
      <symbol id="sm-463">
         <name>__aeabi_fdiv</name>
         <value>0x1fc1</value>
         <object_component_ref idref="oc-225"/>
      </symbol>
      <symbol id="sm-464">
         <name>__divsf3</name>
         <value>0x1fc1</value>
         <object_component_ref idref="oc-225"/>
      </symbol>
      <symbol id="sm-46a">
         <name>__aeabi_f2iz</name>
         <value>0x3479</value>
         <object_component_ref idref="oc-231"/>
      </symbol>
      <symbol id="sm-46b">
         <name>__fixsfsi</name>
         <value>0x3479</value>
         <object_component_ref idref="oc-231"/>
      </symbol>
      <symbol id="sm-471">
         <name>__aeabi_i2f</name>
         <value>0x3315</value>
         <object_component_ref idref="oc-221"/>
      </symbol>
      <symbol id="sm-472">
         <name>__floatsisf</name>
         <value>0x3315</value>
         <object_component_ref idref="oc-221"/>
      </symbol>
      <symbol id="sm-478">
         <name>__aeabi_ui2d</name>
         <value>0x38e1</value>
         <object_component_ref idref="oc-256"/>
      </symbol>
      <symbol id="sm-479">
         <name>__floatunsidf</name>
         <value>0x38e1</value>
         <object_component_ref idref="oc-256"/>
      </symbol>
      <symbol id="sm-47f">
         <name>__aeabi_lmul</name>
         <value>0x3905</value>
         <object_component_ref idref="oc-11f"/>
      </symbol>
      <symbol id="sm-480">
         <name>__muldi3</name>
         <value>0x3905</value>
         <object_component_ref idref="oc-11f"/>
      </symbol>
      <symbol id="sm-486">
         <name>__aeabi_dcmpeq</name>
         <value>0x2839</value>
         <object_component_ref idref="oc-25a"/>
      </symbol>
      <symbol id="sm-487">
         <name>__aeabi_dcmplt</name>
         <value>0x284d</value>
         <object_component_ref idref="oc-25a"/>
      </symbol>
      <symbol id="sm-488">
         <name>__aeabi_dcmple</name>
         <value>0x2861</value>
         <object_component_ref idref="oc-25a"/>
      </symbol>
      <symbol id="sm-489">
         <name>__aeabi_dcmpge</name>
         <value>0x2875</value>
         <object_component_ref idref="oc-25a"/>
      </symbol>
      <symbol id="sm-48a">
         <name>__aeabi_dcmpgt</name>
         <value>0x2889</value>
         <object_component_ref idref="oc-25a"/>
      </symbol>
      <symbol id="sm-490">
         <name>__aeabi_fcmpeq</name>
         <value>0x289d</value>
         <object_component_ref idref="oc-22d"/>
      </symbol>
      <symbol id="sm-491">
         <name>__aeabi_fcmplt</name>
         <value>0x28b1</value>
         <object_component_ref idref="oc-22d"/>
      </symbol>
      <symbol id="sm-492">
         <name>__aeabi_fcmple</name>
         <value>0x28c5</value>
         <object_component_ref idref="oc-22d"/>
      </symbol>
      <symbol id="sm-493">
         <name>__aeabi_fcmpge</name>
         <value>0x28d9</value>
         <object_component_ref idref="oc-22d"/>
      </symbol>
      <symbol id="sm-494">
         <name>__aeabi_fcmpgt</name>
         <value>0x28ed</value>
         <object_component_ref idref="oc-22d"/>
      </symbol>
      <symbol id="sm-49a">
         <name>__aeabi_idiv</name>
         <value>0x2a11</value>
         <object_component_ref idref="oc-195"/>
      </symbol>
      <symbol id="sm-49b">
         <name>__aeabi_idivmod</name>
         <value>0x2a11</value>
         <object_component_ref idref="oc-195"/>
      </symbol>
      <symbol id="sm-4a1">
         <name>__aeabi_ldivmod</name>
         <value>0x3f49</value>
         <object_component_ref idref="oc-123"/>
      </symbol>
      <symbol id="sm-4a7">
         <name>__aeabi_memcpy</name>
         <value>0x4045</value>
         <object_component_ref idref="oc-4a"/>
      </symbol>
      <symbol id="sm-4a8">
         <name>__aeabi_memcpy4</name>
         <value>0x4045</value>
         <object_component_ref idref="oc-4a"/>
      </symbol>
      <symbol id="sm-4a9">
         <name>__aeabi_memcpy8</name>
         <value>0x4045</value>
         <object_component_ref idref="oc-4a"/>
      </symbol>
      <symbol id="sm-4af">
         <name>__aeabi_uidiv</name>
         <value>0x321d</value>
         <object_component_ref idref="oc-17e"/>
      </symbol>
      <symbol id="sm-4b0">
         <name>__aeabi_uidivmod</name>
         <value>0x321d</value>
         <object_component_ref idref="oc-17e"/>
      </symbol>
      <symbol id="sm-4b9">
         <name>__eqsf2</name>
         <value>0x33c9</value>
         <object_component_ref idref="oc-26a"/>
      </symbol>
      <symbol id="sm-4ba">
         <name>__lesf2</name>
         <value>0x33c9</value>
         <object_component_ref idref="oc-26a"/>
      </symbol>
      <symbol id="sm-4bb">
         <name>__ltsf2</name>
         <value>0x33c9</value>
         <object_component_ref idref="oc-26a"/>
      </symbol>
      <symbol id="sm-4bc">
         <name>__nesf2</name>
         <value>0x33c9</value>
         <object_component_ref idref="oc-26a"/>
      </symbol>
      <symbol id="sm-4bd">
         <name>__cmpsf2</name>
         <value>0x33c9</value>
         <object_component_ref idref="oc-26a"/>
      </symbol>
      <symbol id="sm-4be">
         <name>__gtsf2</name>
         <value>0x3351</value>
         <object_component_ref idref="oc-26f"/>
      </symbol>
      <symbol id="sm-4bf">
         <name>__gesf2</name>
         <value>0x3351</value>
         <object_component_ref idref="oc-26f"/>
      </symbol>
      <symbol id="sm-4c5">
         <name>__udivmoddi4</name>
         <value>0x18f5</value>
         <object_component_ref idref="oc-244"/>
      </symbol>
      <symbol id="sm-4cb">
         <name>__aeabi_llsl</name>
         <value>0x39cd</value>
         <object_component_ref idref="oc-273"/>
      </symbol>
      <symbol id="sm-4cc">
         <name>__ashldi3</name>
         <value>0x39cd</value>
         <object_component_ref idref="oc-273"/>
      </symbol>
      <symbol id="sm-4da">
         <name>__ledf2</name>
         <value>0x2709</value>
         <object_component_ref idref="oc-279"/>
      </symbol>
      <symbol id="sm-4db">
         <name>__gedf2</name>
         <value>0x2475</value>
         <object_component_ref idref="oc-27f"/>
      </symbol>
      <symbol id="sm-4dc">
         <name>__cmpdf2</name>
         <value>0x2709</value>
         <object_component_ref idref="oc-279"/>
      </symbol>
      <symbol id="sm-4dd">
         <name>__eqdf2</name>
         <value>0x2709</value>
         <object_component_ref idref="oc-279"/>
      </symbol>
      <symbol id="sm-4de">
         <name>__ltdf2</name>
         <value>0x2709</value>
         <object_component_ref idref="oc-279"/>
      </symbol>
      <symbol id="sm-4df">
         <name>__nedf2</name>
         <value>0x2709</value>
         <object_component_ref idref="oc-279"/>
      </symbol>
      <symbol id="sm-4e0">
         <name>__gtdf2</name>
         <value>0x2475</value>
         <object_component_ref idref="oc-27f"/>
      </symbol>
      <symbol id="sm-4e9">
         <name>__divmoddi4</name>
         <value>0x325d</value>
         <object_component_ref idref="oc-1af"/>
      </symbol>
      <symbol id="sm-4f5">
         <name>__aeabi_idiv0</name>
         <value>0x1847</value>
         <object_component_ref idref="oc-218"/>
      </symbol>
      <symbol id="sm-4f6">
         <name>__aeabi_ldiv0</name>
         <value>0x1997</value>
         <object_component_ref idref="oc-272"/>
      </symbol>
      <symbol id="sm-500">
         <name>TI_memcpy_small</name>
         <value>0x3f93</value>
         <object_component_ref idref="oc-c6"/>
      </symbol>
      <symbol id="sm-501">
         <name>__TI_static_base__</name>
         <value>0x0</value>
      </symbol>
      <symbol id="sm-505">
         <name>__mpu_init</name>
         <value>0x0</value>
      </symbol>
      <symbol id="sm-506">
         <name>_system_post_cinit</name>
         <value>0x0</value>
      </symbol>
   </symbol_table>
   <title>Link successful</title>
</link_info>
