******************************************************************************
            TI ARM Clang Linker PC v4.0.4                      
******************************************************************************
>> Linked Fri Jul 17 20:58:05 2026

OUTPUT FILE NAME:   <project.out>
ENTRY POINT SYMBOL: "_c_int00_noargs"  address: 00002055


MEMORY CONFIGURATION

         name            origin    length      used     unused   attr    fill
----------------------  --------  ---------  --------  --------  ----  --------
  FLASH                 00000000   00020000  00002e50  0001d1b0  R  X
  SRAM                  20200000   00008000  00000425  00007bdb  RW X
  BCR_CONFIG            41c00000   000000ff  00000000  000000ff  R   
  BSL_CONFIG            41c00100   00000080  00000000  00000080  R   


SEGMENT ALLOCATION MAP

run origin  load origin   length   init length attrs members
----------  ----------- ---------- ----------- ----- -------
00000000    00000000    00002e50   00002e50    r-x
  00000000    00000000    000000c0   000000c0    r-- .intvecs
  000000c0    000000c0    00002710   00002710    r-x .text
  000027d0    000027d0    00000640   00000640    r-- .rodata
  00002e10    00002e10    00000040   00000040    r-- .cinit
20200000    20200000    00000229   00000000    rw-
  20200000    20200000    000001fc   00000000    rw- .bss
  20200200    20200200    00000029   00000000    rw- .data
20207e00    20207e00    00000200   00000000    rw-
  20207e00    20207e00    00000200   00000000    rw- .stack


SECTION ALLOCATION MAP

 output                                  attributes/
section   page    origin      length       input sections
--------  ----  ----------  ----------   ----------------
.intvecs   0    00000000    000000c0     
                  00000000    000000c0     startup_mspm0g350x_ticlang.o (.intvecs)

.text      0    000000c0    00002710     
                  000000c0    000001b8     ti_msp_dl_config.o (.text.SYSCFG_DL_GPIO_init)
                  00000278    00000140     bluetooth.o (.text.Bluetooth_Task)
                  000003b8    00000114     mid_jy901.o (.text.JY901_Feed)
                  000004cc    00000104     driverlib.a : dl_timer.o (.text.DL_Timer_initFourCCPWMMode)
                  000005d0    000000f4     myxunji.o (.text.Xunji_Read_Hardware)
                  000006c4    000000f4     empty.o (.text.main)
                  000007b8    000000e8     mid_jy901.o (.text.JY901_Data_Convert)
                  000008a0    000000e8     ti_msp_dl_config.o (.text.SYSCFG_DL_SYSCTL_SYSPLL_init)
                  00000988    000000dc     driverlib.a : dl_sysctl_mspm0g1x0x_g3x0x.o (.text.DL_SYSCTL_configSYSPLL)
                  00000a64    000000dc     myxunji.o (.text.Xunji_Calc_Track_Speed)
                  00000b40    000000d0     myxunji.o (.text.Xunji_Task)
                  00000c10    000000c8     mid_jy901.o (.text.JY901_Process)
                  00000cd8    000000b4     DL_OLED.o (.text.OLED_I2C_SendByte)
                  00000d8c    000000b4     DL_OLED.o (.text.OLED_ShowChar)
                  00000e40    000000ae     DL_OLED.o (.text.OLED_ShowSignedNum)
                  00000eee    00000002     libclang_rt.builtins.a : aeabi_div0.c.obj (.text.__aeabi_idiv0)
                  00000ef0    000000a0     DL_OLED.o (.text.OLED_Init)
                  00000f90    0000009c     encoder.o (.text.GROUP1_IRQHandler)
                  0000102c    0000008c     ti_msp_dl_config.o (.text.SYSCFG_DL_PWM_TB6612_init)
                  000010b8    0000008c     libclang_rt.builtins.a : mulsf3.S.obj (.text.__mulsf3)
                  00001144    00000088     tb6612.o (.text.tb6612_apply_motor)
                  000011cc    00000084     empty.o (.text.__NVIC_SetPriority)
                  00001250    00000082     libclang_rt.builtins.a : divsf3.S.obj (.text.__divsf3)
                  000012d2    00000002     --HOLE-- [fill = 0]
                  000012d4    0000007c     libc.a : copy_decompress_lzss.c.obj (.text:decompress:lzss)
                  00001350    0000007a     DL_OLED.o (.text.OLED_ShowNum)
                  000013ca    00000002     --HOLE-- [fill = 0]
                  000013cc    00000074     ti_msp_dl_config.o (.text.SYSCFG_DL_SYSCTL_init)
                  00001440    00000074     libclang_rt.builtins.a : comparedf2.c.obj (.text.__gedf2)
                  000014b4    00000068     ti_msp_dl_config.o (.text.SYSCFG_DL_initPower)
                  0000151c    00000068     libclang_rt.builtins.a : comparedf2.c.obj (.text.__ledf2)
                  00001584    00000064     driverlib.a : dl_sysctl_mspm0g1x0x_g3x0x.o (.text.DL_SYSCTL_setHFCLKSourceHFXTParams)
                  000015e8    00000062     libclang_rt.builtins.a : aeabi_dcmp.S.obj (.text.__aeabi_dcmp)
                  0000164a    00000002     --HOLE-- [fill = 0]
                  0000164c    0000005c     bsp_jy901.o (.text.BSP_JY901_Init)
                  000016a8    00000058     DL_OLED.o (.text.OLED_I2C_Start)
                  00001700    00000056     DL_OLED.o (.text.OLED_Clear)
                  00001756    00000002     --HOLE-- [fill = 0]
                  00001758    00000050     empty.o (.text.SysTick_Config)
                  000017a8    0000004e     myxunji.o (.text.Xunji_Read_Bits)
                  000017f6    00000002     --HOLE-- [fill = 0]
                  000017f8    0000004c     ti_msp_dl_config.o (.text.DL_GPIO_initDigitalInputFeatures)
                  00001844    0000004c     ti_msp_dl_config.o (.text.DL_UART_setBaudRateDivisor)
                  00001890    0000004c     ti_msp_dl_config.o (.text.SYSCFG_DL_UART_BT_init)
                  000018dc    0000004c     myxunji.o (.text.Xunji_Run_PreTurn)
                  00001928    00000048     driverlib.a : dl_uart.o (.text.DL_UART_init)
                  00001970    00000046     tb6612.o (.text.tb6612_clamp_speed)
                  000019b6    00000002     --HOLE-- [fill = 0]
                  000019b8    00000044     bsp_jy901.o (.text.BSP_JY901_PushByte)
                  000019fc    00000044     driverlib.a : dl_sysctl_mspm0g1x0x_g3x0x.o (.text.DL_SYSCTL_switchMCLKfromSYSOSCtoHSCLK)
                  00001a40    00000044     DL_OLED.o (.text.OLED_I2C_Stop)
                  00001a84    00000044     tb6612.o (.text.tb6612_get_channel_config)
                  00001ac8    00000044     tb6612.o (.text.tb6612_get_max_speed)
                  00001b0c    00000040     bsp_jy901.o (.text.BSP_JY901_ReadByte)
                  00001b4c    00000040     bluetooth.o (.text.Bluetooth_Init)
                  00001b8c    00000040     ti_msp_dl_config.o (.text.SYSCFG_DL_UART_JY901_init)
                  00001bcc    00000040     libclang_rt.builtins.a : aeabi_uidivmod.S.obj (.text.__aeabi_uidivmod)
                  00001c0c    0000003c     ti_msp_dl_config.o (.text.DL_Timer_setCounterControl)
                  00001c48    0000003c     libclang_rt.builtins.a : floatsisf.S.obj (.text.__floatsisf)
                  00001c84    0000003c     libc.a : autoinit.c.obj (.text:__TI_auto_init_nobinit_nopinit)
                  00001cc0    0000003a     libclang_rt.builtins.a : muldsi3.S.obj (.text.__muldsi3)
                  00001cfa    00000002     --HOLE-- [fill = 0]
                  00001cfc    00000038     tb6612.o (.text.TB6612_Init)
                  00001d34    00000036     DL_OLED.o (.text.OLED_SetCursor)
                  00001d6a    00000002     --HOLE-- [fill = 0]
                  00001d6c    00000034     tb6612.o (.text.TB6612_SetMotors)
                  00001da0    00000034     tb6612.o (.text.tb6612_get_output_speed)
                  00001dd4    00000032     myxunji.o (.text.Xunji_Is_Left_Corner)
                  00001e06    00000002     --HOLE-- [fill = 0]
                  00001e08    00000030     bluetooth.o (.text.UART2_IRQHandler)
                  00001e38    0000002c     bluetooth.o (.text.__NVIC_EnableIRQ)
                  00001e64    0000002c     bsp_jy901.o (.text.__NVIC_EnableIRQ)
                  00001e90    0000002c     empty.o (.text.__NVIC_EnableIRQ)
                  00001ebc    0000002c     encoder.o (.text.__NVIC_EnableIRQ)
                  00001ee8    0000002a     DL_OLED.o (.text.OLED_WriteCommand)
                  00001f12    0000002a     DL_OLED.o (.text.OLED_WriteData)
                  00001f3c    00000028     bluetooth.o (.text.DL_Common_updateReg)
                  00001f64    00000028     bsp_jy901.o (.text.DL_Common_updateReg)
                  00001f8c    00000028     ti_msp_dl_config.o (.text.DL_Common_updateReg)
                  00001fb4    00000028     bluetooth.o (.text.DL_UART_setRXFIFOThreshold)
                  00001fdc    00000028     bsp_jy901.o (.text.DL_UART_setRXFIFOThreshold)
                  00002004    00000028     DL_OLED.o (.text.OLED_Pow)
                  0000202c    00000028     ti_msp_dl_config.o (.text.SYSCFG_DL_init)
                  00002054    00000028     libc.a : boot_cortex_m.c.obj (.text:_c_int00_noargs)
                  0000207c    00000026     tb6612.o (.text.TB6612_SetMotor)
                  000020a2    00000002     --HOLE-- [fill = 0]
                  000020a4    00000024     DL_OLED.o (.text.OLED_I2C_Init)
                  000020c8    00000024     bsp_jy901.o (.text.UART1_IRQHandler)
                  000020ec    00000024     libclang_rt.builtins.a : floatunsidf.S.obj (.text.__floatunsidf)
                  00002110    00000020     ti_msp_dl_config.o (.text.DL_GPIO_initPeripheralInputFunction)
                  00002130    00000020     ti_msp_dl_config.o (.text.DL_SYSCTL_setFlashWaitState)
                  00002150    00000020     encoder.o (.text.Encoder_Init)
                  00002170    00000020     app_jy901.o (.text.JY901_Task)
                  00002190    0000001e     ti_msp_dl_config.o (.text.DL_UART_setOversampling)
                  000021ae    00000002     --HOLE-- [fill = 0]
                  000021b0    0000001c     empty.o (.text.DL_GPIO_clearInterruptStatus)
                  000021cc    0000001c     encoder.o (.text.DL_GPIO_clearInterruptStatus)
                  000021e8    0000001c     ti_msp_dl_config.o (.text.DL_GPIO_clearInterruptStatus)
                  00002204    0000001c     empty.o (.text.DL_GPIO_enableInterrupt)
                  00002220    0000001c     ti_msp_dl_config.o (.text.DL_GPIO_enableInterrupt)
                  0000223c    0000001c     ti_msp_dl_config.o (.text.DL_GPIO_initPeripheralOutputFunction)
                  00002258    0000001c     ti_msp_dl_config.o (.text.DL_GPIO_setLowerPinsPolarity)
                  00002274    0000001c     driverlib.a : dl_sysctl_mspm0g1x0x_g3x0x.o (.text.DL_SYSCTL_configFCC)
                  00002290    0000001c     ti_msp_dl_config.o (.text.DL_SYSCTL_setFCCPeriods)
                  000022ac    0000001c     ti_msp_dl_config.o (.text.DL_SYSCTL_setSYSOSCFreq)
                  000022c8    0000001c     ti_msp_dl_config.o (.text.DL_SYSCTL_setULPCLKDivider)
                  000022e4    0000001c     driverlib.a : dl_timer.o (.text.DL_Timer_setCaptCompUpdateMethod)
                  00002300    0000001c                 : dl_timer.o (.text.DL_Timer_setClockConfig)
                  0000231c    0000001c     bsp_jy901.o (.text.DL_UART_disableDMAReceiveEvent)
                  00002338    0000001c     bsp_jy901.o (.text.DL_UART_disableInterrupt)
                  00002354    0000001c     bluetooth.o (.text.DL_UART_enableInterrupt)
                  00002370    0000001c     bsp_jy901.o (.text.DL_UART_enableInterrupt)
                  0000238c    0000001c     ti_msp_dl_config.o (.text.DL_UART_enableInterrupt)
                  000023a8    0000001c     delay.o (.text.delay_ms)
                  000023c4    00000018     ti_msp_dl_config.o (.text.DL_GPIO_enableOutput)
                  000023dc    00000018     ti_msp_dl_config.o (.text.DL_GPIO_enablePower)
                  000023f4    00000018     encoder.o (.text.DL_GPIO_getEnabledInterruptStatus)
                  0000240c    00000018     ti_msp_dl_config.o (.text.DL_GPIO_initDigitalOutput)
                  00002424    00000018     ti_msp_dl_config.o (.text.DL_GPIO_initPeripheralAnalogFunction)
                  0000243c    00000018     ti_msp_dl_config.o (.text.DL_GPIO_reset)
                  00002454    00000018     DL_OLED.o (.text.DL_GPIO_setPins)
                  0000246c    00000018     tb6612.o (.text.DL_GPIO_setPins)
                  00002484    00000018     ti_msp_dl_config.o (.text.DL_GPIO_setUpperPinsPolarity)
                  0000249c    00000018     ti_msp_dl_config.o (.text.DL_SYSCTL_setBORThreshold)
                  000024b4    00000018     ti_msp_dl_config.o (.text.DL_Timer_enablePower)
                  000024cc    00000018     ti_msp_dl_config.o (.text.DL_Timer_reset)
                  000024e4    00000018     driverlib.a : dl_timer.o (.text.DL_Timer_setCaptureCompareOutCtl)
                  000024fc    00000018     tb6612.o (.text.DL_Timer_startCounter)
                  00002514    00000018     bsp_jy901.o (.text.DL_UART_clearInterruptStatus)
                  0000252c    00000018     bluetooth.o (.text.DL_UART_enableFIFOs)
                  00002544    00000018     bsp_jy901.o (.text.DL_UART_enableFIFOs)
                  0000255c    00000018     ti_msp_dl_config.o (.text.DL_UART_enablePower)
                  00002574    00000018     ti_msp_dl_config.o (.text.DL_UART_reset)
                  0000258c    00000018     empty.o (.text.SysTick_Handler)
                  000025a4    00000016     encoder.o (.text.DL_GPIO_readPins)
                  000025ba    00000016     myxunji.o (.text.DL_GPIO_readPins)
                  000025d0    00000016     ti_msp_dl_config.o (.text.DL_UART_enable)
                  000025e6    00000016     libc.a : copy_zero_init.c.obj (.text:decompress:ZI:__TI_zero_init_nomemset)
                  000025fc    00000014     DL_OLED.o (.text.DL_GPIO_clearPins)
                  00002610    00000014     tb6612.o (.text.DL_GPIO_clearPins)
                  00002624    00000014     ti_msp_dl_config.o (.text.DL_GPIO_clearPins)
                  00002638    00000014     ti_msp_dl_config.o (.text.DL_SYSCTL_disableSYSPLL)
                  0000264c    00000014     ti_msp_dl_config.o (.text.DL_SYSCTL_enableSYSPLL)
                  00002660    00000014     ti_msp_dl_config.o (.text.DL_Timer_enableClock)
                  00002674    00000014     ti_msp_dl_config.o (.text.DL_Timer_setCCPDirection)
                  00002688    00000014     bluetooth.o (.text.DL_UART_receiveData)
                  0000269c    00000014     bsp_jy901.o (.text.DL_UART_receiveData)
                  000026b0    00000012     bluetooth.o (.text.DL_UART_getPendingInterrupt)
                  000026c2    00000012     bsp_jy901.o (.text.DL_UART_getPendingInterrupt)
                  000026d4    00000012     driverlib.a : dl_uart.o (.text.DL_UART_setClockConfig)
                  000026e6    00000012     libc.a : memcpy16.S.obj (.text:TI_memcpy_small)
                  000026f8    00000012            : copy_decompress_none.c.obj (.text:decompress:none)
                  0000270a    00000002     --HOLE-- [fill = 0]
                  0000270c    00000010     ti_msp_dl_config.o (.text.DL_SYSCTL_disableHFXT)
                  0000271c    00000010     ti_msp_dl_config.o (.text.DL_SYSCTL_isFCCDone)
                  0000272c    00000010     ti_msp_dl_config.o (.text.DL_SYSCTL_startFCC)
                  0000273c    00000010     driverlib.a : dl_timer.o (.text.DL_Timer_setCaptureCompareValue)
                  0000274c    00000010     empty.o (.text.SystemClock_Config)
                  0000275c    0000000e     libc.a : memset16.S.obj (.text:TI_memset_small)
                  0000276a    00000002     --HOLE-- [fill = 0]
                  0000276c    0000000c     ti_msp_dl_config.o (.text.DL_SYSCTL_getClockStatus)
                  00002778    0000000c     ti_msp_dl_config.o (.text.DL_SYSCTL_readFCC)
                  00002784    0000000c     tb6612.o (.text.TB6612_Stop)
                  00002790    0000000c     libclang_rt.builtins.a : aeabi_memset.S.obj (.text.__aeabi_memclr)
                  0000279c    0000000a     driverlib.a : dl_common.o (.text.DL_Common_delayCycles)
                  000027a6    00000008     app_jy901.o (.text.APP_JY901_Init)
                  000027ae    00000002     --HOLE-- [fill = 0]
                  000027b0    00000008     libclang_rt.builtins.a : aeabi_memcpy.S.obj (.text.__aeabi_memcpy)
                  000027b8    00000006     libc.a : exit.c.obj (.text:abort)
                  000027be    00000004     startup_mspm0g350x_ticlang.o (.text.Default_Handler)
                  000027c2    00000004     libsysbm.a : hostexit.c.obj (.text.HOSTexit)
                  000027c6    00000004     startup_mspm0g350x_ticlang.o (.text.Reset_Handler)
                  000027ca    00000004     libc.a : pre_init.c.obj (.text._system_pre_init)
                  000027ce    00000002     --HOLE-- [fill = 0]

.cinit     0    00002e10    00000040     
                  00002e10    0000001b     (.cinit..data.load) [load image, compression = lzss]
                  00002e2b    00000001     --HOLE-- [fill = 0]
                  00002e2c    0000000c     (__TI_handler_table)
                  00002e38    00000008     (.cinit..bss.load) [load image, compression = zero_init]
                  00002e40    00000010     (__TI_cinit_table)

.rodata    0    000027d0    00000640     
                  000027d0    000005f0     DL_OLED.o (.rodata.OLED_F8x16)
                  00002dc0    00000028     ti_msp_dl_config.o (.rodata.gSYSPLLConfig)
                  00002de8    0000000a     ti_msp_dl_config.o (.rodata.gUART_BTConfig)
                  00002df2    0000000a     ti_msp_dl_config.o (.rodata.gUART_JY901Config)
                  00002dfc    00000008     ti_msp_dl_config.o (.rodata.gPWM_TB6612Config)
                  00002e04    00000003     ti_msp_dl_config.o (.rodata.gPWM_TB6612ClockConfig)
                  00002e07    00000002     ti_msp_dl_config.o (.rodata.gUART_BTClockConfig)
                  00002e09    00000002     ti_msp_dl_config.o (.rodata.gUART_JY901ClockConfig)
                  00002e0b    00000005     --HOLE-- [fill = 0]

.init_array 
*          0    00000000    00000000     UNINITIALIZED

.binit     0    00000000    00000000     

.bss       0    20200000    000001fc     UNINITIALIZED
                  20200000    00000106     (.common:jy901_uart)
                  20200106    00000001     bluetooth.o (.bss.bt_cmd)
                  20200107    00000001     bluetooth.o (.bss.bt_cmd_ready)
                  20200108    000000a0     (.common:gPWM_TB6612Backup)
                  202001a8    00000024     (.common:jy901_data)
                  202001cc    00000012     (.common:jy901_raw)
                  202001de    0000000b     mid_jy901.o (.bss.JY901_Feed.frame)
                  202001e9    00000003     --HOLE--
                  202001ec    00000008     (.common:EncoderA)
                  202001f4    00000008     (.common:EncoderB)

.data      0    20200200    00000029     UNINITIALIZED
                  20200200    00000008     tb6612.o (.data.TB6612_MotorA)
                  20200208    00000008     tb6612.o (.data.TB6612_MotorB)
                  20200210    00000008     empty.o (.data.g_systick_ms)
                  20200218    00000004     mid_jy901.o (.data.data)
                  2020021c    00000004     mid_jy901.o (.data.raw)
                  20200220    00000002     empty.o (.data.main.left_speed)
                  20200222    00000002     empty.o (.data.main.right_speed)
                  20200224    00000001     mid_jy901.o (.data.JY901_Feed.index)
                  20200225    00000001     mid_jy901.o (.data.JY901_Feed.state)
                  20200226    00000001     myxunji.o (.data.xunji_corner_count)
                  20200227    00000001     myxunji.o (.data.xunji_corner_latched)
                  20200228    00000001     myxunji.o (.data.xunji_state)

.stack     0    20207e00    00000200     UNINITIALIZED
                  20207e00    00000004     libc.a : boot_cortex_m.c.obj (.stack)
                  20207e04    000001fc     --HOLE--

__llvm_prf_cnts 
*          0    20200000    00000000     UNINITIALIZED

__llvm_prf_bits 
*          0    20200000    00000000     UNINITIALIZED

MODULE SUMMARY

       Module                         code   ro data   rw data
       ------                         ----   -------   -------
    .\
       DL_OLED.o                      1316   1520      0      
       ti_msp_dl_config.o             2240   75        160    
       myxunji.o                      898    0         3      
       bsp_jy901.o                    554    0         262    
       mid_jy901.o                    708    0         75     
       bluetooth.o                    646    0         2      
       tb6612.o                       620    0         16     
       empty.o                        596    0         12     
       encoder.o                      306    0         16     
       startup_mspm0g350x_ticlang.o   8      192       0      
       app_jy901.o                    40     0         0      
       delay.o                        28     0         0      
    +--+------------------------------+------+---------+---------+
       Total:                         7960   1787      546    
                                                              
    E:/2026diansai/mspm0_sdk_2_10_00_04/source/ti/driverlib/lib/ticlang/m0p/mspm0g1x0x_g3x0x/driverlib.a
       dl_sysctl_mspm0g1x0x_g3x0x.o   416    0         0      
       dl_timer.o                     356    0         0      
       dl_uart.o                      90     0         0      
       dl_common.o                    10     0         0      
    +--+------------------------------+------+---------+---------+
       Total:                         872    0         0      
                                                              
    E:\2026diansai\ccs\tools\compiler\ti-cgt-armllvm_4.0.4.LTS\lib\armv6m-ti-none-eabi/c/libc.a
       copy_decompress_lzss.c.obj     124    0         0      
       autoinit.c.obj                 60     0         0      
       boot_cortex_m.c.obj            40     0         0      
       copy_zero_init.c.obj           22     0         0      
       copy_decompress_none.c.obj     18     0         0      
       memcpy16.S.obj                 18     0         0      
       memset16.S.obj                 14     0         0      
       exit.c.obj                     6      0         0      
       pre_init.c.obj                 4      0         0      
    +--+------------------------------+------+---------+---------+
       Total:                         306    0         0      
                                                              
    E:\2026diansai\ccs\tools\compiler\ti-cgt-armllvm_4.0.4.LTS\lib\armv6m-ti-none-eabi/c/libsysbm.a
       hostexit.c.obj                 4      0         0      
    +--+------------------------------+------+---------+---------+
       Total:                         4      0         0      
                                                              
    E:\2026diansai\ccs\tools\compiler\ti-cgt-armllvm_4.0.4.LTS\lib\armv6m-ti-none-eabi/libclang_rt.builtins.a
       comparedf2.c.obj               220    0         0      
       mulsf3.S.obj                   140    0         0      
       divsf3.S.obj                   130    0         0      
       aeabi_dcmp.S.obj               98     0         0      
       aeabi_uidivmod.S.obj           64     0         0      
       floatsisf.S.obj                60     0         0      
       muldsi3.S.obj                  58     0         0      
       floatunsidf.S.obj              36     0         0      
       aeabi_memset.S.obj             12     0         0      
       aeabi_memcpy.S.obj             8      0         0      
       aeabi_div0.c.obj               2      0         0      
    +--+------------------------------+------+---------+---------+
       Total:                         828    0         0      
                                                              
       Stack:                         0      0         512    
       Linker Generated:              0      63        0      
    +--+------------------------------+------+---------+---------+
       Grand Total:                   9970   1850      1058   


LINKER GENERATED COPY TABLES

__TI_cinit_table @ 00002e40 records: 2, size/record: 8, table size: 16
	.data: load addr=00002e10, load size=0000001b bytes, run addr=20200200, run size=00000029 bytes, compression=lzss
	.bss: load addr=00002e38, load size=00000008 bytes, run addr=20200000, run size=000001fc bytes, compression=zero_init


LINKER GENERATED HANDLER TABLE

__TI_handler_table @ 00002e2c records: 3, size/record: 4, table size: 12
	index: 0, handler: __TI_decompress_lzss
	index: 1, handler: __TI_decompress_none
	index: 2, handler: __TI_zero_init


GLOBAL SYMBOLS: SORTED ALPHABETICALLY BY Name 

address   name                                 
-------   ----                                 
000027bf  ADC0_IRQHandler                      
000027bf  ADC1_IRQHandler                      
000027bf  AES_IRQHandler                       
000027a7  APP_JY901_Init                       
0000164d  BSP_JY901_Init                       
000019b9  BSP_JY901_PushByte                   
00001b0d  BSP_JY901_ReadByte                   
00001b4d  Bluetooth_Init                       
00000279  Bluetooth_Task                       
000027c2  C$$EXIT                              
000027bf  CANFD0_IRQHandler                    
000027bf  DAC0_IRQHandler                      
0000279d  DL_Common_delayCycles                
00002275  DL_SYSCTL_configFCC                  
00000989  DL_SYSCTL_configSYSPLL               
00001585  DL_SYSCTL_setHFCLKSourceHFXTParams   
000019fd  DL_SYSCTL_switchMCLKfromSYSOSCtoHSCLK
000004cd  DL_Timer_initFourCCPWMMode           
000022e5  DL_Timer_setCaptCompUpdateMethod     
000024e5  DL_Timer_setCaptureCompareOutCtl     
0000273d  DL_Timer_setCaptureCompareValue      
00002301  DL_Timer_setClockConfig              
00001929  DL_UART_init                         
000026d5  DL_UART_setClockConfig               
000027bf  DMA_IRQHandler                       
000027bf  Default_Handler                      
202001ec  EncoderA                             
202001f4  EncoderB                             
00002151  Encoder_Init                         
000027bf  GROUP0_IRQHandler                    
00000f91  GROUP1_IRQHandler                    
000027c3  HOSTexit                             
000027bf  HardFault_Handler                    
000027bf  I2C0_IRQHandler                      
000027bf  I2C1_IRQHandler                      
000003b9  JY901_Feed                           
00002171  JY901_Task                           
000027bf  NMI_Handler                          
00001701  OLED_Clear                           
000027d0  OLED_F8x16                           
000020a5  OLED_I2C_Init                        
00000cd9  OLED_I2C_SendByte                    
000016a9  OLED_I2C_Start                       
00001a41  OLED_I2C_Stop                        
00000ef1  OLED_Init                            
00002005  OLED_Pow                             
00001d35  OLED_SetCursor                       
00000d8d  OLED_ShowChar                        
00001351  OLED_ShowNum                         
00000e41  OLED_ShowSignedNum                   
00001ee9  OLED_WriteCommand                    
00001f13  OLED_WriteData                       
000027bf  PendSV_Handler                       
000027bf  RTC_IRQHandler                       
000027c7  Reset_Handler                        
000027bf  SPI0_IRQHandler                      
000027bf  SPI1_IRQHandler                      
000027bf  SVC_Handler                          
000000c1  SYSCFG_DL_GPIO_init                  
0000102d  SYSCFG_DL_PWM_TB6612_init            
000008a1  SYSCFG_DL_SYSCTL_SYSPLL_init         
000013cd  SYSCFG_DL_SYSCTL_init                
00001891  SYSCFG_DL_UART_BT_init               
00001b8d  SYSCFG_DL_UART_JY901_init            
0000202d  SYSCFG_DL_init                       
000014b5  SYSCFG_DL_initPower                  
0000258d  SysTick_Handler                      
0000274d  SystemClock_Config                   
00001cfd  TB6612_Init                          
20200200  TB6612_MotorA                        
20200208  TB6612_MotorB                        
0000207d  TB6612_SetMotor                      
00001d6d  TB6612_SetMotors                     
00002785  TB6612_Stop                          
000027bf  TIMA0_IRQHandler                     
000027bf  TIMA1_IRQHandler                     
000027bf  TIMG0_IRQHandler                     
000027bf  TIMG12_IRQHandler                    
000027bf  TIMG6_IRQHandler                     
000027bf  TIMG7_IRQHandler                     
000027bf  TIMG8_IRQHandler                     
000026e7  TI_memcpy_small                      
0000275d  TI_memset_small                      
000027bf  UART0_IRQHandler                     
000020c9  UART1_IRQHandler                     
00001e09  UART2_IRQHandler                     
000027bf  UART3_IRQHandler                     
000005d1  Xunji_Read_Hardware                  
00000b41  Xunji_Task                           
20208000  __STACK_END                          
00000200  __STACK_SIZE                         
00000000  __TI_ATRegion0_region_sz             
00000000  __TI_ATRegion0_src_addr              
00000000  __TI_ATRegion0_trg_addr              
00000000  __TI_ATRegion1_region_sz             
00000000  __TI_ATRegion1_src_addr              
00000000  __TI_ATRegion1_trg_addr              
00000000  __TI_ATRegion2_region_sz             
00000000  __TI_ATRegion2_src_addr              
00000000  __TI_ATRegion2_trg_addr              
00002e40  __TI_CINIT_Base                      
00002e50  __TI_CINIT_Limit                     
00002e50  __TI_CINIT_Warm                      
00002e2c  __TI_Handler_Table_Base              
00002e38  __TI_Handler_Table_Limit             
00001c85  __TI_auto_init_nobinit_nopinit       
000012d5  __TI_decompress_lzss                 
000026f9  __TI_decompress_none                 
ffffffff  __TI_pprof_out_hndl                  
ffffffff  __TI_prof_data_size                  
ffffffff  __TI_prof_data_start                 
00000000  __TI_static_base__                   
000025e7  __TI_zero_init_nomemset              
000015e9  __aeabi_dcmpeq                       
00001625  __aeabi_dcmpge                       
00001639  __aeabi_dcmpgt                       
00001611  __aeabi_dcmple                       
000015fd  __aeabi_dcmplt                       
00001251  __aeabi_fdiv                         
000010b9  __aeabi_fmul                         
00001c49  __aeabi_i2f                          
00000eef  __aeabi_idiv0                        
00002791  __aeabi_memclr                       
00002791  __aeabi_memclr4                      
00002791  __aeabi_memclr8                      
000027b1  __aeabi_memcpy                       
000027b1  __aeabi_memcpy4                      
000027b1  __aeabi_memcpy8                      
000020ed  __aeabi_ui2d                         
00001bcd  __aeabi_uidiv                        
00001bcd  __aeabi_uidivmod                     
ffffffff  __binit__                            
0000151d  __cmpdf2                             
00001251  __divsf3                             
0000151d  __eqdf2                              
00001c49  __floatsisf                          
000020ed  __floatunsidf                        
00001441  __gedf2                              
00001441  __gtdf2                              
0000151d  __ledf2                              
0000151d  __ltdf2                              
UNDEFED   __mpu_init                           
00001cc1  __muldsi3                            
000010b9  __mulsf3                             
0000151d  __nedf2                              
20207e00  __stack                              
20200000  __start___llvm_prf_bits              
20200000  __start___llvm_prf_cnts              
20200000  __stop___llvm_prf_bits               
20200000  __stop___llvm_prf_cnts               
00002055  _c_int00_noargs                      
UNDEFED   _system_post_cinit                   
000027cb  _system_pre_init                     
000027b9  abort                                
ffffffff  binit                                
20200218  data                                 
000023a9  delay_ms                             
20200108  gPWM_TB6612Backup                    
20200210  g_systick_ms                         
00000000  interruptVectors                     
202001a8  jy901_data                           
202001cc  jy901_raw                            
20200000  jy901_uart                           
000006c5  main                                 
2020021c  raw                                  


GLOBAL SYMBOLS: SORTED BY Symbol Address 

address   name                                 
-------   ----                                 
00000000  __TI_ATRegion0_region_sz             
00000000  __TI_ATRegion0_src_addr              
00000000  __TI_ATRegion0_trg_addr              
00000000  __TI_ATRegion1_region_sz             
00000000  __TI_ATRegion1_src_addr              
00000000  __TI_ATRegion1_trg_addr              
00000000  __TI_ATRegion2_region_sz             
00000000  __TI_ATRegion2_src_addr              
00000000  __TI_ATRegion2_trg_addr              
00000000  __TI_static_base__                   
00000000  interruptVectors                     
000000c1  SYSCFG_DL_GPIO_init                  
00000200  __STACK_SIZE                         
00000279  Bluetooth_Task                       
000003b9  JY901_Feed                           
000004cd  DL_Timer_initFourCCPWMMode           
000005d1  Xunji_Read_Hardware                  
000006c5  main                                 
000008a1  SYSCFG_DL_SYSCTL_SYSPLL_init         
00000989  DL_SYSCTL_configSYSPLL               
00000b41  Xunji_Task                           
00000cd9  OLED_I2C_SendByte                    
00000d8d  OLED_ShowChar                        
00000e41  OLED_ShowSignedNum                   
00000eef  __aeabi_idiv0                        
00000ef1  OLED_Init                            
00000f91  GROUP1_IRQHandler                    
0000102d  SYSCFG_DL_PWM_TB6612_init            
000010b9  __aeabi_fmul                         
000010b9  __mulsf3                             
00001251  __aeabi_fdiv                         
00001251  __divsf3                             
000012d5  __TI_decompress_lzss                 
00001351  OLED_ShowNum                         
000013cd  SYSCFG_DL_SYSCTL_init                
00001441  __gedf2                              
00001441  __gtdf2                              
000014b5  SYSCFG_DL_initPower                  
0000151d  __cmpdf2                             
0000151d  __eqdf2                              
0000151d  __ledf2                              
0000151d  __ltdf2                              
0000151d  __nedf2                              
00001585  DL_SYSCTL_setHFCLKSourceHFXTParams   
000015e9  __aeabi_dcmpeq                       
000015fd  __aeabi_dcmplt                       
00001611  __aeabi_dcmple                       
00001625  __aeabi_dcmpge                       
00001639  __aeabi_dcmpgt                       
0000164d  BSP_JY901_Init                       
000016a9  OLED_I2C_Start                       
00001701  OLED_Clear                           
00001891  SYSCFG_DL_UART_BT_init               
00001929  DL_UART_init                         
000019b9  BSP_JY901_PushByte                   
000019fd  DL_SYSCTL_switchMCLKfromSYSOSCtoHSCLK
00001a41  OLED_I2C_Stop                        
00001b0d  BSP_JY901_ReadByte                   
00001b4d  Bluetooth_Init                       
00001b8d  SYSCFG_DL_UART_JY901_init            
00001bcd  __aeabi_uidiv                        
00001bcd  __aeabi_uidivmod                     
00001c49  __aeabi_i2f                          
00001c49  __floatsisf                          
00001c85  __TI_auto_init_nobinit_nopinit       
00001cc1  __muldsi3                            
00001cfd  TB6612_Init                          
00001d35  OLED_SetCursor                       
00001d6d  TB6612_SetMotors                     
00001e09  UART2_IRQHandler                     
00001ee9  OLED_WriteCommand                    
00001f13  OLED_WriteData                       
00002005  OLED_Pow                             
0000202d  SYSCFG_DL_init                       
00002055  _c_int00_noargs                      
0000207d  TB6612_SetMotor                      
000020a5  OLED_I2C_Init                        
000020c9  UART1_IRQHandler                     
000020ed  __aeabi_ui2d                         
000020ed  __floatunsidf                        
00002151  Encoder_Init                         
00002171  JY901_Task                           
00002275  DL_SYSCTL_configFCC                  
000022e5  DL_Timer_setCaptCompUpdateMethod     
00002301  DL_Timer_setClockConfig              
000023a9  delay_ms                             
000024e5  DL_Timer_setCaptureCompareOutCtl     
0000258d  SysTick_Handler                      
000025e7  __TI_zero_init_nomemset              
000026d5  DL_UART_setClockConfig               
000026e7  TI_memcpy_small                      
000026f9  __TI_decompress_none                 
0000273d  DL_Timer_setCaptureCompareValue      
0000274d  SystemClock_Config                   
0000275d  TI_memset_small                      
00002785  TB6612_Stop                          
00002791  __aeabi_memclr                       
00002791  __aeabi_memclr4                      
00002791  __aeabi_memclr8                      
0000279d  DL_Common_delayCycles                
000027a7  APP_JY901_Init                       
000027b1  __aeabi_memcpy                       
000027b1  __aeabi_memcpy4                      
000027b1  __aeabi_memcpy8                      
000027b9  abort                                
000027bf  ADC0_IRQHandler                      
000027bf  ADC1_IRQHandler                      
000027bf  AES_IRQHandler                       
000027bf  CANFD0_IRQHandler                    
000027bf  DAC0_IRQHandler                      
000027bf  DMA_IRQHandler                       
000027bf  Default_Handler                      
000027bf  GROUP0_IRQHandler                    
000027bf  HardFault_Handler                    
000027bf  I2C0_IRQHandler                      
000027bf  I2C1_IRQHandler                      
000027bf  NMI_Handler                          
000027bf  PendSV_Handler                       
000027bf  RTC_IRQHandler                       
000027bf  SPI0_IRQHandler                      
000027bf  SPI1_IRQHandler                      
000027bf  SVC_Handler                          
000027bf  TIMA0_IRQHandler                     
000027bf  TIMA1_IRQHandler                     
000027bf  TIMG0_IRQHandler                     
000027bf  TIMG12_IRQHandler                    
000027bf  TIMG6_IRQHandler                     
000027bf  TIMG7_IRQHandler                     
000027bf  TIMG8_IRQHandler                     
000027bf  UART0_IRQHandler                     
000027bf  UART3_IRQHandler                     
000027c2  C$$EXIT                              
000027c3  HOSTexit                             
000027c7  Reset_Handler                        
000027cb  _system_pre_init                     
000027d0  OLED_F8x16                           
00002e2c  __TI_Handler_Table_Base              
00002e38  __TI_Handler_Table_Limit             
00002e40  __TI_CINIT_Base                      
00002e50  __TI_CINIT_Limit                     
00002e50  __TI_CINIT_Warm                      
20200000  __start___llvm_prf_bits              
20200000  __start___llvm_prf_cnts              
20200000  __stop___llvm_prf_bits               
20200000  __stop___llvm_prf_cnts               
20200000  jy901_uart                           
20200108  gPWM_TB6612Backup                    
202001a8  jy901_data                           
202001cc  jy901_raw                            
202001ec  EncoderA                             
202001f4  EncoderB                             
20200200  TB6612_MotorA                        
20200208  TB6612_MotorB                        
20200210  g_systick_ms                         
20200218  data                                 
2020021c  raw                                  
20207e00  __stack                              
20208000  __STACK_END                          
ffffffff  __TI_pprof_out_hndl                  
ffffffff  __TI_prof_data_size                  
ffffffff  __TI_prof_data_start                 
ffffffff  __binit__                            
ffffffff  binit                                
UNDEFED   __mpu_init                           
UNDEFED   _system_post_cinit                   

[165 symbols]
