******************************************************************************
            TI ARM Clang Linker PC v4.0.4                      
******************************************************************************
>> Linked Thu Jul 30 16:49:54 2026

OUTPUT FILE NAME:   <project.out>
ENTRY POINT SYMBOL: "_c_int00_noargs"  address: 00003269


MEMORY CONFIGURATION

         name            origin    length      used     unused   attr    fill
----------------------  --------  ---------  --------  --------  ----  --------
  FLASH                 00000000   00020000  00004318  0001bce8  R  X
  SRAM                  20200000   00008000  00000436  00007bca  RW X
  BCR_CONFIG            41c00000   000000ff  00000000  000000ff  R   
  BSL_CONFIG            41c00100   00000080  00000000  00000080  R   


SEGMENT ALLOCATION MAP

run origin  load origin   length   init length attrs members
----------  ----------- ---------- ----------- ----- -------
00000000    00000000    00003a98   00003a98    r-x
  00000000    00000000    000000c0   000000c0    r-- .intvecs
  000000c0    000000c0    000039d8   000039d8    r-x .text
00003aa0    00003aa0    00000880   00000880    r--
  00003aa0    00003aa0    00000840   00000840    r-- .rodata
  000042e0    000042e0    00000040   00000040    r-- .cinit
20200000    20200000    00000236   00000000    rw-
  20200000    20200000    000001a8   00000000    rw- .bss
  202001a8    202001a8    0000008e   00000000    rw- .data
20207e00    20207e00    00000200   00000000    rw-
  20207e00    20207e00    00000200   00000000    rw- .stack


SECTION ALLOCATION MAP

 output                                  attributes/
section   page    origin      length       input sections
--------  ----  ----------  ----------   ----------------
.intvecs   0    00000000    000000c0     
                  00000000    000000c0     startup_mspm0g350x_ticlang.o (.intvecs)

.text      0    000000c0    000039d8     
                  000000c0    00000868     libc.a : _printfi.c.obj (.text:__TI_printfi_nofloat)
                  00000928    00000358     empty.o (.text.main)
                  00000c80    00000280     myxunji.o (.text.Xunji_Q2_Task)
                  00000f00    00000250     ti_msp_dl_config.o (.text.SYSCFG_DL_GPIO_init)
                  00001150    000001fc     at8236.o (.text.at8236_pid_calculate)
                  0000134c    00000114     encoder.o (.text.Encoder_IRQHandler)
                  00001460    00000104     driverlib.a : dl_timer.o (.text.DL_Timer_initFourCCPWMMode)
                  00001564    000000fc                 : dl_timer.o (.text.DL_Timer_initTimerMode)
                  00001660    000000f4     myxunji.o (.text.Xunji_Read_Hardware)
                  00001754    000000e8     ti_msp_dl_config.o (.text.SYSCFG_DL_SYSCTL_SYSPLL_init)
                  0000183c    000000dc     driverlib.a : dl_sysctl_mspm0g1x0x_g3x0x.o (.text.DL_SYSCTL_configSYSPLL)
                  00001918    000000b4     DL_OLED.o (.text.OLED_I2C_SendByte)
                  000019cc    000000b4     DL_OLED.o (.text.OLED_ShowChar)
                  00001a80    000000b0     ti_msp_dl_config.o (.text.SYSCFG_DL_initPower)
                  00001b30    000000ac     interrupt.o (.text.GROUP1_IRQHandler)
                  00001bdc    000000a8     interrupt.o (.text.TIMG0_IRQHandler)
                  00001c84    000000a2     libclang_rt.builtins.a : udivmoddi4.S.obj (.text)
                  00001d26    00000002                            : aeabi_div0.c.obj (.text.__aeabi_idiv0)
                  00001d28    000000a0     DL_OLED.o (.text.OLED_Init)
                  00001dc8    00000098     encoder.o (.text.Encoder_Init)
                  00001e60    0000008c     ti_msp_dl_config.o (.text.SYSCFG_DL_PWM1_AT8236_init)
                  00001eec    0000008c     ti_msp_dl_config.o (.text.SYSCFG_DL_PWM2_AT8236_init)
                  00001f78    0000008c     ti_msp_dl_config.o (.text.SYSCFG_DL_PWM_TB6612_init)
                  00002004    00000086     at8236.o (.text.at8236_pid_set_target)
                  0000208a    00000002     libclang_rt.builtins.a : aeabi_div0.c.obj (.text.__aeabi_ldiv0)
                  0000208c    00000084     ti_msp_dl_config.o (.text.__NVIC_SetPriority)
                  00002110    0000007c     ti_msp_dl_config.o (.text.SYSCFG_DL_SYSCTL_init)
                  0000218c    0000007c     libc.a : copy_decompress_lzss.c.obj (.text:decompress:lzss)
                  00002208    0000007a     DL_OLED.o (.text.OLED_ShowNum)
                  00002282    00000002     --HOLE-- [fill = 0]
                  00002284    00000074     key.o (.text.AJ1_IsPressed)
                  000022f8    00000074     key.o (.text.AJ2_IsPressed)
                  0000236c    00000074     key.o (.text.AJ3_IsPressed)
                  000023e0    00000074     key.o (.text.AJ4_IsPressed)
                  00002454    00000074     at8236.o (.text.AT8236_PID_Update)
                  000024c8    00000074     libclang_rt.builtins.a : comparedf2.c.obj (.text.__gedf2)
                  0000253c    00000070     at8236.o (.text.at8236_apply_motor)
                  000025ac    00000068     libclang_rt.builtins.a : comparedf2.c.obj (.text.__ledf2)
                  00002614    00000064     driverlib.a : dl_sysctl_mspm0g1x0x_g3x0x.o (.text.DL_SYSCTL_setHFCLKSourceHFXTParams)
                  00002678    00000062     libclang_rt.builtins.a : aeabi_dcmp.S.obj (.text.__aeabi_dcmp)
                  000026da    00000002     --HOLE-- [fill = 0]
                  000026dc    00000060     at8236.o (.text.at8236_set_inputs)
                  0000273c    00000058     DL_OLED.o (.text.OLED_I2C_Start)
                  00002794    00000056     DL_OLED.o (.text.OLED_Clear)
                  000027ea    00000002     --HOLE-- [fill = 0]
                  000027ec    00000056     libclang_rt.builtins.a : aeabi_idivmod.S.obj (.text.__aeabi_idivmod)
                  00002842    00000002     --HOLE-- [fill = 0]
                  00002844    00000054     myxunji.o (.text.Xunji_Q2_StopLineDetected)
                  00002898    0000004e     myxunji.o (.text.Xunji_Read_Bits)
                  000028e6    00000002     --HOLE-- [fill = 0]
                  000028e8    0000004c     ti_msp_dl_config.o (.text.DL_GPIO_initDigitalInputFeatures)
                  00002934    0000004c     ti_msp_dl_config.o (.text.DL_UART_setBaudRateDivisor)
                  00002980    0000004c     ti_msp_dl_config.o (.text.SYSCFG_DL_UART_BT_init)
                  000029cc    0000004c     ti_msp_dl_config.o (.text.SYSCFG_DL_init)
                  00002a18    0000004a     DL_OLED.o (.text.OLED_ShowString)
                  00002a62    00000002     --HOLE-- [fill = 0]
                  00002a64    00000048     driverlib.a : dl_uart.o (.text.DL_UART_init)
                  00002aac    00000048     myxunji.o (.text.Xunji_Q2_Reset)
                  00002af4    00000046     at8236.o (.text.at8236_clamp_speed)
                  00002b3a    00000002     --HOLE-- [fill = 0]
                  00002b3c    00000044     key.o (.text.AJ_Init)
                  00002b80    00000044     driverlib.a : dl_sysctl_mspm0g1x0x_g3x0x.o (.text.DL_SYSCTL_switchMCLKfromSYSOSCtoHSCLK)
                  00002bc4    00000044     DL_OLED.o (.text.OLED_I2C_Stop)
                  00002c08    00000044     at8236.o (.text.at8236_get_max_speed)
                  00002c4c    00000044     at8236.o (.text.at8236_pid_clamp_i32)
                  00002c90    00000040     bluetooth.o (.text.Bluetooth_Init)
                  00002cd0    00000040     ti_msp_dl_config.o (.text.SYSCFG_DL_UART_DEBUG_init)
                  00002d10    00000040     ti_msp_dl_config.o (.text.SYSCFG_DL_UART_JY901_init)
                  00002d50    00000040     libclang_rt.builtins.a : aeabi_uidivmod.S.obj (.text.__aeabi_uidivmod)
                  00002d90    00000040     libc.a : atoi.c.obj (.text.atoi)
                  00002dd0    0000003e     libclang_rt.builtins.a : divmoddi4.c.obj (.text.__divmoddi4)
                  00002e0e    00000002     --HOLE-- [fill = 0]
                  00002e10    0000003c     ti_msp_dl_config.o (.text.DL_Timer_setCounterControl)
                  00002e4c    0000003c     ti_msp_dl_config.o (.text.SYSCFG_DL_TIMER_TICK_init)
                  00002e88    0000003c     libc.a : autoinit.c.obj (.text:__TI_auto_init_nobinit_nopinit)
                  00002ec4    0000003a     libclang_rt.builtins.a : muldsi3.S.obj (.text.__muldsi3)
                  00002efe    00000002     --HOLE-- [fill = 0]
                  00002f00    00000038     at8236.o (.text.AT8236_Init)
                  00002f38    00000038     libc.a : sprintf.c.obj (.text.sprintf)
                  00002f70    00000036     DL_OLED.o (.text.OLED_SetCursor)
                  00002fa6    00000002     --HOLE-- [fill = 0]
                  00002fa8    00000034     at8236.o (.text.AT8236_SetMotors)
                  00002fdc    00000034     at8236.o (.text.at8236_get_output_speed)
                  00003010    00000030     driverlib.a : dl_uart.o (.text.DL_UART_transmitDataBlocking)
                  00003040    00000030     bluetooth.o (.text.UART2_IRQHandler)
                  00003070    0000002c     vofa_debug.o (.text.Uart_DebugSendString)
                  0000309c    0000002c     bluetooth.o (.text.__NVIC_EnableIRQ)
                  000030c8    0000002c     empty.o (.text.__NVIC_EnableIRQ)
                  000030f4    0000002c     encoder.o (.text.__NVIC_EnableIRQ)
                  00003120    0000002c     key.o (.text.__NVIC_EnableIRQ)
                  0000314c    0000002a     DL_OLED.o (.text.OLED_WriteCommand)
                  00003176    0000002a     DL_OLED.o (.text.OLED_WriteData)
                  000031a0    00000028     bluetooth.o (.text.DL_Common_updateReg)
                  000031c8    00000028     ti_msp_dl_config.o (.text.DL_Common_updateReg)
                  000031f0    00000028     bluetooth.o (.text.DL_UART_setRXFIFOThreshold)
                  00003218    00000028     encoder.o (.text.Encoder_GetSpeeds)
                  00003240    00000028     DL_OLED.o (.text.OLED_Pow)
                  00003268    00000028     libc.a : boot_cortex_m.c.obj (.text:_c_int00_noargs)
                  00003290    00000026     at8236.o (.text.AT8236_SetMotor)
                  000032b6    00000026     at8236.o (.text.at8236_pid_reset_controller)
                  000032dc    00000024     at8236.o (.text.AT8236_PID_SetTargets)
                  00003300    00000024     DL_OLED.o (.text.OLED_I2C_Init)
                  00003324    00000024     empty.o (.text.TimerTick_Init)
                  00003348    00000024     libclang_rt.builtins.a : floatunsidf.S.obj (.text.__floatunsidf)
                  0000336c    00000024                            : muldi3.S.obj (.text.__muldi3)
                  00003390    00000022     libc.a : memccpy.c.obj (.text.memccpy)
                  000033b2    00000002     --HOLE-- [fill = 0]
                  000033b4    00000020     ti_msp_dl_config.o (.text.DL_GPIO_initPeripheralInputFunction)
                  000033d4    00000020     ti_msp_dl_config.o (.text.DL_SYSCTL_setFlashWaitState)
                  000033f4    0000001e     ti_msp_dl_config.o (.text.DL_UART_setOversampling)
                  00003412    00000002     --HOLE-- [fill = 0]
                  00003414    0000001e     libclang_rt.builtins.a : ashldi3.S.obj (.text.__ashldi3)
                  00003432    00000002     --HOLE-- [fill = 0]
                  00003434    0000001c     encoder.o (.text.DL_GPIO_clearInterruptStatus)
                  00003450    0000001c     interrupt.o (.text.DL_GPIO_clearInterruptStatus)
                  0000346c    0000001c     key.o (.text.DL_GPIO_clearInterruptStatus)
                  00003488    0000001c     ti_msp_dl_config.o (.text.DL_GPIO_clearInterruptStatus)
                  000034a4    0000001c     encoder.o (.text.DL_GPIO_enableInterrupt)
                  000034c0    0000001c     ti_msp_dl_config.o (.text.DL_GPIO_enableInterrupt)
                  000034dc    0000001c     ti_msp_dl_config.o (.text.DL_GPIO_initPeripheralOutputFunction)
                  000034f8    0000001c     ti_msp_dl_config.o (.text.DL_GPIO_setLowerPinsPolarity)
                  00003514    0000001c     driverlib.a : dl_sysctl_mspm0g1x0x_g3x0x.o (.text.DL_SYSCTL_configFCC)
                  00003530    0000001c     ti_msp_dl_config.o (.text.DL_SYSCTL_setFCCPeriods)
                  0000354c    0000001c     ti_msp_dl_config.o (.text.DL_SYSCTL_setSYSOSCFreq)
                  00003568    0000001c     ti_msp_dl_config.o (.text.DL_SYSCTL_setULPCLKDivider)
                  00003584    0000001c     ti_msp_dl_config.o (.text.DL_Timer_enableInterrupt)
                  000035a0    0000001c     driverlib.a : dl_timer.o (.text.DL_Timer_setCaptCompUpdateMethod)
                  000035bc    0000001c                 : dl_timer.o (.text.DL_Timer_setClockConfig)
                  000035d8    0000001c     bluetooth.o (.text.DL_UART_enableInterrupt)
                  000035f4    0000001c     ti_msp_dl_config.o (.text.DL_UART_enableInterrupt)
                  00003610    00000018     at8236.o (.text.AT8236_PID_Init)
                  00003628    00000018     ti_msp_dl_config.o (.text.DL_GPIO_enableOutput)
                  00003640    00000018     ti_msp_dl_config.o (.text.DL_GPIO_enablePower)
                  00003658    00000018     encoder.o (.text.DL_GPIO_getEnabledInterruptStatus)
                  00003670    00000018     interrupt.o (.text.DL_GPIO_getEnabledInterruptStatus)
                  00003688    00000018     ti_msp_dl_config.o (.text.DL_GPIO_initDigitalOutput)
                  000036a0    00000018     ti_msp_dl_config.o (.text.DL_GPIO_initPeripheralAnalogFunction)
                  000036b8    00000018     ti_msp_dl_config.o (.text.DL_GPIO_reset)
                  000036d0    00000018     DL_OLED.o (.text.DL_GPIO_setPins)
                  000036e8    00000018     ti_msp_dl_config.o (.text.DL_GPIO_setUpperPinsPolarity)
                  00003700    00000018     ti_msp_dl_config.o (.text.DL_SYSCTL_setBORThreshold)
                  00003718    00000018     empty.o (.text.DL_Timer_clearInterruptStatus)
                  00003730    00000018     interrupt.o (.text.DL_Timer_clearInterruptStatus)
                  00003748    00000018     ti_msp_dl_config.o (.text.DL_Timer_enablePower)
                  00003760    00000018     ti_msp_dl_config.o (.text.DL_Timer_reset)
                  00003778    00000018     driverlib.a : dl_timer.o (.text.DL_Timer_setCaptureCompareOutCtl)
                  00003790    00000018     at8236.o (.text.DL_Timer_startCounter)
                  000037a8    00000018     empty.o (.text.DL_Timer_startCounter)
                  000037c0    00000018     bluetooth.o (.text.DL_UART_enableFIFOs)
                  000037d8    00000018     ti_msp_dl_config.o (.text.DL_UART_enablePower)
                  000037f0    00000018     ti_msp_dl_config.o (.text.DL_UART_reset)
                  00003808    00000018     libc.a : sprintf.c.obj (.text._outs)
                  00003820    00000016     encoder.o (.text.DL_GPIO_readPins)
                  00003836    00000016     key.o (.text.DL_GPIO_readPins)
                  0000384c    00000016     myxunji.o (.text.DL_GPIO_readPins)
                  00003862    00000016     ti_msp_dl_config.o (.text.DL_UART_enable)
                  00003878    00000016     libc.a : copy_zero_init.c.obj (.text:decompress:ZI:__TI_zero_init_nomemset)
                  0000388e    00000014     DL_OLED.o (.text.DL_GPIO_clearPins)
                  000038a2    00000014     ti_msp_dl_config.o (.text.DL_GPIO_clearPins)
                  000038b6    00000002     --HOLE-- [fill = 0]
                  000038b8    00000014     ti_msp_dl_config.o (.text.DL_SYSCTL_disableSYSPLL)
                  000038cc    00000014     ti_msp_dl_config.o (.text.DL_SYSCTL_enableSYSPLL)
                  000038e0    00000014     ti_msp_dl_config.o (.text.DL_Timer_enableClock)
                  000038f4    00000014     ti_msp_dl_config.o (.text.DL_Timer_setCCPDirection)
                  00003908    00000014     bluetooth.o (.text.DL_UART_receiveData)
                  0000391c    00000014     libclang_rt.builtins.a : aeabi_ldivmod.S.obj (.text.__aeabi_ldivmod)
                  00003930    00000014                            : aeabi_uldivmod.S.obj (.text.__aeabi_uldivmod)
                  00003944    00000012     interrupt.o (.text.DL_Timer_getPendingInterrupt)
                  00003956    00000012     bluetooth.o (.text.DL_UART_getPendingInterrupt)
                  00003968    00000012     driverlib.a : dl_uart.o (.text.DL_UART_setClockConfig)
                  0000397a    00000012     libc.a : memcpy16.S.obj (.text:TI_memcpy_small)
                  0000398c    00000012            : copy_decompress_none.c.obj (.text:decompress:none)
                  0000399e    00000002     --HOLE-- [fill = 0]
                  000039a0    00000010     ti_msp_dl_config.o (.text.DL_SYSCTL_disableHFXT)
                  000039b0    00000010     ti_msp_dl_config.o (.text.DL_SYSCTL_isFCCDone)
                  000039c0    00000010     ti_msp_dl_config.o (.text.DL_SYSCTL_startFCC)
                  000039d0    00000010     driverlib.a : dl_timer.o (.text.DL_Timer_setCaptureCompareValue)
                  000039e0    00000010     libc.a : wcslen.c.obj (.text.wcslen)
                  000039f0    0000000e     libclang_rt.builtins.a : aeabi_memset.S.obj (.text.__aeabi_memset)
                  000039fe    0000000e     libc.a : _printfi.c.obj (.text.strlen)
                  00003a0c    0000000e            : memset16.S.obj (.text:TI_memset_small)
                  00003a1a    0000000c     at8236.o (.text.AT8236_PID_Stop)
                  00003a26    0000000c     at8236.o (.text.AT8236_Stop)
                  00003a32    00000002     --HOLE-- [fill = 0]
                  00003a34    0000000c     ti_msp_dl_config.o (.text.DL_SYSCTL_getClockStatus)
                  00003a40    0000000c     ti_msp_dl_config.o (.text.DL_SYSCTL_readFCC)
                  00003a4c    0000000a     driverlib.a : dl_common.o (.text.DL_Common_delayCycles)
                  00003a56    0000000a     libc.a : sprintf.c.obj (.text._outc)
                  00003a60    00000008            : aeabi_portable.c.obj (.text.__aeabi_errno_addr)
                  00003a68    00000008     libclang_rt.builtins.a : aeabi_memcpy.S.obj (.text.__aeabi_memcpy)
                  00003a70    00000006     libc.a : exit.c.obj (.text:abort)
                  00003a76    00000004     startup_mspm0g350x_ticlang.o (.text.Default_Handler)
                  00003a7a    00000004     libsysbm.a : hostexit.c.obj (.text.HOSTexit)
                  00003a7e    00000004     startup_mspm0g350x_ticlang.o (.text.Reset_Handler)
                  00003a82    00000002     --HOLE-- [fill = 0]
                  00003a84    00000010     libc.a : boot_cortex_m.c.obj (.tramp._c_int00_noargs.1)
                  00003a94    00000004            : pre_init.c.obj (.text._system_pre_init)

.cinit     0    000042e0    00000040     
                  000042e0    0000001a     (.cinit..data.load) [load image, compression = lzss]
                  000042fa    00000002     --HOLE-- [fill = 0]
                  000042fc    0000000c     (__TI_handler_table)
                  00004308    00000008     (.cinit..bss.load) [load image, compression = zero_init]
                  00004310    00000010     (__TI_cinit_table)

.rodata    0    00003aa0    00000840     
                  00003aa0    000005f0     DL_OLED.o (.rodata.OLED_F8x16)
                  00004090    00000101     libc.a : aeabi_ctype.S.obj (.rodata:__aeabi_ctype_table_)
                  00004191    0000003e     empty.o (.rodata.str1.14685083708502177989.1)
                  000041cf    00000029     empty.o (.rodata.str1.7401042497206923953.1)
                  000041f8    00000028     ti_msp_dl_config.o (.rodata.gSYSPLLConfig)
                  00004220    00000014     ti_msp_dl_config.o (.rodata.gTIMER_TICKTimerConfig)
                  00004234    00000013     empty.o (.rodata.str1.17669528882079347314.1)
                  00004247    00000011     libc.a : _printfi.c.obj (.rodata.str1.10348868589481759720.1)
                  00004258    00000011            : _printfi.c.obj (.rodata.str1.15363888844622738466.1)
                  00004269    00000010     encoder.o (.rodata.quad_table)
                  00004279    0000000e     empty.o (.rodata.str1.11898133897667081452.1)
                  00004287    00000001     --HOLE-- [fill = 0]
                  00004288    0000000a     ti_msp_dl_config.o (.rodata.gUART_BTConfig)
                  00004292    0000000a     ti_msp_dl_config.o (.rodata.gUART_DEBUGConfig)
                  0000429c    0000000a     ti_msp_dl_config.o (.rodata.gUART_JY901Config)
                  000042a6    00000002     ti_msp_dl_config.o (.rodata.gUART_BTClockConfig)
                  000042a8    00000008     ti_msp_dl_config.o (.rodata.gPWM1_AT8236Config)
                  000042b0    00000008     ti_msp_dl_config.o (.rodata.gPWM2_AT8236Config)
                  000042b8    00000008     ti_msp_dl_config.o (.rodata.gPWM_TB6612Config)
                  000042c0    00000007     empty.o (.rodata.str1.254342170260855183.1)
                  000042c7    00000007     empty.o (.rodata.str1.9517790425240694019.1)
                  000042ce    00000003     ti_msp_dl_config.o (.rodata.gPWM1_AT8236ClockConfig)
                  000042d1    00000003     ti_msp_dl_config.o (.rodata.gPWM2_AT8236ClockConfig)
                  000042d4    00000003     ti_msp_dl_config.o (.rodata.gPWM_TB6612ClockConfig)
                  000042d7    00000003     ti_msp_dl_config.o (.rodata.gTIMER_TICKClockConfig)
                  000042da    00000002     ti_msp_dl_config.o (.rodata.gUART_DEBUGClockConfig)
                  000042dc    00000002     ti_msp_dl_config.o (.rodata.gUART_JY901ClockConfig)
                  000042de    00000002     --HOLE-- [fill = 0]

.init_array 
*          0    00000000    00000000     UNINITIALIZED

.binit     0    00000000    00000000     

.bss       0    20200000    000001a8     UNINITIALIZED
                  20200000    000000bc     (.common:gPWM2_AT8236Backup)
                  202000bc    000000a0     (.common:gPWM1_AT8236Backup)
                  2020015c    00000030     (.common:gUART_DEBUGBackup)
                  2020018c    00000008     (.common:EncoderA)
                  20200194    00000008     (.common:EncoderB)
                  2020019c    00000004     (.common:l_speed_now)
                  202001a0    00000004     (.common:r_speed_now)
                  202001a4    00000001     bluetooth.o (.bss.bt_cmd)
                  202001a5    00000001     bluetooth.o (.bss.bt_cmd_ready)
                  202001a6    00000001     encoder.o (.bss.encoderA_last)
                  202001a7    00000001     encoder.o (.bss.encoderB_last)

.data      0    202001a8    0000008e     UNINITIALIZED
                  202001a8    00000018     at8236.o (.data.AT8236_PIDA)
                  202001c0    00000018     at8236.o (.data.AT8236_PIDB)
                  202001d8    00000018     myxunji.o (.data.Xunji_Q2_Debug)
                  202001f0    00000008     at8236.o (.data.AT8236_MotorA)
                  202001f8    00000008     at8236.o (.data.AT8236_MotorB)
                  20200200    00000004     libc.a : aeabi_portable.c.obj (.data.__aeabi_errno)
                  20200204    00000004     empty.o (.data.q2_last_debug_ms)
                  20200208    00000004     myxunji.o (.data.q2_pid_integral)
                  2020020c    00000004     empty.o (.data.run_elapsed_ms)
                  20200210    00000004     empty.o (.data.run_last_oled_ms)
                  20200214    00000004     empty.o (.data.run_start_ms)
                  20200218    00000004     interrupt.o (.data.system_tick_ms)
                  2020021c    00000002     empty.o (.data.main.left_speed_load)
                  2020021e    00000002     empty.o (.data.main.right_speed_load)
                  20200220    00000002     myxunji.o (.data.q2_base_speed)
                  20200222    00000002     myxunji.o (.data.q2_last_nonzero_error)
                  20200224    00000002     myxunji.o (.data.q2_pid_last_error)
                  20200226    00000001     key.o (.data.AJ1_IsPressed.debounce_cnt)
                  20200227    00000001     key.o (.data.AJ1_pressed)
                  20200228    00000001     key.o (.data.AJ2_IsPressed.debounce_cnt)
                  20200229    00000001     key.o (.data.AJ2_pressed)
                  2020022a    00000001     key.o (.data.AJ3_IsPressed.debounce_cnt)
                  2020022b    00000001     key.o (.data.AJ3_pressed)
                  2020022c    00000001     key.o (.data.AJ4_IsPressed.debounce_cnt)
                  2020022d    00000001     key.o (.data.AJ4_pressed)
                  2020022e    00000001     interrupt.o (.data.TIMG0_IRQHandler.tick_10ms)
                  2020022f    00000001     interrupt.o (.data.q2_stop_line_flag)
                  20200230    00000001     empty.o (.data.question2_running_flag)
                  20200231    00000001     empty.o (.data.question4_running_flag)
                  20200232    00000001     empty.o (.data.question5_running_flag)
                  20200233    00000001     empty.o (.data.question_number)
                  20200234    00000001     empty.o (.data.question_running_flag)
                  20200235    00000001     interrupt.o (.data.xunji_update_flag)

.stack     0    20207e00    00000200     UNINITIALIZED
                  20207e00    00000004     libc.a : boot_cortex_m.c.obj (.stack)
                  20207e04    000001fc     --HOLE--

__llvm_prf_cnts 
*          0    20200000    00000000     UNINITIALIZED

__llvm_prf_bits 
*          0    20200000    00000000     UNINITIALIZED

MODULE SUMMARY

       Module                         code    ro data   rw data
       ------                         ----    -------   -------
    .\
       ti_msp_dl_config.o             3072    132       396    
       DL_OLED.o                      1216    1520      0      
       at8236.o                       1516    0         64     
       myxunji.o                      1140    0         34     
       empty.o                        984     150       33     
       encoder.o                      614     16        18     
       key.o                          626     0         8      
       interrupt.o                    434     0         7      
       bluetooth.o                    326     0         2      
       startup_mspm0g350x_ticlang.o   8       192       0      
       vofa_debug.o                   44      0         0      
    +--+------------------------------+-------+---------+---------+
       Total:                         9980    2010      562    
                                                               
    E:/2026diansai/mspm0_sdk_2_10_00_04/source/ti/driverlib/lib/ticlang/m0p/mspm0g1x0x_g3x0x/driverlib.a
       dl_timer.o                     608     0         0      
       dl_sysctl_mspm0g1x0x_g3x0x.o   416     0         0      
       dl_uart.o                      138     0         0      
       dl_common.o                    10      0         0      
    +--+------------------------------+-------+---------+---------+
       Total:                         1172    0         0      
                                                               
    E:\2026diansai\ccs\tools\compiler\ti-cgt-armllvm_4.0.4.LTS\lib\armv6m-ti-none-eabi/c/libc.a
       _printfi.c.obj                 2166    34        0      
       aeabi_ctype.S.obj              0       257       0      
       copy_decompress_lzss.c.obj     124     0         0      
       sprintf.c.obj                  90      0         0      
       atoi.c.obj                     64      0         0      
       autoinit.c.obj                 60      0         0      
       boot_cortex_m.c.obj            56      0         0      
       memccpy.c.obj                  34      0         0      
       copy_zero_init.c.obj           22      0         0      
       copy_decompress_none.c.obj     18      0         0      
       memcpy16.S.obj                 18      0         0      
       wcslen.c.obj                   16      0         0      
       memset16.S.obj                 14      0         0      
       aeabi_portable.c.obj           8       0         4      
       exit.c.obj                     6       0         0      
       pre_init.c.obj                 4       0         0      
    +--+------------------------------+-------+---------+---------+
       Total:                         2700    291       4      
                                                               
    E:\2026diansai\ccs\tools\compiler\ti-cgt-armllvm_4.0.4.LTS\lib\armv6m-ti-none-eabi/c/libsysbm.a
       hostexit.c.obj                 4       0         0      
    +--+------------------------------+-------+---------+---------+
       Total:                         4       0         0      
                                                               
    E:\2026diansai\ccs\tools\compiler\ti-cgt-armllvm_4.0.4.LTS\lib\armv6m-ti-none-eabi/libclang_rt.builtins.a
       comparedf2.c.obj               220     0         0      
       udivmoddi4.S.obj               162     0         0      
       aeabi_dcmp.S.obj               98      0         0      
       aeabi_idivmod.S.obj            86      0         0      
       aeabi_uidivmod.S.obj           64      0         0      
       divmoddi4.c.obj                62      0         0      
       muldsi3.S.obj                  58      0         0      
       floatunsidf.S.obj              36      0         0      
       muldi3.S.obj                   36      0         0      
       ashldi3.S.obj                  30      0         0      
       aeabi_ldivmod.S.obj            20      0         0      
       aeabi_uldivmod.S.obj           20      0         0      
       aeabi_memset.S.obj             14      0         0      
       aeabi_memcpy.S.obj             8       0         0      
       aeabi_div0.c.obj               4       0         0      
    +--+------------------------------+-------+---------+---------+
       Total:                         918     0         0      
                                                               
       Stack:                         0       0         512    
       Linker Generated:              0       62        0      
    +--+------------------------------+-------+---------+---------+
       Grand Total:                   14774   2363      1078   


LINKER GENERATED COPY TABLES

__TI_cinit_table @ 00004310 records: 2, size/record: 8, table size: 16
	.data: load addr=000042e0, load size=0000001a bytes, run addr=202001a8, run size=0000008e bytes, compression=lzss
	.bss: load addr=00004308, load size=00000008 bytes, run addr=20200000, run size=000001a8 bytes, compression=zero_init


LINKER GENERATED HANDLER TABLE

__TI_handler_table @ 000042fc records: 3, size/record: 4, table size: 12
	index: 0, handler: __TI_decompress_lzss
	index: 1, handler: __TI_decompress_none
	index: 2, handler: __TI_zero_init


FAR CALL TRAMPOLINES

callee name               trampoline name
   callee addr  tramp addr   call addr  call info
--------------  -----------  ---------  ----------------
_c_int00_noargs           $Tramp$TT$L$PI$$_c_int00_noargs
   00003269     00003a84     00003a7e   startup_mspm0g350x_ticlang.o (.text.Reset_Handler)

[1 trampolines]
[1 trampoline calls]


GLOBAL SYMBOLS: SORTED ALPHABETICALLY BY Name 

address   name                                 
-------   ----                                 
00003a77  ADC0_IRQHandler                      
00003a77  ADC1_IRQHandler                      
00003a77  AES_IRQHandler                       
00002285  AJ1_IsPressed                        
20200227  AJ1_pressed                          
000022f9  AJ2_IsPressed                        
20200229  AJ2_pressed                          
0000236d  AJ3_IsPressed                        
2020022b  AJ3_pressed                          
000023e1  AJ4_IsPressed                        
2020022d  AJ4_pressed                          
00002b3d  AJ_Init                              
00002f01  AT8236_Init                          
202001f0  AT8236_MotorA                        
202001f8  AT8236_MotorB                        
202001a8  AT8236_PIDA                          
202001c0  AT8236_PIDB                          
00003611  AT8236_PID_Init                      
000032dd  AT8236_PID_SetTargets                
00003a1b  AT8236_PID_Stop                      
00002455  AT8236_PID_Update                    
00003291  AT8236_SetMotor                      
00002fa9  AT8236_SetMotors                     
00003a27  AT8236_Stop                          
00002c91  Bluetooth_Init                       
00003a7a  C$$EXIT                              
00003a77  CANFD0_IRQHandler                    
00003a77  DAC0_IRQHandler                      
00003a4d  DL_Common_delayCycles                
00003515  DL_SYSCTL_configFCC                  
0000183d  DL_SYSCTL_configSYSPLL               
00002615  DL_SYSCTL_setHFCLKSourceHFXTParams   
00002b81  DL_SYSCTL_switchMCLKfromSYSOSCtoHSCLK
00001461  DL_Timer_initFourCCPWMMode           
00001565  DL_Timer_initTimerMode               
000035a1  DL_Timer_setCaptCompUpdateMethod     
00003779  DL_Timer_setCaptureCompareOutCtl     
000039d1  DL_Timer_setCaptureCompareValue      
000035bd  DL_Timer_setClockConfig              
00002a65  DL_UART_init                         
00003969  DL_UART_setClockConfig               
00003011  DL_UART_transmitDataBlocking         
00003a77  DMA_IRQHandler                       
00003a77  Default_Handler                      
2020018c  EncoderA                             
20200194  EncoderB                             
00003219  Encoder_GetSpeeds                    
0000134d  Encoder_IRQHandler                   
00001dc9  Encoder_Init                         
00003a77  GROUP0_IRQHandler                    
00001b31  GROUP1_IRQHandler                    
00003a7b  HOSTexit                             
00003a77  HardFault_Handler                    
00003a77  I2C0_IRQHandler                      
00003a77  I2C1_IRQHandler                      
00003a77  NMI_Handler                          
00002795  OLED_Clear                           
00003aa0  OLED_F8x16                           
00003301  OLED_I2C_Init                        
00001919  OLED_I2C_SendByte                    
0000273d  OLED_I2C_Start                       
00002bc5  OLED_I2C_Stop                        
00001d29  OLED_Init                            
00003241  OLED_Pow                             
00002f71  OLED_SetCursor                       
000019cd  OLED_ShowChar                        
00002209  OLED_ShowNum                         
00002a19  OLED_ShowString                      
0000314d  OLED_WriteCommand                    
00003177  OLED_WriteData                       
00003a77  PendSV_Handler                       
00003a77  RTC_IRQHandler                       
00003a7f  Reset_Handler                        
00003a77  SPI0_IRQHandler                      
00003a77  SPI1_IRQHandler                      
00003a77  SVC_Handler                          
00000f01  SYSCFG_DL_GPIO_init                  
00001e61  SYSCFG_DL_PWM1_AT8236_init           
00001eed  SYSCFG_DL_PWM2_AT8236_init           
00001f79  SYSCFG_DL_PWM_TB6612_init            
00001755  SYSCFG_DL_SYSCTL_SYSPLL_init         
00002111  SYSCFG_DL_SYSCTL_init                
00002e4d  SYSCFG_DL_TIMER_TICK_init            
00002981  SYSCFG_DL_UART_BT_init               
00002cd1  SYSCFG_DL_UART_DEBUG_init            
00002d11  SYSCFG_DL_UART_JY901_init            
000029cd  SYSCFG_DL_init                       
00001a81  SYSCFG_DL_initPower                  
00003a77  SysTick_Handler                      
00003a77  TIMA0_IRQHandler                     
00003a77  TIMA1_IRQHandler                     
00001bdd  TIMG0_IRQHandler                     
00003a77  TIMG12_IRQHandler                    
00003a77  TIMG6_IRQHandler                     
00003a77  TIMG7_IRQHandler                     
00003a77  TIMG8_IRQHandler                     
0000397b  TI_memcpy_small                      
00003a0d  TI_memset_small                      
00003325  TimerTick_Init                       
00003a77  UART0_IRQHandler                     
00003a77  UART1_IRQHandler                     
00003041  UART2_IRQHandler                     
00003a77  UART3_IRQHandler                     
00003071  Uart_DebugSendString                 
202001d8  Xunji_Q2_Debug                       
00002aad  Xunji_Q2_Reset                       
00002845  Xunji_Q2_StopLineDetected            
00000c81  Xunji_Q2_Task                        
00001661  Xunji_Read_Hardware                  
20208000  __STACK_END                          
00000200  __STACK_SIZE                         
00000000  __TI_ATRegion0_region_sz             
00000000  __TI_ATRegion0_src_addr              
00000000  __TI_ATRegion0_trg_addr              
00000000  __TI_ATRegion1_region_sz             
00000000  __TI_ATRegion1_src_addr              
00000000  __TI_ATRegion1_trg_addr              
00000000  __TI_ATRegion2_region_sz             
00000000  __TI_ATRegion2_src_addr              
00000000  __TI_ATRegion2_trg_addr              
00004310  __TI_CINIT_Base                      
00004320  __TI_CINIT_Limit                     
00004320  __TI_CINIT_Warm                      
000042fc  __TI_Handler_Table_Base              
00004308  __TI_Handler_Table_Limit             
00002e89  __TI_auto_init_nobinit_nopinit       
0000218d  __TI_decompress_lzss                 
0000398d  __TI_decompress_none                 
ffffffff  __TI_pprof_out_hndl                  
000000c1  __TI_printfi_nofloat                 
ffffffff  __TI_prof_data_size                  
ffffffff  __TI_prof_data_start                 
00000000  __TI_static_base__                   
00003879  __TI_zero_init_nomemset              
00004090  __aeabi_ctype_table_                 
00004090  __aeabi_ctype_table_C                
00002679  __aeabi_dcmpeq                       
000026b5  __aeabi_dcmpge                       
000026c9  __aeabi_dcmpgt                       
000026a1  __aeabi_dcmple                       
0000268d  __aeabi_dcmplt                       
20200200  __aeabi_errno                        
00003a61  __aeabi_errno_addr                   
000027ed  __aeabi_idiv                         
00001d27  __aeabi_idiv0                        
000027ed  __aeabi_idivmod                      
0000208b  __aeabi_ldiv0                        
0000391d  __aeabi_ldivmod                      
00003415  __aeabi_llsl                         
0000336d  __aeabi_lmul                         
00003a69  __aeabi_memcpy                       
00003a69  __aeabi_memcpy4                      
00003a69  __aeabi_memcpy8                      
000039f1  __aeabi_memset                       
000039f1  __aeabi_memset4                      
000039f1  __aeabi_memset8                      
00003349  __aeabi_ui2d                         
00002d51  __aeabi_uidiv                        
00002d51  __aeabi_uidivmod                     
00003931  __aeabi_uldivmod                     
00003415  __ashldi3                            
ffffffff  __binit__                            
000025ad  __cmpdf2                             
00002dd1  __divmoddi4                          
000025ad  __eqdf2                              
00003349  __floatunsidf                        
000024c9  __gedf2                              
000024c9  __gtdf2                              
000025ad  __ledf2                              
000025ad  __ltdf2                              
UNDEFED   __mpu_init                           
0000336d  __muldi3                             
00002ec5  __muldsi3                            
000025ad  __nedf2                              
20207e00  __stack                              
20200000  __start___llvm_prf_bits              
20200000  __start___llvm_prf_cnts              
20200000  __stop___llvm_prf_bits               
20200000  __stop___llvm_prf_cnts               
00001c85  __udivmoddi4                         
00003269  _c_int00_noargs                      
UNDEFED   _system_post_cinit                   
00003a95  _system_pre_init                     
00003a71  abort                                
00002d91  atoi                                 
ffffffff  binit                                
202000bc  gPWM1_AT8236Backup                   
20200000  gPWM2_AT8236Backup                   
2020015c  gUART_DEBUGBackup                    
00000000  interruptVectors                     
2020019c  l_speed_now                          
00000929  main                                 
00003391  memccpy                              
20200204  q2_last_debug_ms                     
2020022f  q2_stop_line_flag                    
20200230  question2_running_flag               
20200231  question4_running_flag               
20200232  question5_running_flag               
20200233  question_number                      
20200234  question_running_flag                
202001a0  r_speed_now                          
2020020c  run_elapsed_ms                       
20200210  run_last_oled_ms                     
20200214  run_start_ms                         
00002f39  sprintf                              
20200218  system_tick_ms                       
000039e1  wcslen                               
20200235  xunji_update_flag                    


GLOBAL SYMBOLS: SORTED BY Symbol Address 

address   name                                 
-------   ----                                 
00000000  __TI_ATRegion0_region_sz             
00000000  __TI_ATRegion0_src_addr              
00000000  __TI_ATRegion0_trg_addr              
00000000  __TI_ATRegion1_region_sz             
00000000  __TI_ATRegion1_src_addr              
00000000  __TI_ATRegion1_trg_addr              
00000000  __TI_ATRegion2_region_sz             
00000000  __TI_ATRegion2_src_addr              
00000000  __TI_ATRegion2_trg_addr              
00000000  __TI_static_base__                   
00000000  interruptVectors                     
000000c1  __TI_printfi_nofloat                 
00000200  __STACK_SIZE                         
00000929  main                                 
00000c81  Xunji_Q2_Task                        
00000f01  SYSCFG_DL_GPIO_init                  
0000134d  Encoder_IRQHandler                   
00001461  DL_Timer_initFourCCPWMMode           
00001565  DL_Timer_initTimerMode               
00001661  Xunji_Read_Hardware                  
00001755  SYSCFG_DL_SYSCTL_SYSPLL_init         
0000183d  DL_SYSCTL_configSYSPLL               
00001919  OLED_I2C_SendByte                    
000019cd  OLED_ShowChar                        
00001a81  SYSCFG_DL_initPower                  
00001b31  GROUP1_IRQHandler                    
00001bdd  TIMG0_IRQHandler                     
00001c85  __udivmoddi4                         
00001d27  __aeabi_idiv0                        
00001d29  OLED_Init                            
00001dc9  Encoder_Init                         
00001e61  SYSCFG_DL_PWM1_AT8236_init           
00001eed  SYSCFG_DL_PWM2_AT8236_init           
00001f79  SYSCFG_DL_PWM_TB6612_init            
0000208b  __aeabi_ldiv0                        
00002111  SYSCFG_DL_SYSCTL_init                
0000218d  __TI_decompress_lzss                 
00002209  OLED_ShowNum                         
00002285  AJ1_IsPressed                        
000022f9  AJ2_IsPressed                        
0000236d  AJ3_IsPressed                        
000023e1  AJ4_IsPressed                        
00002455  AT8236_PID_Update                    
000024c9  __gedf2                              
000024c9  __gtdf2                              
000025ad  __cmpdf2                             
000025ad  __eqdf2                              
000025ad  __ledf2                              
000025ad  __ltdf2                              
000025ad  __nedf2                              
00002615  DL_SYSCTL_setHFCLKSourceHFXTParams   
00002679  __aeabi_dcmpeq                       
0000268d  __aeabi_dcmplt                       
000026a1  __aeabi_dcmple                       
000026b5  __aeabi_dcmpge                       
000026c9  __aeabi_dcmpgt                       
0000273d  OLED_I2C_Start                       
00002795  OLED_Clear                           
000027ed  __aeabi_idiv                         
000027ed  __aeabi_idivmod                      
00002845  Xunji_Q2_StopLineDetected            
00002981  SYSCFG_DL_UART_BT_init               
000029cd  SYSCFG_DL_init                       
00002a19  OLED_ShowString                      
00002a65  DL_UART_init                         
00002aad  Xunji_Q2_Reset                       
00002b3d  AJ_Init                              
00002b81  DL_SYSCTL_switchMCLKfromSYSOSCtoHSCLK
00002bc5  OLED_I2C_Stop                        
00002c91  Bluetooth_Init                       
00002cd1  SYSCFG_DL_UART_DEBUG_init            
00002d11  SYSCFG_DL_UART_JY901_init            
00002d51  __aeabi_uidiv                        
00002d51  __aeabi_uidivmod                     
00002d91  atoi                                 
00002dd1  __divmoddi4                          
00002e4d  SYSCFG_DL_TIMER_TICK_init            
00002e89  __TI_auto_init_nobinit_nopinit       
00002ec5  __muldsi3                            
00002f01  AT8236_Init                          
00002f39  sprintf                              
00002f71  OLED_SetCursor                       
00002fa9  AT8236_SetMotors                     
00003011  DL_UART_transmitDataBlocking         
00003041  UART2_IRQHandler                     
00003071  Uart_DebugSendString                 
0000314d  OLED_WriteCommand                    
00003177  OLED_WriteData                       
00003219  Encoder_GetSpeeds                    
00003241  OLED_Pow                             
00003269  _c_int00_noargs                      
00003291  AT8236_SetMotor                      
000032dd  AT8236_PID_SetTargets                
00003301  OLED_I2C_Init                        
00003325  TimerTick_Init                       
00003349  __aeabi_ui2d                         
00003349  __floatunsidf                        
0000336d  __aeabi_lmul                         
0000336d  __muldi3                             
00003391  memccpy                              
00003415  __aeabi_llsl                         
00003415  __ashldi3                            
00003515  DL_SYSCTL_configFCC                  
000035a1  DL_Timer_setCaptCompUpdateMethod     
000035bd  DL_Timer_setClockConfig              
00003611  AT8236_PID_Init                      
00003779  DL_Timer_setCaptureCompareOutCtl     
00003879  __TI_zero_init_nomemset              
0000391d  __aeabi_ldivmod                      
00003931  __aeabi_uldivmod                     
00003969  DL_UART_setClockConfig               
0000397b  TI_memcpy_small                      
0000398d  __TI_decompress_none                 
000039d1  DL_Timer_setCaptureCompareValue      
000039e1  wcslen                               
000039f1  __aeabi_memset                       
000039f1  __aeabi_memset4                      
000039f1  __aeabi_memset8                      
00003a0d  TI_memset_small                      
00003a1b  AT8236_PID_Stop                      
00003a27  AT8236_Stop                          
00003a4d  DL_Common_delayCycles                
00003a61  __aeabi_errno_addr                   
00003a69  __aeabi_memcpy                       
00003a69  __aeabi_memcpy4                      
00003a69  __aeabi_memcpy8                      
00003a71  abort                                
00003a77  ADC0_IRQHandler                      
00003a77  ADC1_IRQHandler                      
00003a77  AES_IRQHandler                       
00003a77  CANFD0_IRQHandler                    
00003a77  DAC0_IRQHandler                      
00003a77  DMA_IRQHandler                       
00003a77  Default_Handler                      
00003a77  GROUP0_IRQHandler                    
00003a77  HardFault_Handler                    
00003a77  I2C0_IRQHandler                      
00003a77  I2C1_IRQHandler                      
00003a77  NMI_Handler                          
00003a77  PendSV_Handler                       
00003a77  RTC_IRQHandler                       
00003a77  SPI0_IRQHandler                      
00003a77  SPI1_IRQHandler                      
00003a77  SVC_Handler                          
00003a77  SysTick_Handler                      
00003a77  TIMA0_IRQHandler                     
00003a77  TIMA1_IRQHandler                     
00003a77  TIMG12_IRQHandler                    
00003a77  TIMG6_IRQHandler                     
00003a77  TIMG7_IRQHandler                     
00003a77  TIMG8_IRQHandler                     
00003a77  UART0_IRQHandler                     
00003a77  UART1_IRQHandler                     
00003a77  UART3_IRQHandler                     
00003a7a  C$$EXIT                              
00003a7b  HOSTexit                             
00003a7f  Reset_Handler                        
00003a95  _system_pre_init                     
00003aa0  OLED_F8x16                           
00004090  __aeabi_ctype_table_                 
00004090  __aeabi_ctype_table_C                
000042fc  __TI_Handler_Table_Base              
00004308  __TI_Handler_Table_Limit             
00004310  __TI_CINIT_Base                      
00004320  __TI_CINIT_Limit                     
00004320  __TI_CINIT_Warm                      
20200000  __start___llvm_prf_bits              
20200000  __start___llvm_prf_cnts              
20200000  __stop___llvm_prf_bits               
20200000  __stop___llvm_prf_cnts               
20200000  gPWM2_AT8236Backup                   
202000bc  gPWM1_AT8236Backup                   
2020015c  gUART_DEBUGBackup                    
2020018c  EncoderA                             
20200194  EncoderB                             
2020019c  l_speed_now                          
202001a0  r_speed_now                          
202001a8  AT8236_PIDA                          
202001c0  AT8236_PIDB                          
202001d8  Xunji_Q2_Debug                       
202001f0  AT8236_MotorA                        
202001f8  AT8236_MotorB                        
20200200  __aeabi_errno                        
20200204  q2_last_debug_ms                     
2020020c  run_elapsed_ms                       
20200210  run_last_oled_ms                     
20200214  run_start_ms                         
20200218  system_tick_ms                       
20200227  AJ1_pressed                          
20200229  AJ2_pressed                          
2020022b  AJ3_pressed                          
2020022d  AJ4_pressed                          
2020022f  q2_stop_line_flag                    
20200230  question2_running_flag               
20200231  question4_running_flag               
20200232  question5_running_flag               
20200233  question_number                      
20200234  question_running_flag                
20200235  xunji_update_flag                    
20207e00  __stack                              
20208000  __STACK_END                          
ffffffff  __TI_pprof_out_hndl                  
ffffffff  __TI_prof_data_size                  
ffffffff  __TI_prof_data_start                 
ffffffff  __binit__                            
ffffffff  binit                                
UNDEFED   __mpu_init                           
UNDEFED   _system_post_cinit                   

[208 symbols]
