******************************************************************************
            TI ARM Clang Linker PC v4.0.4                      
******************************************************************************
>> Linked Mon Jun 15 12:24:41 2026

OUTPUT FILE NAME:   <project.out>
ENTRY POINT SYMBOL: "_c_int00_noargs"  address: 000008f1


MEMORY CONFIGURATION

         name            origin    length      used     unused   attr    fill
----------------------  --------  ---------  --------  --------  ----  --------
  FLASH                 00000000   00020000  00000a60  0001f5a0  R  X
  SRAM                  20200000   00008000  000002a0  00007d60  RW X
  BCR_CONFIG            41c00000   000000ff  00000000  000000ff  R   
  BSL_CONFIG            41c00100   00000080  00000000  00000080  R   


SEGMENT ALLOCATION MAP

run origin  load origin   length   init length attrs members
----------  ----------- ---------- ----------- ----- -------
00000000    00000000    00000a60   00000a60    r-x
  00000000    00000000    000000c0   000000c0    r-- .intvecs
  000000c0    000000c0    00000950   00000950    r-x .text
  00000a10    00000a10    00000038   00000038    r-- .rodata
  00000a48    00000a48    00000018   00000018    r-- .cinit
20200000    20200000    000000a0   00000000    rw-
  20200000    20200000    000000a0   00000000    rw- .bss
20207e00    20207e00    00000200   00000000    rw-
  20207e00    20207e00    00000200   00000000    rw- .stack


SECTION ALLOCATION MAP

 output                                  attributes/
section   page    origin      length       input sections
--------  ----  ----------  ----------   ----------------
.intvecs   0    00000000    000000c0     
                  00000000    000000c0     startup_mspm0g350x_ticlang.o (.intvecs)

.text      0    000000c0    00000950     
                  000000c0    000002a8     ti_msp_dl_config.o (.text.SYSCFG_DL_SYSCTL_SYSPLL_init)
                  00000368    00000104     driverlib.a : dl_timer.o (.text.DL_Timer_initFourCCPWMMode)
                  0000046c    000000dc                 : dl_sysctl_mspm0g1x0x_g3x0x.o (.text.DL_SYSCTL_configSYSPLL)
                  00000548    000000b0     ti_msp_dl_config.o (.text.SYSCFG_DL_SYSCTL_init)
                  000005f8    00000090     ti_msp_dl_config.o (.text.SYSCFG_DL_PWM_0_init)
                  00000688    00000090     tb6612.o (.text.TB6612_SetMotors)
                  00000718    00000064     driverlib.a : dl_sysctl_mspm0g1x0x_g3x0x.o (.text.DL_SYSCTL_setHFCLKSourceHFXTParams)
                  0000077c    00000048     ti_msp_dl_config.o (.text.SYSCFG_DL_GPIO_init)
                  000007c4    00000044     driverlib.a : dl_sysctl_mspm0g1x0x_g3x0x.o (.text.DL_SYSCTL_switchMCLKfromSYSOSCtoHSCLK)
                  00000808    00000040     libclang_rt.builtins.a : aeabi_uidivmod.S.obj (.text.__aeabi_uidivmod)
                  00000848    0000003c     libc.a : autoinit.c.obj (.text:__TI_auto_init_nobinit_nopinit)
                  00000884    00000038     tb6612.o (.text.TB6612_Init)
                  000008bc    00000034     ti_msp_dl_config.o (.text.SYSCFG_DL_initPower)
                  000008f0    00000028     libc.a : boot_cortex_m.c.obj (.text:_c_int00_noargs)
                  00000918    00000026     empty.o (.text.main)
                  0000093e    00000002     startup_mspm0g350x_ticlang.o (.text.Default_Handler)
                  00000940    00000020     ti_msp_dl_config.o (.text.SYSCFG_DL_init)
                  00000960    0000001c     driverlib.a : dl_sysctl_mspm0g1x0x_g3x0x.o (.text.DL_SYSCTL_configFCC)
                  0000097c    0000001c                 : dl_timer.o (.text.DL_Timer_setCaptCompUpdateMethod)
                  00000998    0000001c                 : dl_timer.o (.text.DL_Timer_setClockConfig)
                  000009b4    00000018                 : dl_timer.o (.text.DL_Timer_setCaptureCompareOutCtl)
                  000009cc    00000016     libc.a : copy_zero_init.c.obj (.text:decompress:ZI:__TI_zero_init_nomemset)
                  000009e2    00000002     libclang_rt.builtins.a : aeabi_div0.c.obj (.text.__aeabi_idiv0)
                  000009e4    00000010     driverlib.a : dl_timer.o (.text.DL_Timer_setCaptureCompareValue)
                  000009f4    0000000a                 : dl_common.o (.text.DL_Common_delayCycles)
                  000009fe    00000006     libc.a : exit.c.obj (.text:abort)
                  00000a04    00000004     libsysbm.a : hostexit.c.obj (.text.HOSTexit)
                  00000a08    00000004     startup_mspm0g350x_ticlang.o (.text.Reset_Handler)
                  00000a0c    00000004     libc.a : pre_init.c.obj (.text._system_pre_init)

.cinit     0    00000a48    00000018     
                  00000a48    00000008     (.cinit..bss.load) [load image, compression = zero_init]
                  00000a50    00000004     (__TI_handler_table)
                  00000a54    00000008     (__TI_cinit_table)
                  00000a5c    00000004     --HOLE-- [fill = 0]

.rodata    0    00000a10    00000038     
                  00000a10    00000028     ti_msp_dl_config.o (.rodata.gSYSPLLConfig)
                  00000a38    00000008     ti_msp_dl_config.o (.rodata.gPWM_0Config)
                  00000a40    00000003     ti_msp_dl_config.o (.rodata.gPWM_0ClockConfig)
                  00000a43    00000005     --HOLE-- [fill = 0]

.init_array 
*          0    00000000    00000000     UNINITIALIZED

.binit     0    00000000    00000000     

.bss       0    20200000    000000a0     UNINITIALIZED
                  20200000    000000a0     (.common:gPWM_0Backup)

.stack     0    20207e00    00000200     UNINITIALIZED
                  20207e00    00000004     libc.a : boot_cortex_m.c.obj (.stack)
                  20207e04    000001fc     --HOLE--

__llvm_prf_cnts 
*          0    20200000    00000000     UNINITIALIZED

__llvm_prf_bits 
*          0    20200000    00000000     UNINITIALIZED

MODULE SUMMARY

       Module                         code   ro data   rw data
       ------                         ----   -------   -------
    .\
       ti_msp_dl_config.o             1156   51        160    
       tb6612.o                       200    0         0      
       startup_mspm0g350x_ticlang.o   6      192       0      
       empty.o                        38     0         0      
    +--+------------------------------+------+---------+---------+
       Total:                         1400   243       160    
                                                              
    E:/2026diansai/mspm0_sdk_2_10_00_04/source/ti/driverlib/lib/ticlang/m0p/mspm0g1x0x_g3x0x/driverlib.a
       dl_sysctl_mspm0g1x0x_g3x0x.o   416    0         0      
       dl_timer.o                     356    0         0      
       dl_common.o                    10     0         0      
    +--+------------------------------+------+---------+---------+
       Total:                         782    0         0      
                                                              
    E:\2026diansai\ccs\tools\compiler\ti-cgt-armllvm_4.0.4.LTS\lib\armv6m-ti-none-eabi/c/libc.a
       autoinit.c.obj                 60     0         0      
       boot_cortex_m.c.obj            40     0         0      
       copy_zero_init.c.obj           22     0         0      
       exit.c.obj                     6      0         0      
       pre_init.c.obj                 4      0         0      
    +--+------------------------------+------+---------+---------+
       Total:                         132    0         0      
                                                              
    E:\2026diansai\ccs\tools\compiler\ti-cgt-armllvm_4.0.4.LTS\lib\armv6m-ti-none-eabi/c/libsysbm.a
       hostexit.c.obj                 4      0         0      
    +--+------------------------------+------+---------+---------+
       Total:                         4      0         0      
                                                              
    E:\2026diansai\ccs\tools\compiler\ti-cgt-armllvm_4.0.4.LTS\lib\armv6m-ti-none-eabi/libclang_rt.builtins.a
       aeabi_uidivmod.S.obj           64     0         0      
       aeabi_div0.c.obj               2      0         0      
    +--+------------------------------+------+---------+---------+
       Total:                         66     0         0      
                                                              
       Stack:                         0      0         512    
       Linker Generated:              0      20        0      
    +--+------------------------------+------+---------+---------+
       Grand Total:                   2384   263       672    


LINKER GENERATED COPY TABLES

__TI_cinit_table @ 00000a54 records: 1, size/record: 8, table size: 8
	.bss: load addr=00000a48, load size=00000008 bytes, run addr=20200000, run size=000000a0 bytes, compression=zero_init


LINKER GENERATED HANDLER TABLE

__TI_handler_table @ 00000a50 records: 1, size/record: 4, table size: 4
	index: 0, handler: __TI_zero_init


GLOBAL SYMBOLS: SORTED ALPHABETICALLY BY Name 

address   name                                 
-------   ----                                 
0000093f  ADC0_IRQHandler                      
0000093f  ADC1_IRQHandler                      
0000093f  AES_IRQHandler                       
00000a04  C$$EXIT                              
0000093f  CANFD0_IRQHandler                    
0000093f  DAC0_IRQHandler                      
000009f5  DL_Common_delayCycles                
00000961  DL_SYSCTL_configFCC                  
0000046d  DL_SYSCTL_configSYSPLL               
00000719  DL_SYSCTL_setHFCLKSourceHFXTParams   
000007c5  DL_SYSCTL_switchMCLKfromSYSOSCtoHSCLK
00000369  DL_Timer_initFourCCPWMMode           
0000097d  DL_Timer_setCaptCompUpdateMethod     
000009b5  DL_Timer_setCaptureCompareOutCtl     
000009e5  DL_Timer_setCaptureCompareValue      
00000999  DL_Timer_setClockConfig              
0000093f  DMA_IRQHandler                       
0000093f  Default_Handler                      
0000093f  GROUP0_IRQHandler                    
0000093f  GROUP1_IRQHandler                    
00000a05  HOSTexit                             
0000093f  HardFault_Handler                    
0000093f  I2C0_IRQHandler                      
0000093f  I2C1_IRQHandler                      
0000093f  NMI_Handler                          
0000093f  PendSV_Handler                       
0000093f  RTC_IRQHandler                       
00000a09  Reset_Handler                        
0000093f  SPI0_IRQHandler                      
0000093f  SPI1_IRQHandler                      
0000093f  SVC_Handler                          
0000077d  SYSCFG_DL_GPIO_init                  
000005f9  SYSCFG_DL_PWM_0_init                 
000000c1  SYSCFG_DL_SYSCTL_SYSPLL_init         
00000549  SYSCFG_DL_SYSCTL_init                
00000941  SYSCFG_DL_init                       
000008bd  SYSCFG_DL_initPower                  
0000093f  SysTick_Handler                      
00000885  TB6612_Init                          
00000689  TB6612_SetMotors                     
0000093f  TIMA0_IRQHandler                     
0000093f  TIMA1_IRQHandler                     
0000093f  TIMG0_IRQHandler                     
0000093f  TIMG12_IRQHandler                    
0000093f  TIMG6_IRQHandler                     
0000093f  TIMG7_IRQHandler                     
0000093f  TIMG8_IRQHandler                     
0000093f  UART0_IRQHandler                     
0000093f  UART1_IRQHandler                     
0000093f  UART2_IRQHandler                     
0000093f  UART3_IRQHandler                     
20208000  __STACK_END                          
00000200  __STACK_SIZE                         
00000000  __TI_ATRegion0_region_sz             
00000000  __TI_ATRegion0_src_addr              
00000000  __TI_ATRegion0_trg_addr              
00000000  __TI_ATRegion1_region_sz             
00000000  __TI_ATRegion1_src_addr              
00000000  __TI_ATRegion1_trg_addr              
00000000  __TI_ATRegion2_region_sz             
00000000  __TI_ATRegion2_src_addr              
00000000  __TI_ATRegion2_trg_addr              
00000a54  __TI_CINIT_Base                      
00000a5c  __TI_CINIT_Limit                     
00000a5c  __TI_CINIT_Warm                      
00000a50  __TI_Handler_Table_Base              
00000a54  __TI_Handler_Table_Limit             
00000849  __TI_auto_init_nobinit_nopinit       
ffffffff  __TI_pprof_out_hndl                  
ffffffff  __TI_prof_data_size                  
ffffffff  __TI_prof_data_start                 
00000000  __TI_static_base__                   
000009cd  __TI_zero_init_nomemset              
000009e3  __aeabi_idiv0                        
00000809  __aeabi_uidiv                        
00000809  __aeabi_uidivmod                     
ffffffff  __binit__                            
UNDEFED   __mpu_init                           
20207e00  __stack                              
20200000  __start___llvm_prf_bits              
20200000  __start___llvm_prf_cnts              
20200000  __stop___llvm_prf_bits               
20200000  __stop___llvm_prf_cnts               
000008f1  _c_int00_noargs                      
UNDEFED   _system_post_cinit                   
00000a0d  _system_pre_init                     
000009ff  abort                                
ffffffff  binit                                
20200000  gPWM_0Backup                         
00000000  interruptVectors                     
00000919  main                                 


GLOBAL SYMBOLS: SORTED BY Symbol Address 

address   name                                 
-------   ----                                 
00000000  __TI_ATRegion0_region_sz             
00000000  __TI_ATRegion0_src_addr              
00000000  __TI_ATRegion0_trg_addr              
00000000  __TI_ATRegion1_region_sz             
00000000  __TI_ATRegion1_src_addr              
00000000  __TI_ATRegion1_trg_addr              
00000000  __TI_ATRegion2_region_sz             
00000000  __TI_ATRegion2_src_addr              
00000000  __TI_ATRegion2_trg_addr              
00000000  __TI_static_base__                   
00000000  interruptVectors                     
000000c1  SYSCFG_DL_SYSCTL_SYSPLL_init         
00000200  __STACK_SIZE                         
00000369  DL_Timer_initFourCCPWMMode           
0000046d  DL_SYSCTL_configSYSPLL               
00000549  SYSCFG_DL_SYSCTL_init                
000005f9  SYSCFG_DL_PWM_0_init                 
00000689  TB6612_SetMotors                     
00000719  DL_SYSCTL_setHFCLKSourceHFXTParams   
0000077d  SYSCFG_DL_GPIO_init                  
000007c5  DL_SYSCTL_switchMCLKfromSYSOSCtoHSCLK
00000809  __aeabi_uidiv                        
00000809  __aeabi_uidivmod                     
00000849  __TI_auto_init_nobinit_nopinit       
00000885  TB6612_Init                          
000008bd  SYSCFG_DL_initPower                  
000008f1  _c_int00_noargs                      
00000919  main                                 
0000093f  ADC0_IRQHandler                      
0000093f  ADC1_IRQHandler                      
0000093f  AES_IRQHandler                       
0000093f  CANFD0_IRQHandler                    
0000093f  DAC0_IRQHandler                      
0000093f  DMA_IRQHandler                       
0000093f  Default_Handler                      
0000093f  GROUP0_IRQHandler                    
0000093f  GROUP1_IRQHandler                    
0000093f  HardFault_Handler                    
0000093f  I2C0_IRQHandler                      
0000093f  I2C1_IRQHandler                      
0000093f  NMI_Handler                          
0000093f  PendSV_Handler                       
0000093f  RTC_IRQHandler                       
0000093f  SPI0_IRQHandler                      
0000093f  SPI1_IRQHandler                      
0000093f  SVC_Handler                          
0000093f  SysTick_Handler                      
0000093f  TIMA0_IRQHandler                     
0000093f  TIMA1_IRQHandler                     
0000093f  TIMG0_IRQHandler                     
0000093f  TIMG12_IRQHandler                    
0000093f  TIMG6_IRQHandler                     
0000093f  TIMG7_IRQHandler                     
0000093f  TIMG8_IRQHandler                     
0000093f  UART0_IRQHandler                     
0000093f  UART1_IRQHandler                     
0000093f  UART2_IRQHandler                     
0000093f  UART3_IRQHandler                     
00000941  SYSCFG_DL_init                       
00000961  DL_SYSCTL_configFCC                  
0000097d  DL_Timer_setCaptCompUpdateMethod     
00000999  DL_Timer_setClockConfig              
000009b5  DL_Timer_setCaptureCompareOutCtl     
000009cd  __TI_zero_init_nomemset              
000009e3  __aeabi_idiv0                        
000009e5  DL_Timer_setCaptureCompareValue      
000009f5  DL_Common_delayCycles                
000009ff  abort                                
00000a04  C$$EXIT                              
00000a05  HOSTexit                             
00000a09  Reset_Handler                        
00000a0d  _system_pre_init                     
00000a50  __TI_Handler_Table_Base              
00000a54  __TI_CINIT_Base                      
00000a54  __TI_Handler_Table_Limit             
00000a5c  __TI_CINIT_Limit                     
00000a5c  __TI_CINIT_Warm                      
20200000  __start___llvm_prf_bits              
20200000  __start___llvm_prf_cnts              
20200000  __stop___llvm_prf_bits               
20200000  __stop___llvm_prf_cnts               
20200000  gPWM_0Backup                         
20207e00  __stack                              
20208000  __STACK_END                          
ffffffff  __TI_pprof_out_hndl                  
ffffffff  __TI_prof_data_size                  
ffffffff  __TI_prof_data_start                 
ffffffff  __binit__                            
ffffffff  binit                                
UNDEFED   __mpu_init                           
UNDEFED   _system_post_cinit                   

[91 symbols]
