******************************************************************************
            TI ARM Clang Linker PC v4.0.4                      
******************************************************************************
>> Linked Mon Jun 15 17:08:05 2026

OUTPUT FILE NAME:   <project.out>
ENTRY POINT SYMBOL: "_c_int00_noargs"  address: 00000acd


MEMORY CONFIGURATION

         name            origin    length      used     unused   attr    fill
----------------------  --------  ---------  --------  --------  ----  --------
  FLASH                 00000000   00020000  00000c78  0001f388  R  X
  SRAM                  20200000   00008000  000002b0  00007d50  RW X
  BCR_CONFIG            41c00000   000000ff  00000000  000000ff  R   
  BSL_CONFIG            41c00100   00000080  00000000  00000080  R   


SEGMENT ALLOCATION MAP

run origin  load origin   length   init length attrs members
----------  ----------- ---------- ----------- ----- -------
00000000    00000000    00000c78   00000c78    r-x
  00000000    00000000    000000c0   000000c0    r-- .intvecs
  000000c0    000000c0    00000b48   00000b48    r-x .text
  00000c08    00000c08    00000038   00000038    r-- .rodata
  00000c40    00000c40    00000038   00000038    r-- .cinit
20200000    20200000    000000b0   00000000    rw-
  20200000    20200000    000000a0   00000000    rw- .bss
  202000a0    202000a0    00000010   00000000    rw- .data
20207e00    20207e00    00000200   00000000    rw-
  20207e00    20207e00    00000200   00000000    rw- .stack


SECTION ALLOCATION MAP

 output                                  attributes/
section   page    origin      length       input sections
--------  ----  ----------  ----------   ----------------
.intvecs   0    00000000    000000c0     
                  00000000    000000c0     startup_mspm0g350x_ticlang.o (.intvecs)

.text      0    000000c0    00000b48     
                  000000c0    000002a8     ti_msp_dl_config.o (.text.SYSCFG_DL_SYSCTL_SYSPLL_init)
                  00000368    0000011c     tb6612.o (.text.TB6612_SetMotors)
                  00000484    00000104     driverlib.a : dl_timer.o (.text.DL_Timer_initFourCCPWMMode)
                  00000588    000000dc                 : dl_sysctl_mspm0g1x0x_g3x0x.o (.text.DL_SYSCTL_configSYSPLL)
                  00000664    000000b0     ti_msp_dl_config.o (.text.SYSCFG_DL_SYSCTL_init)
                  00000714    0000009a     libc.a : memcpy16.S.obj (.text:memcpy)
                  000007ae    00000002     startup_mspm0g350x_ticlang.o (.text.Default_Handler)
                  000007b0    00000090     ti_msp_dl_config.o (.text.SYSCFG_DL_PWM_0_init)
                  00000840    0000007c     libc.a : copy_decompress_lzss.c.obj (.text:decompress:lzss)
                  000008bc    00000070     tb6612.o (.text.TB6612_Init)
                  0000092c    00000064     driverlib.a : dl_sysctl_mspm0g1x0x_g3x0x.o (.text.DL_SYSCTL_setHFCLKSourceHFXTParams)
                  00000990    00000048     ti_msp_dl_config.o (.text.SYSCFG_DL_GPIO_init)
                  000009d8    00000044     driverlib.a : dl_sysctl_mspm0g1x0x_g3x0x.o (.text.DL_SYSCTL_switchMCLKfromSYSOSCtoHSCLK)
                  00000a1c    00000040     libclang_rt.builtins.a : aeabi_uidivmod.S.obj (.text.__aeabi_uidivmod)
                  00000a5c    0000003c     libc.a : autoinit.c.obj (.text:__TI_auto_init_nobinit_nopinit)
                  00000a98    00000034     ti_msp_dl_config.o (.text.SYSCFG_DL_initPower)
                  00000acc    00000028     libc.a : boot_cortex_m.c.obj (.text:_c_int00_noargs)
                  00000af4    00000026     empty.o (.text.main)
                  00000b1a    00000002     libclang_rt.builtins.a : aeabi_div0.c.obj (.text.__aeabi_idiv0)
                  00000b1c    00000020     ti_msp_dl_config.o (.text.SYSCFG_DL_init)
                  00000b3c    0000001c     driverlib.a : dl_sysctl_mspm0g1x0x_g3x0x.o (.text.DL_SYSCTL_configFCC)
                  00000b58    0000001c                 : dl_timer.o (.text.DL_Timer_setCaptCompUpdateMethod)
                  00000b74    0000001c                 : dl_timer.o (.text.DL_Timer_setClockConfig)
                  00000b90    00000018                 : dl_timer.o (.text.DL_Timer_setCaptureCompareOutCtl)
                  00000ba8    00000016     libc.a : copy_zero_init.c.obj (.text:decompress:ZI:__TI_zero_init_nomemset)
                  00000bbe    00000012            : copy_decompress_none.c.obj (.text:decompress:none)
                  00000bd0    00000010     driverlib.a : dl_timer.o (.text.DL_Timer_setCaptureCompareValue)
                  00000be0    0000000a                 : dl_common.o (.text.DL_Common_delayCycles)
                  00000bea    00000002     --HOLE-- [fill = 0]
                  00000bec    00000008     libclang_rt.builtins.a : aeabi_memcpy.S.obj (.text.__aeabi_memcpy)
                  00000bf4    00000006     libc.a : exit.c.obj (.text:abort)
                  00000bfa    00000004     libsysbm.a : hostexit.c.obj (.text.HOSTexit)
                  00000bfe    00000004     startup_mspm0g350x_ticlang.o (.text.Reset_Handler)
                  00000c02    00000004     libc.a : pre_init.c.obj (.text._system_pre_init)
                  00000c06    00000002     --HOLE-- [fill = 0]

.cinit     0    00000c40    00000038     
                  00000c40    0000000f     (.cinit..data.load) [load image, compression = lzss]
                  00000c4f    00000001     --HOLE-- [fill = 0]
                  00000c50    0000000c     (__TI_handler_table)
                  00000c5c    00000008     (.cinit..bss.load) [load image, compression = zero_init]
                  00000c64    00000010     (__TI_cinit_table)
                  00000c74    00000004     --HOLE-- [fill = 0]

.rodata    0    00000c08    00000038     
                  00000c08    00000028     ti_msp_dl_config.o (.rodata.gSYSPLLConfig)
                  00000c30    00000008     ti_msp_dl_config.o (.rodata.gPWM_0Config)
                  00000c38    00000003     ti_msp_dl_config.o (.rodata.gPWM_0ClockConfig)
                  00000c3b    00000005     --HOLE-- [fill = 0]

.init_array 
*          0    00000000    00000000     UNINITIALIZED

.binit     0    00000000    00000000     

.bss       0    20200000    000000a0     UNINITIALIZED
                  20200000    000000a0     (.common:gPWM_0Backup)

.data      0    202000a0    00000010     UNINITIALIZED
                  202000a0    00000008     tb6612.o (.data.TB6612_MotorA)
                  202000a8    00000008     tb6612.o (.data.TB6612_MotorB)

.stack     0    20207e00    00000200     UNINITIALIZED
                  20207e00    00000004     libc.a : boot_cortex_m.c.obj (.stack)
                  20207e04    000001fc     --HOLE--

__llvm_prf_cnts 
*          0    20200000    00000000     UNINITIALIZED

__llvm_prf_bits 
*          0    20200000    00000000     UNINITIALIZED

MODULE SUMMARY

       Module                         code   ro data   rw data
       ------                         ----   -------   -------
    .\
       ti_msp_dl_config.o             1156   51        160    
       tb6612.o                       396    0         16     
       startup_mspm0g350x_ticlang.o   6      192       0      
       empty.o                        38     0         0      
    +--+------------------------------+------+---------+---------+
       Total:                         1596   243       176    
                                                              
    E:/2026diansai/mspm0_sdk_2_10_00_04/source/ti/driverlib/lib/ticlang/m0p/mspm0g1x0x_g3x0x/driverlib.a
       dl_sysctl_mspm0g1x0x_g3x0x.o   416    0         0      
       dl_timer.o                     356    0         0      
       dl_common.o                    10     0         0      
    +--+------------------------------+------+---------+---------+
       Total:                         782    0         0      
                                                              
    E:\2026diansai\ccs\tools\compiler\ti-cgt-armllvm_4.0.4.LTS\lib\armv6m-ti-none-eabi/c/libc.a
       memcpy16.S.obj                 154    0         0      
       copy_decompress_lzss.c.obj     124    0         0      
       autoinit.c.obj                 60     0         0      
       boot_cortex_m.c.obj            40     0         0      
       copy_zero_init.c.obj           22     0         0      
       copy_decompress_none.c.obj     18     0         0      
       exit.c.obj                     6      0         0      
       pre_init.c.obj                 4      0         0      
    +--+------------------------------+------+---------+---------+
       Total:                         428    0         0      
                                                              
    E:\2026diansai\ccs\tools\compiler\ti-cgt-armllvm_4.0.4.LTS\lib\armv6m-ti-none-eabi/c/libsysbm.a
       hostexit.c.obj                 4      0         0      
    +--+------------------------------+------+---------+---------+
       Total:                         4      0         0      
                                                              
    E:\2026diansai\ccs\tools\compiler\ti-cgt-armllvm_4.0.4.LTS\lib\armv6m-ti-none-eabi/libclang_rt.builtins.a
       aeabi_uidivmod.S.obj           64     0         0      
       aeabi_memcpy.S.obj             8      0         0      
       aeabi_div0.c.obj               2      0         0      
    +--+------------------------------+------+---------+---------+
       Total:                         74     0         0      
                                                              
       Stack:                         0      0         512    
       Linker Generated:              0      51        0      
    +--+------------------------------+------+---------+---------+
       Grand Total:                   2884   294       688    


LINKER GENERATED COPY TABLES

__TI_cinit_table @ 00000c64 records: 2, size/record: 8, table size: 16
	.data: load addr=00000c40, load size=0000000f bytes, run addr=202000a0, run size=00000010 bytes, compression=lzss
	.bss: load addr=00000c5c, load size=00000008 bytes, run addr=20200000, run size=000000a0 bytes, compression=zero_init


LINKER GENERATED HANDLER TABLE

__TI_handler_table @ 00000c50 records: 3, size/record: 4, table size: 12
	index: 0, handler: __TI_decompress_lzss
	index: 1, handler: __TI_decompress_none
	index: 2, handler: __TI_zero_init


GLOBAL SYMBOLS: SORTED ALPHABETICALLY BY Name 

address   name                                 
-------   ----                                 
000007af  ADC0_IRQHandler                      
000007af  ADC1_IRQHandler                      
000007af  AES_IRQHandler                       
00000bfa  C$$EXIT                              
000007af  CANFD0_IRQHandler                    
000007af  DAC0_IRQHandler                      
00000be1  DL_Common_delayCycles                
00000b3d  DL_SYSCTL_configFCC                  
00000589  DL_SYSCTL_configSYSPLL               
0000092d  DL_SYSCTL_setHFCLKSourceHFXTParams   
000009d9  DL_SYSCTL_switchMCLKfromSYSOSCtoHSCLK
00000485  DL_Timer_initFourCCPWMMode           
00000b59  DL_Timer_setCaptCompUpdateMethod     
00000b91  DL_Timer_setCaptureCompareOutCtl     
00000bd1  DL_Timer_setCaptureCompareValue      
00000b75  DL_Timer_setClockConfig              
000007af  DMA_IRQHandler                       
000007af  Default_Handler                      
000007af  GROUP0_IRQHandler                    
000007af  GROUP1_IRQHandler                    
00000bfb  HOSTexit                             
000007af  HardFault_Handler                    
000007af  I2C0_IRQHandler                      
000007af  I2C1_IRQHandler                      
000007af  NMI_Handler                          
000007af  PendSV_Handler                       
000007af  RTC_IRQHandler                       
00000bff  Reset_Handler                        
000007af  SPI0_IRQHandler                      
000007af  SPI1_IRQHandler                      
000007af  SVC_Handler                          
00000991  SYSCFG_DL_GPIO_init                  
000007b1  SYSCFG_DL_PWM_0_init                 
000000c1  SYSCFG_DL_SYSCTL_SYSPLL_init         
00000665  SYSCFG_DL_SYSCTL_init                
00000b1d  SYSCFG_DL_init                       
00000a99  SYSCFG_DL_initPower                  
000007af  SysTick_Handler                      
000008bd  TB6612_Init                          
202000a0  TB6612_MotorA                        
202000a8  TB6612_MotorB                        
00000369  TB6612_SetMotors                     
000007af  TIMA0_IRQHandler                     
000007af  TIMA1_IRQHandler                     
000007af  TIMG0_IRQHandler                     
000007af  TIMG12_IRQHandler                    
000007af  TIMG6_IRQHandler                     
000007af  TIMG7_IRQHandler                     
000007af  TIMG8_IRQHandler                     
000007af  UART0_IRQHandler                     
000007af  UART1_IRQHandler                     
000007af  UART2_IRQHandler                     
000007af  UART3_IRQHandler                     
20208000  __STACK_END                          
00000200  __STACK_SIZE                         
00000000  __TI_ATRegion0_region_sz             
00000000  __TI_ATRegion0_src_addr              
00000000  __TI_ATRegion0_trg_addr              
00000000  __TI_ATRegion1_region_sz             
00000000  __TI_ATRegion1_src_addr              
00000000  __TI_ATRegion1_trg_addr              
00000000  __TI_ATRegion2_region_sz             
00000000  __TI_ATRegion2_src_addr              
00000000  __TI_ATRegion2_trg_addr              
00000c64  __TI_CINIT_Base                      
00000c74  __TI_CINIT_Limit                     
00000c74  __TI_CINIT_Warm                      
00000c50  __TI_Handler_Table_Base              
00000c5c  __TI_Handler_Table_Limit             
00000a5d  __TI_auto_init_nobinit_nopinit       
00000841  __TI_decompress_lzss                 
00000bbf  __TI_decompress_none                 
ffffffff  __TI_pprof_out_hndl                  
ffffffff  __TI_prof_data_size                  
ffffffff  __TI_prof_data_start                 
00000000  __TI_static_base__                   
00000ba9  __TI_zero_init_nomemset              
00000b1b  __aeabi_idiv0                        
00000bed  __aeabi_memcpy                       
00000bed  __aeabi_memcpy4                      
00000bed  __aeabi_memcpy8                      
00000a1d  __aeabi_uidiv                        
00000a1d  __aeabi_uidivmod                     
ffffffff  __binit__                            
UNDEFED   __mpu_init                           
20207e00  __stack                              
20200000  __start___llvm_prf_bits              
20200000  __start___llvm_prf_cnts              
20200000  __stop___llvm_prf_bits               
20200000  __stop___llvm_prf_cnts               
00000acd  _c_int00_noargs                      
UNDEFED   _system_post_cinit                   
00000c03  _system_pre_init                     
00000bf5  abort                                
ffffffff  binit                                
20200000  gPWM_0Backup                         
00000000  interruptVectors                     
00000af5  main                                 
00000715  memcpy                               


GLOBAL SYMBOLS: SORTED BY Symbol Address 

address   name                                 
-------   ----                                 
00000000  __TI_ATRegion0_region_sz             
00000000  __TI_ATRegion0_src_addr              
00000000  __TI_ATRegion0_trg_addr              
00000000  __TI_ATRegion1_region_sz             
00000000  __TI_ATRegion1_src_addr              
00000000  __TI_ATRegion1_trg_addr              
00000000  __TI_ATRegion2_region_sz             
00000000  __TI_ATRegion2_src_addr              
00000000  __TI_ATRegion2_trg_addr              
00000000  __TI_static_base__                   
00000000  interruptVectors                     
000000c1  SYSCFG_DL_SYSCTL_SYSPLL_init         
00000200  __STACK_SIZE                         
00000369  TB6612_SetMotors                     
00000485  DL_Timer_initFourCCPWMMode           
00000589  DL_SYSCTL_configSYSPLL               
00000665  SYSCFG_DL_SYSCTL_init                
00000715  memcpy                               
000007af  ADC0_IRQHandler                      
000007af  ADC1_IRQHandler                      
000007af  AES_IRQHandler                       
000007af  CANFD0_IRQHandler                    
000007af  DAC0_IRQHandler                      
000007af  DMA_IRQHandler                       
000007af  Default_Handler                      
000007af  GROUP0_IRQHandler                    
000007af  GROUP1_IRQHandler                    
000007af  HardFault_Handler                    
000007af  I2C0_IRQHandler                      
000007af  I2C1_IRQHandler                      
000007af  NMI_Handler                          
000007af  PendSV_Handler                       
000007af  RTC_IRQHandler                       
000007af  SPI0_IRQHandler                      
000007af  SPI1_IRQHandler                      
000007af  SVC_Handler                          
000007af  SysTick_Handler                      
000007af  TIMA0_IRQHandler                     
000007af  TIMA1_IRQHandler                     
000007af  TIMG0_IRQHandler                     
000007af  TIMG12_IRQHandler                    
000007af  TIMG6_IRQHandler                     
000007af  TIMG7_IRQHandler                     
000007af  TIMG8_IRQHandler                     
000007af  UART0_IRQHandler                     
000007af  UART1_IRQHandler                     
000007af  UART2_IRQHandler                     
000007af  UART3_IRQHandler                     
000007b1  SYSCFG_DL_PWM_0_init                 
00000841  __TI_decompress_lzss                 
000008bd  TB6612_Init                          
0000092d  DL_SYSCTL_setHFCLKSourceHFXTParams   
00000991  SYSCFG_DL_GPIO_init                  
000009d9  DL_SYSCTL_switchMCLKfromSYSOSCtoHSCLK
00000a1d  __aeabi_uidiv                        
00000a1d  __aeabi_uidivmod                     
00000a5d  __TI_auto_init_nobinit_nopinit       
00000a99  SYSCFG_DL_initPower                  
00000acd  _c_int00_noargs                      
00000af5  main                                 
00000b1b  __aeabi_idiv0                        
00000b1d  SYSCFG_DL_init                       
00000b3d  DL_SYSCTL_configFCC                  
00000b59  DL_Timer_setCaptCompUpdateMethod     
00000b75  DL_Timer_setClockConfig              
00000b91  DL_Timer_setCaptureCompareOutCtl     
00000ba9  __TI_zero_init_nomemset              
00000bbf  __TI_decompress_none                 
00000bd1  DL_Timer_setCaptureCompareValue      
00000be1  DL_Common_delayCycles                
00000bed  __aeabi_memcpy                       
00000bed  __aeabi_memcpy4                      
00000bed  __aeabi_memcpy8                      
00000bf5  abort                                
00000bfa  C$$EXIT                              
00000bfb  HOSTexit                             
00000bff  Reset_Handler                        
00000c03  _system_pre_init                     
00000c50  __TI_Handler_Table_Base              
00000c5c  __TI_Handler_Table_Limit             
00000c64  __TI_CINIT_Base                      
00000c74  __TI_CINIT_Limit                     
00000c74  __TI_CINIT_Warm                      
20200000  __start___llvm_prf_bits              
20200000  __start___llvm_prf_cnts              
20200000  __stop___llvm_prf_bits               
20200000  __stop___llvm_prf_cnts               
20200000  gPWM_0Backup                         
202000a0  TB6612_MotorA                        
202000a8  TB6612_MotorB                        
20207e00  __stack                              
20208000  __STACK_END                          
ffffffff  __TI_pprof_out_hndl                  
ffffffff  __TI_prof_data_size                  
ffffffff  __TI_prof_data_start                 
ffffffff  __binit__                            
ffffffff  binit                                
UNDEFED   __mpu_init                           
UNDEFED   _system_post_cinit                   

[99 symbols]
