******************************************************************************
            TI ARM Clang Linker PC v4.0.4                      
******************************************************************************
>> Linked Tue Jul 21 12:31:20 2026

OUTPUT FILE NAME:   <project.out>
ENTRY POINT SYMBOL: "_c_int00_noargs"  address: 00001e51


MEMORY CONFIGURATION

         name            origin    length      used     unused   attr    fill
----------------------  --------  ---------  --------  --------  ----  --------
  FLASH                 00000000   00020000  00002698  0001d968  R  X
  SRAM                  20200000   00008000  00000426  00007bda  RW X
  BCR_CONFIG            41c00000   000000ff  00000000  000000ff  R   
  BSL_CONFIG            41c00100   00000080  00000000  00000080  R   


SEGMENT ALLOCATION MAP

run origin  load origin   length   init length attrs members
----------  ----------- ---------- ----------- ----- -------
00000000    00000000    00002698   00002698    r-x
  00000000    00000000    000000c0   000000c0    r-- .intvecs
  000000c0    000000c0    00002528   00002528    r-x .text
  000025e8    000025e8    00000068   00000068    r-- .rodata
  00002650    00002650    00000048   00000048    r-- .cinit
20200000    20200000    00000226   00000000    rw-
  20200000    20200000    000001fc   00000000    rw- .bss
  202001fc    202001fc    0000002a   00000000    rw- .data
20207e00    20207e00    00000200   00000000    rw-
  20207e00    20207e00    00000200   00000000    rw- .stack


SECTION ALLOCATION MAP

 output                                  attributes/
section   page    origin      length       input sections
--------  ----  ----------  ----------   ----------------
.intvecs   0    00000000    000000c0     
                  00000000    000000c0     startup_mspm0g350x_ticlang.o (.intvecs)

.text      0    000000c0    00002528     
                  000000c0    000001ec     ti_msp_dl_config.o (.text.SYSCFG_DL_GPIO_init)
                  000002ac    00000144     interrupt.o (.text.GROUP1_IRQHandler)
                  000003f0    00000140     bluetooth.o (.text.Bluetooth_Task)
                  00000530    00000114     mid_jy901.o (.text.JY901_Feed)
                  00000644    00000104     driverlib.a : dl_timer.o (.text.DL_Timer_initFourCCPWMMode)
                  00000748    000000fc                 : dl_timer.o (.text.DL_Timer_initTimerMode)
                  00000844    000000e8     mid_jy901.o (.text.JY901_Data_Convert)
                  0000092c    000000e8     ti_msp_dl_config.o (.text.SYSCFG_DL_SYSCTL_SYSPLL_init)
                  00000a14    000000dc     driverlib.a : dl_sysctl_mspm0g1x0x_g3x0x.o (.text.DL_SYSCTL_configSYSPLL)
                  00000af0    000000c8     mid_jy901.o (.text.JY901_Process)
                  00000bb8    000000b4     DL_OLED.o (.text.OLED_I2C_SendByte)
                  00000c6c    000000a0     DL_OLED.o (.text.OLED_Init)
                  00000d0c    0000008c     ti_msp_dl_config.o (.text.SYSCFG_DL_PWM_TB6612_init)
                  00000d98    0000008c     libclang_rt.builtins.a : mulsf3.S.obj (.text.__mulsf3)
                  00000e24    00000088     tb6612.o (.text.tb6612_apply_motor)
                  00000eac    00000084     ti_msp_dl_config.o (.text.__NVIC_SetPriority)
                  00000f30    00000082     libclang_rt.builtins.a : divsf3.S.obj (.text.__divsf3)
                  00000fb2    00000002                            : aeabi_div0.c.obj (.text.__aeabi_idiv0)
                  00000fb4    0000007c     ti_msp_dl_config.o (.text.SYSCFG_DL_SYSCTL_init)
                  00001030    0000007c     ti_msp_dl_config.o (.text.SYSCFG_DL_initPower)
                  000010ac    0000007c     libc.a : copy_decompress_lzss.c.obj (.text:decompress:lzss)
                  00001128    00000078     empty.o (.text.main)
                  000011a0    00000074     key.o (.text.AJ1_IsPressed)
                  00001214    00000074     key.o (.text.AJ2_IsPressed)
                  00001288    00000074     key.o (.text.AJ3_IsPressed)
                  000012fc    00000074     key.o (.text.AJ4_IsPressed)
                  00001370    00000074     libclang_rt.builtins.a : comparedf2.c.obj (.text.__gedf2)
                  000013e4    00000068                            : comparedf2.c.obj (.text.__ledf2)
                  0000144c    00000064     driverlib.a : dl_sysctl_mspm0g1x0x_g3x0x.o (.text.DL_SYSCTL_setHFCLKSourceHFXTParams)
                  000014b0    00000062     libclang_rt.builtins.a : aeabi_dcmp.S.obj (.text.__aeabi_dcmp)
                  00001512    00000002     --HOLE-- [fill = 0]
                  00001514    0000005c     bsp_jy901.o (.text.BSP_JY901_Init)
                  00001570    00000058     DL_OLED.o (.text.OLED_I2C_Start)
                  000015c8    00000056     DL_OLED.o (.text.OLED_Clear)
                  0000161e    00000002     --HOLE-- [fill = 0]
                  00001620    0000004c     ti_msp_dl_config.o (.text.DL_GPIO_initDigitalInputFeatures)
                  0000166c    0000004c     ti_msp_dl_config.o (.text.DL_UART_setBaudRateDivisor)
                  000016b8    0000004c     ti_msp_dl_config.o (.text.SYSCFG_DL_UART_BT_init)
                  00001704    00000048     driverlib.a : dl_uart.o (.text.DL_UART_init)
                  0000174c    00000046     tb6612.o (.text.tb6612_clamp_speed)
                  00001792    00000002     --HOLE-- [fill = 0]
                  00001794    00000044     bsp_jy901.o (.text.BSP_JY901_PushByte)
                  000017d8    00000044     driverlib.a : dl_sysctl_mspm0g1x0x_g3x0x.o (.text.DL_SYSCTL_switchMCLKfromSYSOSCtoHSCLK)
                  0000181c    00000044     DL_OLED.o (.text.OLED_I2C_Stop)
                  00001860    00000044     tb6612.o (.text.tb6612_get_channel_config)
                  000018a4    00000044     tb6612.o (.text.tb6612_get_max_speed)
                  000018e8    00000040     bsp_jy901.o (.text.BSP_JY901_ReadByte)
                  00001928    00000040     bluetooth.o (.text.Bluetooth_Init)
                  00001968    00000040     ti_msp_dl_config.o (.text.SYSCFG_DL_UART_JY901_init)
                  000019a8    00000040     libclang_rt.builtins.a : aeabi_uidivmod.S.obj (.text.__aeabi_uidivmod)
                  000019e8    0000003c     ti_msp_dl_config.o (.text.DL_Timer_setCounterControl)
                  00001a24    0000003c     ti_msp_dl_config.o (.text.SYSCFG_DL_TIMER_TICK_init)
                  00001a60    0000003c     interrupt.o (.text.TIMG0_IRQHandler)
                  00001a9c    0000003c     libclang_rt.builtins.a : floatsisf.S.obj (.text.__floatsisf)
                  00001ad8    0000003c     libc.a : autoinit.c.obj (.text:__TI_auto_init_nobinit_nopinit)
                  00001b14    0000003a     libclang_rt.builtins.a : muldsi3.S.obj (.text.__muldsi3)
                  00001b4e    00000002     --HOLE-- [fill = 0]
                  00001b50    00000038     tb6612.o (.text.TB6612_Init)
                  00001b88    00000036     DL_OLED.o (.text.OLED_SetCursor)
                  00001bbe    00000002     --HOLE-- [fill = 0]
                  00001bc0    00000034     tb6612.o (.text.TB6612_SetMotors)
                  00001bf4    00000034     tb6612.o (.text.tb6612_get_output_speed)
                  00001c28    00000030     bluetooth.o (.text.UART2_IRQHandler)
                  00001c58    0000002c     ti_msp_dl_config.o (.text.SYSCFG_DL_init)
                  00001c84    0000002c     bluetooth.o (.text.__NVIC_EnableIRQ)
                  00001cb0    0000002c     bsp_jy901.o (.text.__NVIC_EnableIRQ)
                  00001cdc    0000002c     empty.o (.text.__NVIC_EnableIRQ)
                  00001d08    0000002c     encoder.o (.text.__NVIC_EnableIRQ)
                  00001d34    0000002a     DL_OLED.o (.text.OLED_WriteCommand)
                  00001d5e    0000002a     DL_OLED.o (.text.OLED_WriteData)
                  00001d88    00000028     bluetooth.o (.text.DL_Common_updateReg)
                  00001db0    00000028     bsp_jy901.o (.text.DL_Common_updateReg)
                  00001dd8    00000028     ti_msp_dl_config.o (.text.DL_Common_updateReg)
                  00001e00    00000028     bluetooth.o (.text.DL_UART_setRXFIFOThreshold)
                  00001e28    00000028     bsp_jy901.o (.text.DL_UART_setRXFIFOThreshold)
                  00001e50    00000028     libc.a : boot_cortex_m.c.obj (.text:_c_int00_noargs)
                  00001e78    00000026     tb6612.o (.text.TB6612_SetMotor)
                  00001e9e    00000002     --HOLE-- [fill = 0]
                  00001ea0    00000024     DL_OLED.o (.text.OLED_I2C_Init)
                  00001ec4    00000024     empty.o (.text.TimerTick_Init)
                  00001ee8    00000024     bsp_jy901.o (.text.UART1_IRQHandler)
                  00001f0c    00000024     libclang_rt.builtins.a : floatunsidf.S.obj (.text.__floatunsidf)
                  00001f30    00000020     ti_msp_dl_config.o (.text.DL_GPIO_initPeripheralInputFunction)
                  00001f50    00000020     ti_msp_dl_config.o (.text.DL_SYSCTL_setFlashWaitState)
                  00001f70    00000020     encoder.o (.text.Encoder_Init)
                  00001f90    00000020     app_jy901.o (.text.JY901_Task)
                  00001fb0    0000001e     ti_msp_dl_config.o (.text.DL_UART_setOversampling)
                  00001fce    00000002     --HOLE-- [fill = 0]
                  00001fd0    0000001c     interrupt.o (.text.DL_GPIO_clearInterruptStatus)
                  00001fec    0000001c     ti_msp_dl_config.o (.text.DL_GPIO_clearInterruptStatus)
                  00002008    0000001c     ti_msp_dl_config.o (.text.DL_GPIO_enableInterrupt)
                  00002024    0000001c     ti_msp_dl_config.o (.text.DL_GPIO_initPeripheralOutputFunction)
                  00002040    0000001c     ti_msp_dl_config.o (.text.DL_GPIO_setLowerPinsPolarity)
                  0000205c    0000001c     driverlib.a : dl_sysctl_mspm0g1x0x_g3x0x.o (.text.DL_SYSCTL_configFCC)
                  00002078    0000001c     ti_msp_dl_config.o (.text.DL_SYSCTL_setFCCPeriods)
                  00002094    0000001c     ti_msp_dl_config.o (.text.DL_SYSCTL_setSYSOSCFreq)
                  000020b0    0000001c     ti_msp_dl_config.o (.text.DL_SYSCTL_setULPCLKDivider)
                  000020cc    0000001c     ti_msp_dl_config.o (.text.DL_Timer_enableInterrupt)
                  000020e8    0000001c     driverlib.a : dl_timer.o (.text.DL_Timer_setCaptCompUpdateMethod)
                  00002104    0000001c                 : dl_timer.o (.text.DL_Timer_setClockConfig)
                  00002120    0000001c     bsp_jy901.o (.text.DL_UART_disableDMAReceiveEvent)
                  0000213c    0000001c     bsp_jy901.o (.text.DL_UART_disableInterrupt)
                  00002158    0000001c     bluetooth.o (.text.DL_UART_enableInterrupt)
                  00002174    0000001c     bsp_jy901.o (.text.DL_UART_enableInterrupt)
                  00002190    0000001c     ti_msp_dl_config.o (.text.DL_UART_enableInterrupt)
                  000021ac    00000018     ti_msp_dl_config.o (.text.DL_GPIO_enableOutput)
                  000021c4    00000018     ti_msp_dl_config.o (.text.DL_GPIO_enablePower)
                  000021dc    00000018     interrupt.o (.text.DL_GPIO_getEnabledInterruptStatus)
                  000021f4    00000018     ti_msp_dl_config.o (.text.DL_GPIO_initDigitalOutput)
                  0000220c    00000018     ti_msp_dl_config.o (.text.DL_GPIO_initPeripheralAnalogFunction)
                  00002224    00000018     ti_msp_dl_config.o (.text.DL_GPIO_reset)
                  0000223c    00000018     DL_OLED.o (.text.DL_GPIO_setPins)
                  00002254    00000018     tb6612.o (.text.DL_GPIO_setPins)
                  0000226c    00000018     ti_msp_dl_config.o (.text.DL_GPIO_setUpperPinsPolarity)
                  00002284    00000018     ti_msp_dl_config.o (.text.DL_SYSCTL_setBORThreshold)
                  0000229c    00000018     empty.o (.text.DL_Timer_clearInterruptStatus)
                  000022b4    00000018     interrupt.o (.text.DL_Timer_clearInterruptStatus)
                  000022cc    00000018     ti_msp_dl_config.o (.text.DL_Timer_enablePower)
                  000022e4    00000018     ti_msp_dl_config.o (.text.DL_Timer_reset)
                  000022fc    00000018     driverlib.a : dl_timer.o (.text.DL_Timer_setCaptureCompareOutCtl)
                  00002314    00000018     empty.o (.text.DL_Timer_startCounter)
                  0000232c    00000018     tb6612.o (.text.DL_Timer_startCounter)
                  00002344    00000018     bsp_jy901.o (.text.DL_UART_clearInterruptStatus)
                  0000235c    00000018     bluetooth.o (.text.DL_UART_enableFIFOs)
                  00002374    00000018     bsp_jy901.o (.text.DL_UART_enableFIFOs)
                  0000238c    00000018     ti_msp_dl_config.o (.text.DL_UART_enablePower)
                  000023a4    00000018     ti_msp_dl_config.o (.text.DL_UART_reset)
                  000023bc    00000016     interrupt.o (.text.DL_GPIO_readPins)
                  000023d2    00000016     key.o (.text.DL_GPIO_readPins)
                  000023e8    00000016     ti_msp_dl_config.o (.text.DL_UART_enable)
                  000023fe    00000016     libc.a : copy_zero_init.c.obj (.text:decompress:ZI:__TI_zero_init_nomemset)
                  00002414    00000014     DL_OLED.o (.text.DL_GPIO_clearPins)
                  00002428    00000014     tb6612.o (.text.DL_GPIO_clearPins)
                  0000243c    00000014     ti_msp_dl_config.o (.text.DL_GPIO_clearPins)
                  00002450    00000014     ti_msp_dl_config.o (.text.DL_SYSCTL_disableSYSPLL)
                  00002464    00000014     ti_msp_dl_config.o (.text.DL_SYSCTL_enableSYSPLL)
                  00002478    00000014     ti_msp_dl_config.o (.text.DL_Timer_enableClock)
                  0000248c    00000014     ti_msp_dl_config.o (.text.DL_Timer_setCCPDirection)
                  000024a0    00000014     bluetooth.o (.text.DL_UART_receiveData)
                  000024b4    00000014     bsp_jy901.o (.text.DL_UART_receiveData)
                  000024c8    00000012     interrupt.o (.text.DL_Timer_getPendingInterrupt)
                  000024da    00000012     bluetooth.o (.text.DL_UART_getPendingInterrupt)
                  000024ec    00000012     bsp_jy901.o (.text.DL_UART_getPendingInterrupt)
                  000024fe    00000012     driverlib.a : dl_uart.o (.text.DL_UART_setClockConfig)
                  00002510    00000012     libc.a : memcpy16.S.obj (.text:TI_memcpy_small)
                  00002522    00000012            : copy_decompress_none.c.obj (.text:decompress:none)
                  00002534    00000010     ti_msp_dl_config.o (.text.DL_SYSCTL_disableHFXT)
                  00002544    00000010     ti_msp_dl_config.o (.text.DL_SYSCTL_isFCCDone)
                  00002554    00000010     ti_msp_dl_config.o (.text.DL_SYSCTL_startFCC)
                  00002564    00000010     driverlib.a : dl_timer.o (.text.DL_Timer_setCaptureCompareValue)
                  00002574    0000000e     libc.a : memset16.S.obj (.text:TI_memset_small)
                  00002582    00000002     --HOLE-- [fill = 0]
                  00002584    0000000c     ti_msp_dl_config.o (.text.DL_SYSCTL_getClockStatus)
                  00002590    0000000c     ti_msp_dl_config.o (.text.DL_SYSCTL_readFCC)
                  0000259c    0000000c     tb6612.o (.text.TB6612_Stop)
                  000025a8    0000000c     libclang_rt.builtins.a : aeabi_memset.S.obj (.text.__aeabi_memclr)
                  000025b4    0000000a     driverlib.a : dl_common.o (.text.DL_Common_delayCycles)
                  000025be    00000008     app_jy901.o (.text.APP_JY901_Init)
                  000025c6    00000002     --HOLE-- [fill = 0]
                  000025c8    00000008     libclang_rt.builtins.a : aeabi_memcpy.S.obj (.text.__aeabi_memcpy)
                  000025d0    00000006     libc.a : exit.c.obj (.text:abort)
                  000025d6    00000004     startup_mspm0g350x_ticlang.o (.text.Default_Handler)
                  000025da    00000004     libsysbm.a : hostexit.c.obj (.text.HOSTexit)
                  000025de    00000004     startup_mspm0g350x_ticlang.o (.text.Reset_Handler)
                  000025e2    00000004     libc.a : pre_init.c.obj (.text._system_pre_init)
                  000025e6    00000002     --HOLE-- [fill = 0]

.cinit     0    00002650    00000048     
                  00002650    0000001d     (.cinit..data.load) [load image, compression = lzss]
                  0000266d    00000003     --HOLE-- [fill = 0]
                  00002670    0000000c     (__TI_handler_table)
                  0000267c    00000008     (.cinit..bss.load) [load image, compression = zero_init]
                  00002684    00000010     (__TI_cinit_table)
                  00002694    00000004     --HOLE-- [fill = 0]

.rodata    0    000025e8    00000068     
                  000025e8    00000028     ti_msp_dl_config.o (.rodata.gSYSPLLConfig)
                  00002610    00000014     ti_msp_dl_config.o (.rodata.gTIMER_TICKTimerConfig)
                  00002624    0000000a     ti_msp_dl_config.o (.rodata.gUART_BTConfig)
                  0000262e    0000000a     ti_msp_dl_config.o (.rodata.gUART_JY901Config)
                  00002638    00000008     ti_msp_dl_config.o (.rodata.gPWM_TB6612Config)
                  00002640    00000003     ti_msp_dl_config.o (.rodata.gPWM_TB6612ClockConfig)
                  00002643    00000003     ti_msp_dl_config.o (.rodata.gTIMER_TICKClockConfig)
                  00002646    00000002     ti_msp_dl_config.o (.rodata.gUART_BTClockConfig)
                  00002648    00000002     ti_msp_dl_config.o (.rodata.gUART_JY901ClockConfig)
                  0000264a    00000006     --HOLE-- [fill = 0]

.init_array 
*          0    00000000    00000000     UNINITIALIZED

.binit     0    00000000    00000000     

.bss       0    20200000    000001fc     UNINITIALIZED
                  20200000    00000106     (.common:jy901_uart)
                  20200106    00000001     bluetooth.o (.bss.bt_cmd)
                  20200107    00000001     bluetooth.o (.bss.bt_cmd_ready)
                  20200108    000000a0     (.common:gPWM_TB6612Backup)
                  202001a8    00000024     (.common:jy901_data)
                  202001cc    00000012     (.common:jy901_raw)
                  202001de    0000000b     mid_jy901.o (.bss.JY901_Feed.frame)
                  202001e9    00000003     --HOLE--
                  202001ec    00000008     (.common:EncoderA)
                  202001f4    00000008     (.common:EncoderB)

.data      0    202001fc    0000002a     UNINITIALIZED
                  202001fc    00000008     tb6612.o (.data.TB6612_MotorA)
                  20200204    00000008     tb6612.o (.data.TB6612_MotorB)
                  2020020c    00000004     interrupt.o (.data.TIMG0_IRQHandler.tick)
                  20200210    00000004     mid_jy901.o (.data.data)
                  20200214    00000004     mid_jy901.o (.data.raw)
                  20200218    00000002     empty.o (.data.main.left_speed_load)
                  2020021a    00000002     empty.o (.data.main.right_speed_load)
                  2020021c    00000001     key.o (.data.AJ1_IsPressed.debounce_cnt)
                  2020021d    00000001     key.o (.data.AJ1_pressed)
                  2020021e    00000001     key.o (.data.AJ2_IsPressed.debounce_cnt)
                  2020021f    00000001     key.o (.data.AJ2_pressed)
                  20200220    00000001     key.o (.data.AJ3_IsPressed.debounce_cnt)
                  20200221    00000001     key.o (.data.AJ3_pressed)
                  20200222    00000001     key.o (.data.AJ4_IsPressed.debounce_cnt)
                  20200223    00000001     key.o (.data.AJ4_pressed)
                  20200224    00000001     mid_jy901.o (.data.JY901_Feed.index)
                  20200225    00000001     mid_jy901.o (.data.JY901_Feed.state)

.stack     0    20207e00    00000200     UNINITIALIZED
                  20207e00    00000004     libc.a : boot_cortex_m.c.obj (.stack)
                  20207e04    000001fc     --HOLE--

__llvm_prf_cnts 
*          0    20200000    00000000     UNINITIALIZED

__llvm_prf_bits 
*          0    20200000    00000000     UNINITIALIZED

MODULE SUMMARY

       Module                         code   ro data   rw data
       ------                         ----   -------   -------
    .\
       ti_msp_dl_config.o             2544   98        160    
       bsp_jy901.o                    554    0         262    
       DL_OLED.o                      800    0         0      
       mid_jy901.o                    708    0         75     
       bluetooth.o                    646    0         2      
       tb6612.o                       620    0         16     
       interrupt.o                    500    0         4      
       key.o                          486    0         8      
       empty.o                        248    0         4      
       startup_mspm0g350x_ticlang.o   8      192       0      
       encoder.o                      76     0         16     
       app_jy901.o                    40     0         0      
    +--+------------------------------+------+---------+---------+
       Total:                         7230   290       547    
                                                              
    E:/2026diansai/mspm0_sdk_2_10_00_04/source/ti/driverlib/lib/ticlang/m0p/mspm0g1x0x_g3x0x/driverlib.a
       dl_timer.o                     608    0         0      
       dl_sysctl_mspm0g1x0x_g3x0x.o   416    0         0      
       dl_uart.o                      90     0         0      
       dl_common.o                    10     0         0      
    +--+------------------------------+------+---------+---------+
       Total:                         1124   0         0      
                                                              
    E:\2026diansai\ccs\tools\compiler\ti-cgt-armllvm_4.0.4.LTS\lib\armv6m-ti-none-eabi/c/libc.a
       copy_decompress_lzss.c.obj     124    0         0      
       autoinit.c.obj                 60     0         0      
       boot_cortex_m.c.obj            40     0         0      
       copy_zero_init.c.obj           22     0         0      
       copy_decompress_none.c.obj     18     0         0      
       memcpy16.S.obj                 18     0         0      
       memset16.S.obj                 14     0         0      
       exit.c.obj                     6      0         0      
       pre_init.c.obj                 4      0         0      
    +--+------------------------------+------+---------+---------+
       Total:                         306    0         0      
                                                              
    E:\2026diansai\ccs\tools\compiler\ti-cgt-armllvm_4.0.4.LTS\lib\armv6m-ti-none-eabi/c/libsysbm.a
       hostexit.c.obj                 4      0         0      
    +--+------------------------------+------+---------+---------+
       Total:                         4      0         0      
                                                              
    E:\2026diansai\ccs\tools\compiler\ti-cgt-armllvm_4.0.4.LTS\lib\armv6m-ti-none-eabi/libclang_rt.builtins.a
       comparedf2.c.obj               220    0         0      
       mulsf3.S.obj                   140    0         0      
       divsf3.S.obj                   130    0         0      
       aeabi_dcmp.S.obj               98     0         0      
       aeabi_uidivmod.S.obj           64     0         0      
       floatsisf.S.obj                60     0         0      
       muldsi3.S.obj                  58     0         0      
       floatunsidf.S.obj              36     0         0      
       aeabi_memset.S.obj             12     0         0      
       aeabi_memcpy.S.obj             8      0         0      
       aeabi_div0.c.obj               2      0         0      
    +--+------------------------------+------+---------+---------+
       Total:                         828    0         0      
                                                              
       Stack:                         0      0         512    
       Linker Generated:              0      65        0      
    +--+------------------------------+------+---------+---------+
       Grand Total:                   9492   355       1059   


LINKER GENERATED COPY TABLES

__TI_cinit_table @ 00002684 records: 2, size/record: 8, table size: 16
	.data: load addr=00002650, load size=0000001d bytes, run addr=202001fc, run size=0000002a bytes, compression=lzss
	.bss: load addr=0000267c, load size=00000008 bytes, run addr=20200000, run size=000001fc bytes, compression=zero_init


LINKER GENERATED HANDLER TABLE

__TI_handler_table @ 00002670 records: 3, size/record: 4, table size: 12
	index: 0, handler: __TI_decompress_lzss
	index: 1, handler: __TI_decompress_none
	index: 2, handler: __TI_zero_init


GLOBAL SYMBOLS: SORTED ALPHABETICALLY BY Name 

address   name                                 
-------   ----                                 
000025d7  ADC0_IRQHandler                      
000025d7  ADC1_IRQHandler                      
000025d7  AES_IRQHandler                       
000011a1  AJ1_IsPressed                        
2020021d  AJ1_pressed                          
00001215  AJ2_IsPressed                        
2020021f  AJ2_pressed                          
00001289  AJ3_IsPressed                        
20200221  AJ3_pressed                          
000012fd  AJ4_IsPressed                        
20200223  AJ4_pressed                          
000025bf  APP_JY901_Init                       
00001515  BSP_JY901_Init                       
00001795  BSP_JY901_PushByte                   
000018e9  BSP_JY901_ReadByte                   
00001929  Bluetooth_Init                       
000003f1  Bluetooth_Task                       
000025da  C$$EXIT                              
000025d7  CANFD0_IRQHandler                    
000025d7  DAC0_IRQHandler                      
000025b5  DL_Common_delayCycles                
0000205d  DL_SYSCTL_configFCC                  
00000a15  DL_SYSCTL_configSYSPLL               
0000144d  DL_SYSCTL_setHFCLKSourceHFXTParams   
000017d9  DL_SYSCTL_switchMCLKfromSYSOSCtoHSCLK
00000645  DL_Timer_initFourCCPWMMode           
00000749  DL_Timer_initTimerMode               
000020e9  DL_Timer_setCaptCompUpdateMethod     
000022fd  DL_Timer_setCaptureCompareOutCtl     
00002565  DL_Timer_setCaptureCompareValue      
00002105  DL_Timer_setClockConfig              
00001705  DL_UART_init                         
000024ff  DL_UART_setClockConfig               
000025d7  DMA_IRQHandler                       
000025d7  Default_Handler                      
202001ec  EncoderA                             
202001f4  EncoderB                             
00001f71  Encoder_Init                         
000025d7  GROUP0_IRQHandler                    
000002ad  GROUP1_IRQHandler                    
000025db  HOSTexit                             
000025d7  HardFault_Handler                    
000025d7  I2C0_IRQHandler                      
000025d7  I2C1_IRQHandler                      
00000531  JY901_Feed                           
00001f91  JY901_Task                           
000025d7  NMI_Handler                          
000015c9  OLED_Clear                           
00001ea1  OLED_I2C_Init                        
00000bb9  OLED_I2C_SendByte                    
00001571  OLED_I2C_Start                       
0000181d  OLED_I2C_Stop                        
00000c6d  OLED_Init                            
00001b89  OLED_SetCursor                       
00001d35  OLED_WriteCommand                    
00001d5f  OLED_WriteData                       
000025d7  PendSV_Handler                       
000025d7  RTC_IRQHandler                       
000025df  Reset_Handler                        
000025d7  SPI0_IRQHandler                      
000025d7  SPI1_IRQHandler                      
000025d7  SVC_Handler                          
000000c1  SYSCFG_DL_GPIO_init                  
00000d0d  SYSCFG_DL_PWM_TB6612_init            
0000092d  SYSCFG_DL_SYSCTL_SYSPLL_init         
00000fb5  SYSCFG_DL_SYSCTL_init                
00001a25  SYSCFG_DL_TIMER_TICK_init            
000016b9  SYSCFG_DL_UART_BT_init               
00001969  SYSCFG_DL_UART_JY901_init            
00001c59  SYSCFG_DL_init                       
00001031  SYSCFG_DL_initPower                  
000025d7  SysTick_Handler                      
00001b51  TB6612_Init                          
202001fc  TB6612_MotorA                        
20200204  TB6612_MotorB                        
00001e79  TB6612_SetMotor                      
00001bc1  TB6612_SetMotors                     
0000259d  TB6612_Stop                          
000025d7  TIMA0_IRQHandler                     
000025d7  TIMA1_IRQHandler                     
00001a61  TIMG0_IRQHandler                     
000025d7  TIMG12_IRQHandler                    
000025d7  TIMG6_IRQHandler                     
000025d7  TIMG7_IRQHandler                     
000025d7  TIMG8_IRQHandler                     
00002511  TI_memcpy_small                      
00002575  TI_memset_small                      
00001ec5  TimerTick_Init                       
000025d7  UART0_IRQHandler                     
00001ee9  UART1_IRQHandler                     
00001c29  UART2_IRQHandler                     
000025d7  UART3_IRQHandler                     
20208000  __STACK_END                          
00000200  __STACK_SIZE                         
00000000  __TI_ATRegion0_region_sz             
00000000  __TI_ATRegion0_src_addr              
00000000  __TI_ATRegion0_trg_addr              
00000000  __TI_ATRegion1_region_sz             
00000000  __TI_ATRegion1_src_addr              
00000000  __TI_ATRegion1_trg_addr              
00000000  __TI_ATRegion2_region_sz             
00000000  __TI_ATRegion2_src_addr              
00000000  __TI_ATRegion2_trg_addr              
00002684  __TI_CINIT_Base                      
00002694  __TI_CINIT_Limit                     
00002694  __TI_CINIT_Warm                      
00002670  __TI_Handler_Table_Base              
0000267c  __TI_Handler_Table_Limit             
00001ad9  __TI_auto_init_nobinit_nopinit       
000010ad  __TI_decompress_lzss                 
00002523  __TI_decompress_none                 
ffffffff  __TI_pprof_out_hndl                  
ffffffff  __TI_prof_data_size                  
ffffffff  __TI_prof_data_start                 
00000000  __TI_static_base__                   
000023ff  __TI_zero_init_nomemset              
000014b1  __aeabi_dcmpeq                       
000014ed  __aeabi_dcmpge                       
00001501  __aeabi_dcmpgt                       
000014d9  __aeabi_dcmple                       
000014c5  __aeabi_dcmplt                       
00000f31  __aeabi_fdiv                         
00000d99  __aeabi_fmul                         
00001a9d  __aeabi_i2f                          
00000fb3  __aeabi_idiv0                        
000025a9  __aeabi_memclr                       
000025a9  __aeabi_memclr4                      
000025a9  __aeabi_memclr8                      
000025c9  __aeabi_memcpy                       
000025c9  __aeabi_memcpy4                      
000025c9  __aeabi_memcpy8                      
00001f0d  __aeabi_ui2d                         
000019a9  __aeabi_uidiv                        
000019a9  __aeabi_uidivmod                     
ffffffff  __binit__                            
000013e5  __cmpdf2                             
00000f31  __divsf3                             
000013e5  __eqdf2                              
00001a9d  __floatsisf                          
00001f0d  __floatunsidf                        
00001371  __gedf2                              
00001371  __gtdf2                              
000013e5  __ledf2                              
000013e5  __ltdf2                              
UNDEFED   __mpu_init                           
00001b15  __muldsi3                            
00000d99  __mulsf3                             
000013e5  __nedf2                              
20207e00  __stack                              
20200000  __start___llvm_prf_bits              
20200000  __start___llvm_prf_cnts              
20200000  __stop___llvm_prf_bits               
20200000  __stop___llvm_prf_cnts               
00001e51  _c_int00_noargs                      
UNDEFED   _system_post_cinit                   
000025e3  _system_pre_init                     
000025d1  abort                                
ffffffff  binit                                
20200210  data                                 
20200108  gPWM_TB6612Backup                    
00000000  interruptVectors                     
202001a8  jy901_data                           
202001cc  jy901_raw                            
20200000  jy901_uart                           
00001129  main                                 
20200214  raw                                  


GLOBAL SYMBOLS: SORTED BY Symbol Address 

address   name                                 
-------   ----                                 
00000000  __TI_ATRegion0_region_sz             
00000000  __TI_ATRegion0_src_addr              
00000000  __TI_ATRegion0_trg_addr              
00000000  __TI_ATRegion1_region_sz             
00000000  __TI_ATRegion1_src_addr              
00000000  __TI_ATRegion1_trg_addr              
00000000  __TI_ATRegion2_region_sz             
00000000  __TI_ATRegion2_src_addr              
00000000  __TI_ATRegion2_trg_addr              
00000000  __TI_static_base__                   
00000000  interruptVectors                     
000000c1  SYSCFG_DL_GPIO_init                  
00000200  __STACK_SIZE                         
000002ad  GROUP1_IRQHandler                    
000003f1  Bluetooth_Task                       
00000531  JY901_Feed                           
00000645  DL_Timer_initFourCCPWMMode           
00000749  DL_Timer_initTimerMode               
0000092d  SYSCFG_DL_SYSCTL_SYSPLL_init         
00000a15  DL_SYSCTL_configSYSPLL               
00000bb9  OLED_I2C_SendByte                    
00000c6d  OLED_Init                            
00000d0d  SYSCFG_DL_PWM_TB6612_init            
00000d99  __aeabi_fmul                         
00000d99  __mulsf3                             
00000f31  __aeabi_fdiv                         
00000f31  __divsf3                             
00000fb3  __aeabi_idiv0                        
00000fb5  SYSCFG_DL_SYSCTL_init                
00001031  SYSCFG_DL_initPower                  
000010ad  __TI_decompress_lzss                 
00001129  main                                 
000011a1  AJ1_IsPressed                        
00001215  AJ2_IsPressed                        
00001289  AJ3_IsPressed                        
000012fd  AJ4_IsPressed                        
00001371  __gedf2                              
00001371  __gtdf2                              
000013e5  __cmpdf2                             
000013e5  __eqdf2                              
000013e5  __ledf2                              
000013e5  __ltdf2                              
000013e5  __nedf2                              
0000144d  DL_SYSCTL_setHFCLKSourceHFXTParams   
000014b1  __aeabi_dcmpeq                       
000014c5  __aeabi_dcmplt                       
000014d9  __aeabi_dcmple                       
000014ed  __aeabi_dcmpge                       
00001501  __aeabi_dcmpgt                       
00001515  BSP_JY901_Init                       
00001571  OLED_I2C_Start                       
000015c9  OLED_Clear                           
000016b9  SYSCFG_DL_UART_BT_init               
00001705  DL_UART_init                         
00001795  BSP_JY901_PushByte                   
000017d9  DL_SYSCTL_switchMCLKfromSYSOSCtoHSCLK
0000181d  OLED_I2C_Stop                        
000018e9  BSP_JY901_ReadByte                   
00001929  Bluetooth_Init                       
00001969  SYSCFG_DL_UART_JY901_init            
000019a9  __aeabi_uidiv                        
000019a9  __aeabi_uidivmod                     
00001a25  SYSCFG_DL_TIMER_TICK_init            
00001a61  TIMG0_IRQHandler                     
00001a9d  __aeabi_i2f                          
00001a9d  __floatsisf                          
00001ad9  __TI_auto_init_nobinit_nopinit       
00001b15  __muldsi3                            
00001b51  TB6612_Init                          
00001b89  OLED_SetCursor                       
00001bc1  TB6612_SetMotors                     
00001c29  UART2_IRQHandler                     
00001c59  SYSCFG_DL_init                       
00001d35  OLED_WriteCommand                    
00001d5f  OLED_WriteData                       
00001e51  _c_int00_noargs                      
00001e79  TB6612_SetMotor                      
00001ea1  OLED_I2C_Init                        
00001ec5  TimerTick_Init                       
00001ee9  UART1_IRQHandler                     
00001f0d  __aeabi_ui2d                         
00001f0d  __floatunsidf                        
00001f71  Encoder_Init                         
00001f91  JY901_Task                           
0000205d  DL_SYSCTL_configFCC                  
000020e9  DL_Timer_setCaptCompUpdateMethod     
00002105  DL_Timer_setClockConfig              
000022fd  DL_Timer_setCaptureCompareOutCtl     
000023ff  __TI_zero_init_nomemset              
000024ff  DL_UART_setClockConfig               
00002511  TI_memcpy_small                      
00002523  __TI_decompress_none                 
00002565  DL_Timer_setCaptureCompareValue      
00002575  TI_memset_small                      
0000259d  TB6612_Stop                          
000025a9  __aeabi_memclr                       
000025a9  __aeabi_memclr4                      
000025a9  __aeabi_memclr8                      
000025b5  DL_Common_delayCycles                
000025bf  APP_JY901_Init                       
000025c9  __aeabi_memcpy                       
000025c9  __aeabi_memcpy4                      
000025c9  __aeabi_memcpy8                      
000025d1  abort                                
000025d7  ADC0_IRQHandler                      
000025d7  ADC1_IRQHandler                      
000025d7  AES_IRQHandler                       
000025d7  CANFD0_IRQHandler                    
000025d7  DAC0_IRQHandler                      
000025d7  DMA_IRQHandler                       
000025d7  Default_Handler                      
000025d7  GROUP0_IRQHandler                    
000025d7  HardFault_Handler                    
000025d7  I2C0_IRQHandler                      
000025d7  I2C1_IRQHandler                      
000025d7  NMI_Handler                          
000025d7  PendSV_Handler                       
000025d7  RTC_IRQHandler                       
000025d7  SPI0_IRQHandler                      
000025d7  SPI1_IRQHandler                      
000025d7  SVC_Handler                          
000025d7  SysTick_Handler                      
000025d7  TIMA0_IRQHandler                     
000025d7  TIMA1_IRQHandler                     
000025d7  TIMG12_IRQHandler                    
000025d7  TIMG6_IRQHandler                     
000025d7  TIMG7_IRQHandler                     
000025d7  TIMG8_IRQHandler                     
000025d7  UART0_IRQHandler                     
000025d7  UART3_IRQHandler                     
000025da  C$$EXIT                              
000025db  HOSTexit                             
000025df  Reset_Handler                        
000025e3  _system_pre_init                     
00002670  __TI_Handler_Table_Base              
0000267c  __TI_Handler_Table_Limit             
00002684  __TI_CINIT_Base                      
00002694  __TI_CINIT_Limit                     
00002694  __TI_CINIT_Warm                      
20200000  __start___llvm_prf_bits              
20200000  __start___llvm_prf_cnts              
20200000  __stop___llvm_prf_bits               
20200000  __stop___llvm_prf_cnts               
20200000  jy901_uart                           
20200108  gPWM_TB6612Backup                    
202001a8  jy901_data                           
202001cc  jy901_raw                            
202001ec  EncoderA                             
202001f4  EncoderB                             
202001fc  TB6612_MotorA                        
20200204  TB6612_MotorB                        
20200210  data                                 
20200214  raw                                  
2020021d  AJ1_pressed                          
2020021f  AJ2_pressed                          
20200221  AJ3_pressed                          
20200223  AJ4_pressed                          
20207e00  __stack                              
20208000  __STACK_END                          
ffffffff  __TI_pprof_out_hndl                  
ffffffff  __TI_prof_data_size                  
ffffffff  __TI_prof_data_start                 
ffffffff  __binit__                            
ffffffff  binit                                
UNDEFED   __mpu_init                           
UNDEFED   _system_post_cinit                   

[166 symbols]
