******************************************************************************
            TI ARM Clang Linker PC v4.0.4                      
******************************************************************************
>> Linked Thu Jul 30 09:29:53 2026

OUTPUT FILE NAME:   <project.out>
ENTRY POINT SYMBOL: "_c_int00_noargs"  address: 000024f9


MEMORY CONFIGURATION

         name            origin    length      used     unused   attr    fill
----------------------  --------  ---------  --------  --------  ----  --------
  FLASH                 00000000   00020000  00003358  0001cca8  R  X
  SRAM                  20200000   00008000  000003fe  00007c02  RW X
  BCR_CONFIG            41c00000   000000ff  00000000  000000ff  R   
  BSL_CONFIG            41c00100   00000080  00000000  00000080  R   


SEGMENT ALLOCATION MAP

run origin  load origin   length   init length attrs members
----------  ----------- ---------- ----------- ----- -------
00000000    00000000    00003358   00003358    r-x
  00000000    00000000    000000c0   000000c0    r-- .intvecs
  000000c0    000000c0    00002bc8   00002bc8    r-x .text
  00002c88    00002c88    00000690   00000690    r-- .rodata
  00003318    00003318    00000040   00000040    r-- .cinit
20200000    20200000    000001fe   00000000    rw-
  20200000    20200000    000001a8   00000000    rw- .bss
  202001a8    202001a8    00000056   00000000    rw- .data
20207e00    20207e00    00000200   00000000    rw-
  20207e00    20207e00    00000200   00000000    rw- .stack


SECTION ALLOCATION MAP

 output                                  attributes/
section   page    origin      length       input sections
--------  ----  ----------  ----------   ----------------
.intvecs   0    00000000    000000c0     
                  00000000    000000c0     startup_mspm0g350x_ticlang.o (.intvecs)

.text      0    000000c0    00002bc8     
                  000000c0    00000250     ti_msp_dl_config.o (.text.SYSCFG_DL_GPIO_init)
                  00000310    000001fc     at8236.o (.text.at8236_pid_calculate)
                  0000050c    00000128     empty.o (.text.main)
                  00000634    00000114     encoder.o (.text.Encoder_IRQHandler)
                  00000748    00000104     driverlib.a : dl_timer.o (.text.DL_Timer_initFourCCPWMMode)
                  0000084c    000000fc                 : dl_timer.o (.text.DL_Timer_initTimerMode)
                  00000948    000000f4     myxunji.o (.text.Xunji_Read_Hardware)
                  00000a3c    000000e8     ti_msp_dl_config.o (.text.SYSCFG_DL_SYSCTL_SYSPLL_init)
                  00000b24    000000e4     myxunji.o (.text.Xunji_Calc_Track_Speed)
                  00000c08    000000dc     driverlib.a : dl_sysctl_mspm0g1x0x_g3x0x.o (.text.DL_SYSCTL_configSYSPLL)
                  00000ce4    000000b4     DL_OLED.o (.text.OLED_I2C_SendByte)
                  00000d98    000000b4     DL_OLED.o (.text.OLED_ShowChar)
                  00000e4c    000000b0     ti_msp_dl_config.o (.text.SYSCFG_DL_initPower)
                  00000efc    000000ae     DL_OLED.o (.text.OLED_ShowSignedNum)
                  00000faa    00000002     libclang_rt.builtins.a : aeabi_div0.c.obj (.text.__aeabi_idiv0)
                  00000fac    000000ac     interrupt.o (.text.GROUP1_IRQHandler)
                  00001058    000000a2     libclang_rt.builtins.a : udivmoddi4.S.obj (.text)
                  000010fa    00000002                            : aeabi_div0.c.obj (.text.__aeabi_ldiv0)
                  000010fc    000000a0     DL_OLED.o (.text.OLED_Init)
                  0000119c    00000098     encoder.o (.text.Encoder_Init)
                  00001234    0000008c     ti_msp_dl_config.o (.text.SYSCFG_DL_PWM1_AT8236_init)
                  000012c0    0000008c     ti_msp_dl_config.o (.text.SYSCFG_DL_PWM2_AT8236_init)
                  0000134c    0000008c     ti_msp_dl_config.o (.text.SYSCFG_DL_PWM_TB6612_init)
                  000013d8    00000088     interrupt.o (.text.TIMG0_IRQHandler)
                  00001460    00000086     at8236.o (.text.at8236_pid_set_target)
                  000014e6    00000002     --HOLE-- [fill = 0]
                  000014e8    00000084     ti_msp_dl_config.o (.text.__NVIC_SetPriority)
                  0000156c    0000007c     ti_msp_dl_config.o (.text.SYSCFG_DL_SYSCTL_init)
                  000015e8    0000007c     libc.a : copy_decompress_lzss.c.obj (.text:decompress:lzss)
                  00001664    0000007a     DL_OLED.o (.text.OLED_ShowNum)
                  000016de    00000002     --HOLE-- [fill = 0]
                  000016e0    00000074     key.o (.text.AJ1_IsPressed)
                  00001754    00000074     key.o (.text.AJ2_IsPressed)
                  000017c8    00000074     key.o (.text.AJ3_IsPressed)
                  0000183c    00000074     key.o (.text.AJ4_IsPressed)
                  000018b0    00000074     at8236.o (.text.AT8236_PID_Update)
                  00001924    00000074     libclang_rt.builtins.a : comparedf2.c.obj (.text.__gedf2)
                  00001998    00000070     at8236.o (.text.at8236_apply_motor)
                  00001a08    00000068     libclang_rt.builtins.a : comparedf2.c.obj (.text.__ledf2)
                  00001a70    00000064     driverlib.a : dl_sysctl_mspm0g1x0x_g3x0x.o (.text.DL_SYSCTL_setHFCLKSourceHFXTParams)
                  00001ad4    00000062     libclang_rt.builtins.a : aeabi_dcmp.S.obj (.text.__aeabi_dcmp)
                  00001b36    00000002     --HOLE-- [fill = 0]
                  00001b38    00000060     at8236.o (.text.at8236_set_inputs)
                  00001b98    00000058     DL_OLED.o (.text.OLED_I2C_Start)
                  00001bf0    00000056     DL_OLED.o (.text.OLED_Clear)
                  00001c46    0000004e     myxunji.o (.text.Xunji_Read_Bits)
                  00001c94    0000004c     ti_msp_dl_config.o (.text.DL_GPIO_initDigitalInputFeatures)
                  00001ce0    0000004c     ti_msp_dl_config.o (.text.DL_UART_setBaudRateDivisor)
                  00001d2c    0000004c     ti_msp_dl_config.o (.text.SYSCFG_DL_UART_BT_init)
                  00001d78    0000004c     ti_msp_dl_config.o (.text.SYSCFG_DL_init)
                  00001dc4    0000004a     DL_OLED.o (.text.OLED_ShowString)
                  00001e0e    00000002     --HOLE-- [fill = 0]
                  00001e10    00000048     driverlib.a : dl_uart.o (.text.DL_UART_init)
                  00001e58    00000046     at8236.o (.text.at8236_clamp_speed)
                  00001e9e    00000002     --HOLE-- [fill = 0]
                  00001ea0    00000044     key.o (.text.AJ_Init)
                  00001ee4    00000044     driverlib.a : dl_sysctl_mspm0g1x0x_g3x0x.o (.text.DL_SYSCTL_switchMCLKfromSYSOSCtoHSCLK)
                  00001f28    00000044     DL_OLED.o (.text.OLED_I2C_Stop)
                  00001f6c    00000044     at8236.o (.text.at8236_get_max_speed)
                  00001fb0    00000044     at8236.o (.text.at8236_pid_clamp_i32)
                  00001ff4    00000040     bluetooth.o (.text.Bluetooth_Init)
                  00002034    00000040     ti_msp_dl_config.o (.text.SYSCFG_DL_UART_DEBUG_init)
                  00002074    00000040     ti_msp_dl_config.o (.text.SYSCFG_DL_UART_JY901_init)
                  000020b4    00000040     libclang_rt.builtins.a : aeabi_uidivmod.S.obj (.text.__aeabi_uidivmod)
                  000020f4    0000003e                            : divmoddi4.c.obj (.text.__divmoddi4)
                  00002132    00000002     --HOLE-- [fill = 0]
                  00002134    0000003c     ti_msp_dl_config.o (.text.DL_Timer_setCounterControl)
                  00002170    0000003c     ti_msp_dl_config.o (.text.SYSCFG_DL_TIMER_TICK_init)
                  000021ac    0000003c     libc.a : autoinit.c.obj (.text:__TI_auto_init_nobinit_nopinit)
                  000021e8    0000003a     libclang_rt.builtins.a : muldsi3.S.obj (.text.__muldsi3)
                  00002222    00000002     --HOLE-- [fill = 0]
                  00002224    00000038     at8236.o (.text.AT8236_Init)
                  0000225c    00000036     DL_OLED.o (.text.OLED_SetCursor)
                  00002292    00000002     --HOLE-- [fill = 0]
                  00002294    00000034     at8236.o (.text.AT8236_SetMotors)
                  000022c8    00000034     at8236.o (.text.at8236_get_output_speed)
                  000022fc    00000030     bluetooth.o (.text.UART2_IRQHandler)
                  0000232c    0000002c     bluetooth.o (.text.__NVIC_EnableIRQ)
                  00002358    0000002c     empty.o (.text.__NVIC_EnableIRQ)
                  00002384    0000002c     encoder.o (.text.__NVIC_EnableIRQ)
                  000023b0    0000002c     key.o (.text.__NVIC_EnableIRQ)
                  000023dc    0000002a     DL_OLED.o (.text.OLED_WriteCommand)
                  00002406    0000002a     DL_OLED.o (.text.OLED_WriteData)
                  00002430    00000028     bluetooth.o (.text.DL_Common_updateReg)
                  00002458    00000028     ti_msp_dl_config.o (.text.DL_Common_updateReg)
                  00002480    00000028     bluetooth.o (.text.DL_UART_setRXFIFOThreshold)
                  000024a8    00000028     encoder.o (.text.Encoder_GetSpeeds)
                  000024d0    00000028     DL_OLED.o (.text.OLED_Pow)
                  000024f8    00000028     libc.a : boot_cortex_m.c.obj (.text:_c_int00_noargs)
                  00002520    00000026     at8236.o (.text.AT8236_SetMotor)
                  00002546    00000026     at8236.o (.text.at8236_pid_reset_controller)
                  0000256c    00000024     at8236.o (.text.AT8236_PID_SetTargets)
                  00002590    00000024     DL_OLED.o (.text.OLED_I2C_Init)
                  000025b4    00000024     empty.o (.text.TimerTick_Init)
                  000025d8    00000024     libclang_rt.builtins.a : floatunsidf.S.obj (.text.__floatunsidf)
                  000025fc    00000024                            : muldi3.S.obj (.text.__muldi3)
                  00002620    00000020     ti_msp_dl_config.o (.text.DL_GPIO_initPeripheralInputFunction)
                  00002640    00000020     ti_msp_dl_config.o (.text.DL_SYSCTL_setFlashWaitState)
                  00002660    00000020     myxunji.o (.text.Xunji_Task)
                  00002680    0000001e     ti_msp_dl_config.o (.text.DL_UART_setOversampling)
                  0000269e    00000002     --HOLE-- [fill = 0]
                  000026a0    0000001e     libclang_rt.builtins.a : ashldi3.S.obj (.text.__ashldi3)
                  000026be    00000002     --HOLE-- [fill = 0]
                  000026c0    0000001c     encoder.o (.text.DL_GPIO_clearInterruptStatus)
                  000026dc    0000001c     interrupt.o (.text.DL_GPIO_clearInterruptStatus)
                  000026f8    0000001c     key.o (.text.DL_GPIO_clearInterruptStatus)
                  00002714    0000001c     ti_msp_dl_config.o (.text.DL_GPIO_clearInterruptStatus)
                  00002730    0000001c     encoder.o (.text.DL_GPIO_enableInterrupt)
                  0000274c    0000001c     ti_msp_dl_config.o (.text.DL_GPIO_enableInterrupt)
                  00002768    0000001c     ti_msp_dl_config.o (.text.DL_GPIO_initPeripheralOutputFunction)
                  00002784    0000001c     ti_msp_dl_config.o (.text.DL_GPIO_setLowerPinsPolarity)
                  000027a0    0000001c     driverlib.a : dl_sysctl_mspm0g1x0x_g3x0x.o (.text.DL_SYSCTL_configFCC)
                  000027bc    0000001c     ti_msp_dl_config.o (.text.DL_SYSCTL_setFCCPeriods)
                  000027d8    0000001c     ti_msp_dl_config.o (.text.DL_SYSCTL_setSYSOSCFreq)
                  000027f4    0000001c     ti_msp_dl_config.o (.text.DL_SYSCTL_setULPCLKDivider)
                  00002810    0000001c     ti_msp_dl_config.o (.text.DL_Timer_enableInterrupt)
                  0000282c    0000001c     driverlib.a : dl_timer.o (.text.DL_Timer_setCaptCompUpdateMethod)
                  00002848    0000001c                 : dl_timer.o (.text.DL_Timer_setClockConfig)
                  00002864    0000001c     bluetooth.o (.text.DL_UART_enableInterrupt)
                  00002880    0000001c     ti_msp_dl_config.o (.text.DL_UART_enableInterrupt)
                  0000289c    00000018     at8236.o (.text.AT8236_PID_Init)
                  000028b4    00000018     ti_msp_dl_config.o (.text.DL_GPIO_enableOutput)
                  000028cc    00000018     ti_msp_dl_config.o (.text.DL_GPIO_enablePower)
                  000028e4    00000018     encoder.o (.text.DL_GPIO_getEnabledInterruptStatus)
                  000028fc    00000018     interrupt.o (.text.DL_GPIO_getEnabledInterruptStatus)
                  00002914    00000018     ti_msp_dl_config.o (.text.DL_GPIO_initDigitalOutput)
                  0000292c    00000018     ti_msp_dl_config.o (.text.DL_GPIO_initPeripheralAnalogFunction)
                  00002944    00000018     ti_msp_dl_config.o (.text.DL_GPIO_reset)
                  0000295c    00000018     DL_OLED.o (.text.DL_GPIO_setPins)
                  00002974    00000018     ti_msp_dl_config.o (.text.DL_GPIO_setUpperPinsPolarity)
                  0000298c    00000018     ti_msp_dl_config.o (.text.DL_SYSCTL_setBORThreshold)
                  000029a4    00000018     empty.o (.text.DL_Timer_clearInterruptStatus)
                  000029bc    00000018     interrupt.o (.text.DL_Timer_clearInterruptStatus)
                  000029d4    00000018     ti_msp_dl_config.o (.text.DL_Timer_enablePower)
                  000029ec    00000018     ti_msp_dl_config.o (.text.DL_Timer_reset)
                  00002a04    00000018     driverlib.a : dl_timer.o (.text.DL_Timer_setCaptureCompareOutCtl)
                  00002a1c    00000018     at8236.o (.text.DL_Timer_startCounter)
                  00002a34    00000018     empty.o (.text.DL_Timer_startCounter)
                  00002a4c    00000018     bluetooth.o (.text.DL_UART_enableFIFOs)
                  00002a64    00000018     ti_msp_dl_config.o (.text.DL_UART_enablePower)
                  00002a7c    00000018     ti_msp_dl_config.o (.text.DL_UART_reset)
                  00002a94    00000016     encoder.o (.text.DL_GPIO_readPins)
                  00002aaa    00000016     key.o (.text.DL_GPIO_readPins)
                  00002ac0    00000016     myxunji.o (.text.DL_GPIO_readPins)
                  00002ad6    00000016     ti_msp_dl_config.o (.text.DL_UART_enable)
                  00002aec    00000016     libc.a : copy_zero_init.c.obj (.text:decompress:ZI:__TI_zero_init_nomemset)
                  00002b02    00000014     DL_OLED.o (.text.DL_GPIO_clearPins)
                  00002b16    00000014     ti_msp_dl_config.o (.text.DL_GPIO_clearPins)
                  00002b2a    00000002     --HOLE-- [fill = 0]
                  00002b2c    00000014     ti_msp_dl_config.o (.text.DL_SYSCTL_disableSYSPLL)
                  00002b40    00000014     ti_msp_dl_config.o (.text.DL_SYSCTL_enableSYSPLL)
                  00002b54    00000014     ti_msp_dl_config.o (.text.DL_Timer_enableClock)
                  00002b68    00000014     ti_msp_dl_config.o (.text.DL_Timer_setCCPDirection)
                  00002b7c    00000014     bluetooth.o (.text.DL_UART_receiveData)
                  00002b90    00000014     libclang_rt.builtins.a : aeabi_ldivmod.S.obj (.text.__aeabi_ldivmod)
                  00002ba4    00000012     interrupt.o (.text.DL_Timer_getPendingInterrupt)
                  00002bb6    00000012     bluetooth.o (.text.DL_UART_getPendingInterrupt)
                  00002bc8    00000012     driverlib.a : dl_uart.o (.text.DL_UART_setClockConfig)
                  00002bda    00000012     libc.a : memcpy16.S.obj (.text:TI_memcpy_small)
                  00002bec    00000012            : copy_decompress_none.c.obj (.text:decompress:none)
                  00002bfe    00000002     --HOLE-- [fill = 0]
                  00002c00    00000010     ti_msp_dl_config.o (.text.DL_SYSCTL_disableHFXT)
                  00002c10    00000010     ti_msp_dl_config.o (.text.DL_SYSCTL_isFCCDone)
                  00002c20    00000010     ti_msp_dl_config.o (.text.DL_SYSCTL_startFCC)
                  00002c30    00000010     driverlib.a : dl_timer.o (.text.DL_Timer_setCaptureCompareValue)
                  00002c40    0000000c     ti_msp_dl_config.o (.text.DL_SYSCTL_getClockStatus)
                  00002c4c    0000000c     ti_msp_dl_config.o (.text.DL_SYSCTL_readFCC)
                  00002c58    0000000a     driverlib.a : dl_common.o (.text.DL_Common_delayCycles)
                  00002c62    00000002     --HOLE-- [fill = 0]
                  00002c64    00000008     libclang_rt.builtins.a : aeabi_memcpy.S.obj (.text.__aeabi_memcpy)
                  00002c6c    00000006     libc.a : exit.c.obj (.text:abort)
                  00002c72    00000004     startup_mspm0g350x_ticlang.o (.text.Default_Handler)
                  00002c76    00000004     libsysbm.a : hostexit.c.obj (.text.HOSTexit)
                  00002c7a    00000004     startup_mspm0g350x_ticlang.o (.text.Reset_Handler)
                  00002c7e    00000004     libc.a : pre_init.c.obj (.text._system_pre_init)
                  00002c82    00000006     --HOLE-- [fill = 0]

.cinit     0    00003318    00000040     
                  00003318    00000015     (.cinit..data.load) [load image, compression = lzss]
                  0000332d    00000003     --HOLE-- [fill = 0]
                  00003330    0000000c     (__TI_handler_table)
                  0000333c    00000008     (.cinit..bss.load) [load image, compression = zero_init]
                  00003344    00000010     (__TI_cinit_table)
                  00003354    00000004     --HOLE-- [fill = 0]

.rodata    0    00002c88    00000690     
                  00002c88    000005f0     DL_OLED.o (.rodata.OLED_F8x16)
                  00003278    00000028     ti_msp_dl_config.o (.rodata.gSYSPLLConfig)
                  000032a0    00000014     ti_msp_dl_config.o (.rodata.gTIMER_TICKTimerConfig)
                  000032b4    00000010     encoder.o (.rodata.quad_table)
                  000032c4    0000000a     ti_msp_dl_config.o (.rodata.gUART_BTConfig)
                  000032ce    0000000a     ti_msp_dl_config.o (.rodata.gUART_DEBUGConfig)
                  000032d8    0000000a     ti_msp_dl_config.o (.rodata.gUART_JY901Config)
                  000032e2    00000002     ti_msp_dl_config.o (.rodata.gUART_BTClockConfig)
                  000032e4    00000008     ti_msp_dl_config.o (.rodata.gPWM1_AT8236Config)
                  000032ec    00000008     ti_msp_dl_config.o (.rodata.gPWM2_AT8236Config)
                  000032f4    00000008     ti_msp_dl_config.o (.rodata.gPWM_TB6612Config)
                  000032fc    00000007     empty.o (.rodata.str1.9517790425240694019.1)
                  00003303    00000003     ti_msp_dl_config.o (.rodata.gPWM1_AT8236ClockConfig)
                  00003306    00000003     ti_msp_dl_config.o (.rodata.gPWM2_AT8236ClockConfig)
                  00003309    00000003     ti_msp_dl_config.o (.rodata.gPWM_TB6612ClockConfig)
                  0000330c    00000003     ti_msp_dl_config.o (.rodata.gTIMER_TICKClockConfig)
                  0000330f    00000002     ti_msp_dl_config.o (.rodata.gUART_DEBUGClockConfig)
                  00003311    00000002     ti_msp_dl_config.o (.rodata.gUART_JY901ClockConfig)
                  00003313    00000005     --HOLE-- [fill = 0]

.init_array 
*          0    00000000    00000000     UNINITIALIZED

.binit     0    00000000    00000000     

.bss       0    20200000    000001a8     UNINITIALIZED
                  20200000    000000bc     (.common:gPWM2_AT8236Backup)
                  202000bc    000000a0     (.common:gPWM1_AT8236Backup)
                  2020015c    00000030     (.common:gUART_DEBUGBackup)
                  2020018c    00000008     (.common:EncoderA)
                  20200194    00000008     (.common:EncoderB)
                  2020019c    00000004     (.common:l_speed_now)
                  202001a0    00000004     (.common:r_speed_now)
                  202001a4    00000001     bluetooth.o (.bss.bt_cmd)
                  202001a5    00000001     bluetooth.o (.bss.bt_cmd_ready)
                  202001a6    00000001     encoder.o (.bss.encoderA_last)
                  202001a7    00000001     encoder.o (.bss.encoderB_last)

.data      0    202001a8    00000056     UNINITIALIZED
                  202001a8    00000018     at8236.o (.data.AT8236_PIDA)
                  202001c0    00000018     at8236.o (.data.AT8236_PIDB)
                  202001d8    00000008     at8236.o (.data.AT8236_MotorA)
                  202001e0    00000008     at8236.o (.data.AT8236_MotorB)
                  202001e8    00000004     interrupt.o (.data.system_tick_ms)
                  202001ec    00000002     empty.o (.data.main.left_speed_load)
                  202001ee    00000002     empty.o (.data.main.right_speed_load)
                  202001f0    00000001     key.o (.data.AJ1_IsPressed.debounce_cnt)
                  202001f1    00000001     key.o (.data.AJ1_pressed)
                  202001f2    00000001     key.o (.data.AJ2_IsPressed.debounce_cnt)
                  202001f3    00000001     key.o (.data.AJ2_pressed)
                  202001f4    00000001     key.o (.data.AJ3_IsPressed.debounce_cnt)
                  202001f5    00000001     key.o (.data.AJ3_pressed)
                  202001f6    00000001     key.o (.data.AJ4_IsPressed.debounce_cnt)
                  202001f7    00000001     key.o (.data.AJ4_pressed)
                  202001f8    00000001     interrupt.o (.data.TIMG0_IRQHandler.tick_10ms)
                  202001f9    00000001     interrupt.o (.data.TIMG0_IRQHandler.tick_15ms)
                  202001fa    00000001     empty.o (.data.question2_running_flag)
                  202001fb    00000001     empty.o (.data.question4_running_flag)
                  202001fc    00000001     empty.o (.data.question5_running_flag)
                  202001fd    00000001     empty.o (.data.question_number)

.stack     0    20207e00    00000200     UNINITIALIZED
                  20207e00    00000004     libc.a : boot_cortex_m.c.obj (.stack)
                  20207e04    000001fc     --HOLE--

__llvm_prf_cnts 
*          0    20200000    00000000     UNINITIALIZED

__llvm_prf_bits 
*          0    20200000    00000000     UNINITIALIZED

MODULE SUMMARY

       Module                         code    ro data   rw data
       ------                         ----    -------   -------
    .\
       ti_msp_dl_config.o             3072    132       396    
       DL_OLED.o                      1390    1520      0      
       at8236.o                       1492    0         64     
       encoder.o                      614     16        18     
       key.o                          626     0         8      
       myxunji.o                      604     0         0      
       empty.o                        424     7         16     
       interrupt.o                    402     0         6      
       bluetooth.o                    326     0         2      
       startup_mspm0g350x_ticlang.o   8       192       0      
    +--+------------------------------+-------+---------+---------+
       Total:                         8958    1867      510    
                                                               
    E:/2026diansai/mspm0_sdk_2_10_00_04/source/ti/driverlib/lib/ticlang/m0p/mspm0g1x0x_g3x0x/driverlib.a
       dl_timer.o                     608     0         0      
       dl_sysctl_mspm0g1x0x_g3x0x.o   416     0         0      
       dl_uart.o                      90      0         0      
       dl_common.o                    10      0         0      
    +--+------------------------------+-------+---------+---------+
       Total:                         1124    0         0      
                                                               
    E:\2026diansai\ccs\tools\compiler\ti-cgt-armllvm_4.0.4.LTS\lib\armv6m-ti-none-eabi/c/libc.a
       copy_decompress_lzss.c.obj     124     0         0      
       autoinit.c.obj                 60      0         0      
       boot_cortex_m.c.obj            40      0         0      
       copy_zero_init.c.obj           22      0         0      
       copy_decompress_none.c.obj     18      0         0      
       memcpy16.S.obj                 18      0         0      
       exit.c.obj                     6       0         0      
       pre_init.c.obj                 4       0         0      
    +--+------------------------------+-------+---------+---------+
       Total:                         292     0         0      
                                                               
    E:\2026diansai\ccs\tools\compiler\ti-cgt-armllvm_4.0.4.LTS\lib\armv6m-ti-none-eabi/c/libsysbm.a
       hostexit.c.obj                 4       0         0      
    +--+------------------------------+-------+---------+---------+
       Total:                         4       0         0      
                                                               
    E:\2026diansai\ccs\tools\compiler\ti-cgt-armllvm_4.0.4.LTS\lib\armv6m-ti-none-eabi/libclang_rt.builtins.a
       comparedf2.c.obj               220     0         0      
       udivmoddi4.S.obj               162     0         0      
       aeabi_dcmp.S.obj               98      0         0      
       aeabi_uidivmod.S.obj           64      0         0      
       divmoddi4.c.obj                62      0         0      
       muldsi3.S.obj                  58      0         0      
       floatunsidf.S.obj              36      0         0      
       muldi3.S.obj                   36      0         0      
       ashldi3.S.obj                  30      0         0      
       aeabi_ldivmod.S.obj            20      0         0      
       aeabi_memcpy.S.obj             8       0         0      
       aeabi_div0.c.obj               4       0         0      
    +--+------------------------------+-------+---------+---------+
       Total:                         798     0         0      
                                                               
       Stack:                         0       0         512    
       Linker Generated:              0       57        0      
    +--+------------------------------+-------+---------+---------+
       Grand Total:                   11176   1924      1022   


LINKER GENERATED COPY TABLES

__TI_cinit_table @ 00003344 records: 2, size/record: 8, table size: 16
	.data: load addr=00003318, load size=00000015 bytes, run addr=202001a8, run size=00000056 bytes, compression=lzss
	.bss: load addr=0000333c, load size=00000008 bytes, run addr=20200000, run size=000001a8 bytes, compression=zero_init


LINKER GENERATED HANDLER TABLE

__TI_handler_table @ 00003330 records: 3, size/record: 4, table size: 12
	index: 0, handler: __TI_decompress_lzss
	index: 1, handler: __TI_decompress_none
	index: 2, handler: __TI_zero_init


GLOBAL SYMBOLS: SORTED ALPHABETICALLY BY Name 

address   name                                 
-------   ----                                 
00002c73  ADC0_IRQHandler                      
00002c73  ADC1_IRQHandler                      
00002c73  AES_IRQHandler                       
000016e1  AJ1_IsPressed                        
202001f1  AJ1_pressed                          
00001755  AJ2_IsPressed                        
202001f3  AJ2_pressed                          
000017c9  AJ3_IsPressed                        
202001f5  AJ3_pressed                          
0000183d  AJ4_IsPressed                        
202001f7  AJ4_pressed                          
00001ea1  AJ_Init                              
00002225  AT8236_Init                          
202001d8  AT8236_MotorA                        
202001e0  AT8236_MotorB                        
202001a8  AT8236_PIDA                          
202001c0  AT8236_PIDB                          
0000289d  AT8236_PID_Init                      
0000256d  AT8236_PID_SetTargets                
000018b1  AT8236_PID_Update                    
00002521  AT8236_SetMotor                      
00002295  AT8236_SetMotors                     
00001ff5  Bluetooth_Init                       
00002c76  C$$EXIT                              
00002c73  CANFD0_IRQHandler                    
00002c73  DAC0_IRQHandler                      
00002c59  DL_Common_delayCycles                
000027a1  DL_SYSCTL_configFCC                  
00000c09  DL_SYSCTL_configSYSPLL               
00001a71  DL_SYSCTL_setHFCLKSourceHFXTParams   
00001ee5  DL_SYSCTL_switchMCLKfromSYSOSCtoHSCLK
00000749  DL_Timer_initFourCCPWMMode           
0000084d  DL_Timer_initTimerMode               
0000282d  DL_Timer_setCaptCompUpdateMethod     
00002a05  DL_Timer_setCaptureCompareOutCtl     
00002c31  DL_Timer_setCaptureCompareValue      
00002849  DL_Timer_setClockConfig              
00001e11  DL_UART_init                         
00002bc9  DL_UART_setClockConfig               
00002c73  DMA_IRQHandler                       
00002c73  Default_Handler                      
2020018c  EncoderA                             
20200194  EncoderB                             
000024a9  Encoder_GetSpeeds                    
00000635  Encoder_IRQHandler                   
0000119d  Encoder_Init                         
00002c73  GROUP0_IRQHandler                    
00000fad  GROUP1_IRQHandler                    
00002c77  HOSTexit                             
00002c73  HardFault_Handler                    
00002c73  I2C0_IRQHandler                      
00002c73  I2C1_IRQHandler                      
00002c73  NMI_Handler                          
00001bf1  OLED_Clear                           
00002c88  OLED_F8x16                           
00002591  OLED_I2C_Init                        
00000ce5  OLED_I2C_SendByte                    
00001b99  OLED_I2C_Start                       
00001f29  OLED_I2C_Stop                        
000010fd  OLED_Init                            
000024d1  OLED_Pow                             
0000225d  OLED_SetCursor                       
00000d99  OLED_ShowChar                        
00001665  OLED_ShowNum                         
00000efd  OLED_ShowSignedNum                   
00001dc5  OLED_ShowString                      
000023dd  OLED_WriteCommand                    
00002407  OLED_WriteData                       
00002c73  PendSV_Handler                       
00002c73  RTC_IRQHandler                       
00002c7b  Reset_Handler                        
00002c73  SPI0_IRQHandler                      
00002c73  SPI1_IRQHandler                      
00002c73  SVC_Handler                          
000000c1  SYSCFG_DL_GPIO_init                  
00001235  SYSCFG_DL_PWM1_AT8236_init           
000012c1  SYSCFG_DL_PWM2_AT8236_init           
0000134d  SYSCFG_DL_PWM_TB6612_init            
00000a3d  SYSCFG_DL_SYSCTL_SYSPLL_init         
0000156d  SYSCFG_DL_SYSCTL_init                
00002171  SYSCFG_DL_TIMER_TICK_init            
00001d2d  SYSCFG_DL_UART_BT_init               
00002035  SYSCFG_DL_UART_DEBUG_init            
00002075  SYSCFG_DL_UART_JY901_init            
00001d79  SYSCFG_DL_init                       
00000e4d  SYSCFG_DL_initPower                  
00002c73  SysTick_Handler                      
00002c73  TIMA0_IRQHandler                     
00002c73  TIMA1_IRQHandler                     
000013d9  TIMG0_IRQHandler                     
00002c73  TIMG12_IRQHandler                    
00002c73  TIMG6_IRQHandler                     
00002c73  TIMG7_IRQHandler                     
00002c73  TIMG8_IRQHandler                     
00002bdb  TI_memcpy_small                      
000025b5  TimerTick_Init                       
00002c73  UART0_IRQHandler                     
00002c73  UART1_IRQHandler                     
000022fd  UART2_IRQHandler                     
00002c73  UART3_IRQHandler                     
00000949  Xunji_Read_Hardware                  
00002661  Xunji_Task                           
20208000  __STACK_END                          
00000200  __STACK_SIZE                         
00000000  __TI_ATRegion0_region_sz             
00000000  __TI_ATRegion0_src_addr              
00000000  __TI_ATRegion0_trg_addr              
00000000  __TI_ATRegion1_region_sz             
00000000  __TI_ATRegion1_src_addr              
00000000  __TI_ATRegion1_trg_addr              
00000000  __TI_ATRegion2_region_sz             
00000000  __TI_ATRegion2_src_addr              
00000000  __TI_ATRegion2_trg_addr              
00003344  __TI_CINIT_Base                      
00003354  __TI_CINIT_Limit                     
00003354  __TI_CINIT_Warm                      
00003330  __TI_Handler_Table_Base              
0000333c  __TI_Handler_Table_Limit             
000021ad  __TI_auto_init_nobinit_nopinit       
000015e9  __TI_decompress_lzss                 
00002bed  __TI_decompress_none                 
ffffffff  __TI_pprof_out_hndl                  
ffffffff  __TI_prof_data_size                  
ffffffff  __TI_prof_data_start                 
00000000  __TI_static_base__                   
00002aed  __TI_zero_init_nomemset              
00001ad5  __aeabi_dcmpeq                       
00001b11  __aeabi_dcmpge                       
00001b25  __aeabi_dcmpgt                       
00001afd  __aeabi_dcmple                       
00001ae9  __aeabi_dcmplt                       
00000fab  __aeabi_idiv0                        
000010fb  __aeabi_ldiv0                        
00002b91  __aeabi_ldivmod                      
000026a1  __aeabi_llsl                         
000025fd  __aeabi_lmul                         
00002c65  __aeabi_memcpy                       
00002c65  __aeabi_memcpy4                      
00002c65  __aeabi_memcpy8                      
000025d9  __aeabi_ui2d                         
000020b5  __aeabi_uidiv                        
000020b5  __aeabi_uidivmod                     
000026a1  __ashldi3                            
ffffffff  __binit__                            
00001a09  __cmpdf2                             
000020f5  __divmoddi4                          
00001a09  __eqdf2                              
000025d9  __floatunsidf                        
00001925  __gedf2                              
00001925  __gtdf2                              
00001a09  __ledf2                              
00001a09  __ltdf2                              
UNDEFED   __mpu_init                           
000025fd  __muldi3                             
000021e9  __muldsi3                            
00001a09  __nedf2                              
20207e00  __stack                              
20200000  __start___llvm_prf_bits              
20200000  __start___llvm_prf_cnts              
20200000  __stop___llvm_prf_bits               
20200000  __stop___llvm_prf_cnts               
00001059  __udivmoddi4                         
000024f9  _c_int00_noargs                      
UNDEFED   _system_post_cinit                   
00002c7f  _system_pre_init                     
00002c6d  abort                                
ffffffff  binit                                
202000bc  gPWM1_AT8236Backup                   
20200000  gPWM2_AT8236Backup                   
2020015c  gUART_DEBUGBackup                    
00000000  interruptVectors                     
2020019c  l_speed_now                          
0000050d  main                                 
202001fa  question2_running_flag               
202001fb  question4_running_flag               
202001fc  question5_running_flag               
202001fd  question_number                      
202001a0  r_speed_now                          
202001e8  system_tick_ms                       


GLOBAL SYMBOLS: SORTED BY Symbol Address 

address   name                                 
-------   ----                                 
00000000  __TI_ATRegion0_region_sz             
00000000  __TI_ATRegion0_src_addr              
00000000  __TI_ATRegion0_trg_addr              
00000000  __TI_ATRegion1_region_sz             
00000000  __TI_ATRegion1_src_addr              
00000000  __TI_ATRegion1_trg_addr              
00000000  __TI_ATRegion2_region_sz             
00000000  __TI_ATRegion2_src_addr              
00000000  __TI_ATRegion2_trg_addr              
00000000  __TI_static_base__                   
00000000  interruptVectors                     
000000c1  SYSCFG_DL_GPIO_init                  
00000200  __STACK_SIZE                         
0000050d  main                                 
00000635  Encoder_IRQHandler                   
00000749  DL_Timer_initFourCCPWMMode           
0000084d  DL_Timer_initTimerMode               
00000949  Xunji_Read_Hardware                  
00000a3d  SYSCFG_DL_SYSCTL_SYSPLL_init         
00000c09  DL_SYSCTL_configSYSPLL               
00000ce5  OLED_I2C_SendByte                    
00000d99  OLED_ShowChar                        
00000e4d  SYSCFG_DL_initPower                  
00000efd  OLED_ShowSignedNum                   
00000fab  __aeabi_idiv0                        
00000fad  GROUP1_IRQHandler                    
00001059  __udivmoddi4                         
000010fb  __aeabi_ldiv0                        
000010fd  OLED_Init                            
0000119d  Encoder_Init                         
00001235  SYSCFG_DL_PWM1_AT8236_init           
000012c1  SYSCFG_DL_PWM2_AT8236_init           
0000134d  SYSCFG_DL_PWM_TB6612_init            
000013d9  TIMG0_IRQHandler                     
0000156d  SYSCFG_DL_SYSCTL_init                
000015e9  __TI_decompress_lzss                 
00001665  OLED_ShowNum                         
000016e1  AJ1_IsPressed                        
00001755  AJ2_IsPressed                        
000017c9  AJ3_IsPressed                        
0000183d  AJ4_IsPressed                        
000018b1  AT8236_PID_Update                    
00001925  __gedf2                              
00001925  __gtdf2                              
00001a09  __cmpdf2                             
00001a09  __eqdf2                              
00001a09  __ledf2                              
00001a09  __ltdf2                              
00001a09  __nedf2                              
00001a71  DL_SYSCTL_setHFCLKSourceHFXTParams   
00001ad5  __aeabi_dcmpeq                       
00001ae9  __aeabi_dcmplt                       
00001afd  __aeabi_dcmple                       
00001b11  __aeabi_dcmpge                       
00001b25  __aeabi_dcmpgt                       
00001b99  OLED_I2C_Start                       
00001bf1  OLED_Clear                           
00001d2d  SYSCFG_DL_UART_BT_init               
00001d79  SYSCFG_DL_init                       
00001dc5  OLED_ShowString                      
00001e11  DL_UART_init                         
00001ea1  AJ_Init                              
00001ee5  DL_SYSCTL_switchMCLKfromSYSOSCtoHSCLK
00001f29  OLED_I2C_Stop                        
00001ff5  Bluetooth_Init                       
00002035  SYSCFG_DL_UART_DEBUG_init            
00002075  SYSCFG_DL_UART_JY901_init            
000020b5  __aeabi_uidiv                        
000020b5  __aeabi_uidivmod                     
000020f5  __divmoddi4                          
00002171  SYSCFG_DL_TIMER_TICK_init            
000021ad  __TI_auto_init_nobinit_nopinit       
000021e9  __muldsi3                            
00002225  AT8236_Init                          
0000225d  OLED_SetCursor                       
00002295  AT8236_SetMotors                     
000022fd  UART2_IRQHandler                     
000023dd  OLED_WriteCommand                    
00002407  OLED_WriteData                       
000024a9  Encoder_GetSpeeds                    
000024d1  OLED_Pow                             
000024f9  _c_int00_noargs                      
00002521  AT8236_SetMotor                      
0000256d  AT8236_PID_SetTargets                
00002591  OLED_I2C_Init                        
000025b5  TimerTick_Init                       
000025d9  __aeabi_ui2d                         
000025d9  __floatunsidf                        
000025fd  __aeabi_lmul                         
000025fd  __muldi3                             
00002661  Xunji_Task                           
000026a1  __aeabi_llsl                         
000026a1  __ashldi3                            
000027a1  DL_SYSCTL_configFCC                  
0000282d  DL_Timer_setCaptCompUpdateMethod     
00002849  DL_Timer_setClockConfig              
0000289d  AT8236_PID_Init                      
00002a05  DL_Timer_setCaptureCompareOutCtl     
00002aed  __TI_zero_init_nomemset              
00002b91  __aeabi_ldivmod                      
00002bc9  DL_UART_setClockConfig               
00002bdb  TI_memcpy_small                      
00002bed  __TI_decompress_none                 
00002c31  DL_Timer_setCaptureCompareValue      
00002c59  DL_Common_delayCycles                
00002c65  __aeabi_memcpy                       
00002c65  __aeabi_memcpy4                      
00002c65  __aeabi_memcpy8                      
00002c6d  abort                                
00002c73  ADC0_IRQHandler                      
00002c73  ADC1_IRQHandler                      
00002c73  AES_IRQHandler                       
00002c73  CANFD0_IRQHandler                    
00002c73  DAC0_IRQHandler                      
00002c73  DMA_IRQHandler                       
00002c73  Default_Handler                      
00002c73  GROUP0_IRQHandler                    
00002c73  HardFault_Handler                    
00002c73  I2C0_IRQHandler                      
00002c73  I2C1_IRQHandler                      
00002c73  NMI_Handler                          
00002c73  PendSV_Handler                       
00002c73  RTC_IRQHandler                       
00002c73  SPI0_IRQHandler                      
00002c73  SPI1_IRQHandler                      
00002c73  SVC_Handler                          
00002c73  SysTick_Handler                      
00002c73  TIMA0_IRQHandler                     
00002c73  TIMA1_IRQHandler                     
00002c73  TIMG12_IRQHandler                    
00002c73  TIMG6_IRQHandler                     
00002c73  TIMG7_IRQHandler                     
00002c73  TIMG8_IRQHandler                     
00002c73  UART0_IRQHandler                     
00002c73  UART1_IRQHandler                     
00002c73  UART3_IRQHandler                     
00002c76  C$$EXIT                              
00002c77  HOSTexit                             
00002c7b  Reset_Handler                        
00002c7f  _system_pre_init                     
00002c88  OLED_F8x16                           
00003330  __TI_Handler_Table_Base              
0000333c  __TI_Handler_Table_Limit             
00003344  __TI_CINIT_Base                      
00003354  __TI_CINIT_Limit                     
00003354  __TI_CINIT_Warm                      
20200000  __start___llvm_prf_bits              
20200000  __start___llvm_prf_cnts              
20200000  __stop___llvm_prf_bits               
20200000  __stop___llvm_prf_cnts               
20200000  gPWM2_AT8236Backup                   
202000bc  gPWM1_AT8236Backup                   
2020015c  gUART_DEBUGBackup                    
2020018c  EncoderA                             
20200194  EncoderB                             
2020019c  l_speed_now                          
202001a0  r_speed_now                          
202001a8  AT8236_PIDA                          
202001c0  AT8236_PIDB                          
202001d8  AT8236_MotorA                        
202001e0  AT8236_MotorB                        
202001e8  system_tick_ms                       
202001f1  AJ1_pressed                          
202001f3  AJ2_pressed                          
202001f5  AJ3_pressed                          
202001f7  AJ4_pressed                          
202001fa  question2_running_flag               
202001fb  question4_running_flag               
202001fc  question5_running_flag               
202001fd  question_number                      
20207e00  __stack                              
20208000  __STACK_END                          
ffffffff  __TI_pprof_out_hndl                  
ffffffff  __TI_prof_data_size                  
ffffffff  __TI_prof_data_start                 
ffffffff  __binit__                            
ffffffff  binit                                
UNDEFED   __mpu_init                           
UNDEFED   _system_post_cinit                   

[179 symbols]
