Component: Arm Compiler for Embedded 6.19 Tool: armlink [5e73cb00]

==============================================================================

Section Cross References

    main.o(.text.main) refers to zf_common_clock.o(.text.clock_init) for clock_init
    main.o(.text.main) refers to zf_common_debug.o(.text.debug_init) for debug_init
    main.o(.text.main) refers to imu963ra_attitude_demo.o(.text.imu963ra_attitude_demo_init) for imu963ra_attitude_demo_init
    main.o(.text.main) refers to zf_driver_pit.o(.text.pit_us_init) for pit_us_init
    main.o(.text.main) refers to imu963ra_attitude_demo.o(.text.imu963ra_attitude_demo_task) for imu963ra_attitude_demo_task
    main.o(.text.main) refers to imu963ra_attitude_demo.o(.text.imu963ra_attitude_demo_pit_handler) for imu963ra_attitude_demo_pit_handler
    main.o(.ARM.exidx.text.main) refers to main.o(.text.main) for [Anonymous Symbol]
    isr.o(.text.TIMA0_IRQHandler) refers to zf_driver_pit.o(.bss.pit_callback_list) for pit_callback_list
    isr.o(.text.TIMA0_IRQHandler) refers to zf_driver_pit.o(.data.pit_callback_ptr_list) for pit_callback_ptr_list
    isr.o(.ARM.exidx.text.TIMA0_IRQHandler) refers to isr.o(.text.TIMA0_IRQHandler) for [Anonymous Symbol]
    isr.o(.text.TIMA1_IRQHandler) refers to zf_driver_pit.o(.bss.pit_callback_list) for pit_callback_list
    isr.o(.text.TIMA1_IRQHandler) refers to zf_driver_pit.o(.data.pit_callback_ptr_list) for pit_callback_ptr_list
    isr.o(.ARM.exidx.text.TIMA1_IRQHandler) refers to isr.o(.text.TIMA1_IRQHandler) for [Anonymous Symbol]
    isr.o(.text.TIMG0_IRQHandler) refers to zf_driver_pit.o(.bss.pit_callback_list) for pit_callback_list
    isr.o(.text.TIMG0_IRQHandler) refers to zf_driver_pit.o(.data.pit_callback_ptr_list) for pit_callback_ptr_list
    isr.o(.ARM.exidx.text.TIMG0_IRQHandler) refers to isr.o(.text.TIMG0_IRQHandler) for [Anonymous Symbol]
    isr.o(.text.TIMG6_IRQHandler) refers to zf_driver_pit.o(.bss.pit_callback_list) for pit_callback_list
    isr.o(.text.TIMG6_IRQHandler) refers to zf_driver_pit.o(.data.pit_callback_ptr_list) for pit_callback_ptr_list
    isr.o(.ARM.exidx.text.TIMG6_IRQHandler) refers to isr.o(.text.TIMG6_IRQHandler) for [Anonymous Symbol]
    isr.o(.text.TIMG7_IRQHandler) refers to zf_driver_pit.o(.bss.pit_callback_list) for pit_callback_list
    isr.o(.text.TIMG7_IRQHandler) refers to zf_driver_pit.o(.data.pit_callback_ptr_list) for pit_callback_ptr_list
    isr.o(.ARM.exidx.text.TIMG7_IRQHandler) refers to isr.o(.text.TIMG7_IRQHandler) for [Anonymous Symbol]
    isr.o(.text.TIMG8_IRQHandler) refers to zf_driver_pit.o(.bss.pit_callback_list) for pit_callback_list
    isr.o(.text.TIMG8_IRQHandler) refers to zf_driver_pit.o(.data.pit_callback_ptr_list) for pit_callback_ptr_list
    isr.o(.ARM.exidx.text.TIMG8_IRQHandler) refers to isr.o(.text.TIMG8_IRQHandler) for [Anonymous Symbol]
    isr.o(.text.TIMG12_IRQHandler) refers to zf_driver_pit.o(.bss.pit_callback_list) for pit_callback_list
    isr.o(.text.TIMG12_IRQHandler) refers to zf_driver_pit.o(.data.pit_callback_ptr_list) for pit_callback_ptr_list
    isr.o(.ARM.exidx.text.TIMG12_IRQHandler) refers to isr.o(.text.TIMG12_IRQHandler) for [Anonymous Symbol]
    isr.o(.text.UART0_IRQHandler) refers to isr.o(.text.DL_UART_getPendingInterrupt) for DL_UART_getPendingInterrupt
    isr.o(.text.UART0_IRQHandler) refers to zf_common_debug.o(.text.debug_interrupr_handler) for debug_interrupr_handler
    isr.o(.text.UART0_IRQHandler) refers to isr.o(.text.DL_UART_clearInterruptStatus) for DL_UART_clearInterruptStatus
    isr.o(.text.UART0_IRQHandler) refers to zf_driver_uart.o(.data.uart_callback_list) for uart_callback_list
    isr.o(.text.UART0_IRQHandler) refers to zf_driver_uart.o(.bss.uart_callback_ptr_list) for uart_callback_ptr_list
    isr.o(.ARM.exidx.text.UART0_IRQHandler) refers to isr.o(.text.UART0_IRQHandler) for [Anonymous Symbol]
    isr.o(.ARM.exidx.text.DL_UART_getPendingInterrupt) refers to isr.o(.text.DL_UART_getPendingInterrupt) for [Anonymous Symbol]
    isr.o(.ARM.exidx.text.DL_UART_clearInterruptStatus) refers to isr.o(.text.DL_UART_clearInterruptStatus) for [Anonymous Symbol]
    isr.o(.text.UART1_IRQHandler) refers to isr.o(.text.DL_UART_getPendingInterrupt) for DL_UART_getPendingInterrupt
    isr.o(.text.UART1_IRQHandler) refers to isr.o(.text.DL_UART_clearInterruptStatus) for DL_UART_clearInterruptStatus
    isr.o(.text.UART1_IRQHandler) refers to zf_driver_uart.o(.data.uart_callback_list) for uart_callback_list
    isr.o(.text.UART1_IRQHandler) refers to zf_driver_uart.o(.bss.uart_callback_ptr_list) for uart_callback_ptr_list
    isr.o(.text.UART1_IRQHandler) refers to zf_device_type.o(.data.wireless_module_uart_handler) for wireless_module_uart_handler
    isr.o(.ARM.exidx.text.UART1_IRQHandler) refers to isr.o(.text.UART1_IRQHandler) for [Anonymous Symbol]
    isr.o(.text.UART2_IRQHandler) refers to isr.o(.text.DL_UART_getPendingInterrupt) for DL_UART_getPendingInterrupt
[...]
    __aeabi_errno_addr                       0x000019bd   Thumb Code     8  rt_errno_addr_intlibspace.o(.text)
    __errno$intlibspace                      0x000019bd   Thumb Code     0  rt_errno_addr_intlibspace.o(.text)
    __rt_errno_addr$intlibspace              0x000019bd   Thumb Code     0  rt_errno_addr_intlibspace.o(.text)
    _ll_udiv10                               0x000019c5   Thumb Code   122  lludiv10.o(.text)
    _printf_int_common                       0x00001a3f   Thumb Code   176  _printf_intcommon.o(.text)
    _printf_fp_dec_real                      0x00001c8d   Thumb Code   620  _printf_fp_dec.o(.text)
    _printf_fp_hex_real                      0x00001f05   Thumb Code   718  _printf_fp_hex.o(.text)
    _printf_cs_common                        0x000021dd   Thumb Code    22  _printf_char.o(.text)
    _printf_char                             0x000021f3   Thumb Code    16  _printf_char.o(.text)
    _printf_string                           0x00002203   Thumb Code     8  _printf_char.o(.text)
    _printf_lcs_common                       0x0000220b   Thumb Code    22  _printf_wchar.o(.text)
    _printf_wchar                            0x00002221   Thumb Code    16  _printf_wchar.o(.text)
    _printf_wstring                          0x00002231   Thumb Code     8  _printf_wchar.o(.text)
    ferror                                   0x00002239   Thumb Code     8  ferror.o(.text)
    _c16rtomb                                0x00002241   Thumb Code    66  _c16rtomb.o(.text)
    _wcrtomb                                 0x00002241   Thumb Code     0  _c16rtomb.o(.text)
    __rt_udiv10                              0x00002283   Thumb Code    40  rtudiv10.o(.text)
    __fpl_dcmp_InfNaN                        0x000022ad   Thumb Code   154  dcmpin.o(.text)
    __fpl_fcmp_InfNaN                        0x0000234d   Thumb Code    96  fcmpin.o(.text)
    _fsqrt                                   0x000023b1   Thumb Code   140  fsqrt.o(.text)
    __user_libspace                          0x00002441   Thumb Code     8  libspace.o(.text)
    __user_perproc_libspace                  0x00002441   Thumb Code     0  libspace.o(.text)
    __user_perthread_libspace                0x00002441   Thumb Code     0  libspace.o(.text)
    __user_setup_stackheap                   0x00002449   Thumb Code    62  sys_stackheap_outer.o(.text)
    __rt_ctype_table                         0x00002489   Thumb Code    16  rt_ctype_table.o(.text)
    __rt_locale                              0x00002499   Thumb Code     8  rt_locale_intlibspace.o(.text)
    _printf_fp_infnan                        0x000024a1   Thumb Code   120  _printf_fp_infnan.o(.text)
    _btod_etento                             0x00002529   Thumb Code   210  bigflt0.o(.text)
    _btod_d2e                                0x00002601   Thumb Code    64  btod.o(.text)
    _btod_emul                               0x00002a35   Thumb Code    28  btod.o(.text)
    _btod_emuld                              0x00002a51   Thumb Code   144  btod.o(.text)
    _btod_ediv                               0x00002ae1   Thumb Code    26  btod.o(.text)
    _btod_edivd                              0x00002afb   Thumb Code   124  btod.o(.text)
    exit                                     0x00002b81   Thumb Code    16  exit.o(.text)
    __fpl_cmpreturn                          0x00002b91   Thumb Code    46  cmpret.o(.text)
    __fpl_dcheck_NaN2                        0x00002bc1   Thumb Code    14  dnan2.o(.text)
    __fpl_fcheck_NaN2                        0x00002bd5   Thumb Code    10  fnan2.o(.text)
    strcmp                                   0x00002be5   Thumb Code   132  strcmp.o(.text)
    __fpl_return_NaN                         0x00002c6d   Thumb Code    94  retnan.o(.text)
    DL_Common_delayCycles                    0x00002cf1   Thumb Code    20  dl_common.o(.text.DL_Common_delayCycles)
    DL_SPI_init                              0x00002f31   Thumb Code    64  dl_spi.o(.text.DL_SPI_init)
    DL_SPI_setClockConfig                    0x00002fb5   Thumb Code    32  dl_spi.o(.text.DL_SPI_setClockConfig)
    DL_SYSCTL_configSYSPLL                   0x00003009   Thumb Code   212  ti_msp_dl_config.o(.text.DL_SYSCTL_configSYSPLL)
    DL_SYSCTL_setHFCLKSourceHFXTParams       0x0000318d   Thumb Code   160  ti_msp_dl_config.o(.text.DL_SYSCTL_setHFCLKSourceHFXTParams)
    DL_SYSCTL_setLFCLKSourceLFXT             0x0000323d   Thumb Code    76  ti_msp_dl_config.o(.text.DL_SYSCTL_setLFCLKSourceLFXT)
    DL_SYSCTL_switchMCLKfromSYSOSCtoHSCLK    0x000032e1   Thumb Code    32  ti_msp_dl_config.o(.text.DL_SYSCTL_switchMCLKfromSYSOSCtoHSCLK)
    DL_UART_init                             0x00003405   Thumb Code    68  dl_uart.o(.text.DL_UART_init)
    DL_UART_setClockConfig                   0x000034e9   Thumb Code    32  dl_uart.o(.text.DL_UART_setClockConfig)
    DL_VREF_configReference                  0x00003541   Thumb Code    48  dl_vref.o(.text.DL_VREF_configReference)
    FusionAhrsGetQuaternion                  0x0000367f   Thumb Code    32  fusionahrs.o(.text.FusionAhrsGetQuaternion)
    FusionAhrsInitialise                     0x00003995   Thumb Code    36  fusionahrs.o(.text.FusionAhrsInitialise)
    FusionAhrsReset                          0x000039bd   Thumb Code   152  fusionahrs.o(.text.FusionAhrsReset)
    FusionAhrsSetHeading                     0x00003a55   Thumb Code   208  fusionahrs.o(.text.FusionAhrsSetHeading)
    FusionAhrsSetSettings                    0x00003b25   Thumb Code   292  fusionahrs.o(.text.FusionAhrsSetSettings)
    FusionAhrsUpdate                         0x00003c59   Thumb Code  1026  fusionahrs.o(.text.FusionAhrsUpdate)
    FusionAhrsUpdateNoMagnetometer           0x0000405b   Thumb Code   124  fusionahrs.o(.text.FusionAhrsUpdateNoMagnetometer)
    FusionOffsetInitialise                   0x00004189   Thumb Code    76  fusionoffset.o(.text.FusionOffsetInitialise)
    FusionOffsetUpdate                       0x000041d9   Thumb Code   252  fusionoffset.o(.text.FusionOffsetUpdate)
    GROUP1_IRQHandler                        0x00004aa1   Thumb Code   252  isr.o(.text.GROUP1_IRQHandler)
    SYSCFG_DL_GPIO_init                      0x00004bad   Thumb Code   120  ti_msp_dl_config.o(.text.SYSCFG_DL_GPIO_init)
    SYSCFG_DL_SYSCTL_init                    0x00004c25   Thumb Code    96  ti_msp_dl_config.o(.text.SYSCFG_DL_SYSCTL_init)
    SYSCFG_DL_SYSTICK_init                   0x00004c8d   Thumb Code    14  ti_msp_dl_config.o(.text.SYSCFG_DL_SYSTICK_init)
    SYSCFG_DL_VREF_init                      0x00004c9d   Thumb Code    12  ti_msp_dl_config.o(.text.SYSCFG_DL_VREF_init)
    SYSCFG_DL_init                           0x00004cad   Thumb Code    24  ti_msp_dl_config.o(.text.SYSCFG_DL_init)
    SYSCFG_DL_initPower                      0x00004cc5   Thumb Code    56  ti_msp_dl_config.o(.text.SYSCFG_DL_initPower)
    TIMA0_IRQHandler                         0x00004d09   Thumb Code    16  isr.o(.text.TIMA0_IRQHandler)
    TIMA1_IRQHandler                         0x00004d19   Thumb Code    16  isr.o(.text.TIMA1_IRQHandler)
    TIMG0_IRQHandler                         0x00004d29   Thumb Code    16  isr.o(.text.TIMG0_IRQHandler)
    TIMG12_IRQHandler                        0x00004d39   Thumb Code    16  isr.o(.text.TIMG12_IRQHandler)
    TIMG6_IRQHandler                         0x00004d49   Thumb Code    16  isr.o(.text.TIMG6_IRQHandler)
    TIMG7_IRQHandler                         0x00004d59   Thumb Code    16  isr.o(.text.TIMG7_IRQHandler)
    TIMG8_IRQHandler                         0x00004d69   Thumb Code    16  isr.o(.text.TIMG8_IRQHandler)
    UART0_IRQHandler                         0x00004d81   Thumb Code    76  isr.o(.text.UART0_IRQHandler)
    UART1_IRQHandler                         0x00004dd5   Thumb Code    80  isr.o(.text.UART1_IRQHandler)
    UART2_IRQHandler                         0x00004e31   Thumb Code    72  isr.o(.text.UART2_IRQHandler)
    UART3_IRQHandler                         0x00004e81   Thumb Code    72  isr.o(.text.UART3_IRQHandler)
    _sys_exit                                0x00004fb9   Thumb Code     8  zf_common_debug.o(.text._sys_exit)
    afio_init                                0x00004fc1   Thumb Code   328  zf_driver_gpio.o(.text.afio_init)
    clock_init                               0x00005119   Thumb Code    26  zf_common_clock.o(.text.clock_init)
    debug_assert_handler                     0x00005281   Thumb Code    92  zf_common_debug.o(.text.debug_assert_handler)
    debug_init                               0x00005329   Thumb Code    72  zf_common_debug.o(.text.debug_init)
    debug_interrupr_handler                  0x00005381   Thumb Code    28  zf_common_debug.o(.text.debug_interrupr_handler)
    debug_log_handler                        0x000053a5   Thumb Code    60  zf_common_debug.o(.text.debug_log_handler)
    debug_output_init                        0x00005729   Thumb Code    64  zf_common_debug.o(.text.debug_output_init)
    debug_output_struct_init                 0x00005771   Thumb Code    48  zf_common_debug.o(.text.debug_output_struct_init)
    fifo_init                                0x0000586d   Thumb Code   136  zf_common_fifo.o(.text.fifo_init)
    fifo_write_buffer                        0x000058fd   Thumb Code   932  zf_common_fifo.o(.text.fifo_write_buffer)
    fputc                                    0x00005ca5   Thumb Code    36  zf_common_debug.o(.text.fputc)
    func_double_to_str                       0x00005ccd   Thumb Code   568  zf_common_function.o(.text.func_double_to_str)
    gpio_init                                0x00005f0d   Thumb Code   424  zf_driver_gpio.o(.text.gpio_init)
    gpio_set_level                           0x000060d5   Thumb Code   100  zf_driver_gpio.o(.text.gpio_set_level)
    imu963ra_attitude_demo_init              0x00006455   Thumb Code   192  imu963ra_attitude_demo.o(.text.imu963ra_attitude_demo_init)
    imu963ra_attitude_demo_pit_handler       0x00006555   Thumb Code    84  imu963ra_attitude_demo.o(.text.imu963ra_attitude_demo_pit_handler)
    imu963ra_attitude_demo_task              0x000066d1   Thumb Code   120  imu963ra_attitude_demo.o(.text.imu963ra_attitude_demo_task)
    imu963ra_attitude_get_euler              0x00006761   Thumb Code    56  imu963ra_attitude.o(.text.imu963ra_attitude_get_euler)
    imu963ra_attitude_init                   0x00006845   Thumb Code   172  imu963ra_attitude.o(.text.imu963ra_attitude_init)
    imu963ra_attitude_is_ready               0x000068f5   Thumb Code    40  imu963ra_attitude.o(.text.imu963ra_attitude_is_ready)
    imu963ra_attitude_update                 0x00006971   Thumb Code   200  imu963ra_attitude.o(.text.imu963ra_attitude_update)
    imu963ra_get_acc_gyro                    0x00006a99   Thumb Code    96  zf_device_imu963ra.o(.text.imu963ra_get_acc_gyro)
    imu963ra_init                            0x00006b11   Thumb Code   420  zf_device_imu963ra.o(.text.imu963ra_init)
    interrupt_disable                        0x00006f17   Thumb Code    22  zf_common_interrupt.o(.text.interrupt_disable)
    interrupt_enable                         0x00006f2d   Thumb Code    22  zf_common_interrupt.o(.text.interrupt_enable)
    interrupt_global_disable                 0x00006f45   Thumb Code    28  zf_common_interrupt.o(.text.interrupt_global_disable)
    interrupt_init                           0x00006f65   Thumb Code     2  zf_common_interrupt.o(.text.interrupt_init)
    interrupt_set_priority                   0x00006f67   Thumb Code    30  zf_common_interrupt.o(.text.interrupt_set_priority)
    main                                     0x00006f85   Thumb Code    52  main.o(.text.main)
    pit_enable                               0x00006fd1   Thumb Code   148  zf_driver_pit.o(.text.pit_enable)
    pit_us_init                              0x00007081   Thumb Code   320  zf_driver_pit.o(.text.pit_us_init)
    spi_init                                 0x00007335   Thumb Code   580  zf_driver_spi.o(.text.spi_init)
    spi_read_8bit_register                   0x000075a1   Thumb Code    40  zf_driver_spi.o(.text.spi_read_8bit_register)
    spi_read_8bit_registers                  0x000075c9   Thumb Code   104  zf_driver_spi.o(.text.spi_read_8bit_registers)
    spi_write_16bit_array                    0x00007635   Thumb Code    64  zf_driver_spi.o(.text.spi_write_16bit_array)
    spi_write_8bit                           0x00007679   Thumb Code    28  zf_driver_spi.o(.text.spi_write_8bit)
    spi_write_8bit_register                  0x00007695   Thumb Code    48  zf_driver_spi.o(.text.spi_write_8bit_register)
    system_delay_init                        0x000076c5   Thumb Code     2  zf_driver_delay.o(.text.system_delay_init)
    system_delay_ms                          0x000076c9   Thumb Code    68  zf_driver_delay.o(.text.system_delay_ms)
    tft180_clear                             0x0000771d   Thumb Code   236  zf_device_tft180.o(.text.tft180_clear)
    tft180_init                              0x00007891   Thumb Code   968  zf_device_tft180.o(.text.tft180_init)
    tft180_set_color                         0x00007c71   Thumb Code    28  zf_device_tft180.o(.text.tft180_set_color)
    tft180_set_dir                           0x00007c95   Thumb Code    64  zf_device_tft180.o(.text.tft180_set_dir)
    tft180_set_font                          0x00007cd9   Thumb Code    16  zf_device_tft180.o(.text.tft180_set_font)
    tft180_show_char                         0x00007e79   Thumb Code   672  zf_device_tft180.o(.text.tft180_show_char)
    tft180_show_float                        0x00008145   Thumb Code   400  zf_device_tft180.o(.text.tft180_show_float)
    tft180_show_string                       0x000082ed   Thumb Code   208  zf_device_tft180.o(.text.tft180_show_string)
    timer_clock_enable                       0x00008415   Thumb Code   148  zf_driver_timer.o(.text.timer_clock_enable)
    timer_funciton_check                     0x000084c5   Thumb Code    88  zf_driver_timer.o(.text.timer_funciton_check)
    uart_init                                0x0000852d   Thumb Code   360  zf_driver_uart.o(.text.uart_init)
    uart_query_byte                          0x000086b1   Thumb Code    88  zf_driver_uart.o(.text.uart_query_byte)
    uart_set_interrupt_config                0x00008709   Thumb Code   384  zf_driver_uart.o(.text.uart_set_interrupt_config)
    uart_write_byte                          0x00008891   Thumb Code    60  zf_driver_uart.o(.text.uart_write_byte)
    uart_write_string                        0x000088cd   Thumb Code    88  zf_driver_uart.o(.text.uart_write_string)
    __ARM_common_ll_muluu                    0x0000892d   Thumb Code    48  btod.o(i.__ARM_common_ll_muluu)
    __ARM_fpclassify                         0x0000895d   Thumb Code    40  fpclassify.o(i.__ARM_fpclassify)
    __ARM_fpclassifyf                        0x00008989   Thumb Code    34  fpclassifyf.o(i.__ARM_fpclassifyf)
    __mathlib_flt_divzero                    0x000089ab   Thumb Code    14  funder.o(i.__mathlib_flt_divzero)
    __mathlib_flt_infnan                     0x000089b9   Thumb Code    10  funder.o(i.__mathlib_flt_infnan)
    __mathlib_flt_infnan2                    0x000089c3   Thumb Code     8  funder.o(i.__mathlib_flt_infnan2)
    __mathlib_flt_invalid                    0x000089cb   Thumb Code    12  funder.o(i.__mathlib_flt_invalid)
    __mathlib_flt_overflow                   0x000089d7   Thumb Code    14  funder.o(i.__mathlib_flt_overflow)
    __mathlib_flt_underflow                  0x000089e5   Thumb Code    14  funder.o(i.__mathlib_flt_underflow)
    __mathlib_rredf2                         0x000089f5   Thumb Code   366  rredf.o(i.__mathlib_rredf2)
    __aeabi_dcmpeq                           0x00008b75   Thumb Code     0  dcmp.o(i._deq)
    _deq                                     0x00008b75   Thumb Code    22  dcmp.o(i._deq)
    __aeabi_dcmpge                           0x00008b8b   Thumb Code     0  dcmp.o(i._dgeq)
    _dgeq                                    0x00008b8b   Thumb Code    22  dcmp.o(i._dgeq)
    __aeabi_fcmpeq                           0x00008ba1   Thumb Code     0  fcmp.o(i._feq)
    _feq                                     0x00008ba1   Thumb Code    22  fcmp.o(i._feq)
    __aeabi_fcmpge                           0x00008bb7   Thumb Code     0  fcmp.o(i._fgeq)
    _fgeq                                    0x00008bb7   Thumb Code    22  fcmp.o(i._fgeq)
    __aeabi_fcmpgt                           0x00008bcd   Thumb Code     0  fcmp.o(i._fgr)
    _fgr                                     0x00008bcd   Thumb Code    22  fcmp.o(i._fgr)
    __aeabi_fcmple                           0x00008be3   Thumb Code     0  fcmp.o(i._fleq)
    _fleq                                    0x00008be3   Thumb Code    26  fcmp.o(i._fleq)
    __aeabi_fcmplt                           0x00008bfd   Thumb Code     0  fcmp.o(i._fls)
    _fls                                     0x00008bfd   Thumb Code    22  fcmp.o(i._fls)
    _is_digit                                0x00008c13   Thumb Code    14  __printf_wp.o(i._is_digit)
    asinf                                    0x00008c21   Thumb Code   242  asinf.o(i.asinf)
    atan2f                                   0x00008d39   Thumb Code   592  atan2f.o(i.atan2f)
    cosf                                     0x00008fd5   Thumb Code   318  cosf.o(i.cosf)
    __mathlib_powf                           0x0000914d   Thumb Code     0  powf.o(i.powf)
    powf                                     0x0000914d   Thumb Code  1538  powf.o(i.powf)
    sinf                                     0x0000976d   Thumb Code   330  sinf.o(i.sinf)
    sqrtf                                    0x000098f1   Thumb Code    44  sqrtf.o(i.sqrtf)
    _get_lc_numeric                          0x0000991d   Thumb Code    44  lc_numeric_c.o(locale$$code)
    _get_lc_ctype                            0x00009949   Thumb Code    44  lc_ctype_c.o(locale$$code)
    __aeabi_cdcmpeq                          0x00009975   Thumb Code     0  deqf.o(x$fpl$deqf)
    _dcmpeq                                  0x00009975   Thumb Code    94  deqf.o(x$fpl$deqf)
    _dcmpge                                  0x000099d9   Thumb Code    94  dgef.o(x$fpl$dgeqf)
    __aeabi_fadd                             0x00009a3d   Thumb Code     0  faddsub.o(x$fpl$fadd)
    _fadd                                    0x00009a3d   Thumb Code   134  faddsub.o(x$fpl$fadd)
    __aeabi_cfcmpeq                          0x00009ac9   Thumb Code     0  feqf.o(x$fpl$feqf)
    _fcmpeq                                  0x00009ac9   Thumb Code    78  feqf.o(x$fpl$feqf)
    _fcmpge                                  0x00009b1d   Thumb Code    78  fgef.o(x$fpl$fgeqf)
    __aeabi_cfcmple                          0x00009b71   Thumb Code     0  flef.o(x$fpl$fleqf)
    _fcmple                                  0x00009b71   Thumb Code    78  flef.o(x$fpl$fleqf)
    __aeabi_fmul                             0x00009bc5   Thumb Code     0  fmul.o(x$fpl$fmul)
    _fmul                                    0x00009bc5   Thumb Code   172  fmul.o(x$fpl$fmul)
    __aeabi_frsub                            0x00009c75   Thumb Code     0  faddsub.o(x$fpl$frsb)
    _frsb                                    0x00009c75   Thumb Code    24  faddsub.o(x$fpl$frsb)
    __aeabi_fsub                             0x00009c8d   Thumb Code     0  faddsub.o(x$fpl$fsub)
    _fsub                                    0x00009c8d   Thumb Code   204  faddsub.o(x$fpl$fsub)
    _printf_fp_dec                           0x00009d5d   Thumb Code    16  printf1.o(x$fpl$printf1)
    _printf_fp_hex                           0x00009d6d   Thumb Code    16  printf2.o(x$fpl$printf2)
    __I$use$fp                               0x00009d7c   Number         0  usenofp.o(x$fpl$usenofp)
    ascii_font_6x8                           0x0000a0b4   Data         552  zf_common_font.o(.rodata.ascii_font_6x8)
    ascii_font_8x16                          0x0000a2dc   Data        1520  zf_common_font.o(.rodata.ascii_font_8x16)
    gpio_iomux_index                         0x0000a904   Data          60  zf_driver_gpio.o(.rodata.gpio_iomux_index)
    Region$$Table$$Base                      0x0000ad60   Number         0  anon$$obj.o(Region$$Table)
    Region$$Table$$Limit                     0x0000ad80   Number         0  anon$$obj.o(Region$$Table)
    __ctype                                  0x0000ada9   Data           0  lc_ctype_c.o(locale$$data)
    exti_callback_list                       0x20200000   Data         128  zf_driver_exti.o(.data.exti_callback_list)
    gpio_group                               0x20200080   Data           8  zf_driver_gpio.o(.data.gpio_group)
    imu963ra_transition_factor               0x2020008c   Data          12  zf_device_imu963ra.o(.data.imu963ra_transition_factor)
    pit_callback_ptr_list                    0x20200098   Data          28  zf_driver_pit.o(.data.pit_callback_ptr_list)
    uart_callback_list                       0x202000c4   Data          16  zf_driver_uart.o(.data.uart_callback_list)
    wireless_module_uart_handler             0x202000e8   Data           4  zf_device_type.o(.data.wireless_module_uart_handler)
    __libspace_start                         0x202000f0   Data          96  libspace.o(.bss)
    __stdout                                 0x20200150   Data          84  zf_common_debug.o(.bss.__stdout)
    __temporary_stack_top$libspace           0x20200150   Data           0  libspace.o(.bss)
    debug_uart_buffer                        0x202001bc   Data          64  zf_common_debug.o(.bss.debug_uart_buffer)
    debug_uart_data                          0x202001fc   Data           1  zf_common_debug.o(.bss.debug_uart_data)
    debug_uart_fifo                          0x202001fd   Data          22  zf_common_debug.o(.bss.debug_uart_fifo)
    exti_callback_ptr_list                   0x20200214   Data         128  zf_driver_exti.o(.bss.exti_callback_ptr_list)
    imu963ra_acc_x                           0x20200294   Data           2  zf_device_imu963ra.o(.bss.imu963ra_acc_x)
    imu963ra_acc_y                           0x20200296   Data           2  zf_device_imu963ra.o(.bss.imu963ra_acc_y)
    imu963ra_acc_z                           0x20200298   Data           2  zf_device_imu963ra.o(.bss.imu963ra_acc_z)
    imu963ra_attitude_demo_angle             0x2020029c   Data          12  imu963ra_attitude_demo.o(.bss.imu963ra_attitude_demo_angle)
    imu963ra_attitude_pitch                  0x202002bc   Data           4  imu963ra_attitude.o(.bss.imu963ra_attitude_pitch)
    imu963ra_attitude_roll                   0x202002c4   Data           4  imu963ra_attitude.o(.bss.imu963ra_attitude_roll)
    imu963ra_attitude_yaw                    0x202002c8   Data           4  imu963ra_attitude.o(.bss.imu963ra_attitude_yaw)
    imu963ra_gyro_x                          0x20200358   Data           2  zf_device_imu963ra.o(.bss.imu963ra_gyro_x)
    imu963ra_gyro_y                          0x2020035a   Data           2  zf_device_imu963ra.o(.bss.imu963ra_gyro_y)
    imu963ra_gyro_z                          0x2020035c   Data           2  zf_device_imu963ra.o(.bss.imu963ra_gyro_z)
    pit_callback_list                        0x20200364   Data          28  zf_driver_pit.o(.bss.pit_callback_list)
    timer_function_state                     0x20200381   Data           7  zf_driver_timer.o(.bss.timer_function_state)
    uart_callback_ptr_list                   0x20200388   Data          16  zf_driver_uart.o(.bss.uart_callback_ptr_list)



==============================================================================

Memory Map of the image

  Image Entry point : 0x000000c1

  Load Region LR_IROM1 (Base: 0x00000000, Size: 0x0000afa0, Max: 0x00020000, ABSOLUTE)

    Execution Region ER_IROM1 (Exec base: 0x00000000, Load base: 0x00000000, Size: 0x0000aeac, Max: 0x00020000, ABSOLUTE)

    Exec Addr    Load Addr    Size         Type   Attr      Idx    E Section Name        Object

    0x00000000   0x00000000   0x000000c0   Data   RO         1501    RESET               startup_mspm0g350x_uvision.o
    0x000000c0   0x000000c0   0x00000008   Code   RO         2760  * !!!main             c_p.l(__main.o)
    0x000000c8   0x000000c8   0x0000003c   Code   RO         3377    !!!scatter          c_p.l(__scatter.o)
    0x00000104   0x00000104   0x00000004   PAD
    0x00000108   0x00000108   0x0000001a   Code   RO         3379    !!handler_copy      c_p.l(__scatter_copy.o)
    0x00000122   0x00000122   0x00000006   PAD
    0x00000128   0x00000128   0x0000001c   Code   RO         3381    !!handler_zi        c_p.l(__scatter_zi.o)
    0x00000144   0x00000144   0x00000002   Code   RO         2935    .ARM.Collect$$_printf_percent$$00000000  c_p.l(_printf_percent.o)
    0x00000146   0x00000146   0x0000000a   Code   RO         2924    .ARM.Collect$$_printf_percent$$00000001  c_p.l(_printf_n.o)
    0x00000150   0x00000150   0x0000000a   Code   RO         2926    .ARM.Collect$$_printf_percent$$00000002  c_p.l(_printf_p.o)
    0x0000015a   0x0000015a   0x0000000a   Code   RO         2931    .ARM.Collect$$_printf_percent$$00000003  c_p.l(_printf_f.o)
    0x00000164   0x00000164   0x0000000a   Code   RO         2932    .ARM.Collect$$_printf_percent$$00000004  c_p.l(_printf_e.o)
    0x0000016e   0x0000016e   0x0000000a   Code   RO         2933    .ARM.Collect$$_printf_percent$$00000005  c_p.l(_printf_g.o)
    0x00000178   0x00000178   0x0000000a   Code   RO         2934    .ARM.Collect$$_printf_percent$$00000006  c_p.l(_printf_a.o)
    0x00000182   0x00000182   0x0000000a   Code   RO         2939    .ARM.Collect$$_printf_percent$$00000007  c_p.l(_printf_ll.o)
    0x0000018c   0x0000018c   0x0000000a   Code   RO         2928    .ARM.Collect$$_printf_percent$$00000008  c_p.l(_printf_i.o)
    0x00000196   0x00000196   0x0000000a   Code   RO         2929    .ARM.Collect$$_printf_percent$$00000009  c_p.l(_printf_d.o)
    0x000001a0   0x000001a0   0x0000000a   Code   RO         2930    .ARM.Collect$$_printf_percent$$0000000A  c_p.l(_printf_u.o)
    0x000001aa   0x000001aa   0x0000000a   Code   RO         2927    .ARM.Collect$$_printf_percent$$0000000B  c_p.l(_printf_o.o)
    0x000001b4   0x000001b4   0x0000000a   Code   RO         2925    .ARM.Collect$$_printf_percent$$0000000C  c_p.l(_printf_x.o)
    0x000001be   0x000001be   0x0000000a   Code   RO         2936    .ARM.Collect$$_printf_percent$$0000000D  c_p.l(_printf_lli.o)
    0x000001c8   0x000001c8   0x0000000a   Code   RO         2937    .ARM.Collect$$_printf_percent$$0000000E  c_p.l(_printf_lld.o)
    0x000001d2   0x000001d2   0x0000000a   Code   RO         2938    .ARM.Collect$$_printf_percent$$0000000F  c_p.l(_printf_llu.o)
    0x000001dc   0x000001dc   0x0000000a   Code   RO         2943    .ARM.Collect$$_printf_percent$$00000010  c_p.l(_printf_llo.o)
    0x000001e6   0x000001e6   0x0000000a   Code   RO         2944    .ARM.Collect$$_printf_percent$$00000011  c_p.l(_printf_llx.o)
    0x000001f0   0x000001f0   0x0000000a   Code   RO         2940    .ARM.Collect$$_printf_percent$$00000012  c_p.l(_printf_l.o)
    0x000001fa   0x000001fa   0x0000000a   Code   RO         2922    .ARM.Collect$$_printf_percent$$00000013  c_p.l(_printf_c.o)
    0x00000204   0x00000204   0x0000000a   Code   RO         2923    .ARM.Collect$$_printf_percent$$00000014  c_p.l(_printf_s.o)
    0x0000020e   0x0000020e   0x0000000a   Code   RO         2941    .ARM.Collect$$_printf_percent$$00000015  c_p.l(_printf_lc.o)
    0x00000218   0x00000218   0x0000000a   Code   RO         2942    .ARM.Collect$$_printf_percent$$00000016  c_p.l(_printf_ls.o)
    0x00000222   0x00000222   0x00000004   Code   RO         3065    .ARM.Collect$$_printf_percent$$00000017  c_p.l(_printf_percent_end.o)
    0x00000226   0x00000226   0x00000002   Code   RO         3181    .ARM.Collect$$libinit$$00000000  c_p.l(libinit.o)
    0x00000228   0x00000228   0x00000000   Code   RO         3238    .ARM.Collect$$libinit$$00000002  c_p.l(libinit2.o)
    0x00000228   0x00000228   0x00000000   Code   RO         3240    .ARM.Collect$$libinit$$00000004  c_p.l(libinit2.o)
    0x00000228   0x00000228   0x00000000   Code   RO         3242    .ARM.Collect$$libinit$$00000006  c_p.l(libinit2.o)
    0x00000228   0x00000228   0x00000000   Code   RO         3245    .ARM.Collect$$libinit$$0000000C  c_p.l(libinit2.o)
    0x00000228   0x00000228   0x00000000   Code   RO         3247    .ARM.Collect$$libinit$$0000000E  c_p.l(libinit2.o)
    0x00000228   0x00000228   0x00000000   Code   RO         3249    .ARM.Collect$$libinit$$00000010  c_p.l(libinit2.o)
    0x00000228   0x00000228   0x00000006   Code   RO         3250    .ARM.Collect$$libinit$$00000011  c_p.l(libinit2.o)
    0x0000022e   0x0000022e   0x00000000   Code   RO         3252    .ARM.Collect$$libinit$$00000013  c_p.l(libinit2.o)
    0x0000022e   0x0000022e   0x0000000c   Code   RO         3253    .ARM.Collect$$libinit$$00000014  c_p.l(libinit2.o)
    0x0000023a   0x0000023a   0x00000000   Code   RO         3254    .ARM.Collect$$libinit$$00000015  c_p.l(libinit2.o)
    0x0000023a   0x0000023a   0x00000000   Code   RO         3256    .ARM.Collect$$libinit$$00000017  c_p.l(libinit2.o)
    0x0000023a   0x0000023a   0x0000000a   Code   RO         3257    .ARM.Collect$$libinit$$00000018  c_p.l(libinit2.o)
    0x00000244   0x00000244   0x00000000   Code   RO         3258    .ARM.Collect$$libinit$$00000019  c_p.l(libinit2.o)
    0x00000244   0x00000244   0x00000000   Code   RO         3260    .ARM.Collect$$libinit$$0000001B  c_p.l(libinit2.o)
    0x00000244   0x00000244   0x00000000   Code   RO         3262    .ARM.Collect$$libinit$$0000001D  c_p.l(libinit2.o)
    0x00000244   0x00000244   0x00000000   Code   RO         3264    .ARM.Collect$$libinit$$0000001F  c_p.l(libinit2.o)
    0x00000244   0x00000244   0x00000000   Code   RO         3266    .ARM.Collect$$libinit$$00000021  c_p.l(libinit2.o)
    0x00000244   0x00000244   0x00000000   Code   RO         3268    .ARM.Collect$$libinit$$00000023  c_p.l(libinit2.o)
    0x00000244   0x00000244   0x00000000   Code   RO         3270    .ARM.Collect$$libinit$$00000025  c_p.l(libinit2.o)
    0x00000244   0x00000244   0x00000000   Code   RO         3272    .ARM.Collect$$libinit$$00000027  c_p.l(libinit2.o)
    0x00000244   0x00000244   0x00000000   Code   RO         3276    .ARM.Collect$$libinit$$0000002E  c_p.l(libinit2.o)
    0x00000244   0x00000244   0x00000000   Code   RO         3278    .ARM.Collect$$libinit$$00000030  c_p.l(libinit2.o)
    0x00000244   0x00000244   0x00000000   Code   RO         3280    .ARM.Collect$$libinit$$00000032  c_p.l(libinit2.o)
    0x00000244   0x00000244   0x00000000   Code   RO         3282    .ARM.Collect$$libinit$$00000034  c_p.l(libinit2.o)
    0x00000244   0x00000244   0x00000002   Code   RO         3283    .ARM.Collect$$libinit$$00000035  c_p.l(libinit2.o)
    0x00000246   0x00000246   0x00000002   Code   RO         3341    .ARM.Collect$$libshutdown$$00000000  c_p.l(libshutdown.o)
    0x00000248   0x00000248   0x00000000   Code   RO         3361    .ARM.Collect$$libshutdown$$00000002  c_p.l(libshutdown2.o)
    0x00000248   0x00000248   0x00000000   Code   RO         3363    .ARM.Collect$$libshutdown$$00000004  c_p.l(libshutdown2.o)
    0x00000248   0x00000248   0x00000000   Code   RO         3366    .ARM.Collect$$libshutdown$$00000007  c_p.l(libshutdown2.o)
    0x00000248   0x00000248   0x00000000   Code   RO         3369    .ARM.Collect$$libshutdown$$0000000A  c_p.l(libshutdown2.o)
    0x00000248   0x00000248   0x00000000   Code   RO         3371    .ARM.Collect$$libshutdown$$0000000C  c_p.l(libshutdown2.o)
    0x00000248   0x00000248   0x00000000   Code   RO         3374    .ARM.Collect$$libshutdown$$0000000F  c_p.l(libshutdown2.o)
    0x00000248   0x00000248   0x00000002   Code   RO         3375    .ARM.Collect$$libshutdown$$00000010  c_p.l(libshutdown2.o)
    0x0000024a   0x0000024a   0x00000000   Code   RO         2843    .ARM.Collect$$rtentry$$00000000  c_p.l(__rtentry.o)
    0x0000024a   0x0000024a   0x00000000   Code   RO         3025    .ARM.Collect$$rtentry$$00000002  c_p.l(__rtentry2.o)
    0x0000024a   0x0000024a   0x00000006   Code   RO         3037    .ARM.Collect$$rtentry$$00000004  c_p.l(__rtentry4.o)
    0x00000250   0x00000250   0x00000000   Code   RO         3027    .ARM.Collect$$rtentry$$00000009  c_p.l(__rtentry2.o)
    0x00000250   0x00000250   0x00000004   Code   RO         3028    .ARM.Collect$$rtentry$$0000000A  c_p.l(__rtentry2.o)
    0x00000254   0x00000254   0x00000000   Code   RO         3030    .ARM.Collect$$rtentry$$0000000C  c_p.l(__rtentry2.o)
    0x00000254   0x00000254   0x00000008   Code   RO         3031    .ARM.Collect$$rtentry$$0000000D  c_p.l(__rtentry2.o)
    0x0000025c   0x0000025c   0x00000002   Code   RO         3191    .ARM.Collect$$rtexit$$00000000  c_p.l(rtexit.o)
    0x0000025e   0x0000025e   0x00000000   Code   RO         3291    .ARM.Collect$$rtexit$$00000002  c_p.l(rtexit2.o)
    0x0000025e   0x0000025e   0x00000004   Code   RO         3292    .ARM.Collect$$rtexit$$00000003  c_p.l(rtexit2.o)
    0x00000262   0x00000262   0x00000006   Code   RO         3293    .ARM.Collect$$rtexit$$00000004  c_p.l(rtexit2.o)
    0x00000268   0x00000268   0x00000038   Code   RO         2744    .emb_text           c_p.l(rt_memcpy.o)
    0x000002a0   0x000002a0   0x00000030   Code   RO         1502    .text               startup_mspm0g350x_uvision.o
    0x000002d0   0x000002d0   0x0000001c   Code   RO         2730    .text               c_p.l(printf.o)
    0x000002ec   0x000002ec   0x0000002c   Code   RO         2732    .text               c_p.l(sprintf.o)
    0x00000318   0x00000318   0x00000044   Code   RO         2742    .text               c_p.l(strlen.o)
    0x0000035c   0x0000035c   0x00000082   Code   RO         2745    .text               c_p.l(rt_memcpy.o)
    0x000003de   0x000003de   0x00000012   Code   RO         2748    .text               c_p.l(aeabi_memset.o)
    0x000003f0   0x000003f0   0x00000040   Code   RO         2752    .text               c_p.l(rt_memclr.o)
    0x00000430   0x00000430   0x0000016c   Code   RO         2754    .text               c_p.l(aeabi_sdiv.o)
    0x0000059c   0x0000059c   0x00000006   Code   RO         2758    .text               c_p.l(heapauxi.o)
    0x000005a2   0x000005a2   0x00000002   PAD
    0x000005a4   0x000005a4   0x00000358   Code   RO         2762    .text               fz_ps.l(daddsub.o)
    0x000008fc   0x000008fc   0x00000448   Code   RO         2776    .text               fz_ps.l(ddiv.o)
    0x00000d44   0x00000d44   0x0000006c   Code   RO         2779    .text               fz_ps.l(dfixi.o)
    0x00000db0   0x00000db0   0x00000058   Code   RO         2783    .text               fz_ps.l(dflti.o)
    0x00000e08   0x00000e08   0x00000248   Code   RO         2785    .text               fz_ps.l(dmul.o)
    0x00001050   0x00001050   0x00000054   Code   RO         2787    .text               fz_ps.l(f2d.o)
    0x000010a4   0x000010a4   0x00000160   Code   RO         2807    .text               fz_ps.l(fdiv.o)
    0x00001204   0x00001204   0x0000004c   Code   RO         2810    .text               fz_ps.l(ffixi.o)
    0x00001250   0x00001250   0x00000030   Code   RO         2812    .text               fz_ps.l(ffixui.o)
    0x00001280   0x00001280   0x0000005e   Code   RO         2814    .text               fz_ps.l(fflti.o)
    0x000012de   0x000012de   0x00000016   Code   RO         2848    .text               c_p.l(_rserrno.o)
    0x000012f4   0x000012f4   0x0000004e   Code   RO         2852    .text               c_p.l(_printf_pad.o)
    0x00001342   0x00001342   0x00000024   Code   RO         2854    .text               c_p.l(_printf_truncate.o)
    0x00001366   0x00001366   0x00000052   Code   RO         2856    .text               c_p.l(_printf_str.o)
    0x000013b8   0x000013b8   0x0000006c   Code   RO         2858    .text               c_p.l(_printf_dec.o)
    0x00001424   0x00001424   0x00000026   Code   RO         2860    .text               c_p.l(_printf_charcount.o)
    0x0000144a   0x0000144a   0x00000002   PAD
    0x0000144c   0x0000144c   0x00000030   Code   RO         2862    .text               c_p.l(_printf_char_common.o)
    0x0000147c   0x0000147c   0x0000000a   Code   RO         2864    .text               c_p.l(_sputc.o)
    0x00001486   0x00001486   0x00000002   PAD
    0x00001488   0x00001488   0x00000028   Code   RO         2868    .text               c_p.l(_printf_char_file.o)
    0x000014b0   0x000014b0   0x000000bc   Code   RO         2870    .text               c_p.l(_printf_wctomb.o)
    0x0000156c   0x0000156c   0x00000070   Code   RO         2873    .text               c_p.l(_printf_longlong_dec.o)
    0x000015dc   0x000015dc   0x00000070   Code   RO         2879    .text               c_p.l(_printf_oct_int_ll.o)
    0x0000164c   0x0000164c   0x00000098   Code   RO         2899    .text               c_p.l(_printf_hex_int_ll_ptr.o)
    0x000016e4   0x000016e4   0x00000188   Code   RO         2919    .text               c_p.l(__printf_flags_ss_wp.o)
    0x0000186c   0x0000186c   0x0000008a   Code   RO         2953    .text               fz_ps.l(ffixir.o)
    0x000018f6   0x000018f6   0x00000002   PAD
    0x000018f8   0x000018f8   0x00000080   Code   RO         2959    .text               fz_ps.l(frnd.o)
    0x00001978   0x00001978   0x00000044   Code   RO         2961    .text               fz_ps.l(fscalbn.o)
    0x000019bc   0x000019bc   0x00000008   Code   RO         3044    .text               c_p.l(rt_errno_addr_intlibspace.o)
    0x000019c4   0x000019c4   0x0000007a   Code   RO         3048    .text               c_p.l(lludiv10.o)
    0x00001a3e   0x00001a3e   0x000000b0   Code   RO         3050    .text               c_p.l(_printf_intcommon.o)
    0x00001aee   0x00001aee   0x00000002   PAD
    0x00001af0   0x00001af0   0x00000414   Code   RO         3052    .text               c_p.l(_printf_fp_dec.o)
    0x00001f04   0x00001f04   0x000002d8   Code   RO         3056    .text               c_p.l(_printf_fp_hex.o)
    0x000021dc   0x000021dc   0x0000002e   Code   RO         3061    .text               c_p.l(_printf_char.o)
    0x0000220a   0x0000220a   0x0000002e   Code   RO         3063    .text               c_p.l(_printf_wchar.o)
    0x00002238   0x00002238   0x00000008   Code   RO         3066    .text               c_p.l(ferror.o)
    0x00002240   0x00002240   0x00000042   Code   RO         3070    .text               c_p.l(_c16rtomb.o)
    0x00002282   0x00002282   0x00000028   Code   RO         3072    .text               c_p.l(rtudiv10.o)
    0x000022aa   0x000022aa   0x00000002   PAD
    0x000022ac   0x000022ac   0x000000a0   Code   RO         3074    .text               fz_ps.l(dcmpin.o)
    0x0000234c   0x0000234c   0x00000064   Code   RO         3078    .text               fz_ps.l(fcmpin.o)
    0x000023b0   0x000023b0   0x00000090   Code   RO         3080    .text               fz_ps.l(fsqrt.o)
    0x00002440   0x00002440   0x00000008   Code   RO         3086    .text               c_p.l(libspace.o)
    0x00002448   0x00002448   0x0000003e   Code   RO         3089    .text               c_p.l(sys_stackheap_outer.o)
    0x00002486   0x00002486   0x00000002   PAD
    0x00002488   0x00002488   0x00000010   Code   RO         3092    .text               c_p.l(rt_ctype_table.o)
    0x00002498   0x00002498   0x00000008   Code   RO         3097    .text               c_p.l(rt_locale_intlibspace.o)
    0x000024a0   0x000024a0   0x00000088   Code   RO         3155    .text               c_p.l(_printf_fp_infnan.o)
    0x00002528   0x00002528   0x000000d8   Code   RO         3157    .text               c_p.l(bigflt0.o)
    0x00002600   0x00002600   0x00000580   Code   RO         3160    .text               c_p.l(btod.o)
    0x00002b80   0x00002b80   0x00000010   Code   RO         3170    .text               c_p.l(exit.o)
    0x00002b90   0x00002b90   0x0000002e   Code   RO         3182    .text               fz_ps.l(cmpret.o)
    0x00002bbe   0x00002bbe   0x00000002   PAD
    0x00002bc0   0x00002bc0   0x00000014   Code   RO         3184    .text               fz_ps.l(dnan2.o)
    0x00002bd4   0x00002bd4   0x00000010   Code   RO         3186    .text               fz_ps.l(fnan2.o)
    0x00002be4   0x00002be4   0x00000088   Code   RO         3233    .text               c_p.l(strcmp.o)
    0x00002c6c   0x00002c6c   0x0000005e   Code   RO         3284    .text               fz_ps.l(retnan.o)
    0x00002cca   0x00002cca   0x00000002   PAD
    0x00002ccc   0x00002ccc   0x00000014   Code   RO           68    .text.DL_ADC12_enablePower  zf_common_clock.o
    0x00002ce0   0x00002ce0   0x00000010   Code   RO           66    .text.DL_ADC12_reset  zf_common_clock.o
    0x00002cf0   0x00002cf0   0x00000014   Code   RO         1644    .text.DL_Common_delayCycles  dl_common.o
    0x00002d04   0x00002d04   0x00000028   Code   RO          517    .text.DL_Common_updateReg  zf_driver_spi.o
    0x00002d2c   0x00002d2c   0x00000028   Code   RO          590    .text.DL_Common_updateReg  zf_driver_uart.o
    0x00002d54   0x00002d54   0x00000028   Code   RO         1579    .text.DL_Common_updateReg  ti_msp_dl_config.o
    0x00002d7c   0x00002d7c   0x00000028   Code   RO         2448    .text.DL_Common_updateReg  dl_spi.o
    0x00002da4   0x00002da4   0x00000028   Code   RO         2654    .text.DL_Common_updateReg  dl_uart.o
    0x00002dcc   0x00002dcc   0x0000001c   Code   RO         1541    .text.DL_GPIO_clearInterruptStatus  ti_msp_dl_config.o
    0x00002de8   0x00002de8   0x00000014   Code   RO         1535    .text.DL_GPIO_clearPins  ti_msp_dl_config.o
    0x00002dfc   0x00002dfc   0x0000001c   Code   RO         1543    .text.DL_GPIO_enableInterrupt  ti_msp_dl_config.o
    0x00002e18   0x00002e18   0x00000018   Code   RO         1537    .text.DL_GPIO_enableOutput  ti_msp_dl_config.o
    0x00002e30   0x00002e30   0x00000014   Code   RO           52    .text.DL_GPIO_enablePower  zf_common_clock.o
    0x00002e44   0x00002e44   0x00000014   Code   RO         1525    .text.DL_GPIO_enablePower  ti_msp_dl_config.o
    0x00002e58   0x00002e58   0x00000030   Code   RO         1533    .text.DL_GPIO_initDigitalInputFeatures  ti_msp_dl_config.o
    0x00002e88   0x00002e88   0x0000002c   Code   RO         1531    .text.DL_GPIO_initDigitalOutputFeatures  ti_msp_dl_config.o
    0x00002eb4   0x00002eb4   0x00000018   Code   RO         1529    .text.DL_GPIO_initPeripheralAnalogFunction  ti_msp_dl_config.o
    0x00002ecc   0x00002ecc   0x00000010   Code   RO           50    .text.DL_GPIO_reset  zf_common_clock.o
    0x00002edc   0x00002edc   0x00000010   Code   RO         1521    .text.DL_GPIO_reset  ti_msp_dl_config.o
    0x00002eec   0x00002eec   0x00000018   Code   RO         1539    .text.DL_GPIO_setUpperPinsPolarity  ti_msp_dl_config.o
    0x00002f04   0x00002f04   0x00000014   Code   RO          515    .text.DL_SPI_enable  zf_driver_spi.o
    0x00002f18   0x00002f18   0x00000018   Code   RO           64    .text.DL_SPI_enablePower  zf_common_clock.o
    0x00002f30   0x00002f30   0x00000048   Code   RO         2446    .text.DL_SPI_init   dl_spi.o
    0x00002f78   0x00002f78   0x00000018   Code   RO           62    .text.DL_SPI_reset  zf_common_clock.o
    0x00002f90   0x00002f90   0x00000024   Code   RO          511    .text.DL_SPI_setBitRateSerialClockDivider  zf_driver_spi.o
    0x00002fb4   0x00002fb4   0x00000024   Code   RO         2450    .text.DL_SPI_setClockConfig  dl_spi.o
    0x00002fd8   0x00002fd8   0x00000030   Code   RO          513    .text.DL_SPI_setFIFOThreshold  zf_driver_spi.o
    0x00003008   0x00003008   0x000000ec   Code   RO         1547    .text.DL_SYSCTL_configSYSPLL  ti_msp_dl_config.o
    0x000030f4   0x000030f4   0x0000000c   Code   RO         1561    .text.DL_SYSCTL_disableHFXT  ti_msp_dl_config.o
    0x00003100   0x00003100   0x00000010   Code   RO         1563    .text.DL_SYSCTL_disableSYSPLL  ti_msp_dl_config.o
    0x00003110   0x00003110   0x00000010   Code   RO         1569    .text.DL_SYSCTL_enableMFCLK  ti_msp_dl_config.o
    0x00003120   0x00003120   0x00000010   Code   RO         1571    .text.DL_SYSCTL_enableMFPCLK  ti_msp_dl_config.o
    0x00003130   0x00003130   0x0000000c   Code   RO         1549    .text.DL_SYSCTL_getClockStatus  ti_msp_dl_config.o
    0x0000313c   0x0000313c   0x00000018   Code   RO         1555    .text.DL_SYSCTL_setBORThreshold  ti_msp_dl_config.o
    0x00003154   0x00003154   0x0000001c   Code   RO         1557    .text.DL_SYSCTL_setFlashWaitState  ti_msp_dl_config.o
    0x00003170   0x00003170   0x0000001c   Code   RO         1567    .text.DL_SYSCTL_setHFCLKDividerForMFPCLK  ti_msp_dl_config.o
    0x0000318c   0x0000318c   0x000000b0   Code   RO         1545    .text.DL_SYSCTL_setHFCLKSourceHFXTParams  ti_msp_dl_config.o
    0x0000323c   0x0000323c   0x00000050   Code   RO         1551    .text.DL_SYSCTL_setLFCLKSourceLFXT  ti_msp_dl_config.o
    0x0000328c   0x0000328c   0x00000020   Code   RO         1573    .text.DL_SYSCTL_setMFPCLKSource  ti_msp_dl_config.o
    0x000032ac   0x000032ac   0x0000001c   Code   RO         1559    .text.DL_SYSCTL_setSYSOSCFreq  ti_msp_dl_config.o
    0x000032c8   0x000032c8   0x00000018   Code   RO         1565    .text.DL_SYSCTL_setULPCLKDivider  ti_msp_dl_config.o
    0x000032e0   0x000032e0   0x00000028   Code   RO         1553    .text.DL_SYSCTL_switchMCLKfromSYSOSCtoHSCLK  ti_msp_dl_config.o
    0x00003308   0x00003308   0x0000000c   Code   RO         1577    .text.DL_SYSTICK_enable  ti_msp_dl_config.o
    0x00003314   0x00003314   0x00000028   Code   RO         1575    .text.DL_SYSTICK_init  ti_msp_dl_config.o
    0x0000333c   0x0000333c   0x00000014   Code   RO           56    .text.DL_Timer_enablePower  zf_common_clock.o
    0x00003350   0x00003350   0x00000010   Code   RO           54    .text.DL_Timer_reset  zf_common_clock.o
    0x00003360   0x00003360   0x00000018   Code   RO           29    .text.DL_UART_clearInterruptStatus  isr.o
    0x00003378   0x00003378   0x00000016   Code   RO         2652    .text.DL_UART_disable  dl_uart.o
    0x0000338e   0x0000338e   0x00000002   PAD
    0x00003390   0x00003390   0x00000018   Code   RO          578    .text.DL_UART_disableInterrupt  zf_driver_uart.o
    0x000033a8   0x000033a8   0x00000016   Code   RO          588    .text.DL_UART_enable  zf_driver_uart.o
    0x000033be   0x000033be   0x00000002   PAD
    0x000033c0   0x000033c0   0x0000001c   Code   RO          580    .text.DL_UART_enableInterrupt  zf_driver_uart.o
    0x000033dc   0x000033dc   0x00000014   Code   RO           60    .text.DL_UART_enablePower  zf_common_clock.o
    0x000033f0   0x000033f0   0x00000012   Code   RO           27    .text.DL_UART_getPendingInterrupt  isr.o
    0x00003402   0x00003402   0x00000002   PAD
    0x00003404   0x00003404   0x00000048   Code   RO         2650    .text.DL_UART_init  dl_uart.o
    0x0000344c   0x0000344c   0x00000014   Code   RO          558    .text.DL_UART_isBusy  zf_driver_uart.o
    0x00003460   0x00003460   0x00000014   Code   RO          568    .text.DL_UART_isRXFIFOEmpty  zf_driver_uart.o
    0x00003474   0x00003474   0x00000014   Code   RO          570    .text.DL_UART_receiveData  zf_driver_uart.o
    0x00003488   0x00003488   0x00000014   Code   RO           58    .text.DL_UART_reset  zf_common_clock.o
    0x0000349c   0x0000349c   0x0000004c   Code   RO          586    .text.DL_UART_setBaudRateDivisor  zf_driver_uart.o
    0x000034e8   0x000034e8   0x00000024   Code   RO         2656    .text.DL_UART_setClockConfig  dl_uart.o
    0x0000350c   0x0000350c   0x0000001e   Code   RO          584    .text.DL_UART_setOversampling  zf_driver_uart.o
    0x0000352a   0x0000352a   0x00000016   Code   RO          560    .text.DL_UART_transmitData  zf_driver_uart.o
    0x00003540   0x00003540   0x00000034   Code   RO         2707    .text.DL_VREF_configReference  dl_vref.o
    0x00003574   0x00003574   0x00000014   Code   RO           72    .text.DL_VREF_enablePower  zf_common_clock.o
    0x00003588   0x00003588   0x00000018   Code   RO         1527    .text.DL_VREF_enablePower  ti_msp_dl_config.o
    0x000035a0   0x000035a0   0x00000010   Code   RO           70    .text.DL_VREF_reset  zf_common_clock.o
    0x000035b0   0x000035b0   0x00000018   Code   RO         1523    .text.DL_VREF_reset  ti_msp_dl_config.o
    0x000035c8   0x000035c8   0x00000034   Code   RO         1385    .text.FusionAhrsClamp  fusionahrs.o
    0x000035fc   0x000035fc   0x00000082   Code   RO         1379    .text.FusionAhrsFeedback  fusionahrs.o
    0x0000367e   0x0000367e   0x00000020   Code   RO         1405    .text.FusionAhrsGetQuaternion  fusionahrs.o
    0x0000369e   0x0000369e   0x00000132   Code   RO         1375    .text.FusionAhrsHalfGravity  fusionahrs.o
    0x000037d0   0x000037d0   0x000001c4   Code   RO         1387    .text.FusionAhrsHalfMagnetic  fusionahrs.o
    0x00003994   0x00003994   0x00000028   Code   RO         1365    .text.FusionAhrsInitialise  fusionahrs.o
    0x000039bc   0x000039bc   0x00000098   Code   RO         1369    .text.FusionAhrsReset  fusionahrs.o
    0x00003a54   0x00003a54   0x000000d0   Code   RO         1403    .text.FusionAhrsSetHeading  fusionahrs.o
    0x00003b24   0x00003b24   0x00000134   Code   RO         1367    .text.FusionAhrsSetSettings  fusionahrs.o
    0x00003c58   0x00003c58   0x00000402   Code   RO         1373    .text.FusionAhrsUpdate  fusionahrs.o
    0x0000405a   0x0000405a   0x0000007c   Code   RO         1401    .text.FusionAhrsUpdateNoMagnetometer  fusionahrs.o
    0x000040d6   0x000040d6   0x00000002   PAD
    0x000040d8   0x000040d8   0x0000004c   Code   RO         1442    .text.FusionAsin    imu963ra_attitude.o
    0x00004124   0x00004124   0x00000018   Code   RO         1371    .text.FusionDegreesToRadians  fusionahrs.o
    0x0000413c   0x0000413c   0x0000004c   Code   RO         1409    .text.FusionFastInverseSqrt  fusionahrs.o
    0x00004188   0x00004188   0x00000050   Code   RO         1347    .text.FusionOffsetInitialise  fusionoffset.o
    0x000041d8   0x000041d8   0x00000100   Code   RO         1349    .text.FusionOffsetUpdate  fusionoffset.o
    0x000042d8   0x000042d8   0x0000005e   Code   RO         1395    .text.FusionQuaternionAdd  fusionahrs.o
    0x00004336   0x00004336   0x0000014e   Code   RO         1407    .text.FusionQuaternionMultiply  fusionahrs.o
    0x00004484   0x00004484   0x0000010c   Code   RO         1397    .text.FusionQuaternionMultiplyVector  fusionahrs.o
    0x00004590   0x00004590   0x00000086   Code   RO         1399    .text.FusionQuaternionNormalise  fusionahrs.o
    0x00004616   0x00004616   0x000000ee   Code   RO         1434    .text.FusionQuaternionToEuler  imu963ra_attitude.o
    0x00004704   0x00004704   0x00000018   Code   RO         1440    .text.FusionRadiansToDegrees  imu963ra_attitude.o
    0x0000471c   0x0000471c   0x00000046   Code   RO         1353    .text.FusionVectorAdd  fusionoffset.o
    0x00004762   0x00004762   0x00000046   Code   RO         1393    .text.FusionVectorAdd  fusionahrs.o
    0x000047a8   0x000047a8   0x00000046   Code   RO         1448    .text.FusionVectorAdd  imu963ra_attitude.o
    0x000047ee   0x000047ee   0x00000094   Code   RO         1389    .text.FusionVectorCrossProduct  fusionahrs.o
    0x00004882   0x00004882   0x00000050   Code   RO         1411    .text.FusionVectorDotProduct  fusionahrs.o
    0x000048d2   0x000048d2   0x00000050   Code   RO         1377    .text.FusionVectorIsZero  fusionahrs.o
    0x00004922   0x00004922   0x0000001e   Code   RO         1383    .text.FusionVectorMagnitudeSquared  fusionahrs.o
    0x00004940   0x00004940   0x00000036   Code   RO         1355    .text.FusionVectorMultiplyScalar  fusionoffset.o
    0x00004976   0x00004976   0x00000036   Code   RO         1391    .text.FusionVectorMultiplyScalar  fusionahrs.o
    0x000049ac   0x000049ac   0x00000036   Code   RO         1450    .text.FusionVectorMultiplyScalar  imu963ra_attitude.o
    0x000049e2   0x000049e2   0x00000032   Code   RO         1381    .text.FusionVectorNormalise  fusionahrs.o
    0x00004a14   0x00004a14   0x00000046   Code   RO         1351    .text.FusionVectorSubtract  fusionoffset.o
    0x00004a5a   0x00004a5a   0x00000046   Code   RO         1432    .text.FusionVectorSubtract  imu963ra_attitude.o
    0x00004aa0   0x00004aa0   0x0000010c   Code   RO           37    .text.GROUP1_IRQHandler  isr.o
    0x00004bac   0x00004bac   0x00000078   Code   RO         1513    .text.SYSCFG_DL_GPIO_init  ti_msp_dl_config.o
    0x00004c24   0x00004c24   0x00000068   Code   RO         1515    .text.SYSCFG_DL_SYSCTL_init  ti_msp_dl_config.o
    0x00004c8c   0x00004c8c   0x0000000e   Code   RO         1519    .text.SYSCFG_DL_SYSTICK_init  ti_msp_dl_config.o
    0x00004c9a   0x00004c9a   0x00000002   PAD
    0x00004c9c   0x00004c9c   0x00000010   Code   RO         1517    .text.SYSCFG_DL_VREF_init  ti_msp_dl_config.o
    0x00004cac   0x00004cac   0x00000018   Code   RO         1509    .text.SYSCFG_DL_init  ti_msp_dl_config.o
    0x00004cc4   0x00004cc4   0x00000044   Code   RO         1511    .text.SYSCFG_DL_initPower  ti_msp_dl_config.o
    0x00004d08   0x00004d08   0x00000010   Code   RO           11    .text.TIMA0_IRQHandler  isr.o
    0x00004d18   0x00004d18   0x00000010   Code   RO           13    .text.TIMA1_IRQHandler  isr.o
    0x00004d28   0x00004d28   0x00000010   Code   RO           15    .text.TIMG0_IRQHandler  isr.o
    0x00004d38   0x00004d38   0x00000010   Code   RO           23    .text.TIMG12_IRQHandler  isr.o
    0x00004d48   0x00004d48   0x00000010   Code   RO           17    .text.TIMG6_IRQHandler  isr.o
    0x00004d58   0x00004d58   0x00000010   Code   RO           19    .text.TIMG7_IRQHandler  isr.o
    0x00004d68   0x00004d68   0x00000018   Code   RO           21    .text.TIMG8_IRQHandler  isr.o
    0x00004d80   0x00004d80   0x00000054   Code   RO           25    .text.UART0_IRQHandler  isr.o
    0x00004dd4   0x00004dd4   0x0000005c   Code   RO           31    .text.UART1_IRQHandler  isr.o
    0x00004e30   0x00004e30   0x00000050   Code   RO           33    .text.UART2_IRQHandler  isr.o
    0x00004e80   0x00004e80   0x00000054   Code   RO           35    .text.UART3_IRQHandler  isr.o
    0x00004ed4   0x00004ed4   0x00000034   Code   RO          222    .text.__NVIC_DisableIRQ  zf_common_interrupt.o
    0x00004f08   0x00004f08   0x0000002c   Code   RO          218    .text.__NVIC_EnableIRQ  zf_common_interrupt.o
    0x00004f34   0x00004f34   0x00000084   Code   RO          226    .text.__NVIC_SetPriority  zf_common_interrupt.o
    0x00004fb8   0x00004fb8   0x00000008   Code   RO           89    .text._sys_exit     zf_common_debug.o
    0x00004fc0   0x00004fc0   0x00000158   Code   RO          356    .text.afio_init     zf_driver_gpio.o
    0x00005118   0x00005118   0x0000001a   Code   RO           46    .text.clock_init    zf_common_clock.o
    0x00005132   0x00005132   0x00000002   PAD
    0x00005134   0x00005134   0x0000014c   Code   RO           48    .text.clock_reset   zf_common_clock.o
    0x00005280   0x00005280   0x00000068   Code   RO           99    .text.debug_assert_handler  zf_common_debug.o
    0x000052e8   0x000052e8   0x0000003e   Code   RO          105    .text.debug_delay   zf_common_debug.o
    0x00005326   0x00005326   0x00000002   PAD
    0x00005328   0x00005328   0x00000058   Code   RO          113    .text.debug_init    zf_common_debug.o
    0x00005380   0x00005380   0x00000024   Code   RO           87    .text.debug_interrupr_handler  zf_common_debug.o
    0x000053a4   0x000053a4   0x00000040   Code   RO          107    .text.debug_log_handler  zf_common_debug.o
    0x000053e4   0x000053e4   0x00000344   Code   RO          103    .text.debug_output  zf_common_debug.o
    0x00005728   0x00005728   0x00000048   Code   RO          111    .text.debug_output_init  zf_common_debug.o
    0x00005770   0x00005770   0x00000034   Code   RO          109    .text.debug_output_struct_init  zf_common_debug.o
    0x000057a4   0x000057a4   0x00000002   Code   RO          101    .text.debug_protective_handler  zf_common_debug.o
    0x000057a6   0x000057a6   0x00000012   Code   RO          115    .text.debug_uart_str_output  zf_common_debug.o
    0x000057b8   0x000057b8   0x0000000a   Code   RO          329    .text.exti_callbakc_defalut  zf_driver_exti.o
    0x000057c2   0x000057c2   0x000000a8   Code   RO          139    .text.fifo_head_offset  zf_common_fifo.o
    0x0000586a   0x0000586a   0x00000002   PAD
    0x0000586c   0x0000586c   0x00000090   Code   RO          151    .text.fifo_init     zf_common_fifo.o
    0x000058fc   0x000058fc   0x000003a8   Code   RO          141    .text.fifo_write_buffer  zf_common_fifo.o
    0x00005ca4   0x00005ca4   0x00000028   Code   RO           91    .text.fputc         zf_common_debug.o
    0x00005ccc   0x00005ccc   0x00000240   Code   RO          191    .text.func_double_to_str  zf_common_function.o
    0x00005f0c   0x00005f0c   0x000001c8   Code   RO          354    .text.gpio_init     zf_driver_gpio.o
    0x000060d4   0x000060d4   0x0000006c   Code   RO          346    .text.gpio_set_level  zf_driver_gpio.o
    0x00006140   0x00006140   0x0000004e   Code   RO          793    .text.imu963ra_acc_gyro_self_check  zf_device_imu963ra.o
    0x0000618e   0x0000618e   0x00000002   PAD
    0x00006190   0x00006190   0x0000005c   Code   RO         1444    .text.imu963ra_attitude_build_acc_from_current  imu963ra_attitude.o
    0x000061ec   0x000061ec   0x0000006c   Code   RO         1446    .text.imu963ra_attitude_build_gyro_from_current  imu963ra_attitude.o
    0x00006258   0x00006258   0x000001b8   Code   RO         1426    .text.imu963ra_attitude_calibrate_gyro  imu963ra_attitude.o
    0x00006410   0x00006410   0x00000044   Code   RO         1476    .text.imu963ra_attitude_demo_draw_layout  imu963ra_attitude_demo.o
    0x00006454   0x00006454   0x00000100   Code   RO         1468    .text.imu963ra_attitude_demo_init  imu963ra_attitude_demo.o
    0x00006554   0x00006554   0x00000058   Code   RO         1482    .text.imu963ra_attitude_demo_pit_handler  imu963ra_attitude_demo.o
    0x000065ac   0x000065ac   0x0000005c   Code   RO         1480    .text.imu963ra_attitude_demo_print_angle  imu963ra_attitude_demo.o
    0x00006608   0x00006608   0x0000006a   Code   RO         1478    .text.imu963ra_attitude_demo_show_angle  imu963ra_attitude_demo.o
    0x00006672   0x00006672   0x00000002   PAD
    0x00006674   0x00006674   0x00000028   Code   RO         1472    .text.imu963ra_attitude_demo_show_error  imu963ra_attitude_demo.o
    0x0000669c   0x0000669c   0x00000032   Code   RO         1470    .text.imu963ra_attitude_demo_show_status  imu963ra_attitude_demo.o
    0x000066ce   0x000066ce   0x00000002   PAD
    0x000066d0   0x000066d0   0x00000090   Code   RO         1474    .text.imu963ra_attitude_demo_task  imu963ra_attitude_demo.o
    0x00006760   0x00006760   0x00000038   Code   RO         1438    .text.imu963ra_attitude_get_euler  imu963ra_attitude.o
    0x00006798   0x00006798   0x000000ac   Code   RO         1424    .text.imu963ra_attitude_get_gyro_range  imu963ra_attitude.o
    0x00006844   0x00006844   0x000000b0   Code   RO         1422    .text.imu963ra_attitude_init  imu963ra_attitude.o
    0x000068f4   0x000068f4   0x00000028   Code   RO         1436    .text.imu963ra_attitude_is_ready  imu963ra_attitude.o
    0x0000691c   0x0000691c   0x00000054   Code   RO         1430    .text.imu963ra_attitude_refresh_inertial  imu963ra_attitude.o
    0x00006970   0x00006970   0x000000e8   Code   RO         1428    .text.imu963ra_attitude_update  imu963ra_attitude.o
    0x00006a58   0x00006a58   0x00000040   Code   RO          799    .text.imu963ra_connect_mag  zf_device_imu963ra.o
    0x00006a98   0x00006a98   0x00000078   Code   RO          783    .text.imu963ra_get_acc_gyro  zf_device_imu963ra.o
    0x00006b10   0x00006b10   0x000001d4   Code   RO          791    .text.imu963ra_init  zf_device_imu963ra.o
    0x00006ce4   0x00006ce4   0x00000050   Code   RO          797    .text.imu963ra_mag_self_check  zf_device_imu963ra.o
    0x00006d34   0x00006d34   0x00000048   Code   RO          789    .text.imu963ra_read_acc_gyro_register  zf_device_imu963ra.o
    0x00006d7c   0x00006d7c   0x00000048   Code   RO          779    .text.imu963ra_read_acc_gyro_registers  zf_device_imu963ra.o
    0x00006dc4   0x00006dc4   0x00000076   Code   RO          801    .text.imu963ra_read_mag_register  zf_device_imu963ra.o
    0x00006e3a   0x00006e3a   0x00000002   PAD
    0x00006e3c   0x00006e3c   0x0000004c   Code   RO          787    .text.imu963ra_write_acc_gyro_register  zf_device_imu963ra.o
    0x00006e88   0x00006e88   0x0000008e   Code   RO          795    .text.imu963ra_write_mag_register  zf_device_imu963ra.o
    0x00006f16   0x00006f16   0x00000016   Code   RO          220    .text.interrupt_disable  zf_common_interrupt.o
    0x00006f2c   0x00006f2c   0x00000016   Code   RO          216    .text.interrupt_enable  zf_common_interrupt.o
    0x00006f42   0x00006f42   0x00000002   PAD
    0x00006f44   0x00006f44   0x00000020   Code   RO          214    .text.interrupt_global_disable  zf_common_interrupt.o
    0x00006f64   0x00006f64   0x00000002   Code   RO          228    .text.interrupt_init  zf_common_interrupt.o
    0x00006f66   0x00006f66   0x0000001e   Code   RO          224    .text.interrupt_set_priority  zf_common_interrupt.o
    0x00006f84   0x00006f84   0x00000040   Code   RO            2    .text.main          main.o
    0x00006fc4   0x00006fc4   0x0000000a   Code   RO          368    .text.pit_callbakc_defalut  zf_driver_pit.o
    0x00006fce   0x00006fce   0x00000002   PAD
    0x00006fd0   0x00006fd0   0x000000b0   Code   RO          370    .text.pit_enable    zf_driver_pit.o
    0x00007080   0x00007080   0x00000188   Code   RO          376    .text.pit_us_init   zf_driver_pit.o
    0x00007208   0x00007208   0x000000b4   Code   RO          477    .text.spi_16bit_data_handler  zf_driver_spi.o
    0x000072bc   0x000072bc   0x00000078   Code   RO          471    .text.spi_8bit_data_handler  zf_driver_spi.o
    0x00007334   0x00007334   0x0000026c   Code   RO          509    .text.spi_init      zf_driver_spi.o
    0x000075a0   0x000075a0   0x00000028   Code   RO          497    .text.spi_read_8bit_register  zf_driver_spi.o
    0x000075c8   0x000075c8   0x0000006c   Code   RO          499    .text.spi_read_8bit_registers  zf_driver_spi.o
    0x00007634   0x00007634   0x00000044   Code   RO          479    .text.spi_write_16bit_array  zf_driver_spi.o
    0x00007678   0x00007678   0x0000001c   Code   RO          469    .text.spi_write_8bit  zf_driver_spi.o
    0x00007694   0x00007694   0x00000030   Code   RO          481    .text.spi_write_8bit_register  zf_driver_spi.o
    0x000076c4   0x000076c4   0x00000002   Code   RO          320    .text.system_delay_init  zf_driver_delay.o
    0x000076c6   0x000076c6   0x00000002   PAD
    0x000076c8   0x000076c8   0x00000054   Code   RO          316    .text.system_delay_ms  zf_driver_delay.o
    0x0000771c   0x0000771c   0x000000f8   Code   RO         1078    .text.tft180_clear  zf_device_tft180.o
    0x00007814   0x00007814   0x0000007c   Code   RO         1118    .text.tft180_debug_init  zf_device_tft180.o
    0x00007890   0x00007890   0x000003e0   Code   RO         1114    .text.tft180_init   zf_device_tft180.o
    0x00007c70   0x00007c70   0x00000024   Code   RO         1088    .text.tft180_set_color  zf_device_tft180.o
    0x00007c94   0x00007c94   0x00000044   Code   RO         1084    .text.tft180_set_dir  zf_device_tft180.o
    0x00007cd8   0x00007cd8   0x00000014   Code   RO         1086    .text.tft180_set_font  zf_device_tft180.o
    0x00007cec   0x00007cec   0x0000018c   Code   RO         1080    .text.tft180_set_region  zf_device_tft180.o
    0x00007e78   0x00007e78   0x000002cc   Code   RO         1094    .text.tft180_show_char  zf_device_tft180.o
    0x00008144   0x00008144   0x000001a8   Code   RO         1102    .text.tft180_show_float  zf_device_tft180.o
    0x000082ec   0x000082ec   0x000000e4   Code   RO         1096    .text.tft180_show_string  zf_device_tft180.o
    0x000083d0   0x000083d0   0x00000044   Code   RO         1116    .text.tft180_write_index  zf_device_tft180.o
    0x00008414   0x00008414   0x000000b0   Code   RO          532    .text.timer_clock_enable  zf_driver_timer.o
    0x000084c4   0x000084c4   0x0000005c   Code   RO          530    .text.timer_funciton_check  zf_driver_timer.o
    0x00008520   0x00008520   0x00000002   Code   RO         1152    .text.type_default_callback  zf_device_type.o
    0x00008522   0x00008522   0x0000000a   Code   RO          554    .text.uart_callbakc_defalut  zf_driver_uart.o
    0x0000852c   0x0000852c   0x00000184   Code   RO          582    .text.uart_init     zf_driver_uart.o
    0x000086b0   0x000086b0   0x00000058   Code   RO          572    .text.uart_query_byte  zf_driver_uart.o
    0x00008708   0x00008708   0x00000188   Code   RO          576    .text.uart_set_interrupt_config  zf_driver_uart.o
    0x00008890   0x00008890   0x0000003c   Code   RO          556    .text.uart_write_byte  zf_driver_uart.o
    0x000088cc   0x000088cc   0x00000060   Code   RO          564    .text.uart_write_string  zf_driver_uart.o
    0x0000892c   0x0000892c   0x00000030   Code   RO         3163    i.__ARM_common_ll_muluu  c_p.l(btod.o)
    0x0000895c   0x0000895c   0x0000002c   Code   RO         3082    i.__ARM_fpclassify  m_ps.l(fpclassify.o)
    0x00008988   0x00008988   0x00000022   Code   RO         2991    i.__ARM_fpclassifyf  m_ps.l(fpclassifyf.o)
    0x000089aa   0x000089aa   0x0000000e   Code   RO         2993    i.__mathlib_flt_divzero  m_ps.l(funder.o)
    0x000089b8   0x000089b8   0x0000000a   Code   RO         2994    i.__mathlib_flt_infnan  m_ps.l(funder.o)
    0x000089c2   0x000089c2   0x00000008   Code   RO         2995    i.__mathlib_flt_infnan2  m_ps.l(funder.o)
    0x000089ca   0x000089ca   0x0000000c   Code   RO         2996    i.__mathlib_flt_invalid  m_ps.l(funder.o)
    0x000089d6   0x000089d6   0x0000000e   Code   RO         2997    i.__mathlib_flt_overflow  m_ps.l(funder.o)
    0x000089e4   0x000089e4   0x0000000e   Code   RO         2999    i.__mathlib_flt_underflow  m_ps.l(funder.o)
    0x000089f2   0x000089f2   0x00000002   PAD
    0x000089f4   0x000089f4   0x00000180   Code   RO         3014    i.__mathlib_rredf2  m_ps.l(rredf.o)
    0x00008b74   0x00008b74   0x00000016   Code   RO         2764    i._deq              fz_ps.l(dcmp.o)
    0x00008b8a   0x00008b8a   0x00000016   Code   RO         2765    i._dgeq             fz_ps.l(dcmp.o)
    0x00008ba0   0x00008ba0   0x00000016   Code   RO         2795    i._feq              fz_ps.l(fcmp.o)
    0x00008bb6   0x00008bb6   0x00000016   Code   RO         2796    i._fgeq             fz_ps.l(fcmp.o)
    0x00008bcc   0x00008bcc   0x00000016   Code   RO         2797    i._fgr              fz_ps.l(fcmp.o)
    0x00008be2   0x00008be2   0x0000001a   Code   RO         2798    i._fleq             fz_ps.l(fcmp.o)
    0x00008bfc   0x00008bfc   0x00000016   Code   RO         2799    i._fls              fz_ps.l(fcmp.o)
    0x00008c12   0x00008c12   0x0000000e   Code   RO         2912    i._is_digit         c_p.l(__printf_wp.o)
    0x00008c20   0x00008c20   0x00000118   Code   RO         2819    i.asinf             m_ps.l(asinf.o)
    0x00008d38   0x00008d38   0x0000029c   Code   RO         2823    i.atan2f            m_ps.l(atan2f.o)
    0x00008fd4   0x00008fd4   0x00000178   Code   RO         2827    i.cosf              m_ps.l(cosf.o)
    0x0000914c   0x0000914c   0x00000620   Code   RO         2831    i.powf              m_ps.l(powf.o)
    0x0000976c   0x0000976c   0x00000184   Code   RO         2840    i.sinf              m_ps.l(sinf.o)
    0x000098f0   0x000098f0   0x0000002c   Code   RO         3021    i.sqrtf             m_ps.l(sqrtf.o)
    0x0000991c   0x0000991c   0x0000002c   Code   RO         3168    locale$$code        c_p.l(lc_numeric_c.o)
    0x00009948   0x00009948   0x0000002c   Code   RO         3227    locale$$code        c_p.l(lc_ctype_c.o)
    0x00009974   0x00009974   0x00000064   Code   RO         2945    x$fpl$deqf          fz_ps.l(deqf.o)
    0x000099d8   0x000099d8   0x00000064   Code   RO         2947    x$fpl$dgeqf         fz_ps.l(dgef.o)
    0x00009a3c   0x00009a3c   0x0000008c   Code   RO         2789    x$fpl$fadd          fz_ps.l(faddsub.o)
    0x00009ac8   0x00009ac8   0x00000054   Code   RO         2951    x$fpl$feqf          fz_ps.l(feqf.o)
    0x00009b1c   0x00009b1c   0x00000054   Code   RO         2955    x$fpl$fgeqf         fz_ps.l(fgef.o)
    0x00009b70   0x00009b70   0x00000054   Code   RO         2957    x$fpl$fleqf         fz_ps.l(flef.o)
    0x00009bc4   0x00009bc4   0x000000b0   Code   RO         2816    x$fpl$fmul          fz_ps.l(fmul.o)
    0x00009c74   0x00009c74   0x00000018   Code   RO         2790    x$fpl$frsb          fz_ps.l(faddsub.o)
    0x00009c8c   0x00009c8c   0x000000d0   Code   RO         2791    x$fpl$fsub          fz_ps.l(faddsub.o)
    0x00009d5c   0x00009d5c   0x00000010   Code   RO         2965    x$fpl$printf1       fz_ps.l(printf1.o)
    0x00009d6c   0x00009d6c   0x00000010   Code   RO         2967    x$fpl$printf2       fz_ps.l(printf2.o)
    0x00009d7c   0x00009d7c   0x00000000   Code   RO         2973    x$fpl$usenofp       fz_ps.l(usenofp.o)
    0x00009d7c   0x00009d7c   0x00000080   Data   RO         2777    .constdata          fz_ps.l(ddiv.o)
    0x00009dfc   0x00009dfc   0x00000040   Data   RO         2808    .constdata          fz_ps.l(fdiv.o)
    0x00009e3c   0x00009e3c   0x00000140   Data   RO         2832    .constdata          m_ps.l(powf.o)
    0x00009f7c   0x00009f7c   0x00000008   Data   RO         2871    .constdata          c_p.l(_printf_wctomb.o)
    0x00009f84   0x00009f84   0x00000028   Data   RO         2900    .constdata          c_p.l(_printf_hex_int_ll_ptr.o)
    0x00009fac   0x00009fac   0x00000011   Data   RO         2920    .constdata          c_p.l(__printf_flags_ss_wp.o)
    0x00009fbd   0x00009fbd   0x00000003   PAD
    0x00009fc0   0x00009fc0   0x00000020   Data   RO         3015    .constdata          m_ps.l(rredf.o)
    0x00009fe0   0x00009fe0   0x00000026   Data   RO         3057    .constdata          c_p.l(_printf_fp_hex.o)
    0x0000a006   0x0000a006   0x00000002   PAD
    0x0000a008   0x0000a008   0x00000094   Data   RO         3158    .constdata          c_p.l(bigflt0.o)
    0x0000a09c   0x0000a09c   0x00000018   Data   RO         1413    .rodata..L__const.FusionAhrsInitialise.settings  fusionahrs.o
    0x0000a0b4   0x0000a0b4   0x00000228   Data   RO          162    .rodata.ascii_font_6x8  zf_common_font.o
    0x0000a2dc   0x0000a2dc   0x000005f0   Data   RO          161    .rodata.ascii_font_8x16  zf_common_font.o
    0x0000a8cc   0x0000a8cc   0x00000003   Data   RO         1582    .rodata.gLFCLKConfig  ti_msp_dl_config.o
    0x0000a8cf   0x0000a8cf   0x00000001   PAD
    0x0000a8d0   0x0000a8d0   0x00000028   Data   RO         1581    .rodata.gSYSPLLConfig  ti_msp_dl_config.o
    0x0000a8f8   0x0000a8f8   0x0000000c   Data   RO         1583    .rodata.gVREFConfig  ti_msp_dl_config.o
    0x0000a904   0x0000a904   0x0000003c   Data   RO          359    .rodata.gpio_iomux_index  zf_driver_gpio.o
    0x0000a940   0x0000a940   0x00000066   Data   RO          122    .rodata.str1.1      zf_common_debug.o
    0x0000a9a6   0x0000a9a6   0x0000002b   Data   RO          153    .rodata.str1.1      zf_common_fifo.o
    0x0000a9d1   0x0000a9d1   0x0000002f   Data   RO          203    .rodata.str1.1      zf_common_function.o
    0x0000aa00   0x0000aa00   0x0000002b   Data   RO          360    .rodata.str1.1      zf_driver_gpio.o
    0x0000aa2b   0x0000aa2b   0x0000002a   Data   RO          382    .rodata.str1.1      zf_driver_pit.o
    0x0000aa55   0x0000aa55   0x0000002a   Data   RO          519    .rodata.str1.1      zf_driver_spi.o
    0x0000aa7f   0x0000aa7f   0x0000002b   Data   RO          595    .rodata.str1.1      zf_driver_uart.o
    0x0000aaaa   0x0000aaaa   0x00000076   Data   RO          813    .rodata.str1.1      zf_device_imu963ra.o
    0x0000ab20   0x0000ab20   0x0000002d   Data   RO         1126    .rodata.str1.1      zf_device_tft180.o
    0x0000ab4d   0x0000ab4d   0x00000202   Data   RO         1492    .rodata.str1.1      imu963ra_attitude_demo.o
    0x0000ad4f   0x0000ad4f   0x00000002   Data   RO          598    .rodata.uart_init.uart_clock_config  zf_driver_uart.o
    0x0000ad51   0x0000ad51   0x00000001   PAD
    0x0000ad52   0x0000ad52   0x0000000a   Data   RO          599    .rodata.uart_init.uart_default_config  zf_driver_uart.o
    0x0000ad5c   0x0000ad5c   0x00000004   PAD
    0x0000ad60   0x0000ad60   0x00000020   Data   RO         3376    Region$$Table       anon$$obj.o
    0x0000ad80   0x0000ad80   0x0000001c   Data   RO         3167    locale$$data        c_p.l(lc_numeric_c.o)
    0x0000ad9c   0x0000ad9c   0x00000110   Data   RO         3226    locale$$data        c_p.l(lc_ctype_c.o)


    Execution Region RW_IRAM2 (Exec base: 0x20200000, Load base: 0x0000aeb0, Size: 0x000017a0, Max: 0x00008000, ABSOLUTE)

    Exec Addr    Load Addr    Size         Type   Attr      Idx    E Section Name        Object

    0x20200000   0x0000aeb0   0x00000080   Data   RW          337    .data.exti_callback_list  zf_driver_exti.o
    0x20200080   0x0000af30   0x00000008   Data   RW          358    .data.gpio_group    zf_driver_gpio.o
    0x20200088   0x0000af38   0x00000004   Data   RW         1455    .data.imu963ra_attitude_delta_time  imu963ra_attitude.o
    0x2020008c   0x0000af3c   0x0000000c   Data   RW          812    .data.imu963ra_transition_factor  zf_device_imu963ra.o
    0x20200098   0x0000af48   0x0000001c   Data   RW          381    .data.pit_callback_ptr_list  zf_driver_pit.o
    0x202000b4   0x0000af64   0x00000008   Data   RW          522    .data.spi_list      zf_driver_spi.o
    0x202000bc   0x0000af6c   0x00000002   Data   RW         1122    .data.tft180_bgcolor  zf_device_tft180.o
    0x202000be   0x0000af6e   0x00000001   Data   RW         1124    .data.tft180_display_font  zf_device_tft180.o
    0x202000bf   0x0000af6f   0x00000001   PAD
    0x202000c0   0x0000af70   0x00000002   Data   RW         1125    .data.tft180_pencolor  zf_device_tft180.o
    0x202000c2   0x0000af72   0x00000001   Data   RW         1120    .data.tft180_x_max  zf_device_tft180.o
    0x202000c3   0x0000af73   0x00000001   Data   RW         1121    .data.tft180_y_max  zf_device_tft180.o
    0x202000c4   0x0000af74   0x00000010   Data   RW          593    .data.uart_callback_list  zf_driver_uart.o
    0x202000d4   0x0000af84   0x00000004   Data   RW          597    .data.uart_irq      zf_driver_uart.o
    0x202000d8   0x0000af88   0x00000010   Data   RW          594    .data.uart_list     zf_driver_uart.o
    0x202000e8   0x0000af98   0x00000004   Data   RW         1165    .data.wireless_module_uart_handler  zf_device_type.o
    0x202000ec   0x0000af9c   0x00000001   Data   RW          120    .data.zf_debug_assert_enable  zf_common_debug.o
    0x202000ed   0x0000af9d   0x00000003   PAD
    0x202000f0        -       0x00000060   Zero   RW         3087    .bss                c_p.l(libspace.o)
    0x20200150        -       0x00000054   Zero   RW          125    .bss.__stdout       zf_common_debug.o
    0x202001a4        -       0x00000001   Zero   RW          121    .bss.debug_assert_handler.assert_nest_index  zf_common_debug.o
    0x202001a5   0x0000af9d   0x00000003   PAD
    0x202001a8        -       0x00000014   Zero   RW          123    .bss.debug_output_info  zf_common_debug.o
    0x202001bc        -       0x00000040   Zero   RW          124    .bss.debug_uart_buffer  zf_common_debug.o
    0x202001fc        -       0x00000001   Zero   RW          117    .bss.debug_uart_data  zf_common_debug.o
    0x202001fd        -       0x00000016   Zero   RW          118    .bss.debug_uart_fifo  zf_common_debug.o
    0x20200213   0x0000af9d   0x00000001   PAD
    0x20200214        -       0x00000080   Zero   RW          338    .bss.exti_callback_ptr_list  zf_driver_exti.o
    0x20200294        -       0x00000002   Zero   RW          806    .bss.imu963ra_acc_x  zf_device_imu963ra.o
    0x20200296        -       0x00000002   Zero   RW          807    .bss.imu963ra_acc_y  zf_device_imu963ra.o
    0x20200298        -       0x00000002   Zero   RW          808    .bss.imu963ra_acc_z  zf_device_imu963ra.o
    0x2020029a   0x0000af9d   0x00000002   PAD
    0x2020029c        -       0x0000000c   Zero   RW         1486    .bss.imu963ra_attitude_demo_angle  imu963ra_attitude_demo.o
    0x202002a8        -       0x00000001   Zero   RW         1489    .bss.imu963ra_attitude_demo_display_divider  imu963ra_attitude_demo.o
    0x202002a9        -       0x00000001   Zero   RW         1490    .bss.imu963ra_attitude_demo_display_flag  imu963ra_attitude_demo.o
    0x202002aa        -       0x00000001   Zero   RW         1487    .bss.imu963ra_attitude_demo_layout_ready  imu963ra_attitude_demo.o
    0x202002ab        -       0x00000001   Zero   RW         1488    .bss.imu963ra_attitude_demo_print_divider  imu963ra_attitude_demo.o
    0x202002ac        -       0x00000001   Zero   RW         1491    .bss.imu963ra_attitude_demo_runtime_ready  imu963ra_attitude_demo.o
    0x202002ad   0x0000af9d   0x00000003   PAD
    0x202002b0        -       0x0000000c   Zero   RW         1458    .bss.imu963ra_attitude_gyro_bias  imu963ra_attitude.o
    0x202002bc        -       0x00000004   Zero   RW         1453    .bss.imu963ra_attitude_pitch  imu963ra_attitude.o
    0x202002c0        -       0x00000001   Zero   RW         1459    .bss.imu963ra_attitude_ready  imu963ra_attitude.o
    0x202002c1   0x0000af9d   0x00000003   PAD
    0x202002c4        -       0x00000004   Zero   RW         1452    .bss.imu963ra_attitude_roll  imu963ra_attitude.o
    0x202002c8        -       0x00000004   Zero   RW         1454    .bss.imu963ra_attitude_yaw  imu963ra_attitude.o
    0x202002cc        -       0x00000074   Zero   RW         1456    .bss.imu963ra_fusion_ahrs  imu963ra_attitude.o
    0x20200340        -       0x00000018   Zero   RW         1457    .bss.imu963ra_fusion_offset  imu963ra_attitude.o
    0x20200358        -       0x00000002   Zero   RW          803    .bss.imu963ra_gyro_x  zf_device_imu963ra.o
    0x2020035a        -       0x00000002   Zero   RW          804    .bss.imu963ra_gyro_y  zf_device_imu963ra.o
    0x2020035c        -       0x00000002   Zero   RW          805    .bss.imu963ra_gyro_z  zf_device_imu963ra.o
    0x2020035e   0x0000af9d   0x00000002   PAD
    0x20200360        -       0x00000004   Zero   RW          230    .bss.interrupt_nest_count  zf_common_interrupt.o
    0x20200364        -       0x0000001c   Zero   RW          380    .bss.pit_callback_list  zf_driver_pit.o
    0x20200380        -       0x00000001   Zero   RW         1123    .bss.tft180_display_dir  zf_device_tft180.o
    0x20200381        -       0x00000007   Zero   RW          544    .bss.timer_function_state  zf_driver_timer.o
    0x20200388        -       0x00000010   Zero   RW          592    .bss.uart_callback_ptr_list  zf_driver_uart.o
    0x20200398        -       0x00000004   Zero   RW          596    .bss.uart_interrupt_state  zf_driver_uart.o
    0x2020039c        -       0x00000001   Zero   RW          119    .bss.zf_debug_init_flag  zf_common_debug.o
    0x2020039d   0x0000af9d   0x00000003   PAD
    0x202003a0        -       0x00000400   Zero   RW         1500    HEAP                startup_mspm0g350x_uvision.o
    0x202007a0        -       0x00001000   Zero   RW         1499    STACK               startup_mspm0g350x_uvision.o



  Load Region LR_BCR (Base: 0x41c00000, Size: 0x00000000, Max: 0x00000100, ABSOLUTE)

    Execution Region BCR_CONFIG (Exec base: 0x41c00000, Load base: 0x41c00000, Size: 0x00000000, Max: 0x00000080, ABSOLUTE)

    **** No section assigned to this execution region ****



  Load Region LR_BSL (Base: 0x41c00100, Size: 0x00000000, Max: 0x00000100, ABSOLUTE)

    Execution Region BSL_CONFIG (Exec base: 0x41c00100, Load base: 0x41c00100, Size: 0x00000000, Max: 0x00000080, ABSOLUTE)

    **** No section assigned to this execution region ****


==============================================================================

Image component sizes


      Code (inc. data)   RO Data    RW Data    ZI Data      Debug   Object Name

        20          0          0          0          0        631   dl_common.o
       148         12          0          0          0      10641   dl_spi.o
       170          8          0          0          0      10701   dl_uart.o
        52          4          0          0          0       2533   dl_vref.o
      4272         36         24          0          0       8729   fusionahrs.o
       530          8          0          0          0       2066   fusionoffset.o
      1932        140          0          4        165       6148   imu963ra_attitude.o
       844        112        514          0         17       3711   imu963ra_attitude_demo.o
       770         68          0          0          0       5449   isr.o
        64         12          0          0          0        728   main.o
        48         22        192          0       5120        740   startup_mspm0g350x_uvision.o
      1530        140         55          0          0      16735   ti_msp_dl_config.o
       590         84          0          0          0      11186   zf_common_clock.o
      1382         76        102          1        193       7848   zf_common_debug.o
      1248         12         43          0          0       5725   zf_common_fifo.o
         0          0       2072          0          0        722   zf_common_font.o
       576          8         47          0          0       8371   zf_common_function.o
       336         20          0          0          4       3606   zf_common_interrupt.o
      1290         80        118         12         12       5830   zf_device_imu963ra.o
      3320        196         45          7          1      12876   zf_device_tft180.o
         2          0          0          4          0       1939   zf_device_type.o
        86         16          0          0          0       1183   zf_driver_delay.o
        10          0          0        128        128       3750   zf_driver_exti.o
       908        216        103          8          0       6799   zf_driver_gpio.o
       578        156         42         28         28       7015   zf_driver_pit.o
      1356         84         42          8          0      12370   zf_driver_spi.o
       268         60          0          0          7       5789   zf_driver_timer.o
      1336        108         55         36         20      12178   zf_driver_uart.o

    ----------------------------------------------------------------------
     23696       1678       3492        240       5712     175999   Object Totals
         0          0         32          0          0          0   (incl. Generated)
        30          0          6          4         17          0   (incl. Padding)

    ----------------------------------------------------------------------

      Code (inc. data)   RO Data    RW Data    ZI Data      Debug   Library Member Name

         8          0          0          0          0         68   __main.o
       392          6         17          0          0         76   __printf_flags_ss_wp.o
        14          0          0          0          0         60   __printf_wp.o
         0          0          0          0          0          0   __rtentry.o
        12          0          0          0          0          0   __rtentry2.o
         6          0          0          0          0          0   __rtentry4.o
        60          8          0          0          0          0   __scatter.o
        26          0          0          0          0          0   __scatter_copy.o
        28          0          0          0          0          0   __scatter_zi.o
        66          0          0          0          0         76   _c16rtomb.o
        10          0          0          0          0          0   _printf_a.o
        10          0          0          0          0          0   _printf_c.o
        46          0          0          0          0        100   _printf_char.o
        48          6          0          0          0         88   _printf_char_common.o
        40          6          0          0          0         72   _printf_char_file.o
        38          0          0          0          0         60   _printf_charcount.o
        10          0          0          0          0          0   _printf_d.o
       108         18          0          0          0         76   _printf_dec.o
        10          0          0          0          0          0   _printf_e.o
        10          0          0          0          0          0   _printf_f.o
      1044         12          0          0          0        116   _printf_fp_dec.o
       728         10         38          0          0         84   _printf_fp_hex.o
       136         16          0          0          0         76   _printf_fp_infnan.o
        10          0          0          0          0          0   _printf_g.o
       152          4         40          0          0        148   _printf_hex_int_ll_ptr.o
        10          0          0          0          0          0   _printf_i.o
       176          0          0          0          0         84   _printf_intcommon.o
        10          0          0          0          0          0   _printf_l.o
        10          0          0          0          0          0   _printf_lc.o
        10          0          0          0          0          0   _printf_ll.o
        10          0          0          0          0          0   _printf_lld.o
        10          0          0          0          0          0   _printf_lli.o
        10          0          0          0          0          0   _printf_llo.o
        10          0          0          0          0          0   _printf_llu.o
        10          0          0          0          0          0   _printf_llx.o
       112         18          0          0          0         76   _printf_longlong_dec.o
        10          0          0          0          0          0   _printf_ls.o
        10          0          0          0          0          0   _printf_n.o
        10          0          0          0          0          0   _printf_o.o
       112         10          0          0          0        112   _printf_oct_int_ll.o
        10          0          0          0          0          0   _printf_p.o
        78          0          0          0          0        100   _printf_pad.o
         2          0          0          0          0          0   _printf_percent.o
         4          0          0          0          0          0   _printf_percent_end.o
        10          0          0          0          0          0   _printf_s.o
        82          0          0          0          0         72   _printf_str.o
        36          0          0          0          0         76   _printf_truncate.o
        10          0          0          0          0          0   _printf_u.o
        46          0          0          0          0        100   _printf_wchar.o
       188          6          8          0          0         80   _printf_wctomb.o
        10          0          0          0          0          0   _printf_x.o
        22          0          0          0          0         92   _rserrno.o
        10          0          0          0          0         60   _sputc.o
        18          0          0          0          0         68   aeabi_memset.o
       364          4          0          0          0         92   aeabi_sdiv.o
       216          6        148          0          0         80   bigflt0.o
      1456         30          0          0          0        336   btod.o
        16          0          0          0          0         68   exit.o
         8          0          0          0          0         60   ferror.o
         6          0          0          0          0        136   heapauxi.o
        44         10        272          0          0         76   lc_ctype_c.o
        44         10         28          0          0         76   lc_numeric_c.o
         2          0          0          0          0          0   libinit.o
        30          0          0          0          0          0   libinit2.o
         2          0          0          0          0          0   libshutdown.o
         2          0          0          0          0          0   libshutdown2.o
         8          4          0          0         96         68   libspace.o
       122          0          0          0          0         72   lludiv10.o
        28          6          0          0          0         84   printf.o
        16          4          0          0          0         76   rt_ctype_table.o
         8          4          0          0          0         68   rt_errno_addr_intlibspace.o
         8          4          0          0          0         68   rt_locale_intlibspace.o
        64          0          0          0          0        108   rt_memclr.o
       186          0          0          0          0        144   rt_memcpy.o
         2          0          0          0          0          0   rtexit.o
        10          0          0          0          0          0   rtexit2.o
        40          0          0          0          0         60   rtudiv10.o
        44          4          0          0          0         84   sprintf.o
       136          4          0          0          0         72   strcmp.o
        68          6          0          0          0         72   strlen.o
        62          0          0          0          0         80   sys_stackheap_outer.o
        46          0          0          0          0         60   cmpret.o
       856         20          0          0          0        208   daddsub.o
        44          0          0          0          0        136   dcmp.o
       160          6          0          0          0         76   dcmpin.o
      1096         26        128          0          0        112   ddiv.o
       100          4          0          0          0         92   deqf.o
       108         10          0          0          0         72   dfixi.o
        88          0          0          0          0         92   dflti.o
       100          4          0          0          0         92   dgef.o
       584         26          0          0          0         84   dmul.o
        20          6          0          0          0         68   dnan2.o
        84          4          0          0          0         60   f2d.o
       372          8          0          0          0        240   faddsub.o
       114          0          0          0          0        340   fcmp.o
       100          4          0          0          0         68   fcmpin.o
       352         10         64          0          0         92   fdiv.o
        84          4          0          0          0         76   feqf.o
        76          0          0          0          0         68   ffixi.o
       138          0          0          0          0         72   ffixir.o
        48          0          0          0          0         60   ffixui.o
        94          0          0          0          0         92   fflti.o
        84          4          0          0          0         76   fgef.o
        84          4          0          0          0         76   flef.o
       176          4          0          0          0         80   fmul.o
        16          6          0          0          0         68   fnan2.o
       128          6          0          0          0         68   frnd.o
        68          4          0          0          0         68   fscalbn.o
       144          4          0          0          0         72   fsqrt.o
        16          4          0          0          0         76   printf1.o
        16          4          0          0          0         76   printf2.o
        94          0          0          0          0         68   retnan.o
         0          0          0          0          0          0   usenofp.o
       280         38          0          0          0         76   asinf.o
       668         76          0          0          0        120   atan2f.o
       376         58          0          0          0        104   cosf.o
        44          4          0          0          0         60   fpclassify.o
        34          0          0          0          0         60   fpclassifyf.o
        72          0          0          0          0        408   funder.o
      1568         92        320          0          0        172   powf.o
       384         18         32          0          0         88   rredf.o
       388         58          0          0          0        104   sinf.o
        44          0          0          0          0         72   sqrtf.o

    ----------------------------------------------------------------------
     16428        736       1100          0         96       8252   Library Totals
        30          4          5          0          0          0   (incl. Padding)

    ----------------------------------------------------------------------

      Code (inc. data)   RO Data    RW Data    ZI Data      Debug   Library Name

      7050        216        551          0         96       4000   c_p.l
      5490        172        192          0          0       2988   fz_ps.l
      3858        344        352          0          0       1264   m_ps.l

    ----------------------------------------------------------------------
     16428        736       1100          0         96       8252   Library Totals

    ----------------------------------------------------------------------

==============================================================================


      Code (inc. data)   RO Data    RW Data    ZI Data      Debug   

     40124       2414       4592        240       5808     179431   Grand Totals
     40124       2414       4592        240       5808     179431   ELF Image Totals
     40124       2414       4592        240          0          0   ROM Totals

==============================================================================

    Total RO  Size (Code + RO Data)                44716 (  43.67kB)
    Total RW  Size (RW Data + ZI Data)              6048 (   5.91kB)
    Total ROM Size (Code + RO Data + RW Data)      44956 (  43.90kB)

==============================================================================

